04-26 18:31:50.683 I/am_restart_activity( 1485): [1079243792,34,imcom.forensics/.MainActivity]
04-26 18:31:50.693 I/dvm_gc_info( 1368): [8825198673194681397,-9125835149130541012,-4010309197419980756,0]
04-26 18:31:50.784 I/dvm_gc_info( 1368): [8825198673194692664,-9222662541119006676,-4010309197419980756,0]
04-26 18:31:50.904 I/dvm_gc_info( 1368): [8825198673194848304,-9222662541119006676,-4010309197419980756,0]
04-26 18:31:51.244 I/dvm_gc_info(17718): [7021235374273861017,-9061119274899302831,-4120389008697158063,0]
04-26 18:31:54.647 I/am_proc_start( 1485): [17731,10077,imcom.forensics:uploader,service,imcom.forensics/.UploadManager]
04-26 18:31:54.677 I/am_on_resume_called(17709): imcom.forensics.MainActivity
04-26 18:31:54.697 I/am_proc_bound( 1485): [17731,imcom.forensics:uploader]
04-26 18:31:54.697 I/am_create_service( 1485): [1081606744,imcom.forensics/.UploadManager,,17731]
04-26 18:31:54.978 I/binder_sample(17709): [com.android.internal.view.IInputMethodManager,5,19,imcom.forensics,3]
04-26 18:31:55.158 I/activity_launch_time( 1485): [1079243792,imcom.forensics/.MainActivity,4552,4552]
04-26 18:31:55.378 I/am_create_service( 1485): [1085004016,com.noshufou.android.su/.service.ResultService,,17630]
04-26 18:31:55.398 I/dvm_gc_info(17742): [7021235374273873316,-9060274849969043878,-4117855733906635174,0]
04-26 18:31:55.598 I/am_destroy_service( 1485): [1085004016,com.noshufou.android.su/.service.ResultService,17630]
04-26 18:31:55.919 I/dvm_gc_madvise_info(17731): [573440,385024]
04-26 18:31:56.109 I/dvm_gc_info(17731): [7381244094246352467,-9053496423830718418,-4009746659884083156,0]
04-26 18:31:56.139 I/dvm_gc_info(17731): [7381244094246360612,-9069821972479936465,-4009465184907372500,0]
04-26 18:31:56.199 I/dvm_gc_info(17731): [7381244094246352498,-9081362240349865936,-4009183709930661844,0]
04-26 18:31:56.239 I/dvm_gc_info(17731): [7381244094246364736,-9066444066567423951,-4008902234953951188,0]
04-26 18:31:56.269 I/dvm_gc_info(17731): [7381244094246400000,-9223225422386497485,-4008339285000529876,0]
04-26 18:31:56.299 I/dvm_gc_info(17731): [7381244094246364715,-9081362034157881294,-4008620759977240532,0]
04-26 18:31:56.329 I/dvm_gc_info(17731): [7381244094246377001,-9213092323241691085,-4008339285000529876,0]
04-26 18:31:56.379 I/dvm_gc_info(17731): [7381244094246348393,-9067006810312083405,-4008339285000529876,0]
04-26 18:31:56.419 I/dvm_gc_info(17731): [7381244094246364743,-9065036485475108812,-4008057810023819220,0]
04-26 18:31:56.459 I/dvm_gc_info(17731): [7381244094246400000,-9223225147458258889,-4007213385093687252,0]
04-26 18:31:56.509 I/dvm_gc_info(17731): [7381244094246413879,-9066443585447200715,-4007776335047108564,0]
04-26 18:31:56.549 I/dvm_gc_info(17731): [7381244094246432768,-9223224803793766343,-4006650435140265940,0]
04-26 18:31:56.589 I/dvm_gc_info(17731): [7381244094246364754,-9060813742231717834,-4007494860070397908,0]
04-26 18:31:56.629 I/dvm_gc_info(17731): [7381244094246400000,-9223224253903734723,-4005524535233423316,0]
04-26 18:31:56.709 I/dvm_gc_info(17731): [7381244094246393457,-9057154017644439495,-4006650435140265940,0]
04-26 18:31:56.729 I/dvm_gc_info(17731): [7381244094246372519,-9129493086659086279,-4006650435140265940,0]
04-26 18:31:56.769 I/dvm_gc_info(17731): [7381244094246404096,-9223223497804941245,-4003835685373159380,0]
04-26 18:31:56.860 I/dvm_gc_info(17731): [7381244094246393492,-9058842111405905859,-4005524535233423316,0]
04-26 18:31:56.890 I/dvm_gc_info(17731): [7381244094246364708,-9058560636429207492,-4005806010210133972,0]
04-26 18:31:56.930 I/dvm_gc_info(17731): [7381244094246404096,-9223222398024878004,-4000457985652631508,0]
04-26 18:31:56.990 I/dvm_gc_info(17731): [7381244094246356659,-9127239430966544319,-4004398635326580692,0]
04-26 18:31:57.010 I/dvm_gc_info(17731): [7381244094246371680,-9221815023141324735,-4004398635326580692,0]
04-26 18:31:57.040 I/dvm_gc_info(17731): [7381244094246404096,-9223222398024878003,-4000457985652631508,0]
04-26 18:31:57.130 I/dvm_gc_info(17731): [7381244094246397813,-9056870686788876225,-4004961585280002004,0]
04-26 18:31:57.290 I/dvm_gc_info(17731): [7381244094246389334,-8994946191912535999,-4004398635326580692,0]
04-26 18:31:57.510 I/dvm_gc_info(17731): [7381244094246393434,-8938651196570404798,-4004117160349870036,0]
04-26 18:31:57.540 I/dvm_gc_info(17731): [7381244094246364772,-9068692635810727871,-4004398635326580692,0]
04-26 18:31:57.800 I/dvm_gc_info(17731): [7381244094246348360,-8923451547828008892,-4003554210396448724,0]
04-26 18:31:57.891 I/dvm_gc_info(17731): [7381244094246352473,-8955539695173044155,-4003272735419738068,0]
04-26 18:31:57.921 I/dvm_gc_info(17731): [7381244094246381160,-9221252073187903418,-4002991260443027412,0]
04-26 18:31:57.941 I/dvm_gc_info(17731): [7381244094246381171,-9220126173281060795,-4003272735419738068,0]
04-26 18:31:57.981 I/dvm_gc_info(17731): [7381244094246436864,-9223222398024878000,-3999332085745788884,0]
04-26 18:31:58.071 I/dvm_gc_info(17731): [7381244094246393208,-9018871564932933552,-3999050610769078228,0]
04-26 18:31:58.351 I/dvm_gc_info(17731): [7381244094246393525,-8905718624295233456,-3999050610769078228,0]
04-26 18:31:58.641 I/dvm_gc_info(17731): [7381244094246397626,-8905155674341820336,-3999050610769078228,0]
04-26 18:31:58.661 I/dvm_gc_info(17731): [7381244094246376558,-9061374286416250800,-3999332085745788884,0]
04-26 18:31:58.701 I/dvm_gc_info(17731): [7381244094246404096,-9223221229508560800,-3993139636258154452,0]
04-26 18:31:58.791 I/dvm_gc_info(17731): [7381244094246397636,-9028159070648051626,-3997080285932103636,0]
04-26 18:31:58.891 I/dvm_gc_info(17731): [7381244094246372941,-8922605954381580203,-3997080285932103636,0]
04-26 18:31:58.932 I/dvm_gc_info(17731): [7381244094246400000,-9223220267201005469,-3992013736351311828,0]
04-26 18:31:58.982 I/dvm_gc_info(17731): [7381244094246352649,-9222375842270873518,-3998206185838946260,0]
04-26 18:31:59.002 I/dvm_gc_info(17731): [7381244094246387784,-9222375842270873518,-3998206185838946260,0]
04-26 18:31:59.042 I/dvm_gc_info(17731): [7381244094246404096,-9223218892475926426,-3990887836444469204,0]
04-26 18:31:59.142 I/dvm_gc_info(17731): [7381244094246397780,-9017460684500412331,-3997080285932103636,0]
04-26 18:31:59.322 I/dvm_gc_info(17731): [7381244094246352524,-8918100017721575336,-3995954386025261012,0]
04-26 18:31:59.352 I/dvm_gc_info(17731): [7381244094246377013,-9222092992569083819,-3997080285932103636,0]
04-26 18:31:59.382 I/dvm_gc_info(17731): [7381244094246400000,-9223218892475926414,-3986102761840388052,0]
04-26 18:31:59.422 I/dvm_gc_info(17731): [7381244094246352744,-9221811517592373156,-3994547011141707732,0]
04-26 18:31:59.452 I/dvm_gc_info(17731): [7381244094246371432,-9222092992569083812,-3994547011141707732,0]
04-26 18:31:59.492 I/dvm_gc_info(17731): [7381244094246457344,-9223218892475926414,-3986102761840388052,0]
04-26 18:31:59.592 I/dvm_gc_info(17731): [7381244094246414296,-9174805196481677215,-3992858161281443796,0]
04-26 18:32:00.743 I/dvm_gc_info(17483): [7809652345805194537,-9054620742451062720,-3921926467150358484,9627918]
04-26 18:32:04.597 I/dvm_gc_madvise_info(17731): [3805184,385024]
04-26 18:32:05.758 I/dvm_gc_madvise_info(17483): [434176,385024]
04-26 18:32:11.944 I/sqlite_mem_released( 1601): 158920
04-26 18:32:11.944 I/force_gc( 1601): mem
04-26 18:32:12.024 I/dvm_gc_info( 1601): [8099846449757746855,-8922045891283441602,-3978784412445910996,8763465]
04-26 18:32:14.787 I/am_anr  ( 1485): [17731,imcom.forensics:uploader,572998,Executing service imcom.forensics/.UploadManager]
04-26 18:32:15.017 I/dvm_gc_info( 1485): [8320808730291685413,-8905150519121397634,-3962458863796692948,8681536]
04-26 18:32:15.277 I/dvm_gc_info( 1485): [8320808730291975851,-8916690993166534527,-3963584763703535572,8681529]
04-26 18:32:16.048 I/am_proc_died( 1485): [17731,imcom.forensics:uploader]
04-26 18:32:16.048 I/am_schedule_service_restart( 1485): [imcom.forensics/.UploadManager,42680]
04-26 18:32:16.949 I/sqlite_mem_released( 1603): 133400
04-26 18:32:16.949 I/force_gc( 1603): mem
04-26 18:32:17.019 I/dvm_gc_info( 1603): [7017575181485090379,-8991288529345099703,-4001865360536184788,0]
04-26 18:32:17.039 I/dvm_gc_madvise_info( 1601): [1302528,385024]
04-26 18:32:20.332 I/dvm_gc_madvise_info( 1485): [3825664,385024]
04-26 18:32:22.054 I/dvm_gc_madvise_info( 1603): [479232,385024]
04-26 18:32:23.926 I/force_gc( 1485): mem
04-26 18:32:24.046 I/dvm_gc_info( 1485): [8320808730292103165,-8915283893228001156,-3964992138587088852,8681529]
04-26 18:32:29.091 I/dvm_gc_madvise_info( 1485): [4624384,385024]
04-26 18:32:38.410 I/sqlite_mem_released( 7839): 0
04-26 18:32:38.410 I/force_gc( 7839): mem
04-26 18:32:38.490 I/dvm_gc_info( 7839): [7959037488985859031,-9171152139277293511,-4006650435140265940,0]
04-26 18:32:43.415 I/sqlite_mem_released( 2085): 0
04-26 18:32:43.415 I/force_gc( 2085): mem
04-26 18:32:43.495 I/dvm_gc_info( 2085): [7021235459988968612,-9065317822995941323,-4007776335047108564,0]
04-26 18:32:43.495 I/dvm_gc_madvise_info( 7839): [520192,385024]
04-26 18:32:44.176 I/dvm_gc_info(17212): [7020659311768577641,-9033229263250122694,-4006368960163555284,0]
04-26 18:32:48.440 I/sqlite_mem_released( 5797): 0
04-26 18:32:48.440 I/force_gc( 5797): mem
04-26 18:32:48.510 I/dvm_gc_madvise_info( 2085): [598016,385024]
04-26 18:32:48.520 I/dvm_gc_info( 5797): [7885629677472380481,-8985659923432990664,-4006931910116976596,0]
04-26 18:32:49.201 I/dvm_gc_madvise_info(17212): [626688,385024]
04-26 18:32:53.435 I/sqlite_mem_released( 2343): 2320
04-26 18:32:53.435 I/force_gc( 2343): mem
04-26 18:32:53.515 I/dvm_gc_madvise_info( 5797): [462848,385024]
04-26 18:32:53.545 I/dvm_gc_info( 2343): [8603398534651647280,-9060812023774136240,-3998769135792379860,0]
04-26 18:32:58.440 I/sqlite_mem_released( 2011): 467480
04-26 18:32:58.440 I/force_gc( 2011): mem
04-26 18:32:58.520 I/dvm_gc_info( 2011): [8315178139768889704,-9219565766568847303,-4006650435140265940,0]
04-26 18:32:58.560 I/dvm_gc_madvise_info( 2343): [471040,385024]
04-26 18:32:58.740 I/am_proc_start( 1485): [17809,10077,imcom.forensics:uploader,service,imcom.forensics/.UploadManager]
04-26 18:32:58.770 I/dvm_gc_madvise_info(17809): [626688,385024]
04-26 18:32:58.810 I/am_proc_bound( 1485): [17809,imcom.forensics:uploader]
04-26 18:32:58.820 I/am_create_service( 1485): [1081606744,imcom.forensics/.UploadManager,,17809]
04-26 18:32:59.240 I/am_create_service( 1485): [1090719136,com.noshufou.android.su/.service.ResultService,,17630]
04-26 18:32:59.260 I/dvm_gc_info(17820): [7021235374273856932,-9060274849969043878,-4117855733906635174,0]
04-26 18:32:59.441 I/am_destroy_service( 1485): [1090719136,com.noshufou.android.su/.service.ResultService,17630]
04-26 18:32:59.491 I/dvm_gc_info(17630): [7594245945072653883,-9030696950700328912,-4009183709930661844,0]
04-26 18:33:00.311 I/dvm_gc_info(17809): [7381244094246352460,-9048711349209860049,-4009465184907372500,0]
04-26 18:33:00.381 I/dvm_gc_info(17809): [7381244094246352499,-9063629248080840656,-4009183709930661844,0]
04-26 18:33:00.422 I/dvm_gc_info(17809): [7381244094246364746,-9065599572917815247,-4008902234953951188,0]
04-26 18:33:00.452 I/dvm_gc_info(17809): [7381244094246404096,-9223225353667020748,-4008339285000529876,0]
04-26 18:33:00.492 I/dvm_gc_info(17809): [7381244094246381100,-9083050815281891278,-4008620759977240532,0]
04-26 18:33:00.532 I/dvm_gc_info(17809): [7381244094246428672,-9223225147475036108,-4008057810023819220,0]
04-26 18:33:00.602 I/dvm_gc_info(17809): [7381244094246352503,-9061095560889698251,-4007776335047108564,0]
04-26 18:33:00.632 I/dvm_gc_info(17809): [7381244094246364641,-9128931030276966348,-4008057810023819220,0]
04-26 18:33:00.662 I/dvm_gc_info(17809): [7381244094246404096,-9223224941266274250,-4007494860070397908,0]
04-26 18:33:00.692 I/dvm_gc_info(17809): [7381244094246364722,-9067287804168570827,-4008057810023819220,0]
04-26 18:33:00.732 I/dvm_gc_info(17809): [7381244094246404096,-9223224597585004487,-4006650435140265940,0]
04-26 18:33:00.772 I/dvm_gc_info(17809): [7381244094246368843,-9062220910906509258,-4007494860070397908,0]
04-26 18:33:00.802 I/dvm_gc_info(17809): [7381244094246404096,-9223224116431226820,-4005806010210133972,0]
04-26 18:33:00.892 I/dvm_gc_info(17809): [7381244094246393456,-9054057655428122568,-4006931910116976596,0]
04-26 18:33:00.912 I/dvm_gc_info(17809): [7381244094246376114,-9216187242013460424,-4006931910116976596,0]
04-26 18:33:00.942 I/dvm_gc_info(17809): [7381244094246404096,-9223223429068687294,-4004117160349870036,0]
04-26 18:33:01.032 I/dvm_gc_info(17809): [7381244094246393492,-9053775493088872389,-4006087485186844628,0]
04-26 18:33:01.072 I/dvm_gc_info(17809): [7381244094246368591,-9067004816994273221,-4006087485186844628,0]
04-26 18:33:01.102 I/dvm_gc_info(17809): [7381244094246404096,-9223223429068687286,-4001302410582763476,0]
04-26 18:33:01.172 I/dvm_gc_info(17809): [7381244094246352568,-9061938267413481408,-4004680110303291348,0]
04-26 18:33:01.192 I/dvm_gc_info(17809): [7381244094246371704,-9221816054185134016,-4004680110303291348,0]
04-26 18:33:01.222 I/dvm_gc_info(17809): [7381244094246400000,-9223223429068687285,-4000739460629342164,0]
04-26 18:33:01.302 I/dvm_gc_info(17809): [7381244094246393666,-9058279092716242881,-4005243060256712660,0]
04-26 18:33:01.382 I/dvm_gc_info(17809): [7381244094246352475,-9055182867972425663,-4004398635326580692,0]
04-26 18:33:01.683 I/dvm_gc_info(17809): [7381244094246348363,-8922889628918417340,-4003554210396448724,0]
04-26 18:33:01.763 I/dvm_gc_info(17809): [7381244094246348390,-9045331243787552700,-4003554210396448724,0]
04-26 18:33:01.953 I/dvm_gc_info(17809): [7381244094246348406,-8922889628918400956,-4003554210396448724,0]
04-26 18:33:02.053 I/dvm_gc_info(17809): [7381244094246352472,-8958918425937381307,-4003272735419738068,0]
04-26 18:33:02.083 I/dvm_gc_info(17809): [7381244094246377021,-9221534579208423355,-4003272735419738068,0]
04-26 18:33:02.113 I/dvm_gc_info(17809): [7381244094246404096,-9223223085387417527,-4001865360536184788,0]
04-26 18:33:02.143 I/dvm_gc_info(17809): [7381244094246405675,-9222941610410706874,-4002991260443027412,0]
04-26 18:33:02.173 I/dvm_gc_info(17809): [7381244094246404096,-9223222604233639860,-4000739460629342164,0]
04-26 18:33:02.203 I/dvm_gc_info(17809): [7381244094246405748,-9220689329443243963,-4003272735419738068,0]
04-26 18:33:02.253 I/dvm_gc_info(17809): [7381244094246354992,-9222659654280218544,-3999050610769078228,0]
04-26 18:33:02.544 I/dvm_gc_info(17809): [7381244094246352564,-8906000305480718256,-3999050610769078228,0]
04-26 18:33:02.824 I/dvm_gc_info(17809): [7381244094246348477,-8904592930597156784,-3999050610769078228,0]
04-26 18:33:02.874 I/dvm_gc_info(17809): [7381244094246368754,-8999168522771957680,-3999050610769078228,0]
04-26 18:33:02.914 I/dvm_gc_info(17809): [7381244094246404096,-9223221435717322656,-3992858161281443796,0]
04-26 18:33:02.994 I/dvm_gc_info(17809): [7381244094246393547,-9014648477974726571,-3997080285932103636,0]
04-26 18:33:03.104 I/dvm_gc_info(17809): [7381244094246377032,-8923450585520474027,-3997080285932103636,0]
04-26 18:33:03.144 I/dvm_gc_info(17809): [7381244094246400000,-9223220473409767325,-3992013736351311828,0]
04-26 18:33:03.184 I/dvm_gc_info(17809): [7381244094246356746,-9222376048479635373,-3998206185838946260,0]
04-26 18:33:03.204 I/dvm_gc_info(17809): [7381244094246375496,-9222376048479635373,-3998206185838946260,0]
04-26 18:33:03.244 I/dvm_gc_info(17809): [7381244094246400000,-9223219098684688282,-3990887836444469204,0]
04-26 18:33:03.334 I/dvm_gc_info(17809): [7381244094246397779,-9027312514894047147,-3997080285932103636,0]
04-26 18:33:03.495 I/dvm_gc_info(17809): [7381244094246356623,-8917537273976915879,-3995954386025261012,0]
04-26 18:33:03.535 I/dvm_gc_info(17809): [7381244094246409781,-9222093198777845675,-3997080285932103636,0]
04-26 18:33:03.545 I/dvm_gc_madvise_info( 2011): [606208,385024]
04-26 18:33:03.565 I/dvm_gc_info(17809): [7381244094246404096,-9223219098684688269,-3986102761840388052,0]
04-26 18:33:03.615 I/dvm_gc_info(17809): [7381244094246356842,-9221530248824424356,-3994547011141707732,0]
04-26 18:33:03.635 I/dvm_gc_info(17809): [7381244094246371400,-9222374673754556324,-3994547011141707732,0]
04-26 18:33:03.665 I/dvm_gc_info(17809): [7381244094246404096,-9223219098684688269,-3986102761840388052,0]
04-26 18:33:03.755 I/dvm_gc_info(17809): [7381244094246397916,-9157635429111093151,-3992576686304733140,0]
04-26 18:33:04.485 I/dvm_gc_madvise_info(17630): [507904,385024]
04-26 18:33:05.056 I/sqlite_mem_released( 3151): 0
04-26 18:33:05.056 I/force_gc( 3151): mem
04-26 18:33:05.096 I/dvm_gc_info( 3151): [7885022777269449488,-9197610787121641415,-4006650435140265940,0]
04-26 18:33:08.780 I/dvm_gc_madvise_info(17809): [3776512,385024]
04-26 18:33:10.141 I/dvm_gc_madvise_info( 3151): [729088,385024]
04-26 18:33:10.151 I/sqlite_mem_released( 1670): 62640
04-26 18:33:10.151 I/force_gc( 1670): mem
04-26 18:33:10.201 I/dvm_gc_info( 1670): [7146757855083967573,-9093746726890661833,-4007213385093687252,6815744]
04-26 18:33:15.066 I/sqlite_mem_released( 2268): 203000
04-26 18:33:15.066 I/force_gc( 2268): mem
04-26 18:33:15.166 I/dvm_gc_info( 2268): [3345437203617953320,-9041109119136286649,-4002146835512907732,6816951]
04-26 18:33:15.206 I/dvm_gc_madvise_info( 1670): [598016,385024]
04-26 18:33:18.890 I/am_anr  ( 1485): [17809,imcom.forensics:uploader,572998,Executing service imcom.forensics/.UploadManager]
04-26 18:33:19.260 I/dvm_gc_info( 1485): [8320808730292045528,-8911625543365801855,-3963303288726824916,8681529]
04-26 18:33:19.320 I/dvm_gc_info(17212): [7020659311769355864,-9052651036643157958,-4006368960163555284,0]
04-26 18:33:20.031 I/am_proc_died( 1485): [17809,imcom.forensics:uploader]
04-26 18:33:20.031 I/am_schedule_service_restart( 1485): [imcom.forensics/.UploadManager,170720]
04-26 18:33:20.171 I/sqlite_mem_released(16499): 3480
04-26 18:33:20.191 I/force_gc(16499): mem
04-26 18:33:20.211 I/dvm_gc_madvise_info( 2268): [1081344,385024]
04-26 18:33:20.231 I/dvm_gc_info(16499): [6216209330115638931,-9053494842947078086,-4006650435140265940,0]
04-26 18:33:24.285 I/dvm_gc_madvise_info( 1485): [3883008,385024]
04-26 18:33:24.325 I/dvm_gc_madvise_info(17212): [593920,385024]
04-26 18:33:25.066 I/force_gc(16893): mem
04-26 18:33:25.126 I/dvm_gc_info(16893): [8315180330336367942,-9060533366984701905,-4009465184907372500,0]
04-26 18:33:25.276 I/dvm_gc_madvise_info(16499): [1077248,385024]
04-26 18:33:30.070 I/sqlite_mem_released(16907): 4640
04-26 18:33:30.080 I/force_gc(16907): mem
04-26 18:33:30.161 I/dvm_gc_madvise_info(16893): [401408,385024]
04-26 18:33:30.181 I/dvm_gc_info(16907): [8315159430925022816,-9014933527236532169,-4007213385093687252,0]
04-26 18:33:35.075 I/sqlite_mem_released(17075): 711080
04-26 18:33:35.075 I/force_gc(17075): mem
04-26 18:33:35.185 I/dvm_gc_madvise_info(16907): [770048,385024]
04-26 18:33:35.215 I/dvm_gc_info(17075): [7737593596605912687,-8961728982724499331,-3982162112166438868,0]
04-26 18:33:40.260 I/dvm_gc_madvise_info(17075): [630784,385024]
04-26 18:33:50.941 I/sqlite_mem_released(17212): 3480
04-26 18:33:50.951 I/force_gc(17212): mem
04-26 18:33:51.031 I/dvm_gc_info(17212): [7020659311768815190,-9060532335991060423,-4006650435140265940,0]
04-26 18:33:52.622 I/dvm_gc_info( 1640): [8315178139902883421,-8981720029874771921,-4009465184907372500,0]
04-26 18:33:55.956 I/force_gc(17483): bg
04-26 18:33:56.036 I/dvm_gc_madvise_info(17212): [761856,385024]
04-26 18:33:56.036 I/dvm_gc_info(17483): [7809652345805333111,-9210557879548766144,-3921926467150358484,9627918]
04-26 18:33:57.627 I/dvm_gc_madvise_info( 1640): [995328,385024]
04-26 18:34:01.071 I/dvm_gc_madvise_info(17483): [434176,385024]
04-26 18:34:05.935 I/force_gc(17630): bg
04-26 18:34:05.995 I/dvm_gc_info(17630): [7594245945072805086,-9082488277695621073,-4009465184907372500,0]
04-26 18:34:11.010 I/dvm_gc_madvise_info(17630): [557056,385024]
04-26 18:34:14.944 I/force_gc( 7839): bg
04-26 18:34:15.024 I/dvm_gc_info( 7839): [7959037488985887471,-9195358987274414023,-4006650435140265940,0]
04-26 18:34:20.039 I/dvm_gc_madvise_info( 7839): [520192,385024]
04-26 18:34:38.277 I/db_sample( 1624): [/data/data/com.lbe.security/databases/lbe_trafficmon.db,INSERT OR REPLACE  INTO uid_traffic(wifitx, wifirx, date_uid, ce,0,com.lbe.security:service,1]
04-26 18:34:45.224 I/dvm_gc_info( 1485): [8320808730291714083,-8911343312290305923,-3964710663610378196,8681529]
04-26 18:34:46.235 I/am_proc_died( 1485): [17709,imcom.forensics]
04-26 18:34:46.285 I/am_resume_activity( 1485): [1083216368,3,com.htc.launcher/.Launcher]
04-26 18:34:46.295 I/am_on_resume_called(17483): com.htc.launcher.CarouselDummyActivity
04-26 18:34:46.335 I/am_on_resume_called(17483): com.htc.launcher.Launcher
04-26 18:34:50.259 I/dvm_gc_madvise_info( 1485): [4628480,385024]
04-26 18:34:53.262 I/force_gc( 3151): bg
04-26 18:34:53.302 I/dvm_gc_info( 3151): [7885022777269437516,-9118516318665947079,-4006650435140265940,0]
04-26 18:34:58.317 I/dvm_gc_madvise_info( 3151): [729088,385024]
04-26 18:35:00.258 I/dvm_gc_info(17212): [7020659311768602209,-9032385044528748486,-4006368960163555284,0]
04-26 18:35:01.239 I/dvm_gc_info(17932): [7021235374273869215,-9060556324945877422,-4120107533720443310,0]
04-26 18:35:01.620 I/am_destroy_service( 1485): [1081606744,imcom.forensics/.UploadManager,-1]
04-26 18:35:01.620 I/am_create_task( 1485): 35
04-26 18:35:01.620 I/am_create_activity( 1485): [1081418376,35,imcom.forensics/.MainActivity,android.intent.action.MAIN,NULL,NULL,268435456]
04-26 18:35:01.630 I/am_pause_activity( 1485): [1083216368,com.htc.launcher/.Launcher]
04-26 18:35:01.690 I/am_on_paused_called(17483): com.htc.launcher.CarouselDummyActivity
04-26 18:35:01.700 I/am_on_paused_called(17483): com.htc.launcher.Launcher
04-26 18:35:01.710 I/dvm_gc_info(17942): [7021235374273861027,-9060274849969047975,-4118137208883349927,0]
04-26 18:35:01.750 I/am_proc_start( 1485): [17955,10077,imcom.forensics,activity,imcom.forensics/.MainActivity]
04-26 18:35:01.760 I/dvm_gc_madvise_info(17955): [626688,385024]
04-26 18:35:01.780 I/am_proc_bound( 1485): [17955,imcom.forensics]
04-26 18:35:01.790 I/am_restart_activity( 1485): [1081418376,35,imcom.forensics/.MainActivity]
04-26 18:35:03.301 I/dvm_gc_info(17964): [7021235374273881497,-9061119274899302831,-4120389008697158063,0]
04-26 18:35:03.882 I/db_sample( 5797): [/data/data/com.tencent.mobileqq/databases/eup_db,INSERT OR REPLACE  INTO count(_cparams, _local, _countid, _stime,31,,7]
04-26 18:35:03.902 I/db_sample( 5797): [/data/data/com.tencent.mobileqq/databases/eup_db,INSERT OR REPLACE  INTO count(_cparams, _local, _countid, _stime,10,,3]
04-26 18:35:05.283 I/dvm_gc_madvise_info(17212): [573440,385024]
04-26 18:35:05.864 I/am_proc_start( 1485): [17973,10077,imcom.forensics:uploader,service,imcom.forensics/.UploadManager]
04-26 18:35:05.894 I/dvm_gc_madvise_info(17973): [626688,385024]
04-26 18:35:05.904 I/am_on_resume_called(17955): imcom.forensics.MainActivity
04-26 18:35:05.924 I/am_proc_bound( 1485): [17973,imcom.forensics:uploader]
04-26 18:35:05.924 I/am_create_service( 1485): [1090078752,imcom.forensics/.UploadManager,,17973]
04-26 18:35:06.054 I/binder_sample(17955): [android.view.IWindowSession,4,12,imcom.forensics,2]
04-26 18:35:06.344 I/activity_launch_time( 1485): [1081418376,imcom.forensics/.MainActivity,4605,4605]
04-26 18:35:06.585 I/am_create_service( 1485): [1088568824,com.noshufou.android.su/.service.ResultService,,17630]
04-26 18:35:06.615 I/dvm_gc_info(17984): [7021235374273861028,-9060274849969043878,-4117855733906635174,0]
04-26 18:35:06.805 I/am_destroy_service( 1485): [1088568824,com.noshufou.android.su/.service.ResultService,17630]
04-26 18:35:07.255 I/dvm_gc_info(17973): [7381244094246368835,-9052652067636840402,-4009746659884083156,0]
04-26 18:35:07.295 I/dvm_gc_info(17973): [7381244094246372930,-9064473810466703313,-4009465184907372500,0]
04-26 18:35:07.355 I/dvm_gc_info(17973): [7381244094246348408,-9066162522871236559,-4008902234953951188,0]
04-26 18:35:07.395 I/dvm_gc_info(17973): [7381244094246364726,-9064192198017484750,-4008620759977240532,0]
04-26 18:35:07.425 I/dvm_gc_info(17973): [7381244094246400000,-9223225284913989579,-4007776335047108564,0]
04-26 18:35:07.495 I/dvm_gc_info(17973): [7381244094246352542,-9065317754276612045,-4008339285000529876,0]
04-26 18:35:07.536 I/dvm_gc_info(17973): [7381244094246364737,-9063628904416348108,-4008057810023819220,0]
04-26 18:35:07.576 I/dvm_gc_info(17973): [7381244094246360634,-9065880704230033355,-4007776335047108564,0]
04-26 18:35:07.606 I/dvm_gc_info(17973): [7381244094246400000,-9223224872530020294,-4006368960163555284,0]
04-26 18:35:07.656 I/dvm_gc_info(17973): [7381244094246372950,-9060250861014550473,-4007213385093687252,0]
04-26 18:35:07.686 I/dvm_gc_info(17973): [7381244094246400000,-9223224322639988674,-4005243060256712660,0]
04-26 18:35:07.776 I/dvm_gc_info(17973): [7381244094246389369,-9054902286567012295,-4006650435140265940,0]
04-26 18:35:07.796 I/dvm_gc_info(17973): [7381244094246376593,-9138500354650081223,-4006650435140265940,0]
04-26 18:35:07.836 I/dvm_gc_info(17973): [7381244094246404096,-9223223497804941244,-4003554210396448724,0]
04-26 18:35:07.926 I/dvm_gc_info(17973): [7381244094246389403,-9057997686475773890,-4005243060256712660,0]
04-26 18:35:07.956 I/dvm_gc_info(17973): [7381244094246364711,-9056027361638811587,-4005524535233423316,0]
04-26 18:35:07.996 I/dvm_gc_info(17973): [7381244094246400000,-9223222329288624050,-3999895035699210196,0]
04-26 18:35:08.036 I/dvm_gc_info(17973): [7381244094246348467,-9216748404824278974,-4004117160349870036,0]
04-26 18:35:08.066 I/dvm_gc_info(17973): [7381244094246375720,-9221533479428360126,-4004117160349870036,0]
04-26 18:35:08.096 I/dvm_gc_info(17973): [7381244094246404096,-9223222329288624050,-3999895035699210196,0]
04-26 18:35:08.186 I/dvm_gc_info(17973): [7381244094246389624,-9057433568006043585,-4004961585280002004,0]
04-26 18:35:08.256 I/dvm_gc_info(17973): [7381244094246348388,-9062218642610128831,-4004398635326580692,0]
04-26 18:35:08.486 I/dvm_gc_info(17973): [7381244094246377036,-8922888529138354111,-4004398635326580692,0]
04-26 18:35:08.577 I/dvm_gc_info(17973): [7381244094246348341,-9032663770055509947,-4003272735419738068,0]
04-26 18:35:08.717 I/dvm_gc_info(17973): [7381244094246393465,-9016901171359700924,-4003554210396448724,0]
04-26 18:35:08.967 I/dvm_gc_info(17973): [7381244094246377033,-8923170004115064764,-4003554210396448724,0]
04-26 18:35:09.017 I/dvm_gc_info(17973): [7381244094246364738,-9015775271452870587,-4002991260443027412,0]
04-26 18:35:09.067 I/dvm_gc_info(17973): [7381244094246348350,-9222096429381781431,-4001865360536184788,0]
04-26 18:35:09.087 I/dvm_gc_info(17973): [7381244094246377120,-9219844629568096187,-4003272735419738068,0]
04-26 18:35:09.117 I/dvm_gc_info(17973): [7381244094246404096,-9223222329288624048,-3999050610769078228,0]
04-26 18:35:09.227 I/dvm_gc_info(17973): [7381244094246393213,-9017745596289832880,-3999050610769078228,0]
04-26 18:35:09.568 I/dvm_gc_info(17973): [7381244094246393532,-8904874130628859824,-3999050610769078228,0]
04-26 18:35:09.858 I/dvm_gc_info(17973): [7381244094246352565,-8905718555558983599,-3998769135792367572,0]
04-26 18:35:09.878 I/dvm_gc_info(17973): [7381244094246376588,-9056589143075915696,-3999050610769078228,0]
04-26 18:35:09.918 I/dvm_gc_info(17973): [7381244094246400000,-9223221160772306847,-3992858161281443796,0]
04-26 18:35:09.988 I/dvm_gc_info(17973): [7381244094246348493,-9010989028332472234,-3997080285932103636,0]
04-26 18:35:10.128 I/dvm_gc_info(17973): [7381244094246372935,-8923450310575458218,-3997080285932103636,0]
04-26 18:35:10.168 I/dvm_gc_info(17973): [7381244094246416384,-9223220198464751517,-3991732261374601172,0]
04-26 18:35:10.208 I/dvm_gc_info(17973): [7381244094246352652,-9222375773534619565,-3998206185838946260,0]
04-26 18:35:10.228 I/dvm_gc_info(17973): [7381244094246371408,-9222375773534619565,-3998206185838946260,0]
04-26 18:35:10.268 I/dvm_gc_info(17973): [7381244094246404096,-9223220198464751513,-3990606361467758548,0]
04-26 18:35:10.358 I/dvm_gc_info(17973): [7381244094246397784,-9018024940442675115,-3997361760908814292,0]
04-26 18:35:10.548 I/dvm_gc_info(17973): [7381244094246348425,-8918664273663821735,-3995954386025261012,0]
04-26 18:35:10.568 I/dvm_gc_info(17973): [7381244094246372917,-9222094298557908907,-3997080285932103636,0]
04-26 18:35:10.609 I/dvm_gc_info(17973): [7381244094246400000,-9223218136377132941,-3985821286863677396,0]
04-26 18:35:10.669 I/dvm_gc_info(17973): [7381244094246369131,-9221810761493579661,-3985821286863677396,0]
04-26 18:35:11.890 I/dvm_gc_info(17483): [7809652345805341944,-9057435492218169280,-3921926467150358484,9627918]
04-26 18:35:12.871 I/dvm_gc_info( 1624): [8315161643084519008,-8925142734720759754,-4007494860070397908,0]
04-26 18:35:15.704 I/dvm_gc_madvise_info(17973): [2547712,385024]
04-26 18:35:16.564 I/force_gc(16499): bg
04-26 18:35:16.604 I/dvm_gc_info(16499): [6216209330115589688,-9062502592091854793,-4007213385093687252,0]
04-26 18:35:16.905 I/dvm_gc_madvise_info(17483): [434176,385024]
04-26 18:35:17.886 I/dvm_gc_madvise_info( 1624): [8151040,385024]
04-26 18:35:21.579 I/force_gc(17483): bg
04-26 18:35:21.649 I/dvm_gc_madvise_info(16499): [1257472,385024]
04-26 18:35:21.669 I/dvm_gc_info(17483): [7809652345805312248,-9220409503733639104,-3921926467150358484,9627918]
04-26 18:35:26.024 I/am_anr  ( 1485): [17973,imcom.forensics:uploader,572998,Executing service imcom.forensics/.UploadManager]
04-26 18:35:26.384 I/dvm_gc_info( 1485): [8320808730292025076,-8909655287265081214,-3961614438866560980,8681536]
04-26 18:35:26.684 I/dvm_gc_madvise_info(17483): [434176,385024]
04-26 18:35:27.175 I/am_proc_died( 1485): [17973,imcom.forensics:uploader]
04-26 18:35:27.175 I/am_schedule_service_restart( 1485): [imcom.forensics/.UploadManager,42488]
04-26 18:35:27.175 I/force_gc(17630): bg
04-26 18:35:27.205 I/dvm_gc_info(17630): [7594245945072673997,-9070103378720352209,-4009465184907372500,0]
04-26 18:35:31.459 I/dvm_gc_madvise_info( 1485): [3919872,385024]
04-26 18:35:32.230 I/dvm_gc_madvise_info(17630): [581632,385024]
04-26 18:35:44.201 I/dvm_gc_info(17212): [7020659311768585842,-9027036813762488262,-4006368960163555284,0]
04-26 18:35:49.216 I/dvm_gc_madvise_info(17212): [630784,385024]
04-26 18:36:09.696 I/am_proc_start( 1485): [18051,10077,imcom.forensics:uploader,service,imcom.forensics/.UploadManager]
04-26 18:36:09.726 I/dvm_gc_madvise_info(18051): [622592,385024]
04-26 18:36:09.736 I/am_proc_bound( 1485): [18051,imcom.forensics:uploader]
04-26 18:36:09.746 I/am_create_service( 1485): [1090078752,imcom.forensics/.UploadManager,,18051]
04-26 18:36:10.197 I/am_create_service( 1485): [1085145296,com.noshufou.android.su/.service.ResultService,,17630]
04-26 18:36:10.217 I/dvm_gc_info(18063): [7021235374273885598,-9060837799922473382,-4117855733906643366,0]
04-26 18:36:10.377 I/content_query_sample(17630): [content://com.noshufou.android.su.provider/logs,COUNT() as rows,,,8,,2]
04-26 18:36:10.387 I/am_destroy_service( 1485): [1085145296,com.noshufou.android.su/.service.ResultService,17630]
04-26 18:36:10.847 I/dvm_gc_info(18051): [7381244094246368841,-9051807642706708434,-4009746659884083156,0]
04-26 18:36:10.887 I/dvm_gc_info(18051): [7381244094246372932,-9065318235396835280,-4009465184907372500,0]
04-26 18:36:10.957 I/dvm_gc_info(18051): [7381244094246352506,-9065599572917815247,-4008902234953951188,0]
04-26 18:36:11.037 I/dvm_gc_info(18051): [7381244094246434351,-9066725472807880655,-4008902234953951188,0]
04-26 18:36:11.068 I/dvm_gc_info(18051): [7381244094246377003,-9163552864779569101,-4008620759977240532,0]
04-26 18:36:11.128 I/dvm_gc_info(18051): [7381244094246348390,-9066443791639185357,-4008339285000529876,0]
04-26 18:36:11.158 I/dvm_gc_info(18051): [7381244094246364708,-9124146161864869837,-4008339285000529876,0]
04-26 18:36:11.188 I/dvm_gc_info(18051): [7381244094246404096,-9223225147475036107,-4007776335047108564,0]
04-26 18:36:11.228 I/dvm_gc_info(18051): [7381244094246368807,-9069821285167728588,-4008057810023819220,0]
04-26 18:36:11.268 I/dvm_gc_info(18051): [7381244094246360634,-9065880635493779403,-4007776335047108564,0]
04-26 18:36:11.298 I/dvm_gc_info(18051): [7381244094246404096,-9223224803793766342,-4006368960163555284,0]
04-26 18:36:11.338 I/dvm_gc_info(18051): [7381244094246360662,-9059687842324875209,-4007213385093687252,0]
04-26 18:36:11.378 I/dvm_gc_info(18051): [7381244094246404096,-9223224253903734722,-4005243060256712660,0]
04-26 18:36:11.458 I/dvm_gc_info(18051): [7381244094246389365,-9057435492621150150,-4006368960163555284,0]
04-26 18:36:11.488 I/dvm_gc_info(18051): [7381244094246376651,-9106130663592101831,-4006650435140265940,0]
04-26 18:36:11.518 I/dvm_gc_info(18051): [7381244094246404096,-9223223429068687292,-4003554210396448724,0]
04-26 18:36:11.608 I/dvm_gc_info(18051): [7381244094246389400,-9059967942576498626,-4005243060256712660,0]
04-26 18:36:11.668 I/dvm_gc_info(18051): [7381244094246385195,-9054338443042293699,-4005524535233423316,0]
04-26 18:36:11.708 I/dvm_gc_info(18051): [7381244094246424576,-9223222260552370098,-3999895035699210196,0]
04-26 18:36:11.748 I/dvm_gc_info(18051): [7381244094246348468,-9204644912089466814,-4004117160349870036,0]
04-26 18:36:11.778 I/dvm_gc_info(18051): [7381244094246375768,-9221814885668816830,-4004117160349870036,0]
04-26 18:36:11.808 I/dvm_gc_info(18051): [7381244094246400000,-9223222260552370098,-3999895035699210196,0]
04-26 18:36:11.888 I/dvm_gc_info(18051): [7381244094246397819,-9060248249036896192,-4004961585280002004,0]
04-26 18:36:12.028 I/dvm_gc_info(18051): [7381244094246389332,-9000575553974241215,-4004398635326580692,0]
04-26 18:36:12.269 I/dvm_gc_info(18051): [7381244094246389309,-8925140260215777211,-4003272735419738068,0]
04-26 18:36:12.309 I/dvm_gc_info(18051): [7381244094246364814,-9052366949689001919,-4004398635326580692,0]
04-26 18:36:12.569 I/dvm_gc_info(18051): [7381244094246389313,-8924577310262364092,-4003554210396448724,0]
04-26 18:36:12.759 I/dvm_gc_info(18051): [7381244094246405679,-8959480207374485432,-4002146835512895444,0]
04-26 18:36:12.849 I/dvm_gc_info(18051): [7381244094246372983,-9041952375550707639,-4001865360536184788,0]
04-26 18:36:12.879 I/dvm_gc_info(18051): [7381244094246377121,-9219844560831842235,-4003272735419738068,0]
04-26 18:36:12.909 I/dvm_gc_info(18051): [7381244094246404096,-9223222260552370096,-3999050610769078228,0]
04-26 18:36:13.009 I/dvm_gc_info(18051): [7381244094246397256,-9026471251831596975,-3998769135792367572,0]
04-26 18:36:13.310 I/dvm_gc_info(18051): [7381244094246389441,-8904029636962469807,-3998769135792367572,0]
04-26 18:36:13.580 I/dvm_gc_info(18051): [7381244094246348478,-8904311111939196848,-3999050610769078228,0]
04-26 18:36:13.600 I/dvm_gc_info(18051): [7381244094246375504,-9222377835622238128,-3999050610769078228,0]
04-26 18:36:13.630 I/dvm_gc_info(18051): [7381244094246404096,-9223222260367820703,-3992858161281443796,0]
04-26 18:36:13.710 I/dvm_gc_info(18051): [7381244094246364875,-9016901102623459242,-3997080285932103636,0]
04-26 18:36:13.820 I/dvm_gc_info(18051): [7381244094246372938,-8923169935378810794,-3997080285932103636,0]
04-26 18:36:13.860 I/dvm_gc_info(18051): [7381244094246404096,-9223221298244814748,-3991732261374601172,0]
04-26 18:36:13.900 I/dvm_gc_info(18051): [7381244094246348557,-9222376873314682797,-3997924710862235604,0]
04-26 18:36:13.920 I/dvm_gc_info(18051): [7381244094246375504,-9222376873314682797,-3997924710862235604,0]
04-26 18:36:13.960 I/dvm_gc_info(18051): [7381244094246408192,-9223221298160928665,-3990606361467758548,0]
04-26 18:36:14.050 I/dvm_gc_info(18051): [7381244094246389591,-9022248164873381802,-3997080285932103636,0]
04-26 18:36:14.211 I/dvm_gc_info(18051): [7381244094246352521,-8918665373443884967,-3995672911048550356,0]
04-26 18:36:14.241 I/dvm_gc_info(18051): [7381244094246389301,-9222095398337972138,-3997080285932103636,0]
04-26 18:36:14.281 I/dvm_gc_info(18051): [7381244094246400000,-9223219236157196173,-3985821286863677396,0]
04-26 18:36:14.321 I/dvm_gc_info(18051): [7381244094246348653,-9221811861273642915,-3994265536164997076,0]
04-26 18:36:14.341 I/dvm_gc_info(18051): [7381244094246375536,-9222093336250353571,-3994265536164997076,0]
04-26 18:36:14.371 I/dvm_gc_info(18051): [7381244094246404096,-9223219236157196173,-3985821286863677396,0]
04-26 18:36:14.501 I/dvm_gc_info(18051): [7381244094246393829,-9069815373849880479,-3992576686304733140,0]
04-26 18:36:15.182 I/dvm_gc_info( 1640): [8315178139902871143,-8970461030806345681,-4009465184907372500,0]
04-26 18:36:16.293 I/am_proc_died( 1485): [17955,imcom.forensics]
04-26 18:36:16.333 I/am_resume_activity( 1485): [1083216368,3,com.htc.launcher/.Launcher]
04-26 18:36:16.353 I/am_on_resume_called(17483): com.htc.launcher.CarouselDummyActivity
04-26 18:36:16.383 I/am_on_resume_called(17483): com.htc.launcher.Launcher
04-26 18:36:19.506 I/dvm_gc_madvise_info(18051): [3432448,385024]
04-26 18:36:20.196 I/dvm_gc_madvise_info( 1640): [774144,385024]
04-26 18:36:22.639 I/dvm_gc_info( 1640): [8315178139902883418,-9037170394078025679,-4008902234953951188,0]
04-26 18:36:23.950 I/force_gc( 1670): bg
04-26 18:36:24.020 I/dvm_gc_info( 1670): [7146757855084033094,-9128649624002787274,-4007494860070397908,6815744]
04-26 18:36:27.664 I/dvm_gc_madvise_info( 1640): [897024,385024]
04-26 18:36:27.944 I/binder_sample( 1601): [com.android.internal.telephony.ITelephonyRegistry,4,13,com.android.phone,2]
04-26 18:36:29.035 I/dvm_gc_madvise_info( 1670): [598016,385024]
04-26 18:36:29.776 I/am_anr  ( 1485): [18051,imcom.forensics:uploader,572998,Executing service imcom.forensics/.UploadManager]
04-26 18:36:30.036 I/dvm_gc_info( 1485): [8320808730292123683,-8909373056189585284,-3964710663610378196,8681529]
04-26 18:36:30.336 I/dvm_gc_info( 1485): [8320808730291975866,-8915002555723794303,-3963584763703535572,8681529]
04-26 18:36:31.057 I/am_proc_died( 1485): [18051,imcom.forensics:uploader]
04-26 18:36:31.057 I/am_schedule_service_restart( 1485): [imcom.forensics/.UploadManager,169952]
04-26 18:36:35.381 I/dvm_gc_madvise_info( 1485): [4001792,385024]
04-26 18:36:37.924 I/force_gc( 5797): bg
04-26 18:36:37.974 I/dvm_gc_info( 5797): [7885629677472224654,-9034073688163477448,-4006931910116976596,0]
04-26 18:36:41.918 I/dvm_gc_info(17212): [7020659311768737369,-9050962255519147974,-4006368960163555284,0]
04-26 18:36:42.989 I/dvm_gc_madvise_info( 5797): [462848,385024]
04-26 18:36:46.943 I/dvm_gc_madvise_info(17212): [593920,385024]
04-26 18:37:14.209 I/dvm_gc_info(17212): [7020659311768581735,-9035762538040518598,-4006368960163555284,0]
04-26 18:37:19.224 I/dvm_gc_madvise_info(17212): [626688,385024]
04-26 18:37:57.962 I/binder_sample( 1601): [com.android.internal.telephony.ITelephonyRegistry,4,16,com.android.phone,3]
04-26 18:37:58.773 I/dvm_gc_info( 1640): [8315178139902928501,-9012682208576694222,-4008902234953951188,0]
04-26 18:38:03.777 I/dvm_gc_madvise_info( 1640): [897024,385024]
04-26 18:38:22.976 I/dvm_gc_info(17212): [7020659311768733273,-9051525136736315334,-4006368960163555284,0]
04-26 18:38:28.001 I/dvm_gc_madvise_info(17212): [593920,385024]
04-26 18:38:32.606 I/dvm_gc_info( 1640): [8315178139902879384,-9023659732668418002,-4009746659884083156,0]
04-26 18:38:37.631 I/dvm_gc_madvise_info( 1640): [1130496,385024]
04-26 18:38:44.757 I/dvm_gc_info(17212): [7020659311768577603,-9039984662657624004,-4005806010210133972,0]
04-26 18:38:49.782 I/dvm_gc_madvise_info(17212): [503808,385024]
04-26 18:39:17.970 I/force_gc(16499): bg
04-26 18:39:18.030 I/dvm_gc_info(16499): [6216209330115703969,-9064754598114301897,-4007213385093687252,0]
04-26 18:39:21.033 I/am_proc_start( 1485): [18230,10077,imcom.forensics:uploader,service,imcom.forensics/.UploadManager]
04-26 18:39:21.063 I/dvm_gc_madvise_info(18230): [622592,385024]
04-26 18:39:21.093 I/am_proc_bound( 1485): [18230,imcom.forensics:uploader]
04-26 18:39:21.093 I/am_create_service( 1485): [1090078752,imcom.forensics/.UploadManager,,18230]
04-26 18:39:21.503 I/am_create_service( 1485): [1084689872,com.noshufou.android.su/.service.ResultService,,17630]
04-26 18:39:21.523 I/dvm_gc_info(18241): [7021235374273861028,-9060274849969043878,-4117855733906635174,0]
04-26 18:39:21.673 I/am_destroy_service( 1485): [1084689872,com.noshufou.android.su/.service.ResultService,17630]
04-26 18:39:22.194 I/dvm_gc_info(18230): [7381244094246352467,-9048429874249926610,-4009746659884083156,0]
04-26 18:39:22.234 I/dvm_gc_info(18230): [7381244094246372935,-9067569966491043792,-4009183709930661844,0]
04-26 18:39:22.294 I/dvm_gc_info(18230): [7381244094246348381,-9067569966474266575,-4008902234953951188,0]
04-26 18:39:22.324 I/dvm_gc_info(18230): [7381244094246364708,-9137938710651930575,-4008902234953951188,0]
04-26 18:39:22.354 I/dvm_gc_info(18230): [7381244094246360615,-9088117639757367247,-4008902234953951188,0]
04-26 18:39:22.414 I/dvm_gc_info(18230): [7381244094246348416,-9069821560095967182,-4008620759977240532,0]
04-26 18:39:22.454 I/dvm_gc_info(18230): [7381244094246360648,-9061377310777870284,-4008339285000529876,0]
04-26 18:39:22.484 I/dvm_gc_info(18230): [7381244094246404096,-9223225216177735626,-4007494860070397908,0]
04-26 18:39:22.514 I/dvm_gc_info(18230): [7381244094246368817,-9067851029067007948,-4008057810023819220,0]
04-26 18:39:22.564 I/dvm_gc_info(18230): [7381244094246400000,-9223224872530020295,-4006650435140265940,0]
04-26 18:39:22.604 I/dvm_gc_info(18230): [7381244094246364746,-9062784135804946378,-4007494860070397908,0]
04-26 18:39:22.634 I/dvm_gc_info(18230): [7381244094246404096,-9223224391376242628,-4005806010210133972,0]
04-26 18:39:22.704 I/dvm_gc_info(18230): [7381244094246348399,-9054057930373138376,-4006931910116976596,0]
04-26 18:39:22.735 I/dvm_gc_info(18230): [7381244094246371656,-9221817016492689352,-4006931910116976596,0]
04-26 18:39:22.765 I/dvm_gc_info(18230): [7381244094246400000,-9223223704013703103,-4004398635326580692,0]
04-26 18:39:22.855 I/dvm_gc_info(18230): [7381244094246397575,-9059968217521510340,-4005806010210133972,0]
04-26 18:39:22.885 I/dvm_gc_info(18230): [7381244094246364665,-9061094117428365253,-4006087485186844628,0]
04-26 18:39:22.915 I/dvm_gc_info(18230): [7381244094246404096,-9223222672969893815,-4001583885559474132,0]
04-26 18:39:22.985 I/dvm_gc_info(18230): [7381244094246356668,-9057996861640738752,-4004680110303291348,0]
04-26 18:39:23.015 I/dvm_gc_info(18230): [7381244094246375776,-9221815298086340544,-4004680110303291348,0]
04-26 18:39:23.035 I/dvm_gc_madvise_info(16499): [1257472,385024]
04-26 18:39:23.055 I/dvm_gc_info(18230): [7381244094246436864,-9223222672969893813,-4001020935606052820,0]
04-26 18:39:23.135 I/dvm_gc_info(18230): [7381244094246393679,-9058278336617445313,-4004961585280002004,0]
04-26 18:39:23.205 I/dvm_gc_info(18230): [7381244094246348389,-9061093086384555967,-4004398635326580692,0]
04-26 18:39:23.435 I/dvm_gc_info(18230): [7381244094246372940,-8922888872819623871,-4004398635326580692,0]
04-26 18:39:23.535 I/dvm_gc_info(18230): [7381244094246348343,-9029004939039541179,-4003272735419738068,0]
04-26 18:39:23.685 I/dvm_gc_info(18230): [7381244094246393465,-9017182990017685436,-4003554210396448724,0]
04-26 18:39:23.896 I/dvm_gc_info(18230): [7381244094246372937,-8923170347796334524,-4003554210396448724,0]
04-26 18:39:23.976 I/dvm_gc_info(18230): [7381244094246364736,-9016338565087561659,-4003272735419738068,0]
04-26 18:39:24.026 I/dvm_gc_info(18230): [7381244094246352444,-9222096773063051191,-4001865360536184788,0]
04-26 18:39:24.046 I/dvm_gc_info(18230): [7381244094246377119,-9219844973249365947,-4003272735419738068,0]
04-26 18:39:24.086 I/dvm_gc_info(18230): [7381244094246404096,-9223222672969893808,-3999050610769078228,0]
04-26 18:39:24.196 I/dvm_gc_info(18230): [7381244094246388991,-9038012138294282160,-3999050610769078228,0]
04-26 18:39:24.496 I/dvm_gc_info(18230): [7381244094246393521,-8906563324170381231,-3998769135792367572,0]
04-26 18:39:24.827 I/dvm_gc_info(18230): [7381244094246389443,-8903467099426564015,-3998769135792367572,0]
04-26 18:39:24.857 I/dvm_gc_info(18230): [7381244094246364438,-9034352963597043632,-3999050610769078228,0]
04-26 18:39:24.897 I/dvm_gc_info(18230): [7381244094246400000,-9223221504453576607,-3992576686304733140,0]
04-26 18:39:24.987 I/dvm_gc_info(18230): [7381244094246393548,-9018026246431500202,-3996798810955392980,0]
04-26 18:39:25.097 I/dvm_gc_info(18230): [7381244094246377035,-8922887704303306666,-3996798810955392980,0]
04-26 18:39:25.127 I/dvm_gc_info(18230): [7381244094246400000,-9223221504386467740,-3991732261374601172,0]
04-26 18:39:25.167 I/dvm_gc_info(18230): [7381244094246356750,-9222658554500155309,-3997924710862235604,0]
04-26 18:39:25.187 I/dvm_gc_info(18230): [7381244094246375536,-9222095604546733997,-3997924710862235604,0]
04-26 18:39:25.217 I/dvm_gc_info(18230): [7381244094246404096,-9223221504319358873,-3990606361467758548,0]
04-26 18:39:25.307 I/dvm_gc_info(18230): [7381244094246393688,-9023374270989002667,-3997361760908814292,0]
04-26 18:39:25.527 I/dvm_gc_info(18230): [7381244094246352526,-8917821154722514855,-3995672911048550356,0]
04-26 18:39:25.557 I/dvm_gc_info(18230): [7381244094246393397,-9222095604546733994,-3997080285932103636,0]
04-26 18:39:25.597 I/dvm_gc_info(18230): [7381244094246404096,-9223219442365958029,-3985821286863677396,0]
04-26 18:39:25.637 I/dvm_gc_info(18230): [7381244094246348653,-9221530592505694116,-3994265536164997076,0]
04-26 18:39:25.657 I/dvm_gc_info(18230): [7381244094246383696,-9222375017435826084,-3994265536164997076,0]
04-26 18:39:25.697 I/dvm_gc_info(18230): [7381244094246404096,-9223219442365958029,-3985821286863677396,0]
04-26 18:39:25.777 I/dvm_gc_info(18230): [7381244094246352870,-9067563780244957087,-3992576686304733140,0]
04-26 18:39:28.901 I/dvm_gc_info( 1485): [8320808730291714082,-8907965750042285955,-3964710663610378196,8681529]
04-26 18:39:30.802 I/dvm_gc_madvise_info(18230): [3428352,385024]
04-26 18:39:32.964 I/force_gc( 3151): bg
04-26 18:39:33.035 I/dvm_gc_info( 3151): [7885022777269576780,-9119079268619368391,-4006650435140265940,0]
04-26 18:39:33.935 I/dvm_gc_madvise_info( 1485): [4620288,385024]
04-26 18:39:37.969 I/force_gc(17630): bg
04-26 18:39:38.039 I/dvm_gc_info(17630): [7594245945072809341,-9063066573038839761,-4009465184907372500,0]
04-26 18:39:38.049 I/dvm_gc_madvise_info( 3151): [729088,385024]
04-26 18:39:41.183 I/am_anr  ( 1485): [18230,imcom.forensics:uploader,572998,Executing service imcom.forensics/.UploadManager]
04-26 18:39:41.533 I/dvm_gc_info( 1485): [8320808730291979980,-8913877343179491199,-3963584763703535572,8681529]
04-26 18:39:42.254 I/am_proc_died( 1485): [18230,imcom.forensics:uploader]
04-26 18:39:42.254 I/am_schedule_service_restart( 1485): [imcom.forensics/.UploadManager,679808]
04-26 18:39:42.254 I/am_destroy_service( 1485): [1090078752,imcom.forensics/.UploadManager,-1]
04-26 18:39:43.044 I/dvm_gc_madvise_info(17630): [585728,385024]
04-26 18:39:46.568 I/dvm_gc_madvise_info( 1485): [3977216,385024]
04-26 18:40:03.965 I/dvm_gc_info(17212): [7020659311768729213,-9047584280853604294,-4006368960163555284,0]
04-26 18:40:05.867 I/dvm_gc_info( 1640): [8315178139902903876,-9014371264645720014,-4008902234953951188,0]
04-26 18:40:08.709 I/dvm_gc_info( 1624): [8315161643084502626,-8924579784767338442,-4007494860070397908,0]
04-26 18:40:08.990 I/dvm_gc_madvise_info(17212): [724992,385024]
04-26 18:40:10.881 I/dvm_gc_madvise_info( 1640): [913408,385024]
04-26 18:40:13.724 I/dvm_gc_madvise_info( 1624): [8151040,385024]
04-26 18:40:14.795 I/dvm_gc_info(17212): [7020659311768581698,-9040547612644599748,-4005806010210133972,0]
04-26 18:40:19.820 I/dvm_gc_madvise_info(17212): [749568,385024]
04-26 18:41:16.936 I/dvm_gc_info( 1640): [8315178139902883442,-9012682208576698319,-4008902234953951188,0]
04-26 18:41:21.961 I/dvm_gc_madvise_info( 1640): [913408,385024]
04-26 18:41:38.987 I/force_gc( 2085): bg
04-26 18:41:39.047 I/dvm_gc_info( 2085): [7021235459988911265,-9065599297972651979,-4007776335047108564,0]
04-26 18:41:43.992 I/force_gc( 5797): bg
04-26 18:41:44.072 I/dvm_gc_madvise_info( 2085): [598016,385024]
04-26 18:41:44.072 I/dvm_gc_info( 5797): [7885629677472392645,-9025910913855645640,-4006931910116976596,0]
04-26 18:41:44.313 I/dvm_gc_info(17212): [7020659311768585839,-9027318288739194820,-4005806010210133972,0]
04-26 18:41:49.087 I/dvm_gc_madvise_info( 5797): [462848,385024]
04-26 18:41:49.328 I/dvm_gc_madvise_info(17212): [483328,385024]
04-26 18:42:08.006 I/dvm_gc_info( 1640): [8315178139902944869,-9026755957412231119,-4008902234953951188,0]
04-26 18:42:08.756 I/dvm_gc_info(17212): [7020659311768581746,-9055184036488538053,-4006087485186844628,0]
04-26 18:42:13.021 I/dvm_gc_madvise_info( 1640): [929792,385024]
04-26 18:42:13.201 I/db_sample( 2268): [/data/data/com.htc.android.mail/databases/mail.db,SELECT * FROM accounts WHERE _del=-1,6,,2]
04-26 18:42:13.231 I/am_proc_start( 1485): [18398,10002,com.htc.bg,content provider,com.htc.opensense/.syncprovider.SyncProvider]
04-26 18:42:13.241 I/dvm_gc_madvise_info(18398): [622592,385024]
04-26 18:42:13.251 I/am_proc_bound( 1485): [18398,com.htc.bg]
04-26 18:42:13.591 I/content_query_sample( 2268): [content://mail/accounts,,_del=-1,,100,,21]
04-26 18:42:13.781 I/dvm_gc_madvise_info(17212): [745472,385024]
04-26 18:42:18.506 I/force_gc( 2268): bg
04-26 18:42:18.596 I/dvm_gc_info( 2268): [3345437203617953340,-8989880673374914487,-4001583885559486420,6816870]
04-26 18:42:19.707 I/dvm_gc_info(16907): [8315159430924789357,-8972993961915385802,-4007494860070397908,0]
04-26 18:42:19.797 I/dvm_gc_info(16907): [8315159430924691001,-9066162179189831623,-4006650435140265940,0]
04-26 18:42:20.128 I/dvm_gc_info( 1485): [8320808730291689506,-8907965750042285955,-3964710663610378196,8681529]
04-26 18:42:20.238 I/content_update_sample( 2268): [content://mail/notification,update,_id = 1,6,,2]
