04-26 18:27:14.484 I/am_schedule_service_restart( 1485): [com.facebook.katana/.service.MediaUploadService,24483]
04-26 18:27:15.305 I/dvm_gc_info(16499): [6216209330115556968,-8958357125620332489,-4007213385093687252,0]
04-26 18:27:16.316 I/dvm_gc_info(16499): [6216209330115597988,-8921765309945300940,-4008057810023819220,0]
04-26 18:27:17.097 I/dvm_gc_info(16499): [6216209330115552852,-8938090858594510796,-4008057810023819220,0]
04-26 18:27:18.978 I/am_proc_start( 1485): [16893,1000,com.android.settings:remote,service,com.android.settings/.framework.activity.powersaver.SmartSynService]
04-26 18:27:19.018 I/dvm_gc_madvise_info(16893): [630784,385024]
04-26 18:27:19.068 I/am_proc_bound( 1485): [16893,com.android.settings:remote]
04-26 18:27:19.068 I/am_create_service( 1485): [1084890352,com.android.settings/.framework.activity.powersaver.SmartSynService,,16893]
04-26 18:27:19.239 I/am_proc_start( 1485): [16900,1000,com.android.settings,broadcast,com.android.settings/.framework.activity.powersaver.SmartSyncScreenOnOffTimeReceiver]
04-26 18:27:19.249 I/dvm_gc_madvise_info(16900): [626688,385024]
04-26 18:27:19.269 I/am_proc_bound( 1485): [16900,com.android.settings]
04-26 18:27:19.699 I/am_proc_start( 1485): [16907,10028,com.servo.search,broadcast,com.servo.search/com.servo.core.android.ServoSearchReceiver]
04-26 18:27:19.709 I/dvm_gc_madvise_info(16907): [626688,385024]
04-26 18:27:19.719 I/am_proc_bound( 1485): [16907,com.servo.search]
04-26 18:27:19.849 I/am_create_service( 1485): [1084618200,com.sina.weibo/.PushService,act=sina.weibo.action.BACKGROUND,2343]
04-26 18:27:19.999 I/am_create_service( 1485): [1084611568,com.servo.search/com.servo.core.android.ServoIndexerService,,16907]
04-26 18:27:20.049 I/binder_sample(16907): [android.content.IContentService,3,14,com.servo.search,2]
04-26 18:27:20.200 I/dvm_gc_info(16499): [6216209330115581521,-8982845379891492810,-4007494860070397908,0]
04-26 18:27:20.240 I/dvm_gc_info(16499): [6216209330115597020,-9203240286655936458,-4007494860070397908,0]
04-26 18:27:20.330 I/dvm_gc_info(16499): [6216209330115687475,-9164959483614529480,-4006931910116976596,0]
04-26 18:27:20.480 I/dvm_gc_info(16499): [6216209330115565097,-9063628491998693321,-4007213385093687252,0]
04-26 18:27:20.520 I/dvm_gc_info(16499): [6216209330115575808,-9223224185167349697,-4004961585280002004,0]
04-26 18:27:20.600 I/dvm_gc_info(16499): [6216209330115507438,-9101908470205056961,-4004961585280002004,0]
04-26 18:27:21.241 I/dvm_gc_info( 2268): [3345437203617609312,-8955540726216210359,-4001302410582775764,6816870]
04-26 18:27:21.411 I/notification_enqueue( 1485): [com.htc.android.mail,1,Notification(vibrate=null,sound=null,button=null,defaults=0x0,flags=0x1)]
04-26 18:27:21.561 I/db_sample( 2268): [/data/data/com.htc.android.mail/databases/mail.db,SELECT sum(_number) FROM notification WHERE _type = 1 AND _accou,47,,10]
04-26 18:27:21.691 I/am_proc_start( 1485): [16935,9999,com.htc.launcher,content provider,com.htc.launcher/.LauncherProvider]
04-26 18:27:21.711 I/dvm_gc_madvise_info(16935): [626688,385024]
04-26 18:27:21.901 I/am_proc_bound( 1485): [16935,com.htc.launcher]
04-26 18:27:22.432 I/dvm_gc_info(16935): [7809652345805211057,-9060533435737741266,-4010309609837504468,0]
04-26 18:27:25.625 I/dvm_gc_madvise_info(16499): [552960,385024]
04-26 18:27:26.286 I/dvm_gc_madvise_info( 2268): [1081344,385024]
04-26 18:27:27.447 I/dvm_gc_madvise_info(16935): [442368,385024]
04-26 18:27:27.617 I/force_gc( 2268): bg
04-26 18:27:27.737 I/dvm_gc_info( 2268): [3345437203618039339,-9018872595976140729,-4001865360536197076,6817032]
04-26 18:27:31.391 I/db_sample( 1624): [/data/data/com.lbe.security/databases/lbe_trafficmon.db,SELECT * FROM global_traffic WHERE (date >= 4853) AND (date <= 4,10,com.lbe.security:service,3]
04-26 18:27:32.542 I/dvm_gc_info( 1640): [8315178139902903908,-9029852388364814290,-4009746659884083156,0]
04-26 18:27:32.622 I/force_gc( 2011): bg
04-26 18:27:32.722 I/dvm_gc_info( 2011): [8315178139768960150,-9065317479331407815,-4006650435140265940,0]
04-26 18:27:32.752 I/dvm_gc_madvise_info( 2268): [1081344,385024]
04-26 18:27:37.557 I/dvm_gc_madvise_info( 1640): [1142784,385024]
04-26 18:27:37.637 I/force_gc( 2343): bg
04-26 18:27:37.717 I/dvm_gc_madvise_info( 2011): [606208,385024]
04-26 18:27:37.727 I/dvm_gc_info( 2343): [8603398534651549274,-8963984631752099759,-3998487660815669204,0]
04-26 18:27:38.397 I/dvm_gc_info( 6400): [7020659311768581728,-9032947857009661894,-4006368960163555284,0]
04-26 18:27:38.978 I/am_proc_start( 1485): [17075,10035,com.facebook.katana,service,com.facebook.katana/.service.MediaUploadService]
04-26 18:27:39.008 I/dvm_gc_madvise_info(17075): [622592,385024]
04-26 18:27:39.068 I/am_proc_bound( 1485): [17075,com.facebook.katana]
04-26 18:27:39.078 I/am_create_service( 1485): [1083334880,com.facebook.katana/.service.MediaUploadService,,17075]
04-26 18:27:39.228 I/dvm_gc_info(17075): [7737593596605433377,-9047303768117450702,-4008620759977240532,0]
04-26 18:27:39.408 I/dvm_gc_info(17075): [7737593596605474281,-9048992136840603591,-4006650435140265940,0]
04-26 18:27:39.619 I/dvm_gc_info(17075): [7737593596605457826,-9055184173910632386,-4005243060256712660,0]
04-26 18:27:40.770 I/dvm_gc_info(16907): [8315159430924707389,-9016904676841506768,-4009183709930661844,0]
04-26 18:27:41.210 I/dvm_gc_info(16907): [8315159430924707383,-9023378395097028557,-4008339285000529876,0]
04-26 18:27:41.260 I/force_gc( 1485): Binder
04-26 18:27:41.470 I/dvm_gc_info( 1485): [8320808730292438786,-8909373743552120706,-3963584763703535572,8681531]
04-26 18:27:41.641 I/dvm_gc_info(17075): [7737593596605437527,-8992415047895349182,-4004117160349870036,0]
04-26 18:27:41.691 I/content_query_sample(16907): [content://mail/partsMsgId/3270,_id/_text,_mimetype='text/plain' or _mimetype='text/html',,417,,84]
04-26 18:27:42.271 I/dvm_gc_info(16907): [8315159430924834297,-9050681055437203401,-4007213385093687252,0]
04-26 18:27:42.511 I/dvm_gc_info(17075): [7737593596605474384,-8985659510981756860,-4003554210396448724,0]
04-26 18:27:42.772 I/dvm_gc_madvise_info( 2343): [434176,385024]
04-26 18:27:42.902 I/dvm_gc_info(17075): [7737593596605437551,-8985940779766474683,-4003272735419738068,0]
04-26 18:27:43.072 I/dvm_gc_info(16907): [8315159430924990033,-9058280673616398278,-4006368960163555284,0]
04-26 18:27:43.192 I/dvm_gc_info(17075): [7737593596605433446,-9005362415686989753,-4002428310489606100,0]
04-26 18:27:43.452 I/dvm_gc_madvise_info( 6400): [704512,385024]
04-26 18:27:43.472 I/dvm_gc_info(17075): [7737593596605478495,-9003954903314126775,-4001865360536184788,0]
04-26 18:27:43.983 I/dvm_gc_info(17075): [7737593596605445736,-8964829675308951475,-4000457985652631508,0]
04-26 18:27:44.503 I/dvm_gc_info(17075): [7737593596605523558,-8968769981267945390,-3998487660815656916,0]
04-26 18:27:45.084 I/dvm_gc_info(17075): [7737593596605482632,-8949066251761125290,-3996798810955392980,0]
04-26 18:27:45.785 I/dvm_gc_info(17075): [7737593596605466300,-8924296041443354535,-3995672911048550356,0]
04-26 18:27:46.365 I/dvm_gc_info(17075): [7737593596605441733,-8922325510380804005,-3994828486118418388,0]
04-26 18:27:46.495 I/dvm_gc_madvise_info( 1485): [4603904,385024]
04-26 18:27:46.515 I/db_sample(17075): [/data/data/com.facebook.katana/databases/prefs_db,PRAGMA journal_size_limit=10240,0,,1]
04-26 18:27:46.585 I/db_sample(17075): [/data/data/com.facebook.katana/databases/prefs_db,SELECT key, type, value FROM preferences ORDER BY key DESC,5,,2]
04-26 18:27:47.146 I/dvm_gc_info(17075): [7737593596605441727,-8918384585728186272,-3993139636258154452,0]
04-26 18:27:47.616 I/dvm_gc_info(17075): [7737593596605445908,-8904028949582280607,-3992858161281443796,0]
04-26 18:27:48.037 I/dvm_gc_info(17075): [7737593596605445908,-8904310355822712734,-3992295211328022484,0]
04-26 18:27:48.127 I/dvm_gc_madvise_info(16907): [573440,385024]
04-26 18:27:48.437 I/dvm_gc_info(17075): [7737593596605445912,-8903184387179591581,-3992013736351311828,0]
04-26 18:27:48.848 I/dvm_gc_info(17075): [7737593596605441818,-8902621368489895836,-3991732261374601172,0]
04-26 18:27:49.208 I/dvm_gc_info(17075): [7737593596605441822,-8902339824776910748,-3991450786397890516,0]
04-26 18:27:49.538 I/dvm_gc_info(17075): [7737593596605441832,-8901776806087227291,-3991450786397890516,0]
04-26 18:27:50.029 I/dvm_gc_info(17075): [7737593596605454125,-8900087887490688923,-3991169311421179860,0]
04-26 18:27:50.469 I/dvm_gc_info(17075): [7737593596605441836,-8900650768707823514,-3990606361467758548,0]
04-26 18:27:50.890 I/dvm_gc_info(17075): [7737593596605441842,-8896991525274314649,-3990324886491047892,0]
04-26 18:27:51.290 I/dvm_gc_info(17075): [7737593596605445945,-8898398831421597592,-3990324886491047892,0]
04-26 18:27:52.071 I/dvm_gc_info(17075): [7737593596605491005,-8897554337772001176,-3990324886491047892,0]
04-26 18:27:52.171 I/am_create_service( 1485): [1090251512,com.facebook.katana/.server.Fb4aService,,17075]
04-26 18:27:52.371 I/dvm_gc_info(17075): [7737593596606121255,-9058558024450496408,-3990043411514337236,0]
04-26 18:27:52.371 I/am_proc_died( 1485): [16317,com.tencent.mobileqq]
04-26 18:27:52.591 I/dvm_gc_info(17075): [7737593596606190313,-9197043506783381398,-3989480461560915924,0]
04-26 18:27:52.671 I/db_sample(17075): [/data/data/com.facebook.katana/databases/prefs_db,COMMIT;INSERT OR REPLACE  INTO preferences(value, type, key) VAL,486,,98]
04-26 18:27:52.731 I/content_query_sample(17075): [content://com.facebook.katana.provider.PhotosProvider/stream_photos,_id/url/filename,,,593,,100]
04-26 18:27:52.741 I/content_query_sample(17075): [content://com.facebook.katana.provider.CacheProvider/cache/name/FacewebUriMap%3Aurimap,value/timestamp,,,561,,100]
04-26 18:27:52.831 I/am_create_service( 1485): [1090251248,com.facebook.katana/.service.FacebookService,,17075]
04-26 18:27:52.871 I/am_proc_start( 1485): [17114,10035,com.facebook.katana:providers,content provider,com.facebook.katana/.provider.GraphQLNotificationsContentProvider]
04-26 18:27:52.891 I/dvm_gc_madvise_info(17114): [622592,385024]
04-26 18:27:53.142 I/am_proc_bound( 1485): [17114,com.facebook.katana:providers]
04-26 18:27:53.492 I/dvm_gc_info(17114): [7737593596605576739,-9044489018367121358,-4008620759977240532,0]
04-26 18:27:53.822 I/dvm_gc_info(17114): [7737593596605429185,-9051806955327203272,-4006931910116976596,0]
04-26 18:27:54.073 I/dvm_gc_info(17114): [7737593596605429236,-9050117624346621890,-4005243060256712660,0]
04-26 18:27:54.773 I/dvm_gc_info(17075): [7737593596606187216,-8922042454453106578,-3987791611700651988,0]
04-26 18:27:54.793 I/content_update_sample(17075): [content://com.facebook.katana.provider.KeyValueProvider/key_value,delete,key='is_employee',17,,4]
04-26 18:27:54.813 I/notification_cancel( 1485): [com.facebook.katana,7,0]
04-26 18:27:54.813 I/notification_cancel( 1485): [com.facebook.katana,10004,0]
04-26 18:27:54.883 I/am_create_service( 1485): [1089672232,com.facebook.katana/.service.vault.VaultManagerService,,17075]
04-26 18:27:55.464 I/am_create_service( 1485): [1089668928,com.facebook.katana/.service.AttributionIdService,,17075]
04-26 18:27:55.634 I/dvm_gc_info(17114): [7737593596605433425,-8998889041095956415,-4004398635326580692,0]
04-26 18:27:56.105 I/db_sample(17075): [/data/data/com.facebook.katana/databases/threads_db2,COMMIT;INSERT OR REPLACE  INTO _shared_version(version, name) VA,271,,55]
04-26 18:27:56.155 I/dvm_gc_info(17114): [7737593596605621854,-8979185655270467518,-4004117160349870036,0]
04-26 18:27:56.255 I/am_create_service( 1485): [1088953136,com.facebook.katana/com.facebook.orca.server.MessagesService,,17075]
04-26 18:27:56.395 I/dvm_gc_info(17114): [7737593596605437545,-8994666641533818813,-4003835685373159380,0]
04-26 18:27:56.765 I/dvm_gc_info(17114): [7737593596605507147,-8990444448096491450,-4002709785466316756,0]
04-26 18:27:57.186 I/dvm_gc_info(17114): [7737593596605474407,-9004236447027058616,-4001865360536184788,0]
04-26 18:27:57.626 I/content_query_sample(17075): [content://com.facebook.katana.provider.GraphQLNotificationsProvider/gql_notifications,cache_id,recipient_id=100001715052532,,1844,,100]
04-26 18:27:57.866 I/dvm_gc_info(17114): [7737593596605507165,-9004236240784668596,-4000457985652631508,0]
04-26 18:27:57.936 I/dvm_gc_info(17075): [7737593596605912854,-8915568186273826701,-3986102761840388052,0]
04-26 18:27:57.946 I/am_create_service( 1485): [1088948232,com.facebook.katana/com.facebook.notifications.server.NotificationsService,,17075]
04-26 18:27:58.617 I/dvm_gc_info(17075): [7737593596605708085,-8915286298913007498,-3984695386956834772,0]
04-26 18:27:59.017 I/dvm_gc_info(17075): [7737593596605523613,-8922041698286954375,-3983569487049992148,0]
04-26 18:27:59.868 I/dvm_gc_info(17075): [7737593596605712273,-8899523081658029958,-3983288012073281492,0]
04-26 18:28:00.249 I/am_destroy_service( 1485): [1089672232,com.facebook.katana/.service.vault.VaultManagerService,17075]
04-26 18:28:01.009 I/dvm_gc_info(17075): [7737593596605454255,-8895300888287893383,-3983569487049992148,0]
04-26 18:28:01.230 I/am_destroy_service( 1485): [1090251512,com.facebook.katana/.server.Fb4aService,17075]
04-26 18:28:01.260 I/db_sample(17075): [/data/data/com.facebook.katana/databases/prefs_db,INSERT OR REPLACE  INTO preferences(value, type, key) VALUES(?, ,1,,1]
04-26 18:28:01.260 I/db_sample(17075): [/data/data/com.facebook.katana/databases/prefs_db,INSERT OR REPLACE  INTO preferences(value, type, key) VALUES(?, ,0,,1]
04-26 18:28:01.440 I/db_sample(17075): [/data/data/com.facebook.katana/databases/prefs_db,SELECT key, type, value FROM preferences WHERE (key IN ("/config,16,,4]
04-26 18:28:01.970 I/dvm_gc_info(17075): [7737593596605540260,-8896989738148161415,-3983850962026702804,0]
04-26 18:28:02.351 I/am_destroy_service( 1485): [1088948232,com.facebook.katana/com.facebook.notifications.server.NotificationsService,17075]
04-26 18:28:02.401 I/dvm_gc_info(17114): [7737593596605810323,-8925985922381207476,-4000457985652631508,0]
04-26 18:28:02.611 I/am_proc_died( 1485): [6400,com.renren.mobile.android]
04-26 18:28:02.611 I/am_schedule_service_restart( 1485): [com.renren.mobile.android/.news.NewsPushService,5000]
04-26 18:28:03.071 I/am_create_service( 1485): [1088579336,com.facebook.katana/com.facebook.analytics.AnalyticsService,,17075]
04-26 18:28:03.372 I/dvm_gc_info(17075): [7737593596605470597,-8897834163078289286,-3983288012073281492,0]
04-26 18:28:03.382 I/db_sample(17075): [/data/data/com.facebook.katana/databases/analytics_db2,PRAGMA page_size,3,,1]
04-26 18:28:03.692 I/db_sample(17075): [/data/data/com.facebook.katana/databases/analytics_db2,SELECT name, sum(value) FROM view_counter WHERE (time>= 13669056,1,,1]
04-26 18:28:03.932 I/notification_cancel( 1485): [com.facebook.katana,10001,0]
04-26 18:28:03.932 I/notification_cancel( 1485): [com.facebook.katana,10002,0]
04-26 18:28:03.932 I/notification_cancel( 1485): [com.facebook.katana,10004,0]
04-26 18:28:03.952 I/am_destroy_service( 1485): [1088953136,com.facebook.katana/com.facebook.orca.server.MessagesService,17075]
04-26 18:28:03.962 I/db_sample(17075): [/data/data/com.facebook.katana/databases/prefs_db,COMMIT;DELETE FROM preferences WHERE key=?,24,,5]
04-26 18:28:04.493 I/dvm_gc_info(17075): [7737593596605531983,-8909656112016246658,-3981880637189728212,0]
04-26 18:28:05.063 I/am_destroy_service( 1485): [1089668928,com.facebook.katana/.service.AttributionIdService,17075]
04-26 18:28:05.063 I/am_destroy_service( 1485): [1090251248,com.facebook.katana/.service.FacebookService,17075]
04-26 18:28:07.426 I/dvm_gc_madvise_info(17114): [573440,385024]
04-26 18:28:07.776 I/dvm_gc_info( 1624): [8315161643084482147,-8924579784767338442,-4007494860070397908,0]
04-26 18:28:08.146 I/am_proc_start( 1485): [17212,10016,com.renren.mobile.android,service,com.renren.mobile.android/.news.NewsPushService]
04-26 18:28:08.176 I/dvm_gc_madvise_info(17212): [622592,385024]
04-26 18:28:08.216 I/am_proc_bound( 1485): [17212,com.renren.mobile.android]
04-26 18:28:08.226 I/am_create_service( 1485): [1082665648,com.renren.mobile.android/.news.NewsPushService,,17212]
04-26 18:28:08.377 I/dvm_gc_info(17212): [7020659311768585763,-9045614918273968078,-4008620759977240532,0]
04-26 18:28:08.527 I/dvm_gc_info(17212): [7020659311768569204,-9058562423521318857,-4007213385093687252,0]
04-26 18:28:09.528 I/dvm_gc_madvise_info(17075): [569344,385024]
04-26 18:28:12.801 I/dvm_gc_madvise_info( 1624): [8151040,385024]
04-26 18:28:13.542 I/dvm_gc_madvise_info(17212): [397312,385024]
04-26 18:28:14.092 I/dvm_gc_info(17212): [7020659311768581698,-9005363309224912839,-4006650435140265940,0]
04-26 18:28:15.834 I/dvm_gc_info(17212): [7020659311768753756,-9051243455550842822,-4006368960163555284,0]
04-26 18:28:20.839 I/dvm_gc_madvise_info(17212): [593920,385024]
04-26 18:28:33.881 I/am_destroy_service( 1485): [1088579336,com.facebook.katana/com.facebook.analytics.AnalyticsService,17075]
04-26 18:28:59.927 I/am_proc_died( 1485): [16900,com.android.settings]
04-26 18:29:00.017 I/am_proc_died( 1485): [16842,com.htc.bg]
04-26 18:29:27.894 I/binder_sample( 1601): [com.android.internal.telephony.ITelephonyRegistry,4,13,com.android.phone,2]
04-26 18:29:41.477 I/am_proc_died( 1485): [10692,imcom.forensics]
04-26 18:29:41.558 I/am_restart_activity( 1485): [1083216368,3,com.htc.launcher/.Launcher]
04-26 18:29:42.749 I/dvm_gc_info(16935): [7809652345805072048,-8962578974906574795,-3986947186770520020,8566827]
04-26 18:29:42.819 I/am_on_resume_called(16935): com.htc.launcher.Launcher
04-26 18:29:42.869 I/am_on_resume_called(16935): com.htc.launcher.CarouselDummyActivity
04-26 18:29:43.439 I/activity_launch_time( 1485): [1083216368,com.htc.launcher/.Launcher,1901,1901]
04-26 18:29:44.160 I/dvm_gc_info(17212): [7020659311768704617,-9032666313296701383,-4006650435140265940,0]
04-26 18:29:44.681 I/dvm_gc_info(16935): [7809652345805362873,-8918950147357931463,-3986947186770520020,8566822]
04-26 18:29:44.791 I/dvm_gc_info(16935): [7809652345805136943,-9147226353470273480,-3986947186770520020,8702013]
04-26 18:29:45.101 I/dvm_gc_info(16935): [7809652345805296776,-9068976309944715208,-3986947186770520020,8812630]
04-26 18:29:45.241 I/dvm_gc_info(16935): [7809652345805124646,-9171996151420815304,-3986947186770520020,8947847]
04-26 18:29:45.371 I/dvm_gc_info(16935): [7809652345805198378,-9165240751979755464,-3986947186770520020,9164984]
04-26 18:29:45.952 I/content_query_sample(16935): [content://customization_settings/SettingTable/application_Launcher,,,,29,,6]
04-26 18:29:46.142 I/dvm_gc_info(16935): [7809652345805194791,-9045613886877685701,-3986947186770520020,9369838]
04-26 18:29:46.773 I/am_proc_start( 1485): [17345,10008,android.process.media,content provider,com.android.providers.media/.MediaProvider]
04-26 18:29:46.823 I/dvm_gc_madvise_info(17345): [622592,385024]
04-26 18:29:46.993 I/am_proc_bound( 1485): [17345,android.process.media]
04-26 18:29:47.413 I/dvm_gc_info(17345): [7882817126544110961,-9054622529929529299,-4010309609837504468,0]
04-26 18:29:48.194 I/dvm_gc_info(16935): [7809652345805354591,-8964830499842176961,-3986947186770520020,9496842]
04-26 18:29:48.284 I/content_query_sample(16935): [content://com.htc.provider.weather/locationlist,,code='EUR|DK|DA012|COPENHAGEN',,53,,11]
04-26 18:29:49.185 I/dvm_gc_madvise_info(17212): [643072,385024]
04-26 18:29:49.455 I/db_sample( 2268): [/data/data/com.htc.android.mail/databases/mail.db,SELECT sum(_number) FROM notification WHERE _type = 1 AND _accou,47,,10]
04-26 18:29:49.485 I/content_query_sample( 2268): [content://mail/notification,sum(_number),_type = 1 AND _accountid IN (SELECT _id from accounts) ,,151,,31]
04-26 18:29:50.046 I/am_proc_died( 1485): [17114,com.facebook.katana:providers]
04-26 18:29:50.766 I/dvm_gc_info(16935): [7809652345805264464,-8999733259515295678,-3986947186770520020,9668916]
04-26 18:29:51.027 I/content_query_sample(16935): [content://com.htc.launcher.settings/favorites?notify=false,,_id=?,,340,,69]
04-26 18:29:51.027 I/content_query_sample(16935): [content://com.htc.launcher.settings/favorites?notify=false,,_id=?,,152,,31]
04-26 18:29:51.107 I/dvm_gc_info(16935): [7809652345805182219,-9061376279414933438,-3986947186770520020,9857360]
04-26 18:29:51.297 I/am_proc_start( 1485): [17368,10047,com.htc.skinpicker,broadcast,com.htc.skinpicker/.SkinPickerReceiver]
04-26 18:29:51.317 I/dvm_gc_madvise_info(17368): [618496,385024]
04-26 18:29:51.557 I/am_proc_bound( 1485): [17368,com.htc.skinpicker]
04-26 18:29:51.677 I/am_proc_died( 1485): [17345,android.process.media]
04-26 18:29:51.757 I/am_proc_died( 1485): [10461,com.android.mms]
04-26 18:29:52.128 I/am_proc_start( 1485): [17380,1000,com.android.settings,broadcast,com.android.settings/.framework.activity.powersaver.SleepModeTimeOrTimeZoneChangedReceiver]
04-26 18:29:52.158 I/dvm_gc_madvise_info(17380): [618496,385024]
04-26 18:29:52.248 I/am_proc_bound( 1485): [17380,com.android.settings]
04-26 18:29:55.351 I/am_proc_died( 1485): [17368,com.htc.skinpicker]
04-26 18:29:55.521 I/am_proc_died( 1485): [17380,com.android.settings]
04-26 18:29:55.711 I/dvm_gc_info(17388): [7021235374273856922,-9061119274899306926,-4120107533720451502,0]
04-26 18:29:56.112 I/dvm_gc_madvise_info(16935): [442368,385024]
04-26 18:29:56.562 I/dvm_gc_info(16935): [7809652345805592200,-8948223132618827711,-3986947186770520020,9992580]
04-26 18:29:56.732 I/dvm_gc_info(17212): [7020659311769851480,-9052932580356122566,-4006368960163555284,0]
04-26 18:29:57.083 I/am_create_task( 1485): 32
04-26 18:29:57.083 I/am_create_activity( 1485): [1087089552,32,imcom.forensics/.MainActivity,android.intent.action.MAIN,NULL,NULL,268435456]
04-26 18:29:57.093 I/am_pause_activity( 1485): [1083216368,com.htc.launcher/.Launcher]
04-26 18:29:57.113 I/binder_sample(17398): [android.app.IActivityManager,3,33,app_process,6]
04-26 18:29:57.133 I/dvm_gc_info(17398): [7021235374273861027,-9060274849969047975,-4118137208883349927,0]
04-26 18:29:57.243 I/am_on_paused_called(16935): com.htc.launcher.CarouselDummyActivity
04-26 18:29:57.273 I/am_on_paused_called(16935): com.htc.launcher.Launcher
04-26 18:29:57.283 I/am_proc_start( 1485): [17407,10077,imcom.forensics,activity,imcom.forensics/.MainActivity]
04-26 18:29:57.313 I/dvm_gc_madvise_info(17407): [618496,385024]
04-26 18:29:57.363 I/am_proc_bound( 1485): [17407,imcom.forensics]
04-26 18:29:57.373 I/am_restart_activity( 1485): [1087089552,32,imcom.forensics/.MainActivity]
04-26 18:29:57.383 I/dvm_gc_info( 1368): [8825198673194791989,-9126116624107251668,-4010309197419980756,0]
04-26 18:29:57.533 I/dvm_gc_info( 1368): [8825198673194995760,-9222662541119006676,-4010309197419980756,0]
04-26 18:29:57.653 I/dvm_gc_info( 1368): [8825198673194815544,-9222662541119006676,-4010309197419980756,0]
04-26 18:29:57.984 I/dvm_gc_info(17416): [7021235374273861017,-9061119274899302831,-4120389008697158063,0]
04-26 18:29:58.054 I/binder_sample( 1601): [com.android.internal.telephony.ITelephonyRegistry,4,17,com.android.phone,3]
04-26 18:29:58.154 I/dvm_gc_info(16935): [7809652345805231652,-9035198900422449088,-3986947186770520020,9943411]
04-26 18:30:01.417 I/am_proc_start( 1485): [17429,10077,imcom.forensics:uploader,service,imcom.forensics/.UploadManager]
04-26 18:30:01.467 I/am_on_resume_called(17407): imcom.forensics.MainActivity
04-26 18:30:01.477 I/am_proc_bound( 1485): [17429,imcom.forensics:uploader]
04-26 18:30:01.477 I/am_create_service( 1485): [1083648768,imcom.forensics/.UploadManager,,17429]
04-26 18:30:01.477 I/force_gc( 1485): Binder
04-26 18:30:01.687 I/dvm_gc_info( 1485): [8320808730292446993,-8908529318621988738,-3961332963889850324,8681539]
04-26 18:30:01.687 I/binder_sample(17429): [android.content.pm.IPackageManager,1,198,imcom.forensics:uploader,39]
04-26 18:30:01.707 I/binder_sample(17407): [android.view.IWindowSession,1,223,imcom.forensics,44]
04-26 18:30:01.787 I/dvm_gc_madvise_info(17212): [589824,385024]
04-26 18:30:02.218 I/activity_launch_time( 1485): [1087089552,imcom.forensics/.MainActivity,4947,4947]
04-26 18:30:02.618 I/dvm_gc_info( 1640): [8315178139902944860,-8984534917114386385,-4009465184907372500,0]
04-26 18:30:02.668 I/dvm_gc_madvise_info(17429): [573440,385024]
04-26 18:30:02.708 I/am_proc_start( 1485): [17448,10075,com.noshufou.android.su,broadcast,com.noshufou.android.su/.SuResultReceiver]
04-26 18:30:02.718 I/dvm_gc_madvise_info(17448): [626688,385024]
04-26 18:30:02.728 I/am_proc_bound( 1485): [17448,com.noshufou.android.su]
04-26 18:30:02.918 I/am_create_service( 1485): [1090468704,com.noshufou.android.su/.service.ResultService,,17448]
04-26 18:30:02.938 I/dvm_gc_info(17440): [7021235374273856932,-9060274849969039782,-4117855733906631078,0]
04-26 18:30:03.369 I/dvm_gc_madvise_info(16935): [491520,385024]
04-26 18:30:03.579 I/dvm_gc_info(17429): [7381244094246364739,-9056311242334078930,-4009746659884083156,0]
04-26 18:30:03.629 I/dvm_gc_info(17429): [7381244094246393409,-9067851510187231184,-4009465184907372500,0]
04-26 18:30:03.689 I/dvm_gc_info(17429): [7381244094246348389,-9066725541560911824,-4009183709930661844,0]
04-26 18:30:03.729 I/dvm_gc_info(17429): [7381244094246368835,-9065318166643804111,-4008902234953951188,0]
04-26 18:30:03.739 I/content_query_sample(17448): [content://com.noshufou.android.su.provider/apps/uid/10077,_id/allow/notifications/logging,,,704,,100]
04-26 18:30:03.769 I/dvm_gc_info(17429): [7381244094246408192,-9223225353650243531,-4007776335047108564,0]
04-26 18:30:03.829 I/dvm_gc_info(17429): [7381244094246348430,-9067288147849840590,-4008620759977240532,0]
04-26 18:30:03.909 I/dvm_gc_info(17429): [7381244094246377024,-9058280948561545162,-4007494860070397908,0]
04-26 18:30:03.929 I/dvm_gc_info(17429): [7381244094246372769,-9221817910063990732,-4008057810023819220,0]
04-26 18:30:03.959 I/dvm_gc_info(17429): [7381244094246404096,-9223225010002528200,-4006931910116976596,0]
04-26 18:30:04.009 I/dvm_gc_info(17429): [7381244094246385216,-9063910173184296907,-4007776335047108564,0]
04-26 18:30:04.099 I/dvm_gc_info(17429): [7381244094246348384,-9057717723696662473,-4007213385093687252,0]
04-26 18:30:04.120 I/dvm_gc_info(17429): [7381244094246367777,-9221536160142264265,-4007213385093687252,0]
04-26 18:30:04.160 I/am_destroy_service( 1485): [1090468704,com.noshufou.android.su/.service.ResultService,17448]
04-26 18:30:04.180 I/dvm_gc_info(17429): [7381244094246526976,-9223224391376242625,-4004961585280002004,0]
04-26 18:30:04.270 I/dvm_gc_info(17429): [7381244094246393462,-9061657754744317893,-4006087485186844628,0]
04-26 18:30:04.300 I/dvm_gc_info(17429): [7381244094246364577,-9063909554558011334,-4006368960163555284,0]
04-26 18:30:04.330 I/dvm_gc_info(17429): [7381244094246400000,-9223223497804941242,-4002709785466316756,0]
04-26 18:30:04.420 I/dvm_gc_info(17429): [7381244094246393521,-9052649661918283714,-4005243060256712660,0]
04-26 18:30:04.460 I/dvm_gc_info(17429): [7381244094246376602,-9136810679954769858,-4005243060256712660,0]
04-26 18:30:04.510 I/dvm_gc_info(17429): [7381244094246453248,-9223222741706147767,-4001865360536184788,0]
04-26 18:30:04.580 I/dvm_gc_info(17429): [7381244094246352687,-9053493330749622210,-4005243060256712660,0]
04-26 18:30:04.680 I/dvm_gc_info(17429): [7381244094246352478,-9060811680144099263,-4004398635326580692,0]
04-26 18:30:04.820 I/dvm_gc_info(17429): [7381244094246352460,-8922888941555877820,-4003554210396448724,0]
04-26 18:30:04.850 I/dvm_gc_info(17429): [7381244094246364806,-9066441179678312383,-4004398635326580692,0]
04-26 18:30:05.030 I/dvm_gc_info(17429): [7381244094246426191,-8922325991602436028,-4003554210396448724,0]
04-26 18:30:05.100 I/dvm_gc_info(17429): [7381244094246368851,-8970458212619978683,-4003272735419738068,0]
04-26 18:30:05.141 I/dvm_gc_info(17429): [7381244094246352445,-9222096841799305144,-4002146835512895444,0]
04-26 18:30:05.161 I/dvm_gc_info(17429): [7381244094246377116,-9219845041985619900,-4003554210396448724,0]
04-26 18:30:05.191 I/dvm_gc_info(17429): [7381244094246404096,-9223222741706147761,-3999332085745788884,0]
04-26 18:30:05.261 I/dvm_gc_info(17429): [7381244094246356296,-9026471732985399217,-3999332085745788884,0]
04-26 18:30:05.551 I/dvm_gc_info(17429): [7381244094246389425,-8906563392906643376,-3999332085745788884,0]
04-26 18:30:05.831 I/dvm_gc_info(17429): [7381244094246393523,-8906281917929932720,-3999332085745788884,0]
04-26 18:30:05.871 I/dvm_gc_info(17429): [7381244094246368513,-9037730732053825457,-3999332085745788884,0]
04-26 18:30:05.911 I/dvm_gc_info(17429): [7381244094246404096,-9223221573189830560,-3993139636258154452,0]
04-26 18:30:06.001 I/dvm_gc_info(17429): [7381244094246389445,-9021685489864988587,-3997080285932103636,0]
04-26 18:30:06.162 I/dvm_gc_info(17429): [7381244094246377033,-8923169248016271275,-3997361760908814292,0]
04-26 18:30:06.202 I/dvm_gc_info(17429): [7381244094246400000,-9223220610882275230,-3992295211328022484,0]
04-26 18:30:06.242 I/dvm_gc_info(17429): [7381244094246352646,-9222376185952143278,-3998487660815656916,0]
04-26 18:30:06.272 I/dvm_gc_info(17429): [7381244094246404168,-9222376185952143278,-3998487660815656916,0]
04-26 18:30:06.322 I/dvm_gc_info(17429): [7381244094246412288,-9223219236157196187,-3991169311421179860,0]
04-26 18:30:06.442 I/am_proc_died( 1485): [16935,com.htc.launcher]
04-26 18:30:06.462 I/dvm_gc_info(17429): [7381244094246504265,-9036319851621312428,-3997361760908814292,0]
04-26 18:30:06.672 I/dvm_gc_info(17429): [7381244094246352536,-8916130036565870504,-3995954386025261012,0]
04-26 18:30:06.702 I/dvm_gc_info(17429): [7381244094246413877,-9222093336250353579,-3997361760908814292,0]
04-26 18:30:06.742 I/dvm_gc_madvise_info( 1485): [4628480,385024]
04-26 18:30:06.742 I/dvm_gc_info(17429): [7381244094246445056,-9223219236157196174,-3986384236817098708,0]
04-26 18:30:06.792 I/dvm_gc_info(17429): [7381244094246348646,-9221530386296932260,-3994828486118418388,0]
04-26 18:30:06.812 I/dvm_gc_info(17429): [7381244094246375496,-9222374811227064228,-3994828486118418388,0]
04-26 18:30:06.842 I/dvm_gc_info(17429): [7381244094246400000,-9223219236157196174,-3986384236817098708,0]
04-26 18:30:06.932 I/dvm_gc_info(17429): [7381244094246393810,-9220123011413374880,-3993139636258154452,0]
04-26 18:30:07.633 I/dvm_gc_madvise_info( 1640): [1028096,385024]
04-26 18:30:11.937 I/dvm_gc_madvise_info(17429): [3485696,385024]
04-26 18:30:11.967 I/force_gc( 1670): bg
04-26 18:30:12.087 I/dvm_gc_info( 1670): [7146757855084270768,-9068413978986702793,-4007213385093687252,6815744]
04-26 18:30:16.972 I/force_gc( 2268): bg
04-26 18:30:17.092 I/dvm_gc_info( 2268): [3345437203618039339,-9037731419415758777,-4001865360536197076,6816951]
04-26 18:30:17.112 I/dvm_gc_madvise_info( 1670): [598016,385024]
04-26 18:30:21.557 I/am_anr  ( 1485): [17429,imcom.forensics:uploader,572998,Executing service imcom.forensics/.UploadManager]
04-26 18:30:21.997 I/dvm_gc_info( 1485): [8320808730291984111,-8909655287265085311,-3963584763703535572,8681529]
04-26 18:30:22.107 I/dvm_gc_madvise_info( 2268): [1081344,385024]
04-26 18:30:22.958 I/dvm_gc_info( 1485): [8320808730291840940,-8918662486519826299,-3962458863796692948,8681529]
04-26 18:30:23.098 I/am_proc_died( 1485): [17429,imcom.forensics:uploader]
04-26 18:30:23.108 I/am_schedule_service_restart( 1485): [imcom.forensics/.UploadManager,43248]
04-26 18:30:23.198 I/force_gc( 3151): bg
04-26 18:30:23.268 I/dvm_gc_info( 3151): [7885022777269564494,-9113731244061865927,-4006650435140265940,0]
04-26 18:30:26.712 I/am_proc_died( 1485): [17407,imcom.forensics]
04-26 18:30:26.762 I/am_proc_start( 1485): [17483,9999,com.htc.launcher,activity,com.htc.launcher/.Launcher]
04-26 18:30:26.792 I/dvm_gc_madvise_info(17483): [626688,385024]
04-26 18:30:26.802 I/am_proc_bound( 1485): [17483,com.htc.launcher]
04-26 18:30:26.832 I/am_restart_activity( 1485): [1083216368,3,com.htc.launcher/.Launcher]
04-26 18:30:28.043 I/dvm_gc_madvise_info( 1485): [4382720,385024]
04-26 18:30:28.073 I/dvm_gc_info(17483): [7809652345805067944,-8961734824854370251,-3986947186770520020,8558633]
04-26 18:30:28.113 I/am_on_resume_called(17483): com.htc.launcher.Launcher
04-26 18:30:28.123 I/am_on_resume_called(17483): com.htc.launcher.CarouselDummyActivity
04-26 18:30:28.183 I/binder_sample(17483): [android.view.IWindowSession,4,13,com.htc.launcher,2]
04-26 18:30:28.623 I/activity_launch_time( 1485): [1083216368,com.htc.launcher/.Launcher,1869,1869]
04-26 18:30:28.764 I/dvm_gc_madvise_info( 3151): [729088,385024]
04-26 18:30:29.704 I/dvm_gc_info(17483): [7809652345805162177,-8918950216077404103,-3986947186770520020,8558633]
04-26 18:30:29.855 I/dvm_gc_info(17483): [7809652345805128906,-9064754254013532104,-3986947186770520020,8603690]
04-26 18:30:29.925 I/dvm_gc_info(17483): [7809652345805112306,-9171996220140292040,-3986947186770520020,8718400]
04-26 18:30:30.145 I/dvm_gc_info(17483): [7809652345805112363,-9162426070932125640,-3986947186770520020,8833114]
04-26 18:30:30.275 I/dvm_gc_info(17483): [7809652345805104187,-9162426070932125640,-3986947186770520020,8964235]
04-26 18:30:30.395 I/dvm_gc_info(17483): [7809652345805104172,-9163833445815678919,-3986947186770520020,9181372]
04-26 18:30:30.535 I/db_sample( 1670): [/data/data/com.htc.provider.CustomizationSettings/databases/customization_settings.db,SELECT * FROM SettingTable WHERE (key="application_Launcher"),1,,1]
04-26 18:30:30.625 I/content_query_sample(17483): [content://customization_settings/SettingTable/application_Launcher,,,,107,,22]
04-26 18:30:30.986 I/dvm_gc_info(17483): [7809652345805252176,-8996355834672785349,-3986947186770520020,9382128]
04-26 18:30:31.596 I/dvm_gc_info(17483): [7809652345805235755,-9025347757273925569,-3986947186770520020,9521414]
04-26 18:30:31.756 I/am_proc_start( 1485): [17503,10008,android.process.media,content provider,com.android.providers.media/.MediaProvider]
04-26 18:30:31.787 I/dvm_gc_madvise_info(17503): [626688,385024]
04-26 18:30:31.817 I/am_proc_bound( 1485): [17503,android.process.media]
04-26 18:30:31.987 I/am_proc_start( 1485): [17512,10049,com.android.mms,broadcast,com.android.mms/.ui.MessagingShortcutReceiver]
04-26 18:30:32.007 I/dvm_gc_madvise_info(17512): [622592,385024]
04-26 18:30:32.087 I/am_proc_bound( 1485): [17512,com.android.mms]
04-26 18:30:32.227 I/dvm_gc_info(17503): [7882817126543983966,-9056874329759991763,-4010309609837504468,0]
04-26 18:30:32.938 I/binder_sample( 2268): [android.app.IActivityManager,16,24,com.htc.android.mail,4]
04-26 18:30:32.988 I/db_sample( 1601): [/data/data/com.android.providers.telephony/databases/mmssms.db,SELECT _id, message_count, recipient_ids, date, read, snippet, s,452,,91]
04-26 18:30:32.998 I/content_query_sample(17512): [content://mms-sms-v2/conversations?simple=true&formal=true&category=0,_id/message_count/recipient_ids/date/read/snippet/snippet_cs/error/unread_count/recipient_address/priority/type/transport_type/msg_box/locked/name/err_type,,,504,,100]
04-26 18:30:33.098 I/binder_sample(17512): [android.app.IActivityManager,69,10,com.android.mms,2]
04-26 18:30:33.238 I/dvm_gc_info(17512): [7218827569569809977,-9017749033035364303,-4008902234953951188,0]
04-26 18:30:33.588 I/content_query_sample( 2268): [content://com.htc.launcher.settings/favorites,_id/intent,intent like ?,,356,,72]
04-26 18:30:33.969 I/content_query_sample(17483): [content://media/internal/audio/media/41,_id/_data/title,,,462,,93]
04-26 18:30:33.989 I/dvm_gc_info(17512): [7218827569569990200,-9039140993826375629,-4008902234953951188,0]
04-26 18:30:34.689 I/dvm_gc_info(17483): [7809652345805338177,-9000296484346664896,-3986947186770520020,9664814]
04-26 18:30:35.280 I/dvm_gc_info(17483): [7809652345805243874,-9058280260829571007,-3986947186770520020,9840972]
04-26 18:30:35.390 I/content_query_sample(17512): [content://com.android.contacts/contacts/thumbnails_sequence/25,photo_id,,,176,,36]
04-26 18:30:35.410 I/am_proc_start( 1485): [17536,10047,com.htc.skinpicker,broadcast,com.htc.skinpicker/.SkinPickerReceiver]
04-26 18:30:35.470 I/dvm_gc_madvise_info(17536): [622592,385024]
04-26 18:30:35.510 I/am_proc_bound( 1485): [17536,com.htc.skinpicker]
04-26 18:30:35.770 I/am_proc_start( 1485): [17545,1000,com.android.settings,broadcast,com.android.settings/.framework.activity.powersaver.SleepModeTimeOrTimeZoneChangedReceiver]
04-26 18:30:35.810 I/dvm_gc_madvise_info(17545): [622592,385024]
04-26 18:30:35.850 I/am_proc_bound( 1485): [17545,com.android.settings]
04-26 18:30:36.001 I/am_proc_died( 1485): [17448,com.noshufou.android.su]
04-26 18:30:36.281 I/dvm_gc_info(17512): [7218827569570223668,-9054340505062660044,-4005806010210133972,6919805]
04-26 18:30:36.301 I/am_proc_died( 1485): [17503,android.process.media]
04-26 18:30:36.962 I/am_proc_died( 1485): [17536,com.htc.skinpicker]
04-26 18:30:37.072 I/dvm_gc_info(17512): [7218827569570051324,-9059125579666745292,-4005806010210133972,6919831]
04-26 18:30:37.182 I/content_query_sample(17483): [content://com.htc.launcher.settings/favorites?notify=false,,_id=?,,56,,12]
04-26 18:30:37.332 I/am_proc_died( 1485): [17545,com.android.settings]
04-26 18:30:37.482 I/db_sample(17483): [/data/data/com.htc.launcher/databases/launcher.db,UPDATE favorites SET icon=?, title=?, iconType=? WHERE _id=?,212,,43]
04-26 18:30:37.492 I/content_update_sample(17483): [content://com.htc.launcher.settings/favorites?notify=false,update,_id=?,257,,52]
04-26 18:30:37.492 I/content_query_sample(17483): [content://com.htc.launcher.settings/favorites?notify=false,,_id=?,,335,,68]
04-26 18:30:37.902 I/am_proc_died( 1485): [17512,com.android.mms]
04-26 18:30:37.953 I/db_sample( 1624): [/data/data/com.lbe.security/databases/lbe_trafficmon.db,BEGIN EXCLUSIVE;,73,com.lbe.security:service,15]
04-26 18:30:39.094 I/am_proc_died( 1485): [9516,com.android.htccontacts]
04-26 18:30:39.094 I/am_low_memory( 1485): 22
04-26 18:30:39.534 I/dvm_gc_info(17483): [7809652345805284991,-8957793487985420223,-3986947186770520020,9976195]
04-26 18:30:40.455 I/dvm_gc_info(17483): [7809652345805145653,-9022814207605598144,-3986947186770520020,10041726]
04-26 18:30:45.470 I/dvm_gc_madvise_info(17483): [434176,385024]
04-26 18:30:45.960 I/dvm_gc_info(17565): [7021235374273861023,-9060556324945877422,-4120107533720443310,0]
04-26 18:30:46.371 I/am_destroy_service( 1485): [1083648768,imcom.forensics/.UploadManager,-1]
04-26 18:30:46.471 I/am_create_task( 1485): 33
04-26 18:30:46.471 I/am_create_activity( 1485): [1083240392,33,imcom.forensics/.MainActivity,android.intent.action.MAIN,NULL,NULL,268435456]
04-26 18:30:46.481 I/am_pause_activity( 1485): [1083216368,com.htc.launcher/.Launcher]
04-26 18:30:46.511 I/dvm_gc_info(17575): [7021235374273873315,-9060274849969047975,-4118137208883349927,0]
04-26 18:30:46.601 I/am_on_paused_called(17483): com.htc.launcher.CarouselDummyActivity
04-26 18:30:46.611 I/am_on_paused_called(17483): com.htc.launcher.Launcher
04-26 18:30:46.621 I/am_proc_start( 1485): [17588,10077,imcom.forensics,activity,imcom.forensics/.MainActivity]
04-26 18:30:46.621 I/binder_sample(17483): [android.app.IActivityManager,19,6,com.htc.launcher,1]
04-26 18:30:46.641 I/dvm_gc_madvise_info(17588): [622592,385024]
04-26 18:30:46.651 I/am_proc_bound( 1485): [17588,imcom.forensics]
04-26 18:30:46.661 I/am_restart_activity( 1485): [1083240392,33,imcom.forensics/.MainActivity]
04-26 18:30:48.152 I/dvm_gc_info(17598): [7021235374273861017,-9061119274899302831,-4120389008697158063,0]
04-26 18:30:50.775 I/am_proc_start( 1485): [17607,10077,imcom.forensics:uploader,service,imcom.forensics/.UploadManager]
04-26 18:30:50.795 I/dvm_gc_madvise_info(17607): [618496,385024]
04-26 18:30:50.815 I/am_on_resume_called(17588): imcom.forensics.MainActivity
04-26 18:30:50.835 I/binder_sample(17588): [android.view.IWindowSession,1,7,imcom.forensics,1]
04-26 18:30:50.845 I/am_proc_bound( 1485): [17607,imcom.forensics:uploader]
04-26 18:30:50.845 I/am_create_service( 1485): [1090343576,imcom.forensics/.UploadManager,,17607]
04-26 18:30:51.316 I/activity_launch_time( 1485): [1083240392,imcom.forensics/.MainActivity,4702,4702]
04-26 18:30:51.616 I/am_proc_start( 1485): [17630,10075,com.noshufou.android.su,broadcast,com.noshufou.android.su/.SuResultReceiver]
04-26 18:30:51.636 I/dvm_gc_madvise_info(17630): [618496,385024]
04-26 18:30:51.646 I/am_proc_bound( 1485): [17630,com.noshufou.android.su]
04-26 18:30:51.766 I/am_create_service( 1485): [1088160600,com.noshufou.android.su/.service.ResultService,,17630]
04-26 18:30:51.786 I/dvm_gc_info(17618): [7021235374273877412,-9060274849969039782,-4117855733906631078,0]
04-26 18:30:52.327 I/content_query_sample(17630): [content://com.noshufou.android.su.provider/apps/uid/10077,_id/allow/notifications/logging,,,438,,88]
04-26 18:30:52.527 I/binder_sample(17630): [android.view.IWindowSession,4,24,com.noshufou.android.su,4]
04-26 18:30:52.527 I/am_destroy_service( 1485): [1088160600,com.noshufou.android.su/.service.ResultService,17630]
04-26 18:30:52.567 I/dvm_gc_info(17607): [7381244094246377033,-9048711349209860049,-4009465184907372500,0]
04-26 18:30:52.617 I/dvm_gc_info(17607): [7381244094246372952,-9070103172561962960,-4009183709930661844,0]
04-26 18:30:52.677 I/dvm_gc_info(17607): [7381244094246348386,-9067851372731500495,-4008902234953951188,0]
04-26 18:30:52.717 I/dvm_gc_info(17607): [7381244094246364747,-9065881047877748687,-4008902234953951188,0]
04-26 18:30:52.747 I/dvm_gc_info(17607): [7381244094246372905,-9177626613615101902,-4008620759977240532,0]
04-26 18:30:52.807 I/dvm_gc_info(17607): [7381244094246352492,-9067006810328860621,-4008620759977240532,0]
04-26 18:30:52.837 I/dvm_gc_info(17607): [7381244094246360637,-9065036485475108812,-4008057810023819220,0]
04-26 18:30:52.877 I/dvm_gc_info(17607): [7381244094246404096,-9223225147458258889,-4007213385093687252,0]
04-26 18:30:52.907 I/dvm_gc_info(17607): [7381244094246364727,-9065880635493779403,-4007776335047108564,0]
04-26 18:30:52.947 I/dvm_gc_info(17607): [7381244094246400000,-9223224803793766343,-4006650435140265940,0]
04-26 18:30:52.987 I/dvm_gc_info(17607): [7381244094246364754,-9060532267255007178,-4007494860070397908,0]
04-26 18:30:53.017 I/dvm_gc_info(17607): [7381244094246404096,-9223224253903734723,-4005524535233423316,0]
04-26 18:30:53.117 I/dvm_gc_info(17607): [7381244094246397550,-9059405817458124742,-4006650435140265940,0]
04-26 18:30:53.137 I/dvm_gc_info(17607): [7381244094246372572,-9092056914756569031,-4006650435140265940,0]
04-26 18:30:53.167 I/dvm_gc_info(17607): [7381244094246408192,-9223223497804941245,-4003835685373159380,0]
04-26 18:30:53.257 I/dvm_gc_info(17607): [7381244094246389407,-9052931136894994372,-4005806010210133972,0]
04-26 18:30:53.287 I/dvm_gc_info(17607): [7381244094246364577,-9064190135963420612,-4005806010210133972,0]
04-26 18:30:53.328 I/dvm_gc_info(17607): [7381244094246400000,-9223222398024878004,-4000457985652631508,0]
04-26 18:30:53.378 I/dvm_gc_info(17607): [7381244094246348465,-9148631529196554175,-4004398635326580692,0]
04-26 18:30:53.398 I/dvm_gc_info(17607): [7381244094246371664,-9221815023141324735,-4004398635326580692,0]
04-26 18:30:53.428 I/dvm_gc_info(17607): [7381244094246404096,-9223222398024878004,-4000457985652631508,0]
04-26 18:30:53.498 I/dvm_gc_info(17607): [7381244094246356836,-9054618886975195074,-4005243060256712660,0]
04-26 18:30:53.588 I/dvm_gc_info(17607): [7381244094246348380,-9059966911532697535,-4004398635326580692,0]
04-26 18:30:53.858 I/dvm_gc_info(17607): [7381244094246426181,-8924014497781446588,-4003554210396448724,0]
04-26 18:30:53.918 I/dvm_gc_info(17607): [7381244094246364813,-9049833812371113919,-4004398635326580692,0]
04-26 18:30:54.058 I/dvm_gc_info(17607): [7381244094246356554,-8923170072851302332,-4003554210396448724,0]
04-26 18:30:54.128 I/dvm_gc_info(17607): [7381244094246368848,-8974398518612658107,-4003272735419738068,0]
04-26 18:30:54.198 I/dvm_gc_info(17607): [7381244094246377019,-9222096498118035384,-4002146835512895444,0]
04-26 18:30:54.218 I/dvm_gc_info(17607): [7381244094246389402,-9219844698304350140,-4003554210396448724,0]
04-26 18:30:54.258 I/dvm_gc_info(17607): [7381244094246400000,-9223222398024878001,-3999332085745788884,0]
04-26 18:30:54.349 I/dvm_gc_info(17607): [7381244094246389123,-9016901240095950768,-3999332085745788884,0]
04-26 18:30:54.699 I/dvm_gc_info(17607): [7381244094246389437,-8904592724388394928,-3999050610769078228,0]
04-26 18:30:54.989 I/dvm_gc_info(17607): [7381244094246348470,-8905718624295258033,-3999332085745788884,0]
04-26 18:30:55.009 I/dvm_gc_info(17607): [7381244094246371432,-9222096498118035377,-3999332085745788884,0]
04-26 18:30:55.049 I/dvm_gc_info(17607): [7381244094246408192,-9223221229508560800,-3993139636258154452,0]
04-26 18:30:55.149 I/dvm_gc_info(17607): [7381244094246389444,-9027314645717919659,-3997080285932103636,0]
04-26 18:30:55.269 I/dvm_gc_info(17607): [7381244094246438476,-8922887429358290859,-3997361760908814292,0]
04-26 18:30:55.299 I/dvm_gc_info(17607): [7381244094246404096,-9223221229508560798,-3992013736351311828,0]
04-26 18:30:55.339 I/dvm_gc_info(17607): [7381244094246348551,-9222376804578428846,-3998206185838946260,0]
04-26 18:30:55.360 I/dvm_gc_info(17607): [7381244094246371400,-9222376804578428846,-3998206185838946260,0]
04-26 18:30:55.390 I/dvm_gc_info(17607): [7381244094246404096,-9223221229475006363,-3991169311421179860,0]
04-26 18:30:55.490 I/dvm_gc_info(17607): [7381244094246393678,-9027596120694630315,-3997361760908814292,0]
04-26 18:30:55.690 I/dvm_gc_info(17607): [7381244094246352532,-8916976454847367080,-3995954386025261012,0]
04-26 18:30:55.720 I/dvm_gc_info(17607): [7381244094246372917,-9222095329601718187,-3997361760908814292,0]
04-26 18:30:55.760 I/dvm_gc_info(17607): [7381244094246404096,-9223219167420942222,-3986384236817098708,0]
04-26 18:30:55.800 I/dvm_gc_info(17607): [7381244094246352742,-9221530317560678309,-3994828486118418388,0]
04-26 18:30:55.820 I/dvm_gc_info(17607): [7381244094246367304,-9222374742490810277,-3994828486118418388,0]
04-26 18:30:55.850 I/dvm_gc_info(17607): [7381244094246404096,-9223219167420942222,-3986384236817098708,0]
04-26 18:30:55.950 I/dvm_gc_info(17607): [7381244094246393813,-9129488000176281504,-3992858161281443796,0]
04-26 18:30:56.761 I/dvm_gc_info(17483): [7809652345805198836,-9041391418545657792,-3909541568175089620,9808186]
04-26 18:31:00.965 I/dvm_gc_madvise_info(17607): [3579904,385024]
04-26 18:31:01.796 I/dvm_gc_madvise_info(17483): [434176,385024]
04-26 18:31:05.109 I/sqlite_mem_released( 1624): 208800
04-26 18:31:05.109 I/force_gc( 1624): mem
04-26 18:31:05.179 I/dvm_gc_info( 1624): [8315161643084727866,-8983971004853286858,-4007494860070397908,0]
04-26 18:31:08.002 I/db_sample( 1624): [/data/data/com.lbe.security/databases/lbe_trafficmon.db,COMMIT;BEGIN EXCLUSIVE;,0,com.lbe.security:service,1]
04-26 18:31:10.194 I/dvm_gc_madvise_info( 1624): [8151040,385024]
04-26 18:31:10.895 I/am_anr  ( 1485): [17607,imcom.forensics:uploader,572998,Executing service imcom.forensics/.UploadManager]
04-26 18:31:11.405 I/dvm_gc_info( 1485): [8320808730292217849,-8891359138833872765,-3960207063983007700,8681539]
04-26 18:31:12.166 I/am_proc_died( 1485): [17607,imcom.forensics:uploader]
04-26 18:31:12.166 I/am_schedule_service_restart( 1485): [imcom.forensics/.UploadManager,42640]
04-26 18:31:14.178 I/dvm_gc_info(17212): [7020659311768585833,-9033229263250122694,-4006368960163555284,0]
04-26 18:31:15.669 I/sqlite_mem_released( 1698): 0
04-26 18:31:15.669 I/force_gc( 1698): mem
04-26 18:31:15.729 I/dvm_gc_info( 1698): [8101825532251059314,-9106976119565920204,-4007776335047108564,6899011]
04-26 18:31:16.450 I/dvm_gc_madvise_info( 1485): [3571712,385024]
04-26 18:31:19.203 I/dvm_gc_madvise_info(17212): [626688,385024]
04-26 18:31:20.744 I/dvm_gc_madvise_info( 1698): [1605632,385024]
04-26 18:31:23.917 I/sqlite_mem_released( 1640): 0
04-26 18:31:23.917 I/force_gc( 1640): mem
04-26 18:31:23.987 I/dvm_gc_info( 1640): [8315178139903063613,-9009023171351967698,-4009746659884083156,0]
04-26 18:31:28.932 I/sqlite_mem_released( 1595): 0
04-26 18:31:28.932 I/force_gc( 1595): mem
04-26 18:31:28.992 I/dvm_gc_madvise_info( 1640): [1003520,385024]
04-26 18:31:29.012 I/dvm_gc_info( 1595): [7597133271180547284,-9061658717018212298,-4005524535233423316,6907496]
04-26 18:31:34.017 I/dvm_gc_madvise_info( 1595): [638976,385024]
04-26 18:31:37.160 I/dvm_gc_info(17212): [7020659311768761944,-9052932511619868614,-4006368960163555284,0]
04-26 18:31:38.922 I/force_gc( 1570): mem
04-26 18:31:39.012 I/dvm_gc_info( 1570): [8320808730291963559,-8918668672783865799,-3988917511607494612,8615986]
04-26 18:31:42.175 I/dvm_gc_madvise_info(17212): [593920,385024]
04-26 18:31:44.047 I/dvm_gc_madvise_info( 1570): [1196032,385024]
04-26 18:31:47.130 I/am_proc_died( 1485): [17588,imcom.forensics]
04-26 18:31:47.160 I/am_resume_activity( 1485): [1083216368,3,com.htc.launcher/.Launcher]
04-26 18:31:47.170 I/am_on_resume_called(17483): com.htc.launcher.CarouselDummyActivity
04-26 18:31:47.210 I/am_on_resume_called(17483): com.htc.launcher.Launcher
04-26 18:31:50.123 I/dvm_gc_info(17690): [7021235374273861023,-9060556324945877422,-4120107533720443310,0]
04-26 18:31:50.503 I/am_destroy_service( 1485): [1090343576,imcom.forensics/.UploadManager,-1]
04-26 18:31:50.513 I/am_create_task( 1485): 34
04-26 18:31:50.513 I/am_create_activity( 1485): [1079243792,34,imcom.forensics/.MainActivity,android.intent.action.MAIN,NULL,NULL,268435456]
04-26 18:31:50.523 I/am_pause_activity( 1485): [1083216368,com.htc.launcher/.Launcher]
04-26 18:31:50.553 I/binder_sample(17700): [android.app.IActivityManager,3,49,app_process,9]
04-26 18:31:50.583 I/am_on_paused_called(17483): com.htc.launcher.CarouselDummyActivity
04-26 18:31:50.583 I/dvm_gc_info(17700): [7021235374273861027,-9060274849969047975,-4118137208883349927,0]
04-26 18:31:50.593 I/am_on_paused_called(17483): com.htc.launcher.Launcher
04-26 18:31:50.613 I/am_proc_start( 1485): [17709,10077,imcom.forensics,activity,imcom.forensics/.MainActivity]
04-26 18:31:50.653 I/dvm_gc_madvise_info(17709): [618496,385024]
04-26 18:31:50.673 I/am_proc_bound( 1485): [17709,imcom.forensics]
