04-26 18:05:23.425 I/am_proc_died( 1485): [8095,com.htc.cs]
04-26 18:05:23.716 I/am_create_service( 1485): [1085495176,com.htc.AddProgramWidget/.HtcWidgetScannerService,act=android.intent.action.PACKAGE_REMOVED dat=package:imcom.forensics,8115]
04-26 18:05:23.866 I/am_destroy_service( 1485): [1085495176,com.htc.AddProgramWidget/.HtcWidgetScannerService,8115]
04-26 18:05:24.026 I/am_proc_start( 1485): [8126,10075,com.noshufou.android.su,broadcast,com.noshufou.android.su/.UninstallReceiver]
04-26 18:05:24.056 I/am_create_task( 1485): 27
04-26 18:05:24.056 I/am_create_activity( 1485): [1081648272,27,imcom.forensics/.MainActivity,android.intent.action.MAIN,NULL,NULL,268435456]
04-26 18:05:24.066 I/am_pause_activity( 1485): [1083216368,com.htc.launcher/.Launcher]
04-26 18:05:24.096 I/am_proc_bound( 1485): [8126,com.noshufou.android.su]
04-26 18:05:24.116 I/dvm_gc_info( 8084): [7021235374273865123,-9060274849969047975,-4118137208883349927,0]
04-26 18:05:24.266 I/am_on_paused_called( 7926): com.htc.launcher.CarouselDummyActivity
04-26 18:05:24.316 I/am_on_paused_called( 7926): com.htc.launcher.Launcher
04-26 18:05:24.346 I/am_proc_start( 1485): [8135,10077,imcom.forensics,activity,imcom.forensics/.MainActivity]
04-26 18:05:24.386 I/am_proc_bound( 1485): [8135,imcom.forensics]
04-26 18:05:24.416 I/am_restart_activity( 1485): [1081648272,27,imcom.forensics/.MainActivity]
04-26 18:05:24.617 I/am_proc_start( 1485): [8145,10013,com.baidu.BaiduMap:pushservice_v1,broadcast,com.baidu.BaiduMap/com.baidu.android.pushservice.RegistratonReceiver]
04-26 18:05:24.707 I/am_proc_bound( 1485): [8145,com.baidu.BaiduMap:pushservice_v1]
04-26 18:05:24.977 I/dvm_gc_info( 8145): [4783220159424853489,-9047584830626293710,-4008620347559716820,0]
04-26 18:05:25.688 I/dvm_gc_madvise_info( 1570): [1290240,385024]
04-26 18:05:25.748 I/dvm_gc_madvise_info( 7926): [483328,385024]
04-26 18:05:26.098 I/dvm_gc_madvise_info( 1485): [4567040,385024]
04-26 18:05:26.118 I/am_create_service( 1485): [1085250344,com.baidu.BaiduMap/com.baidu.android.pushservice.PushService,act=android.intent.action.PACKAGE_REMOVED dat=package:imcom.forensics,8145]
04-26 18:05:26.208 I/am_proc_start( 1485): [8157,10067,com.baidu.appsearch,broadcast,com.baidu.appsearch/.youhua.common.PackageChangeReceiver]
04-26 18:05:26.258 I/am_destroy_service( 1485): [1085250344,com.baidu.BaiduMap/com.baidu.android.pushservice.PushService,8145]
04-26 18:05:26.288 I/am_proc_bound( 1485): [8157,com.baidu.appsearch]
04-26 18:05:26.398 I/am_proc_died( 1485): [8145,com.baidu.BaiduMap:pushservice_v1]
04-26 18:05:26.548 I/dvm_gc_info( 8144): [7021235374273861012,-9061400749876021680,-4120670483673876912,0]
04-26 18:05:26.989 I/am_create_service( 1485): [1090716264,com.baidu.appsearch/.youhua.common.CommonIntentService,act=com.baidu.appsearch.youhua.action.PKG_CHANGE,8157]
04-26 18:05:27.079 I/dvm_gc_madvise_info( 2343): [462848,385024]
04-26 18:05:27.139 I/dvm_gc_info( 8157): [7021235459988870700,-9036607306551375823,-4008901822536427476,0]
04-26 18:05:27.249 I/am_destroy_service( 1485): [1090716264,com.baidu.appsearch/.youhua.common.CommonIntentService,8157]
04-26 18:05:27.870 I/dvm_gc_info( 6400): [7020659311770322517,-9054339955239675846,-4006368960163555284,0]
04-26 18:05:28.020 I/dvm_gc_madvise_info( 1624): [8085504,385024]
04-26 18:05:28.040 I/dvm_gc_madvise_info( 8135): [598016,385024]
04-26 18:05:28.060 I/dvm_gc_madvise_info( 8107): [573440,385024]
04-26 18:05:28.100 I/dvm_gc_info( 8157): [7021235459988817468,-9022251670338291658,-4007494447652874196,0]
04-26 18:05:28.260 I/dvm_gc_info( 8157): [7021235459988715207,-8954134382376994765,-4008338872583006164,0]
04-26 18:05:28.350 I/dvm_gc_madvise_info( 8126): [417792,385024]
04-26 18:05:28.350 I/dvm_gc_madvise_info( 8115): [536576,385024]
04-26 18:05:28.360 I/dvm_gc_madvise_info( 1603): [581632,385024]
04-26 18:05:29.141 I/am_proc_died( 1485): [8107,com.htc.opensense]
04-26 18:05:29.171 I/am_proc_died( 1485): [8115,com.htc.RosieUtility]
04-26 18:05:29.201 I/am_proc_start( 1485): [8177,10066,com.htcmarket,broadcast,com.htcmarket/.receiver.PackageReceiver]
04-26 18:05:29.241 I/dvm_gc_madvise_info( 8177): [622592,385024]
04-26 18:05:29.321 I/am_proc_bound( 1485): [8177,com.htcmarket]
04-26 18:05:29.661 I/am_proc_start( 1485): [8185,10077,imcom.forensics:uploader,service,imcom.forensics/.UploadManager]
04-26 18:05:29.722 I/dvm_gc_madvise_info( 8185): [622592,385024]
04-26 18:05:29.722 I/am_on_resume_called( 8135): imcom.forensics.MainActivity
04-26 18:05:29.752 I/am_proc_bound( 1485): [8185,imcom.forensics:uploader]
04-26 18:05:29.762 I/am_create_service( 1485): [1084643272,imcom.forensics/.UploadManager,,8185]
04-26 18:05:29.762 I/binder_sample( 8135): [android.view.IWindowSession,1,5,imcom.forensics,1]
04-26 18:05:30.032 I/content_update_sample( 8177): [content://com.htcmarket/downloads,update,package_name = ? AND  state = ?,182,com.htcmarket,37]
04-26 18:05:30.052 I/notification_cancel( 1485): [com.htcmarket,1119655079,0]
04-26 18:05:30.102 I/am_proc_died( 1485): [7926,com.htc.launcher]
04-26 18:05:30.442 I/am_proc_start( 1485): [8202,10002,com.htc.cs,broadcast,com.htc.cs/.plugin.PluginRegisterReceiver]
04-26 18:05:30.482 I/dvm_gc_madvise_info( 8202): [618496,385024]
04-26 18:05:30.522 I/am_proc_bound( 1485): [8202,com.htc.cs]
04-26 18:05:30.733 I/am_proc_start( 1485): [8209,10002,com.htc.opensense,broadcast,com.htc.opensense/.pluginmanager.RegisterReceiver]
04-26 18:05:30.753 I/dvm_gc_madvise_info( 8209): [618496,385024]
04-26 18:05:30.773 I/am_proc_bound( 1485): [8209,com.htc.opensense]
04-26 18:05:30.783 I/activity_launch_time( 1485): [1081648272,imcom.forensics/.MainActivity,6442,6442]
04-26 18:05:30.853 I/am_create_service( 1485): [1086660248,com.htc.opensense/.pluginmanager.RegisterService,act=android.intent.action.PACKAGE_ADDED dat=package:imcom.forensics,8209]
04-26 18:05:30.893 I/am_proc_start( 1485): [8218,10021,com.htc.RosieUtility,broadcast,com.htc.AddProgramWidget/.HtcWidgetScanner]
04-26 18:05:30.943 I/dvm_gc_madvise_info( 8218): [618496,385024]
04-26 18:05:30.983 I/am_proc_bound( 1485): [8218,com.htc.RosieUtility]
04-26 18:05:31.013 I/dvm_gc_info( 1368): [8825198673194800179,-9128649898897647572,-4010309197419980756,0]
04-26 18:05:31.083 I/dvm_gc_info( 1368): [8825198673194692664,-9222662541119006676,-4010309197419980756,0]
04-26 18:05:31.123 I/am_destroy_service( 1485): [1086660248,com.htc.opensense/.pluginmanager.RegisterService,8209]
04-26 18:05:31.163 I/dvm_gc_info( 1368): [8825198673194643504,-9222662541119006676,-4010309197419980756,0]
04-26 18:05:31.163 I/binder_sample( 8209): [android.app.IActivityManager,61,10,com.htc.opensense,2]
04-26 18:05:31.203 I/am_create_service( 1485): [1083537152,com.htc.AddProgramWidget/.HtcWidgetScannerService,act=android.intent.action.PACKAGE_ADDED dat=package:imcom.forensics,8218]
04-26 18:05:31.223 I/am_proc_start( 1485): [8232,10036,com.immomo.momo,broadcast,com.immomo.momo/.android.broadcast.PacketInstallReceiver]
04-26 18:05:31.243 I/am_proc_bound( 1485): [8232,com.immomo.momo]
04-26 18:05:31.343 I/am_destroy_service( 1485): [1083537152,com.htc.AddProgramWidget/.HtcWidgetScannerService,8218]
04-26 18:05:31.453 I/db_sample( 1603): [:memory:,INSERT INTO applications ('_id', 'name', 'description', 'package,267,,54]
04-26 18:05:31.593 I/dvm_gc_info( 8232): [3345452614010725920,-9047866305619802062,-4008620347559716820,0]
04-26 18:05:32.234 I/dvm_gc_info( 8232): [3345452614010811532,-9102472451101665230,-4008620347559716820,0]
04-26 18:05:32.775 I/binder_sample( 8126): [android.app.IActivityManager,16,5,com.noshufou.android.su,1]
04-26 18:05:32.785 I/am_create_service( 1485): [1083838192,com.baidu.appsearch/.youhua.common.CommonIntentService,act=com.baidu.appsearch.youhua.action.PKG_CHANGE,8157]
04-26 18:05:32.815 I/am_destroy_service( 1485): [1083838192,com.baidu.appsearch/.youhua.common.CommonIntentService,8157]
04-26 18:05:32.945 I/notification_enqueue( 1485): [com.lenovo.safe.powercenter,2004,Notification(vibrate=null,sound=null,button=null,defaults=0x0,flags=0x22)]
04-26 18:05:32.945 I/am_create_service( 1485): [1085094600,com.htc.opensense/.pluginmanager.RegisterService,act=android.intent.action.PACKAGE_REPLACED dat=package:imcom.forensics,8209]
04-26 18:05:32.975 I/notification_cancel( 1485): [com.lenovo.safe.powercenter,2001,0]
04-26 18:05:32.975 I/dvm_gc_madvise_info( 6400): [593920,385024]
04-26 18:05:32.995 I/am_create_service( 1485): [1085175664,com.baidu.appsearch/.youhua.common.CommonIntentService,act=com.baidu.appsearch.youhua.action.PKG_CHANGE,8157]
04-26 18:05:33.005 I/am_create_service( 1485): [1085133632,com.noshufou.android.su/.service.ResultService,,8126]
04-26 18:05:33.045 I/dvm_gc_info( 8201): [7021235374273865124,-9060274849969039782,-4117855733906631078,0]
04-26 18:05:33.055 I/am_destroy_service( 1485): [1085094600,com.htc.opensense/.pluginmanager.RegisterService,8209]
04-26 18:05:33.165 I/am_destroy_service( 1485): [1085175664,com.baidu.appsearch/.youhua.common.CommonIntentService,8157]
04-26 18:05:33.295 I/dvm_gc_info( 8185): [7381244094246381125,-9055185342427236306,-4009746659884083156,0]
04-26 18:05:33.325 I/dvm_gc_info( 8185): [7381244094246364739,-9065318235396835280,-4009465184907372500,0]
04-26 18:05:33.365 I/dvm_gc_info( 8185): [7381244094246368814,-9215907347953813457,-4009465184907372500,0]
04-26 18:05:33.545 I/dvm_gc_info( 8185): [7381244094246352457,-8923454847117887439,-4008902234953951188,0]
04-26 18:05:33.565 I/dvm_gc_info( 8185): [7381244094246375536,-9222099797407893455,-4008902234953951188,0]
04-26 18:05:33.575 I/dvm_gc_info( 8157): [7021235459988723301,-9002266603394516941,-4008620347559716820,0]
04-26 18:05:33.595 I/dvm_gc_info( 8185): [7381244094246404096,-9223225422369720268,-4008057810023819220,0]
04-26 18:05:33.705 I/dvm_gc_info( 8185): [7381244094246360732,-9024785357630269389,-4008339285000529876,0]
04-26 18:05:33.745 I/content_query_sample( 8126): [content://com.noshufou.android.su.provider/apps/uid/10077,_id/allow/notifications/logging,,,596,,100]
04-26 18:05:33.936 I/am_destroy_service( 1485): [1085133632,com.noshufou.android.su/.service.ResultService,8126]
04-26 18:05:34.897 I/notification_enqueue( 1485): [com.lbe.security,6,Notification(vibrate=null,sound=null,button=null,defaults=0x0,flags=0x10)]
04-26 18:05:37.239 I/dvm_gc_madvise_info( 8232): [393216,385024]
04-26 18:05:38.100 I/sqlite_mem_released( 1670): 62640
04-26 18:05:38.100 I/force_gc( 1670): mem
04-26 18:05:38.180 I/dvm_gc_info( 1670): [7146757855084078625,-9038296156461869001,-4007213385093687252,6815744]
04-26 18:05:38.510 I/dvm_gc_madvise_info( 8157): [954368,385024]
04-26 18:05:38.720 I/dvm_gc_madvise_info( 8185): [786432,385024]
04-26 18:05:43.205 I/dvm_gc_madvise_info( 1670): [606208,385024]
04-26 18:05:47.159 I/dvm_gc_info( 6400): [7020659311768593988,-9038295812797355972,-4005806010210133972,0]
04-26 18:05:49.861 I/am_anr  ( 1485): [8185,imcom.forensics:uploader,572998,Executing service imcom.forensics/.UploadManager]
04-26 18:05:49.971 I/notification_cancel( 1485): [com.lbe.security,6,0]
04-26 18:05:50.402 I/dvm_gc_info( 1485): [8320808730292135781,-8899240644390532989,-3961332963889850324,8681535]
04-26 18:05:51.333 I/am_proc_died( 1485): [8185,imcom.forensics:uploader]
04-26 18:05:51.333 I/am_schedule_service_restart( 1485): [imcom.forensics/.UploadManager,43132]
04-26 18:05:52.183 I/dvm_gc_madvise_info( 6400): [618496,385024]
04-26 18:05:55.447 I/dvm_gc_madvise_info( 1485): [3829760,385024]
04-26 18:05:56.388 I/sqlite_mem_released( 2268): 174000
04-26 18:05:56.388 I/force_gc( 2268): mem
04-26 18:05:56.478 I/dvm_gc_info( 2268): [3345437203617932942,-8935274527893079993,-4001865360536197076,6817113]
04-26 18:05:57.239 I/notification_cancel( 1485): [com.lenovo.safe.powercenter,2001,0]
04-26 18:05:57.239 I/dvm_gc_madvise_info( 8276): [626688,385024]
04-26 18:05:57.269 I/am_proc_bound( 1485): [8276,android.process.media]
04-26 18:05:57.589 I/dvm_gc_info( 8276): [7882817126543820117,-9058000229666834387,-4010309609837504468,0]
04-26 18:05:57.739 I/am_create_service( 1485): [1084568184,com.android.providers.drm/.DrmIntentService,act=SYNC_CLOCK,8276]
04-26 18:05:57.779 I/am_proc_start( 1485): [8288,1000,com.htc.android.worldclock,broadcast,com.htc.android.worldclock/.AlarmInitReceiver]
04-26 18:05:57.799 I/dvm_gc_madvise_info( 8288): [626688,385024]
04-26 18:05:57.809 I/am_proc_bound( 1485): [8288,com.htc.android.worldclock]
04-26 18:05:58.129 I/am_proc_start( 1485): [8296,1000,com.android.settings,broadcast,com.android.settings/.framework.activity.powersaver.SleepModeTimeOrTimeZoneChangedReceiver]
04-26 18:05:58.129 I/am_create_service( 1485): [1083437608,com.htc.android.worldclock/.AlarmInitService,,8288]
04-26 18:05:58.139 I/am_destroy_service( 1485): [1084568184,com.android.providers.drm/.DrmIntentService,8276]
04-26 18:05:58.159 I/dvm_gc_madvise_info( 8296): [626688,385024]
04-26 18:05:58.169 I/am_proc_bound( 1485): [8296,com.android.settings]
04-26 18:05:58.499 I/am_destroy_service( 1485): [1083437608,com.htc.android.worldclock/.AlarmInitService,8288]
04-26 18:05:58.790 I/am_create_service( 1485): [1085078336,com.android.providers.drm/.DrmIntentService,act=SYNC_CLOCK,8276]
04-26 18:05:58.860 I/am_proc_start( 1485): [8276,10008,android.process.media,broadcast,com.android.providers.drm/.DrmScannerReceiver]
04-26 18:05:58.980 I/am_create_service( 1485): [1084710392,com.htc.android.worldclock/.AlarmInitService,,8288]
04-26 18:05:59.010 I/content_update_sample( 8276): [content://drm/stamp/1,update,,163,,33]
04-26 18:05:59.130 I/binder_sample( 8296): [android.app.IActivityManager,16,88,com.android.settings,17]
04-26 18:05:59.190 I/binder_sample( 1670): [android.app.IActivityManager,61,17,com.htc.bgp,3]
04-26 18:05:59.250 I/am_destroy_service( 1485): [1084710392,com.htc.android.worldclock/.AlarmInitService,8288]
04-26 18:05:59.280 I/am_destroy_service( 1485): [1085078336,com.android.providers.drm/.DrmIntentService,8276]
04-26 18:05:59.340 I/dvm_gc_info( 8288): [8606223222788126309,-9017749101805217746,-4009746659884083156,0]
04-26 18:05:59.810 I/dvm_gc_madvise_info( 2268): [1069056,385024]
04-26 18:06:00.141 I/am_proc_died( 1485): [8232,com.immomo.momo]
04-26 18:06:02.613 I/dvm_gc_madvise_info( 8276): [409600,385024]
04-26 18:06:04.355 I/dvm_gc_madvise_info( 8288): [532480,385024]
04-26 18:06:05.086 I/am_proc_died( 1485): [8218,com.htc.RosieUtility]
04-26 18:06:07.298 I/am_proc_start( 1485): [8325,10073,com.tencent.mobileqq,broadcast,com.tencent.mobileqq/mqq.app.QQBroadcastReceiver]
04-26 18:06:07.318 I/dvm_gc_madvise_info( 8325): [622592,385024]
04-26 18:06:07.338 I/am_proc_bound( 1485): [8325,com.tencent.mobileqq]
04-26 18:06:07.498 I/dvm_gc_info( 8325): [7885629677472122402,-9044207543390406606,-4008620759977240532,0]
04-26 18:06:07.928 I/dvm_gc_info( 8325): [7885629677472118325,-9027600313522100170,-4007494860070397908,0]
04-26 18:06:08.259 I/db_sample( 8325): [/data/data/com.tencent.mobileqq/databases/245593980.db,select m.*,(select count() from mr_friend_3F1099F4B54A048C13A937,10,com.tencent.mobileqq,3]
04-26 18:06:08.439 I/dvm_gc_info( 8325): [7885629677472118338,-9017466870712727494,-4006368960163555284,0]
04-26 18:06:08.479 I/dvm_gc_info( 8325): [7885629677472204077,-9049836493034477511,-4006368960163555284,0]
04-26 18:06:09.130 I/binder_sample( 8325): [android.app.IActivityManager,16,10,com.tencent.mobileqq,2]
04-26 18:06:09.250 I/dvm_gc_info( 8325): [7885629677472126566,-8983689667315431364,-4005806010210133972,6825009]
04-26 18:06:09.490 I/db_sample( 8325): [/data/data/com.tencent.mobileqq/databases/245593980.db,INSERT OR REPLACE  INTO TroopMemberInfo(sex, status, age, troopu,147,,30]
04-26 18:06:09.670 I/dvm_gc_info( 8325): [7885629677472167543,-8954979082235193283,-4005243060256712660,6825165]
04-26 18:06:09.740 I/notification_cancel( 1485): [com.tencent.mobileqq,2130838137,0]
04-26 18:06:09.740 I/notification_enqueue( 1485): [com.tencent.mobileqq,2130837973,Notification(vibrate=null,sound=null,button=null,defaults=0x0,flags=0x21)]
04-26 18:06:10.641 I/db_sample( 8325): [/data/data/com.tencent.mobileqq/databases/245593980.db,INSERT OR REPLACE  INTO RecentUser(uin, type, lastmsgtime) VALUE,95,,20]
04-26 18:06:10.791 I/notification_cancel( 1485): [com.tencent.mobileqq,2130838137,0]
04-26 18:06:10.791 I/notification_enqueue( 1485): [com.tencent.mobileqq,2130837973,Notification(vibrate=null,sound=null,button=null,defaults=0x0,flags=0x21)]
04-26 18:06:10.981 I/dvm_gc_info( 8325): [7885629677472560728,-8966519487527286721,-4004961585280002004,6825165]
04-26 18:06:11.222 I/am_proc_died( 1485): [8177,com.htcmarket]
04-26 18:06:11.242 I/dvm_gc_info( 1485): [8320808730291759140,-8906558168949970819,-3964147713656956884,8681531]
04-26 18:06:11.472 I/am_proc_died( 1485): [8202,com.htc.cs]
04-26 18:06:11.532 I/notification_cancel( 1485): [com.tencent.mobileqq,2130838137,0]
04-26 18:06:11.532 I/notification_enqueue( 1485): [com.tencent.mobileqq,2130837973,Notification(vibrate=null,sound=null,button=null,defaults=0x0,flags=0x21)]
04-26 18:06:12.052 I/notification_cancel( 1485): [com.tencent.mobileqq,2130838137,0]
04-26 18:06:12.052 I/notification_enqueue( 1485): [com.tencent.mobileqq,2130837973,Notification(vibrate=null,sound=null,button=null,defaults=0x0,flags=0x21)]
04-26 18:06:12.162 I/dvm_gc_info( 8325): [7885629677472192112,-8947660526615132096,-4004398635326580692,6825165]
04-26 18:06:13.013 I/dvm_gc_info( 5797): [7885629677472138848,-8978060236534310856,-4006931910116976596,0]
04-26 18:06:13.544 I/dvm_gc_info( 8325): [7885629677472171648,-8924579441085913024,-4004398635326580692,6825165]
04-26 18:06:14.275 I/dvm_gc_info( 8325): [7885629677472126533,-8970178387262625725,-4003554210396448724,6825165]
04-26 18:06:15.075 I/dvm_gc_info( 8325): [7885629677472159307,-8958637775711344570,-4002428310489606100,6825165]
04-26 18:06:15.666 I/dvm_gc_info( 8325): [7885629677472126562,-8965955781458036663,-4001302410582763476,6825165]
04-26 18:06:16.276 I/dvm_gc_madvise_info( 1485): [4591616,385024]
04-26 18:06:16.487 I/db_sample( 8325): [/data/data/com.tencent.mobileqq/databases/245593980.db,select * from ( select * from mr_friend_A02058521DDCFC78E60A126E,21,,5]
04-26 18:06:16.817 I/dvm_gc_info( 8325): [7885629677472138832,-8942593220868122548,-4000176510675920852,6825165]
04-26 18:06:16.937 I/db_sample( 8325): [/data/data/com.tencent.mobileqq/databases/245593980.db,UPDATE mr_troop_34A0502931B3F1D5E53BF024B3DDB3C0 SET msg=? WHERE,3,,1]
04-26 18:06:18.028 I/dvm_gc_madvise_info( 5797): [499712,385024]
04-26 18:06:18.639 I/dvm_gc_info( 8325): [7885629677472188053,-8922889628884191154,-3999613560722499540,6825165]
04-26 18:06:18.659 I/dvm_gc_info( 5797): [7885629677472118380,-8970741887139829704,-4006931910116976596,0]
04-26 18:06:19.970 I/dvm_gc_info( 1624): [8315161643084596861,-9001422384673093578,-4007494860070397908,0]
04-26 18:06:23.694 I/dvm_gc_madvise_info( 8325): [487424,385024]
04-26 18:06:23.694 I/dvm_gc_madvise_info( 5797): [442368,385024]
04-26 18:06:24.985 I/dvm_gc_madvise_info( 1624): [8151040,385024]
04-26 18:06:28.068 I/am_proc_died( 1485): [8135,imcom.forensics]
04-26 18:06:28.138 I/am_proc_start( 1485): [8388,9999,com.htc.launcher,activity,com.htc.launcher/.Launcher]
04-26 18:06:28.168 I/dvm_gc_madvise_info( 8388): [622592,385024]
04-26 18:06:28.188 I/am_proc_bound( 1485): [8388,com.htc.launcher]
04-26 18:06:28.208 I/am_restart_activity( 1485): [1083216368,3,com.htc.launcher/.Launcher]
04-26 18:06:29.589 I/content_query_sample( 8388): [content://com.htc.launcher.settings/widget_workspaces?notify=true,,,created desc ,227,,46]
04-26 18:06:29.650 I/am_on_resume_called( 8388): com.htc.launcher.Launcher
04-26 18:06:29.660 I/dvm_gc_info( 8388): [7809652345805096628,-8953571913493448651,-3993702586211575764,8558633]
04-26 18:06:29.680 I/am_on_resume_called( 8388): com.htc.launcher.CarouselDummyActivity
04-26 18:06:29.690 I/binder_sample( 8388): [,1,5,com.htc.launcher,1]
04-26 18:06:30.210 I/activity_launch_time( 1485): [1083216368,com.htc.launcher/.Launcher,2076,2076]
04-26 18:06:31.021 I/dvm_gc_info( 8325): [7885629677472233110,-8924859747512395698,-3999332085745788884,6825165]
04-26 18:06:31.521 I/dvm_gc_info( 8388): [7809652345805514427,-8919231759672936392,-3986947186770520020,8558631]
04-26 18:06:31.611 I/dvm_gc_info( 8388): [7809652345805091883,-9157078114993440712,-3986947186770520020,8706110]
04-26 18:06:31.932 I/dvm_gc_info( 8388): [7809652345805145300,-9064754322632345544,-3986947186770520020,8816728]
04-26 18:06:32.152 I/dvm_gc_info( 8388): [7809652345805095979,-9162707614527653832,-3986947186770520020,8956041]
04-26 18:06:32.302 I/dvm_gc_info( 8388): [7809652345805366073,-9196484611732932552,-3986947186770520020,9087138]
04-26 18:06:32.492 I/dvm_gc_info( 8388): [7809652345805186093,-9181847912943974344,-3986947186770520020,9275603]
04-26 18:06:32.773 I/am_proc_start( 1485): [8407,10077,imcom.forensics:uploader,service,imcom.forensics/.UploadManager]
04-26 18:06:32.783 I/dvm_gc_madvise_info( 8407): [622592,385024]
04-26 18:06:32.843 I/am_proc_bound( 1485): [8407,imcom.forensics:uploader]
04-26 18:06:32.863 I/am_create_service( 1485): [1084643272,imcom.forensics/.UploadManager,,8407]
04-26 18:06:33.073 I/am_proc_died( 1485): [8209,com.htc.opensense]
04-26 18:06:33.333 I/am_proc_died( 1485): [8157,com.baidu.appsearch]
04-26 18:06:34.264 I/am_proc_died( 1485): [8126,com.noshufou.android.su]
04-26 18:06:34.574 I/content_query_sample( 8388): [content://media/internal/audio/media/6,_id/_data/title,,,241,,49]
04-26 18:06:34.905 I/am_proc_died( 1485): [8296,com.android.settings]
04-26 18:06:35.175 I/am_proc_died( 1485): [8288,com.htc.android.worldclock]
04-26 18:06:35.355 I/dvm_gc_info( 8388): [7809652345805059695,-8958075237840099266,-3923896791987333076,9476361]
04-26 18:06:35.425 I/am_proc_start( 1485): [8431,10075,com.noshufou.android.su,broadcast,com.noshufou.android.su/.SuResultReceiver]
04-26 18:06:35.445 I/dvm_gc_madvise_info( 8431): [618496,385024]
04-26 18:06:35.465 I/dvm_gc_info( 8388): [7809652345805284070,-9200988142741395394,-3923896791987333076,9476361]
04-26 18:06:35.505 I/am_proc_bound( 1485): [8431,com.noshufou.android.su]
04-26 18:06:35.735 I/am_create_service( 1485): [1085532392,com.noshufou.android.su/.service.ResultService,,8431]
04-26 18:06:35.766 I/dvm_gc_info( 8418): [7021235374273897892,-9060274849969039782,-4117855733906631078,0]
04-26 18:06:36.136 I/dvm_gc_info( 8407): [7381244094246413904,-9052089048947161041,-4009465184907372500,0]
04-26 18:06:36.206 I/dvm_gc_info( 8407): [7381244094246544937,-9068133122619672529,-4009465184907372500,0]
04-26 18:06:36.256 I/dvm_gc_madvise_info( 8325): [454656,385024]
04-26 18:06:36.356 I/dvm_gc_info( 8407): [7381244094246438491,-9193952231050905553,-4009465184907372500,0]
04-26 18:06:36.596 I/dvm_gc_info( 8407): [7381244094246356559,-8922328878491568079,-4008902234953951188,0]
04-26 18:06:36.656 I/dvm_gc_info( 8407): [7381244094246531160,-9222381203665127375,-4008902234953951188,0]
04-26 18:06:36.726 I/dvm_gc_info( 8407): [7381244094246422068,-9035200344135763918,-4008620759977240532,0]
04-26 18:06:36.736 I/am_proc_start( 1485): [8444,10049,com.android.mms,broadcast,com.android.mms/.ui.MessagingShortcutReceiver]
04-26 18:06:36.807 I/dvm_gc_madvise_info( 8444): [618496,385024]
04-26 18:06:36.827 I/dvm_gc_info( 8407): [7381244094246692405,-9222099522513209295,-4008902234953951188,0]
04-26 18:06:36.887 I/am_proc_bound( 1485): [8444,com.android.mms]
04-26 18:06:37.097 I/dvm_gc_info( 8407): [7381244094246405728,-9066443860358653901,-4008339285000529876,0]
04-26 18:06:37.377 I/am_proc_died( 1485): [8325,com.tencent.mobileqq]
04-26 18:06:37.497 I/content_query_sample( 8431): [content://com.noshufou.android.su.provider/apps/uid/10077,_id/allow/notifications/logging,,,1281,,100]
04-26 18:06:37.717 I/db_sample( 1601): [/data/data/com.android.providers.telephony/databases/mmssms.db,SELECT _id, message_count, recipient_ids, date, read, snippet, s,204,,41]
04-26 18:06:37.898 I/dvm_gc_info( 8444): [7218827569569859117,-9030133863274354638,-4008902234953951188,0]
04-26 18:06:38.078 I/binder_sample( 8444): [android.app.IActivityManager,16,6,com.android.mms,1]
04-26 18:06:38.268 I/db_sample( 8431): [/data/data/com.noshufou.android.su/databases/su.db,INSERT INTO logs(app_id, type, date) VALUES(?, ?, ?);,76,,16]
04-26 18:06:38.308 I/am_destroy_service( 1485): [1085532392,com.noshufou.android.su/.service.ResultService,8431]
04-26 18:06:38.458 I/dvm_gc_info( 8388): [7809652345806083642,-9005081558950717375,-3923896791987333076,9603360]
04-26 18:06:38.598 I/dvm_gc_info( 8444): [7218827569570260526,-9047303699414730701,-4008902234953951188,0]
04-26 18:06:39.479 I/db_sample( 2268): [/data/data/com.htc.android.mail/databases/mail.db,SELECT sum(_number) FROM notification WHERE _type = 1 AND _accou,905,,100]
04-26 18:06:39.479 I/content_query_sample( 2268): [content://mail/notification,sum(_number),_type = 1 AND _accountid IN (SELECT _id from accounts) ,,1010,,100]
04-26 18:06:39.599 I/am_proc_start( 1485): [8460,10047,com.htc.skinpicker,broadcast,com.htc.skinpicker/.SkinPickerReceiver]
04-26 18:06:39.649 I/dvm_gc_madvise_info( 8460): [618496,385024]
04-26 18:06:39.689 I/am_proc_bound( 1485): [8460,com.htc.skinpicker]
04-26 18:06:39.739 I/dvm_gc_info( 8388): [7809652345805489700,-9037451181272459200,-3923896791987333076,9759053]
04-26 18:06:39.809 I/am_proc_start( 1485): [8468,1000,com.android.settings,broadcast,com.android.settings/.framework.activity.powersaver.SleepModeTimeOrTimeZoneChangedReceiver]
04-26 18:06:39.920 I/dvm_gc_madvise_info( 8468): [618496,385024]
04-26 18:06:39.990 I/dvm_gc_info( 1368): [8825198673195090997,-9125835149130541012,-4010309197419980756,0]
04-26 18:06:40.050 I/dvm_gc_info( 1368): [8825198673194651696,-9222662541119006676,-4010309197419980756,0]
04-26 18:06:40.080 I/am_proc_bound( 1485): [8468,com.android.settings]
04-26 18:06:40.120 I/am_proc_died( 1485): [8276,android.process.media]
04-26 18:06:40.200 I/dvm_gc_info( 1368): [8825198673194979384,-9222662541119006676,-4010309197419980756,0]
04-26 18:06:40.260 I/am_proc_died( 1485): [8431,com.noshufou.android.su]
04-26 18:06:40.350 I/content_query_sample( 2268): [content://com.htc.launcher.settings/favorites,_id/intent,intent like ?,,420,,85]
04-26 18:06:41.291 I/dvm_gc_info( 8444): [7218827569569875512,-9029007757141927883,-4005524535233423316,6919802]
04-26 18:06:41.521 I/db_sample( 8388): [/data/data/com.htc.launcher/databases/launcher.db,SELECT * FROM favorites WHERE (_id=?),49,,10]
04-26 18:06:41.591 I/db_sample( 8388): [/data/data/com.htc.launcher/databases/launcher.db,GETLOCK:SELECT * FROM favorites WHERE (_id=?),15,,4]
04-26 18:06:41.691 I/am_proc_died( 1485): [8460,com.htc.skinpicker]
04-26 18:06:41.691 I/content_query_sample( 8444): [content://com.android.contacts/data/phones/lookup_number_equal/%2B4561599835?limit=10,,,,225,,46]
04-26 18:06:42.102 I/dvm_gc_madvise_info( 8407): [782336,385024]
04-26 18:06:42.102 I/db_sample( 8388): [/data/data/com.htc.launcher/databases/launcher.db,UPDATE favorites SET icon=?, title=?, iconType=? WHERE _id=?,278,,56]
04-26 18:06:42.132 I/content_update_sample( 8388): [content://com.htc.launcher.settings/favorites?notify=false,update,_id=?,438,,88]
04-26 18:06:42.182 I/db_sample( 8388): [/data/data/com.htc.launcher/databases/launcher.db,UPDATE favorites SET icon=?, iconType=? WHERE _id=?,53,,11]
04-26 18:06:42.192 I/dvm_gc_info( 8444): [7218827569569953316,-9059407054626678732,-4005524535233423316,6919831]
04-26 18:06:42.192 I/content_update_sample( 8388): [content://com.htc.launcher.settings/favorites?notify=false,update,_id=?,425,,86]
04-26 18:06:42.222 I/content_update_sample( 8388): [content://com.htc.launcher.settings/favorites?notify=false,update,_id=?,408,,82]
04-26 18:06:42.362 I/content_query_sample( 8444): [content://com.android.contacts/data/phones/lookup_number_equal/%2B4550280786?limit=10,,,,31,,7]
04-26 18:06:42.682 I/am_proc_died( 1485): [8468,com.android.settings]
04-26 18:06:43.163 I/am_proc_died( 1485): [8444,com.android.mms]
04-26 18:06:43.683 I/dvm_gc_info( 8388): [7809652345805207179,-8957230469312518079,-3923896791987333076,9984388]
04-26 18:06:45.255 I/dvm_gc_info( 8388): [7809652345805223499,-8996636966052026304,-3923896791987333076,10045831]
04-26 18:06:49.379 I/am_proc_start( 1485): [8506,10003,com.android.defcontainer,service,com.android.defcontainer/.DefaultContainerService]
04-26 18:06:49.389 I/dvm_gc_madvise_info( 8506): [630784,385024]
04-26 18:06:49.409 I/am_proc_bound( 1485): [8506,com.android.defcontainer]
04-26 18:06:49.409 I/am_create_service( 1485): [1083360464,com.android.defcontainer/.DefaultContainerService,,8506]
04-26 18:06:49.489 I/dvm_gc_info( 8506): [7234300953690760357,-9099658594939504595,-4010309609837504468,0]
04-26 18:06:49.519 I/am_destroy_service( 1485): [1083360464,com.android.defcontainer/.DefaultContainerService,8506]
04-26 18:06:49.639 I/am_schedule_service_restart( 1485): [imcom.forensics/.UploadManager,172528]
04-26 18:06:49.699 I/am_destroy_service( 1485): [1084643272,imcom.forensics/.UploadManager,-1]
04-26 18:06:50.280 I/dvm_gc_madvise_info( 8388): [503808,385024]
04-26 18:06:50.960 I/force_gc( 1485): bg
04-26 18:06:51.070 I/dvm_gc_info( 1485): [8320808730292057968,-8907966368668567426,-3962458863796692948,8681535]
04-26 18:06:51.080 I/force_gc( 1570): bg
04-26 18:06:51.100 I/force_gc( 8388): bg
04-26 18:06:51.110 I/force_gc( 1624): bg
04-26 18:06:51.141 I/am_proc_start( 1485): [8519,10066,com.htcmarket,broadcast,com.htcmarket/.receiver.PackageReceiver]
04-26 18:06:51.211 I/dvm_gc_madvise_info( 8519): [626688,385024]
04-26 18:06:51.271 I/am_proc_bound( 1485): [8519,com.htcmarket]
04-26 18:06:51.321 I/dvm_gc_info( 1624): [8315161643085288612,-9061658098425432010,-4007494860070397908,0]
04-26 18:06:51.341 I/dvm_gc_info( 1570): [8320808730292618872,-8923453816124196807,-3989198986584205268,8615985]
04-26 18:06:51.351 I/dvm_gc_info( 8388): [7809652345805935819,-9065316791599622080,-3881675545480734676,10082699]
04-26 18:06:51.371 I/force_gc( 2343): bg
04-26 18:06:51.381 I/notification_cancel( 1485): [com.lbe.security,18,0]
04-26 18:06:51.421 I/force_gc( 1603): bg
04-26 18:06:51.571 I/notification_cancel_all( 1485): [imcom.forensics,0]
04-26 18:06:51.631 I/notification_cancel( 1485): [com.lbe.security,6,0]
04-26 18:06:51.641 I/notification_cancel( 1485): [com.lbe.security,3,0]
04-26 18:06:51.991 I/binder_sample( 1601): [com.android.internal.telephony.ITelephonyRegistry,4,227,com.android.phone,45]
04-26 18:06:52.031 I/notification_enqueue( 1485): [com.lbe.security,6,Notification(vibrate=null,sound=null,button=null,defaults=0x0,flags=0x10)]
04-26 18:06:52.091 I/db_sample( 3609): [/data/data/com.sina.VDisk/databases/gxdbapp.db,BEGIN EXCLUSIVE;,44,com.sina.VDisk:push,9]
04-26 18:06:52.342 I/dvm_gc_info( 1485): [8320808730292532811,-8989312636937951108,-3964710663610378196,8681529]
04-26 18:06:52.352 I/content_query_sample( 8519): [content://com.htcmarket/downloads,state,package_name = ? AND  state = ?,,163,com.htcmarket,33]
04-26 18:06:52.502 I/dvm_gc_info( 2343): [8603398534653568214,-9063345298564536240,-3998769135792379860,0]
04-26 18:06:52.592 I/dvm_gc_info( 8498): [7021235374273861023,-9060556324945869231,-4120389008697145775,0]
04-26 18:06:52.662 I/dvm_gc_info( 1603): [7017575181487232614,-8963422575403788216,-4002146835512895444,0]
04-26 18:06:52.882 I/am_proc_start( 1485): [8541,10002,com.htc.cs,broadcast,com.htc.cs/.plugin.PluginRegisterReceiver]
04-26 18:06:52.952 I/dvm_gc_madvise_info( 8541): [626688,385024]
04-26 18:06:53.022 I/am_proc_bound( 1485): [8541,com.htc.cs]
04-26 18:06:53.042 I/dvm_gc_info( 1624): [8315161643084936761,-9027599626243397573,-4006087485186844628,0]
04-26 18:06:53.383 I/am_proc_start( 1485): [8549,10002,com.htc.opensense,broadcast,com.htc.opensense/.pluginmanager.RegisterReceiver]
04-26 18:06:53.443 I/dvm_gc_madvise_info( 8549): [626688,385024]
04-26 18:06:53.463 I/am_proc_bound( 1485): [8549,com.htc.opensense]
04-26 18:06:53.573 I/dvm_gc_info( 1624): [8315161643085100599,-9007051952943523779,-4005524535233423316,0]
04-26 18:06:53.673 I/am_create_service( 1485): [1090577072,com.htc.opensense/.pluginmanager.RegisterService,act=android.intent.action.PACKAGE_REMOVED dat=package:imcom.forensics,8549]
04-26 18:06:53.723 I/am_proc_start( 1485): [8557,10021,com.htc.RosieUtility,broadcast,com.htc.AddProgramWidget/.HtcWidgetScanner]
04-26 18:06:53.763 I/dvm_gc_madvise_info( 8557): [622592,385024]
04-26 18:06:53.853 I/am_proc_bound( 1485): [8557,com.htc.RosieUtility]
04-26 18:06:53.973 I/content_update_sample( 8549): [content://com.htc.opensense.plugin/plugins,update,package_id IN ( SELECT _id FROM plugin_pkg WHERE package=? ),112,,23]
04-26 18:06:54.013 I/am_destroy_service( 1485): [1090577072,com.htc.opensense/.pluginmanager.RegisterService,8549]
04-26 18:06:54.093 I/am_create_service( 1485): [1085532392,com.htc.AddProgramWidget/.HtcWidgetScannerService,act=android.intent.action.PACKAGE_REMOVED dat=package:imcom.forensics,8557]
04-26 18:06:54.254 I/content_update_sample( 8557): [content://com.htc.launcher.settings/widget_item_types?notify=false,update,package_name=?,85,,18]
04-26 18:06:54.264 I/am_destroy_service( 1485): [1085532392,com.htc.AddProgramWidget/.HtcWidgetScannerService,8557]
04-26 18:06:54.274 I/binder_sample( 8557): [android.app.IActivityManager,69,10,com.htc.RosieUtility,2]
04-26 18:06:54.494 I/dvm_gc_madvise_info( 8506): [585728,385024]
04-26 18:06:54.514 I/am_proc_start( 1485): [8571,10075,com.noshufou.android.su,broadcast,com.noshufou.android.su/.UninstallReceiver]
04-26 18:06:54.544 I/dvm_gc_madvise_info( 8571): [622592,385024]
04-26 18:06:54.664 I/am_proc_bound( 1485): [8571,com.noshufou.android.su]
04-26 18:06:54.784 I/am_create_task( 1485): 28
04-26 18:06:54.784 I/am_create_activity( 1485): [1081362728,28,imcom.forensics/.MainActivity,android.intent.action.MAIN,NULL,NULL,268435456]
04-26 18:06:54.794 I/am_pause_activity( 1485): [1083216368,com.htc.launcher/.Launcher]
04-26 18:06:54.864 I/binder_sample( 8542): [android.app.IActivityManager,3,89,app_process,17]
04-26 18:06:54.884 I/dvm_gc_info( 8542): [7021235374273856931,-9060274849969047975,-4118137208883349927,0]
04-26 18:06:55.164 I/am_proc_start( 1485): [8582,10013,com.baidu.BaiduMap:pushservice_v1,broadcast,com.baidu.BaiduMap/com.baidu.android.pushservice.RegistratonReceiver]
04-26 18:06:55.174 I/am_on_paused_called( 8388): com.htc.launcher.CarouselDummyActivity
04-26 18:06:55.194 I/dvm_gc_madvise_info( 8582): [622592,385024]
04-26 18:06:55.214 I/am_proc_bound( 1485): [8582,com.baidu.BaiduMap:pushservice_v1]
04-26 18:06:55.275 I/am_on_paused_called( 8388): com.htc.launcher.Launcher
04-26 18:06:55.335 I/am_proc_start( 1485): [8590,10077,imcom.forensics,activity,imcom.forensics/.MainActivity]
04-26 18:06:55.375 I/dvm_gc_madvise_info( 8590): [622592,385024]
04-26 18:06:55.445 I/am_proc_bound( 1485): [8590,imcom.forensics]
04-26 18:06:55.465 I/am_restart_activity( 1485): [1081362728,28,imcom.forensics/.MainActivity]
04-26 18:06:55.675 I/dvm_gc_info( 8582): [4783220159424959992,-9046740818164017102,-4008620759977240532,0]
04-26 18:06:55.755 I/am_proc_died( 1485): [8506,com.android.defcontainer]
04-26 18:06:55.835 I/am_proc_died( 1485): [8519,com.htcmarket]
04-26 18:06:55.975 I/am_proc_died( 1485): [8541,com.htc.cs]
04-26 18:06:56.376 I/dvm_gc_madvise_info( 1570): [1249280,385024]
04-26 18:06:56.416 I/dvm_gc_madvise_info( 8388): [507904,385024]
04-26 18:06:57.136 I/am_create_service( 1485): [1083361872,com.baidu.BaiduMap/com.baidu.android.pushservice.PushService,act=android.intent.action.PACKAGE_REMOVED dat=package:imcom.forensics,8582]
04-26 18:06:57.176 I/am_proc_start( 1485): [8604,10067,com.baidu.appsearch,broadcast,com.baidu.appsearch/.youhua.common.PackageChangeReceiver]
04-26 18:06:57.196 I/binder_sample( 8582): [android.content.pm.IPackageManager,10,6,com.baidu.BaiduMap:pushservice_v1,1]
04-26 18:06:57.236 I/am_destroy_service( 1485): [1083361872,com.baidu.BaiduMap/com.baidu.android.pushservice.PushService,8582]
04-26 18:06:57.246 I/dvm_gc_madvise_info( 8604): [618496,385024]
04-26 18:06:57.387 I/dvm_gc_madvise_info( 1485): [4620288,385024]
04-26 18:06:57.387 I/am_proc_died( 1485): [8582,com.baidu.BaiduMap:pushservice_v1]
04-26 18:06:57.397 I/am_proc_bound( 1485): [8604,com.baidu.appsearch]
04-26 18:06:57.627 I/dvm_gc_madvise_info( 2343): [462848,385024]
04-26 18:06:57.687 I/dvm_gc_madvise_info( 1603): [458752,385024]
04-26 18:06:57.907 I/am_create_service( 1485): [1083217976,com.baidu.appsearch/.youhua.common.CommonIntentService,act=com.baidu.appsearch.youhua.action.PKG_CHANGE,8604]
04-26 18:06:58.097 I/dvm_gc_info( 8604): [7021235459988788780,-9036044837785286607,-4008902234953951188,0]
04-26 18:06:58.207 I/am_destroy_service( 1485): [1083217976,com.baidu.appsearch/.youhua.common.CommonIntentService,8604]
04-26 18:06:58.277 I/am_proc_died( 1485): [8549,com.htc.opensense]
04-26 18:06:58.628 I/dvm_gc_madvise_info( 1624): [8085504,385024]
04-26 18:06:58.678 I/dvm_gc_info( 8604): [7021235459988719173,-9009304440052676554,-4007494860070397908,0]
04-26 18:06:58.708 I/am_proc_died( 1485): [8557,com.htc.RosieUtility]
04-26 18:06:58.728 I/dvm_gc_info( 8602): [7021235374273861016,-9061119274899302831,-4120389008697158063,0]
04-26 18:06:58.908 I/dvm_gc_info( 8604): [7021235459988719284,-8968771768528488397,-4008339285000529876,0]
04-26 18:06:59.088 I/binder_sample( 1670): [android.location.ILocationManager,5,38,com.htc.bgp,7]
04-26 18:06:59.909 I/am_proc_start( 1485): [8623,10066,com.htcmarket,broadcast,com.htcmarket/.receiver.PackageReceiver]
04-26 18:06:59.939 I/dvm_gc_madvise_info( 8623): [618496,385024]
04-26 18:06:59.979 I/am_proc_bound( 1485): [8623,com.htcmarket]
04-26 18:07:00.069 I/am_proc_died( 1485): [8571,com.noshufou.android.su]
04-26 18:07:00.189 I/am_proc_died( 1485): [8388,com.htc.launcher]
04-26 18:07:00.790 I/notification_cancel( 1485): [com.htcmarket,1119655079,0]
04-26 18:07:00.810 I/am_proc_start( 1485): [8640,10077,imcom.forensics:uploader,service,imcom.forensics/.UploadManager]
04-26 18:07:00.830 I/binder_sample( 8590): [android.app.IAlarmManager,2,6,imcom.forensics,1]
04-26 18:07:00.850 I/dvm_gc_madvise_info( 8640): [618496,385024]
04-26 18:07:00.910 I/am_on_resume_called( 8590): imcom.forensics.MainActivity
04-26 18:07:00.950 I/am_proc_bound( 1485): [8640,imcom.forensics:uploader]
04-26 18:07:00.950 I/am_create_service( 1485): [1087787752,imcom.forensics/.UploadManager,,8640]
04-26 18:07:00.980 I/dvm_gc_info( 1368): [8825198673195050035,-9129212848851068884,-4010309197419980756,0]
04-26 18:07:01.160 I/dvm_gc_info( 1368): [8825198673195094072,-9222662541119006676,-4010309197419980756,0]
04-26 18:07:01.260 I/dvm_gc_info( 1368): [8825198673194782768,-9222662541119006676,-4010309197419980756,0]
04-26 18:07:01.280 I/am_proc_start( 1485): [8653,10002,com.htc.cs,broadcast,com.htc.cs/.plugin.PluginRegisterReceiver]
04-26 18:07:01.320 I/am_proc_bound( 1485): [8653,com.htc.cs]
04-26 18:07:01.441 I/am_proc_start( 1485): [8660,10002,com.htc.opensense,broadcast,com.htc.opensense/.pluginmanager.RegisterReceiver]
04-26 18:07:01.491 I/am_proc_bound( 1485): [8660,com.htc.opensense]
04-26 18:07:01.561 I/am_create_service( 1485): [1087877320,com.htc.opensense/.pluginmanager.RegisterService,act=android.intent.action.PACKAGE_ADDED dat=package:imcom.forensics,8660]
04-26 18:07:01.601 I/am_proc_start( 1485): [8669,10021,com.htc.RosieUtility,broadcast,com.htc.AddProgramWidget/.HtcWidgetScanner]
04-26 18:07:01.651 I/am_proc_bound( 1485): [8669,com.htc.RosieUtility]
04-26 18:07:01.761 I/activity_launch_time( 1485): [1081362728,imcom.forensics/.MainActivity,6429,6429]
04-26 18:07:01.811 I/binder_sample( 8660): [android.app.IActivityManager,61,226,com.htc.opensense,45]
04-26 18:07:01.821 I/am_create_service( 1485): [1082306536,com.htc.AddProgramWidget/.HtcWidgetScannerService,act=android.intent.action.PACKAGE_ADDED dat=package:imcom.forensics,8669]
04-26 18:07:01.931 I/am_proc_start( 1485): [8678,10036,com.immomo.momo,broadcast,com.immomo.momo/.android.broadcast.PacketInstallReceiver]
04-26 18:07:02.001 I/am_proc_bound( 1485): [8678,com.immomo.momo]
04-26 18:07:02.051 I/am_destroy_service( 1485): [1082306536,com.htc.AddProgramWidget/.HtcWidgetScannerService,8669]
04-26 18:07:02.081 I/am_destroy_service( 1485): [1087877320,com.htc.opensense/.pluginmanager.RegisterService,8660]
04-26 18:07:02.161 I/binder_sample( 8660): [android.app.IActivityManager,61,69,com.htc.opensense,13]
04-26 18:07:02.321 I/dvm_gc_info( 8678): [3345452614010648097,-9046458930736248782,-4008620347559716820,0]
04-26 18:07:02.482 I/dvm_gc_info( 1640): [8315178139902907999,-8978905417580173265,-4009465184907372500,0]
04-26 18:07:02.612 I/dvm_gc_info( 8678): [3345452614010852492,-9102472451101665230,-4008620347559716820,0]
04-26 18:07:03.322 I/am_proc_start( 1485): [8692,10075,com.noshufou.android.su,broadcast,com.noshufou.android.su/.InstallReceiver]
04-26 18:07:03.372 I/am_proc_bound( 1485): [8692,com.noshufou.android.su]
04-26 18:07:03.553 I/am_create_service( 1485): [1084953088,com.baidu.appsearch/.youhua.common.CommonIntentService,act=com.baidu.appsearch.youhua.action.PKG_CHANGE,8604]
04-26 18:07:03.583 I/am_destroy_service( 1485): [1084953088,com.baidu.appsearch/.youhua.common.CommonIntentService,8604]
04-26 18:07:03.733 I/dvm_gc_info( 8604): [7021235459988731484,-9003393190663899084,-4008057810023819220,0]
04-26 18:07:03.753 I/notification_enqueue( 1485): [com.lenovo.safe.powercenter,2004,Notification(vibrate=null,sound=null,button=null,defaults=0x0,flags=0x22)]
04-26 18:07:03.753 I/am_create_service( 1485): [1087368688,com.htc.opensense/.pluginmanager.RegisterService,act=android.intent.action.PACKAGE_REPLACED dat=package:imcom.forensics,8660]
04-26 18:07:03.783 I/binder_sample( 1698): [android.app.INotificationManager,9,34,com.lenovo.safe.powercenter,6]
04-26 18:07:03.783 I/am_create_service( 1485): [1083716144,com.baidu.appsearch/.youhua.common.CommonIntentService,act=com.baidu.appsearch.youhua.action.PKG_CHANGE,8604]
04-26 18:07:03.803 I/notification_cancel( 1485): [com.lenovo.safe.powercenter,2001,0]
04-26 18:07:03.813 I/binder_sample( 8604): [android.app.IActivityManager,34,31,com.baidu.appsearch,6]
04-26 18:07:03.833 I/am_destroy_service( 1485): [1087368688,com.htc.opensense/.pluginmanager.RegisterService,8660]
04-26 18:07:03.843 I/am_destroy_service( 1485): [1083716144,com.baidu.appsearch/.youhua.common.CommonIntentService,8604]
04-26 18:07:04.033 I/am_create_service( 1485): [1082942760,com.noshufou.android.su/.service.ResultService,,8692]
04-26 18:07:04.073 I/dvm_gc_info( 8652): [7021235374273856932,-9060274849969039782,-4117855733906631078,0]
04-26 18:07:04.083 I/binder_sample( 8692): [android.app.IActivityManager,61,14,com.noshufou.android.su,2]
04-26 18:07:04.654 I/content_query_sample( 8692): [content://com.noshufou.android.su.provider/apps/uid/10077,_id/allow/notifications/logging,,,520,,100]
04-26 18:07:04.714 I/dvm_gc_info( 8640): [7381244094246381133,-9050681674080389074,-4009746659884083156,0]
04-26 18:07:04.744 I/dvm_gc_info( 8640): [7381244094246381088,-9099376845034555345,-4009465184907372500,0]
04-26 18:07:04.804 I/dvm_gc_info( 8640): [7381244094246352431,-9131746054938757068,-4008057810023819220,0]
04-26 18:07:04.814 I/db_sample( 8604): [/data/data/com.baidu.appsearch/databases/appsearch.db,select * from db_localapps_table where apkmd5 is null or apkmd5 ,0,,1]
04-26 18:07:04.854 I/dvm_gc_info( 8640): [7381244094246352557,-9059969798455363535,-4008902234953951188,0]
04-26 18:07:04.894 I/dvm_gc_info( 8640): [7381244094246405673,-9129775592662829004,-4008057810023819220,0]
04-26 18:07:04.984 I/am_destroy_service( 1485): [1082942760,com.noshufou.android.su/.service.ResultService,8692]
04-26 18:07:05.044 I/binder_sample( 8692): [android.view.IWindowSession,8,15,com.noshufou.android.su,3]
04-26 18:07:05.044 I/dvm_gc_info( 8640): [7381244094246438543,-9065599297989576653,-4008339285000529876,0]
04-26 18:07:05.064 I/dvm_gc_info( 8640): [7381244094246360644,-9063347498175891404,-4008057810023819220,0]
04-26 18:07:05.114 I/dvm_gc_info( 8640): [7381244094246461440,-9223225010002528201,-4007213385093687252,0]
04-26 18:07:05.154 I/dvm_gc_info( 8640): [7381244094246397502,-9064473123137718219,-4007776335047108564,0]
04-26 18:07:05.194 I/dvm_gc_info( 8640): [7381244094246445056,-9223224597585004486,-4006368960163555284,0]
04-26 18:07:05.224 I/dvm_gc_info( 8640): [7381244094246368859,-9059687636116113353,-4007213385093687252,0]
04-26 18:07:05.264 I/dvm_gc_info( 8640): [7381244094246440960,-9223224047694972865,-4004961585280002004,0]
04-26 18:07:05.334 I/dvm_gc_info( 8640): [7381244094246356618,-9047583662227523527,-4006650435140265940,0]
04-26 18:07:05.354 I/dvm_gc_info( 8640): [7381244094246371704,-9221816672811419591,-4006650435140265940,0]
04-26 18:07:05.394 I/dvm_gc_info( 8640): [7381244094246440960,-9223223222859925435,-4003272735419738068,0]
04-26 18:07:05.474 I/dvm_gc_info( 8640): [7381244094246348468,-9047301362415765443,-4005524535233423316,0]
04-26 18:07:05.495 I/dvm_gc_info( 8640): [7381244094246379880,-9221815847976372163,-4005524535233423316,0]
04-26 18:07:05.545 I/dvm_gc_info( 8640): [7381244094246440960,-9223223222859925432,-4002146835512895444,0]
04-26 18:07:05.605 I/dvm_gc_info( 8640): [7381244094246354976,-9222941747883214776,-4002146835512895444,0]
04-26 18:07:05.625 I/dvm_gc_info( 8640): [7381244094246371408,-9222378797929793464,-4002146835512895444,0]
04-26 18:07:05.665 I/dvm_gc_info( 8640): [7381244094246440960,-9223222466761131950,-3998206185838946260,0]
04-26 18:07:05.735 I/dvm_gc_info( 8640): [7381244094246356966,-9054056005758027714,-4005243060256712660,0]
04-26 18:07:05.895 I/dvm_gc_info( 8640): [7381244094246393436,-9050396831060764607,-4004398635326580692,0]
04-26 18:07:06.045 I/dvm_gc_info( 8640): [7381244094246364748,-8922888666610862013,-4003835685373159380,0]
04-26 18:07:06.105 I/dvm_gc_info( 8640): [7381244094246372999,-9066440904733296573,-4003835685373159380,0]
04-26 18:07:06.255 I/dvm_gc_madvise_info( 8692): [405504,385024]
04-26 18:07:06.275 I/dvm_gc_madvise_info( 8653): [573440,385024]
04-26 18:07:06.295 I/dvm_gc_info( 8640): [7381244094246413904,-8922044241680730045,-4003835685373159380,0]
04-26 18:07:06.345 I/dvm_gc_madvise_info( 8660): [569344,385024]
04-26 18:07:06.365 I/dvm_gc_info( 8640): [7381244094246352438,-9039700781945784249,-4002428310489606100,0]
04-26 18:07:06.385 I/dvm_gc_info( 8640): [7381244094246372964,-9221815091877578683,-4003272735419738068,0]
04-26 18:07:06.405 I/dvm_gc_info( 8640): [7381244094246372974,-9220126242017314748,-4003554210396448724,0]
04-26 18:07:06.415 I/dvm_gc_madvise_info( 8669): [536576,385024]
04-26 18:07:06.445 I/dvm_gc_info( 8640): [7381244094246404096,-9223222466761131954,-3999613560722499540,0]
04-26 18:07:06.536 I/dvm_gc_info( 8640): [7381244094246352269,-9015212458971940785,-3999613560722499540,0]
04-26 18:07:06.856 I/dvm_gc_info( 8640): [7381244094246393531,-8904874268101343153,-3999332085745788884,0]
04-26 18:07:07.126 I/dvm_gc_info( 8640): [7381244094246393510,-8908251967821907890,-3999613560722499540,0]
04-26 18:07:07.166 I/dvm_gc_info( 8640): [7381244094246408192,-9223221366981068706,-3993702586211575764,0]
04-26 18:07:07.256 I/dvm_gc_info( 8640): [7381244094246389436,-9028440683097270188,-3997643235885524948,0]
04-26 18:07:07.366 I/dvm_gc_info( 8640): [7381244094246397513,-8923169041807509420,-3997643235885524948,0]
04-26 18:07:07.406 I/dvm_gc_info( 8640): [7381244094246359096,-9222658417027647391,-3992858161281443796,0]
04-26 18:07:07.426 I/dvm_gc_info( 8640): [7381244094246377212,-9222095467074226095,-3998769135792367572,0]
04-26 18:07:07.476 I/dvm_gc_info( 8640): [7381244094246408192,-9223221366964291484,-3991732261374601172,0]
04-26 18:07:07.506 I/dvm_gc_madvise_info( 1640): [1032192,385024]
04-26 18:07:07.577 I/dvm_gc_info( 8640): [7381244094246393676,-9008737434727524269,-3997924710862235604,0]
04-26 18:07:07.627 I/dvm_gc_madvise_info( 8678): [393216,385024]
04-26 18:07:07.737 I/dvm_gc_info( 8640): [7381244094246348423,-8918946917156849577,-3996517335978682324,0]
04-26 18:07:07.757 I/dvm_gc_info( 8640): [7381244094246372917,-9222095467074226093,-3997924710862235604,0]
04-26 18:07:07.807 I/dvm_gc_info( 8640): [7381244094246404096,-9223219442365958033,-3987228661747230676,0]
04-26 18:07:07.867 I/dvm_gc_info( 8640): [7381244094246348633,-9221530592505694118,-3995391436071839700,0]
04-26 18:07:07.887 I/dvm_gc_info( 8640): [7381244094246383696,-9222375017435826086,-3995391436071839700,0]
04-26 18:07:07.917 I/dvm_gc_info( 8640): [7381244094246404096,-9223219442365958033,-3987228661747230676,0]
04-26 18:07:08.067 I/dvm_gc_info( 8640): [7381244094246643647,-9221249117528983458,-3993702586211575764,0]
04-26 18:07:08.527 I/notification_enqueue( 1485): [com.lbe.security,6,Notification(vibrate=null,sound=null,button=null,defaults=0x0,flags=0x10)]
04-26 18:07:08.788 I/dvm_gc_madvise_info( 8604): [815104,385024]
04-26 18:07:11.560 I/dvm_gc_info( 6400): [7020659311768880768,-9043362224939198406,-4006368960163555284,0]
04-26 18:07:13.092 I/dvm_gc_madvise_info( 8640): [3407872,385024]
04-26 18:07:14.784 I/force_gc( 7374): bg
04-26 18:07:14.884 I/dvm_gc_info( 7374): [7526750155958494776,-9009023240021112785,-4009465184907372500,6837329]
04-26 18:07:15.925 I/dvm_gc_info( 6400): [7020659311768581699,-9039140100288534468,-4005806010210133972,0]
04-26 18:07:19.889 I/dvm_gc_madvise_info( 7374): [471040,385024]
04-26 18:07:20.950 I/dvm_gc_madvise_info( 6400): [745472,385024]
04-26 18:07:21.060 I/am_anr  ( 1485): [8640,imcom.forensics:uploader,572998,Executing service imcom.forensics/.UploadManager]
04-26 18:07:21.570 I/dvm_gc_info( 1485): [8320808730292107095,-8900366544297375613,-3961332963889850324,8681536]
04-26 18:07:22.481 I/am_proc_died( 1485): [8640,imcom.forensics:uploader]
04-26 18:07:22.481 I/am_schedule_service_restart( 1485): [imcom.forensics/.UploadManager,43032]
04-26 18:07:23.552 I/notification_cancel( 1485): [com.lbe.security,6,0]
