04-26 18:01:48.526 I/am_proc_bound( 1485): [7538,imcom.forensics]
04-26 18:01:48.536 I/am_restart_activity( 1485): [1084930880,25,imcom.forensics/.MainActivity]
04-26 18:01:48.996 I/dvm_gc_info( 7315): [7809652345805317795,-8941467595722049472,-3986947186770520020,9992581]
04-26 18:01:49.186 I/dvm_gc_madvise_info( 7469): [532480,385024]
04-26 18:01:49.997 I/dvm_gc_info( 7548): [7021235374273861017,-9061119274899302831,-4120389008697158063,0]
04-26 18:01:54.061 I/dvm_gc_madvise_info( 7315): [512000,385024]
04-26 18:01:58.626 I/dvm_gc_info( 7315): [7809652345805268528,-9016621551892420543,-3909260093198378964,9808186]
04-26 18:02:03.661 I/dvm_gc_madvise_info( 7315): [524288,385024]
04-26 18:02:05.943 I/dvm_gc_info( 6400): [7020659311768639066,-9050399305565726662,-4006368960163555284,0]
04-26 18:02:07.264 I/dvm_gc_info( 1640): [8315178139902899776,-9016904608172373967,-4008902234953951188,0]
04-26 18:02:07.464 I/sqlite_mem_released( 3664): 0
04-26 18:02:07.464 I/force_gc( 3664): mem
04-26 18:02:07.544 I/dvm_gc_info( 3664): [7959037488985850979,-9104724044773578695,-4006650435140265940,0]
04-26 18:02:10.958 I/dvm_gc_madvise_info( 6400): [589824,385024]
04-26 18:02:12.269 I/dvm_gc_madvise_info( 1640): [954368,385024]
04-26 18:02:12.559 I/dvm_gc_madvise_info( 3664): [520192,385024]
04-26 18:02:16.733 I/am_proc_start( 1485): [7577,10077,imcom.forensics:uploader,service,imcom.forensics/.UploadManager]
04-26 18:02:16.783 I/binder_sample( 7538): [android.app.IAlarmManager,2,12,imcom.forensics,2]
04-26 18:02:16.803 I/dvm_gc_madvise_info( 7577): [622592,385024]
04-26 18:02:16.823 I/am_on_resume_called( 7538): imcom.forensics.MainActivity
04-26 18:02:16.843 I/am_proc_bound( 1485): [7577,imcom.forensics:uploader]
04-26 18:02:16.853 I/am_create_service( 1485): [1083418328,imcom.forensics/.UploadManager,,7577]
04-26 18:02:17.344 I/activity_launch_time( 1485): [1084930880,imcom.forensics/.MainActivity,28849,28849]
04-26 18:02:17.584 I/am_create_service( 1485): [1084778296,com.noshufou.android.su/.service.ResultService,,7294]
04-26 18:02:17.614 I/dvm_gc_info( 7592): [7021235374273856932,-9060274849969043878,-4117855733906635174,0]
04-26 18:02:17.794 I/am_destroy_service( 1485): [1084778296,com.noshufou.android.su/.service.ResultService,7294]
04-26 18:02:25.502 I/sqlite_mem_released( 3609): 4640
04-26 18:02:25.502 I/force_gc( 3609): mem
04-26 18:02:25.552 I/dvm_gc_info( 3609): [6216209330115626130,-9066161904261601225,-4007213385093687252,0]
04-26 18:02:29.506 I/binder_sample( 7302): [android.content.pm.IPackageManager,31,15,com.baidu.appsearch,3]
04-26 18:02:29.606 I/dvm_gc_info( 7302): [7021235459988735598,-8941468627017701323,-4007776335047108564,0]
04-26 18:02:29.856 I/dvm_gc_info( 7302): [7021235459988764270,-8951320113730033609,-4007213385093687252,0]
04-26 18:02:30.447 I/force_gc( 5433): mem
04-26 18:02:30.507 I/dvm_gc_info( 5433): [8315180330336376163,-9056874192270686161,-4009465184907372500,0]
04-26 18:02:30.557 I/dvm_gc_madvise_info( 3609): [532480,385024]
04-26 18:02:32.108 I/am_proc_died( 1485): [7302,com.baidu.appsearch]
04-26 18:02:35.532 I/dvm_gc_madvise_info( 5433): [397312,385024]
04-26 18:02:36.933 I/am_anr  ( 1485): [7577,imcom.forensics:uploader,572998,Executing service imcom.forensics/.UploadManager]
04-26 18:02:37.534 I/dvm_gc_info( 1485): [8320808730291709845,-8893611213592573821,-3960207063983007700,8681539]
04-26 18:02:37.624 I/dvm_gc_info( 1485): [8320808730291962915,-9174241765373097853,-3960207063983007700,8681539]
04-26 18:02:38.364 I/am_proc_died( 1485): [7577,imcom.forensics:uploader]
04-26 18:02:38.364 I/am_schedule_service_restart( 1485): [imcom.forensics/.UploadManager,43036]
04-26 18:02:40.456 I/sqlite_mem_released( 5618): 4640
04-26 18:02:40.476 I/force_gc( 5618): mem
04-26 18:02:40.546 I/dvm_gc_info( 5618): [8315159430924895806,-9009586052485203919,-4008902234953951188,0]
04-26 18:02:42.659 I/dvm_gc_madvise_info( 1485): [3645440,385024]
04-26 18:02:44.090 I/dvm_gc_info( 1640): [8315178139902883476,-9026193007458813906,-4009746659884083156,0]
04-26 18:02:45.491 I/sqlite_mem_released( 5854): 708760
04-26 18:02:45.491 I/force_gc( 5854): mem
04-26 18:02:45.561 I/dvm_gc_madvise_info( 5618): [430080,385024]
04-26 18:02:45.641 I/dvm_gc_info( 5854): [7737593596605982329,-8955817664599410563,-3982162112166438868,0]
04-26 18:02:46.512 I/dvm_gc_info( 6400): [7020659311768606312,-9034073688180254662,-4006368960163555284,0]
04-26 18:02:49.115 I/dvm_gc_madvise_info( 1640): [1134592,385024]
04-26 18:02:50.676 I/dvm_gc_madvise_info( 5854): [675840,385024]
04-26 18:02:51.527 I/dvm_gc_madvise_info( 6400): [622592,385024]
04-26 18:02:55.451 I/sqlite_mem_released( 3151): 0
04-26 18:02:55.451 I/force_gc( 3151): mem
04-26 18:02:55.531 I/dvm_gc_info( 3151): [7885022777269601372,-9095716845552388039,-4006650435140265940,0]
04-26 18:03:00.536 I/dvm_gc_madvise_info( 3151): [720896,385024]
04-26 18:03:05.110 I/sqlite_mem_released( 2011): 467480
04-26 18:03:05.110 I/force_gc( 2011): mem
04-26 18:03:05.161 I/dvm_gc_info( 2011): [8315178139768771758,-9063065679517718471,-4006650435140265940,0]
04-26 18:03:10.095 I/sqlite_mem_released( 2343): 2320
04-26 18:03:10.095 I/force_gc( 2343): mem
04-26 18:03:10.155 I/dvm_gc_madvise_info( 2011): [606208,385024]
04-26 18:03:10.175 I/dvm_gc_info( 2343): [8603398534651528470,-9057434324053608368,-3998769135792379860,0]
04-26 18:03:13.819 I/dvm_gc_info( 1640): [8315178139902899803,-9042518762316797904,-4009183709930661844,0]
04-26 18:03:15.100 I/sqlite_mem_released( 6400): 3480
04-26 18:03:15.110 I/force_gc( 6400): mem
04-26 18:03:15.180 I/dvm_gc_info( 6400): [7020659311768811047,-9069821010222512071,-4006650435140265940,0]
04-26 18:03:15.200 I/dvm_gc_madvise_info( 2343): [462848,385024]
04-26 18:03:18.844 I/dvm_gc_madvise_info( 1640): [974848,385024]
04-26 18:03:19.194 I/am_proc_died( 1485): [7538,imcom.forensics]
04-26 18:03:19.214 I/am_resume_activity( 1485): [1083216368,3,com.htc.launcher/.Launcher]
04-26 18:03:19.264 I/am_on_resume_called( 7315): com.htc.launcher.CarouselDummyActivity
04-26 18:03:19.314 I/am_on_resume_called( 7315): com.htc.launcher.Launcher
04-26 18:03:20.205 I/dvm_gc_madvise_info( 6400): [757760,385024]
04-26 18:03:21.416 I/am_proc_start( 1485): [7655,10077,imcom.forensics:uploader,service,imcom.forensics/.UploadManager]
04-26 18:03:21.436 I/dvm_gc_madvise_info( 7655): [618496,385024]
04-26 18:03:21.486 I/am_proc_bound( 1485): [7655,imcom.forensics:uploader]
04-26 18:03:21.496 I/am_create_service( 1485): [1083418328,imcom.forensics/.UploadManager,,7655]
04-26 18:03:22.027 I/am_create_service( 1485): [1085114696,com.noshufou.android.su/.service.ResultService,,7294]
04-26 18:03:22.047 I/dvm_gc_info( 7666): [7021235374273865124,-9060274849969043878,-4117855733906635174,0]
04-26 18:03:22.177 I/am_destroy_service( 1485): [1085114696,com.noshufou.android.su/.service.ResultService,7294]
04-26 18:03:26.191 I/am_proc_start( 1485): [7691,10003,com.android.defcontainer,service,com.android.defcontainer/.DefaultContainerService]
04-26 18:03:26.201 I/dvm_gc_madvise_info( 7691): [618496,385024]
04-26 18:03:26.221 I/am_proc_bound( 1485): [7691,com.android.defcontainer]
04-26 18:03:26.231 I/am_create_service( 1485): [1088166920,com.android.defcontainer/.DefaultContainerService,,7691]
04-26 18:03:26.301 I/dvm_gc_info( 7691): [7234300953690768592,-9066444547670869971,-4010309609837504468,0]
04-26 18:03:26.321 I/am_destroy_service( 1485): [1088166920,com.android.defcontainer/.DefaultContainerService,7691]
04-26 18:03:26.421 I/am_schedule_service_restart( 1485): [imcom.forensics/.UploadManager,172144]
04-26 18:03:26.481 I/am_destroy_service( 1485): [1083418328,imcom.forensics/.UploadManager,-1]
04-26 18:03:26.611 I/dvm_gc_info( 1485): [8320808730291693605,-8907965406361016194,-3964429188633667540,8681529]
04-26 18:03:27.803 I/force_gc( 1603): bg
04-26 18:03:27.813 I/force_gc( 1570): bg
04-26 18:03:27.853 I/dvm_gc_info( 1570): [8320808730291775038,-8987629835869255625,-3990887836444469204,8615983]
04-26 18:03:27.863 I/force_gc( 7315): bg
04-26 18:03:27.883 I/force_gc( 1624): bg
04-26 18:03:27.943 I/dvm_gc_info( 7315): [7809652345805296921,-9055183623701780416,-3919393192359962580,9627926]
04-26 18:03:27.953 I/dvm_gc_info( 1624): [8315161643084699172,-9017185052105148362,-4007494860070397908,0]
04-26 18:03:27.973 I/force_gc( 2343): bg
04-26 18:03:28.023 I/force_gc( 7294): bg
04-26 18:03:28.083 I/am_proc_start( 1485): [7704,10066,com.htcmarket,broadcast,com.htcmarket/.receiver.PackageReceiver]
04-26 18:03:28.093 I/notification_cancel( 1485): [com.lbe.security,18,0]
04-26 18:03:28.113 I/dvm_gc_madvise_info( 7704): [618496,385024]
04-26 18:03:28.153 I/dvm_gc_info( 1368): [8825198673194673204,-9127805473967515604,-4010309197419980756,0]
04-26 18:03:28.183 I/dvm_gc_info( 1368): [8825198673194504240,-9222662541119006676,-4010309197419980756,0]
04-26 18:03:28.223 I/dvm_gc_info( 1368): [8825198673194508344,-9222662541119006676,-4010309197419980756,0]
04-26 18:03:28.233 I/dvm_gc_info( 1603): [7017575181486552615,-9047302118480349112,-4002146835512895444,0]
04-26 18:03:28.273 I/am_proc_bound( 1485): [7704,com.htcmarket]
04-26 18:03:28.303 I/notification_cancel( 1485): [com.lbe.security,6,0]
04-26 18:03:28.303 I/notification_cancel( 1485): [com.lbe.security,3,0]
04-26 18:03:28.493 I/db_sample( 1624): [/data/data/com.lbe.security/databases/lbe_security.db,DELETE FROM permissionrecord WHERE (pkg = 10077),162,com.lbe.security:service,33]
04-26 18:03:28.623 I/dvm_gc_info( 1485): [8320808730292565674,-8925979804870498179,-3964710663610378196,8681529]
04-26 18:03:28.653 I/db_sample( 2011): [/data/data/com.sina.weibo/databases/gxdbapp.db,BEGIN EXCLUSIVE;,245,com.sina.weibo.servant,50]
04-26 18:03:28.723 I/dvm_gc_info( 7683): [7021235374273893791,-9060556324945869231,-4120389008697145775,0]
04-26 18:03:28.834 I/notification_cancel_all( 1485): [imcom.forensics,0]
04-26 18:03:28.874 I/notification_enqueue( 1485): [com.lbe.security,6,Notification(vibrate=null,sound=null,button=null,defaults=0x0,flags=0x10)]
04-26 18:03:29.144 I/db_sample( 3609): [/data/data/com.sina.VDisk/databases/gxdbapp.db,SELECT * FROM table_message WHERE key= ?,185,com.sina.VDisk:push,38]
04-26 18:03:29.464 I/content_query_sample( 7704): [content://com.htcmarket/downloads,state,package_name = ? AND  state = ?,,415,com.htcmarket,84]
04-26 18:03:29.524 I/dvm_gc_info( 2343): [8603398534653678684,-9086426246654814128,-3999050610769090516,0]
04-26 18:03:29.544 I/dvm_gc_info( 7294): [7594245945075033643,-9054622186248218576,-4009183709930661844,0]
04-26 18:03:29.744 I/db_sample( 1603): [:memory:,DELETE FROM applications,185,,38]
04-26 18:03:29.845 I/db_sample( 2011): [/data/data/com.sina.weibo/databases/gxdbapp.db,SELECT * FROM table_message2 WHERE key= ?,711,com.sina.weibo.servant,100]
04-26 18:03:30.145 I/dvm_gc_info( 1624): [8315161643086669369,-9027036676289980357,-4006087485186844628,0]
04-26 18:03:30.235 I/am_proc_start( 1485): [7730,10002,com.htc.cs,broadcast,com.htc.cs/.plugin.PluginRegisterReceiver]
04-26 18:03:30.345 I/am_proc_bound( 1485): [7730,com.htc.cs]
04-26 18:03:30.455 I/am_create_task( 1485): 26
04-26 18:03:30.455 I/am_create_activity( 1485): [1081362728,26,imcom.forensics/.MainActivity,android.intent.action.MAIN,NULL,NULL,268435456]
04-26 18:03:30.535 I/am_pause_activity( 1485): [1083216368,com.htc.launcher/.Launcher]
04-26 18:03:30.625 I/dvm_gc_info( 7718): [7021235374273906083,-9060274849969047975,-4118137208883349927,0]
04-26 18:03:30.685 I/am_proc_start( 1485): [7740,10002,com.htc.opensense,broadcast,com.htc.opensense/.pluginmanager.RegisterReceiver]
04-26 18:03:30.695 I/am_on_paused_called( 7315): com.htc.launcher.CarouselDummyActivity
04-26 18:03:30.735 I/db_sample( 1624): [/data/data/com.lbe.security/databases/lbe_security.db,INSERT OR REPLACE  INTO package_adware_info(is_adware_app, pkg, ,54,,11]
04-26 18:03:30.765 I/am_on_paused_called( 7315): com.htc.launcher.Launcher
04-26 18:03:30.866 I/am_proc_start( 1485): [7746,10077,imcom.forensics,activity,imcom.forensics/.MainActivity]
04-26 18:03:31.006 I/am_proc_died( 1485): [7457,android.process.media]
04-26 18:03:31.106 I/am_proc_bound( 1485): [7746,imcom.forensics]
04-26 18:03:31.116 I/dvm_gc_info( 1624): [8315161643085698616,-9004518678153127875,-4005524535233423316,0]
04-26 18:03:31.156 I/am_restart_activity( 1485): [1081362728,26,imcom.forensics/.MainActivity]
04-26 18:03:31.226 I/am_proc_bound( 1485): [7740,com.htc.opensense]
04-26 18:03:31.356 I/dvm_gc_madvise_info( 7691): [585728,385024]
04-26 18:03:31.726 I/am_proc_died( 1485): [7493,com.htc.skinpicker]
04-26 18:03:31.726 I/am_proc_died( 1485): [7504,com.android.settings]
04-26 18:03:31.736 I/am_create_service( 1485): [1088952104,com.htc.opensense/.pluginmanager.RegisterService,act=android.intent.action.PACKAGE_REMOVED dat=package:imcom.forensics,7740]
04-26 18:03:31.756 I/am_proc_start( 1485): [7759,10021,com.htc.RosieUtility,broadcast,com.htc.AddProgramWidget/.HtcWidgetScanner]
04-26 18:03:31.907 I/am_proc_bound( 1485): [7759,com.htc.RosieUtility]
04-26 18:03:31.977 I/am_proc_died( 1485): [7294,com.noshufou.android.su]
04-26 18:03:32.137 I/am_destroy_service( 1485): [1088952104,com.htc.opensense/.pluginmanager.RegisterService,7740]
04-26 18:03:32.417 I/am_create_service( 1485): [1087784648,com.htc.AddProgramWidget/.HtcWidgetScannerService,act=android.intent.action.PACKAGE_REMOVED dat=package:imcom.forensics,7759]
04-26 18:03:32.577 I/am_destroy_service( 1485): [1087784648,com.htc.AddProgramWidget/.HtcWidgetScannerService,7759]
04-26 18:03:32.587 I/binder_sample( 7759): [android.app.IActivityManager,69,7,com.htc.RosieUtility,1]
04-26 18:03:32.747 I/am_proc_start( 1485): [7771,10075,com.noshufou.android.su,broadcast,com.noshufou.android.su/.UninstallReceiver]
04-26 18:03:32.807 I/am_proc_bound( 1485): [7771,com.noshufou.android.su]
04-26 18:03:32.908 I/dvm_gc_madvise_info( 1570): [1224704,385024]
04-26 18:03:33.088 I/dvm_gc_madvise_info( 7315): [528384,385024]
04-26 18:03:33.258 I/dvm_gc_madvise_info( 7746): [598016,385024]
04-26 18:03:33.258 I/dvm_gc_madvise_info( 7771): [413696,385024]
04-26 18:03:33.338 I/dvm_gc_madvise_info( 7730): [573440,385024]
04-26 18:03:33.348 I/am_proc_start( 1485): [7784,10013,com.baidu.BaiduMap:pushservice_v1,broadcast,com.baidu.BaiduMap/com.baidu.android.pushservice.RegistratonReceiver]
04-26 18:03:33.368 I/dvm_gc_madvise_info( 7784): [622592,385024]
04-26 18:03:33.408 I/dvm_gc_madvise_info( 7759): [532480,385024]
04-26 18:03:33.408 I/am_proc_bound( 1485): [7784,com.baidu.BaiduMap:pushservice_v1]
04-26 18:03:33.578 I/dvm_gc_madvise_info( 7740): [569344,385024]
04-26 18:03:33.578 I/am_proc_died( 1485): [3664,com.tencent.mm]
04-26 18:03:33.578 I/am_schedule_service_restart( 1485): [com.tencent.mm/.booter.NotifyReceiver$NotifyService,5000]
04-26 18:03:33.588 I/dvm_gc_madvise_info( 1603): [577536,385024]
04-26 18:03:33.668 I/dvm_gc_madvise_info( 1485): [4608000,385024]
04-26 18:03:33.708 I/dvm_gc_info( 7784): [4783220159424878068,-9047303768117438414,-4008620759977240532,0]
04-26 18:03:33.788 I/dvm_gc_info( 7756): [7021235374273861017,-9061119274899302831,-4120389008697158063,0]
04-26 18:03:34.539 I/dvm_gc_madvise_info( 2343): [462848,385024]
04-26 18:03:34.910 I/am_create_service( 1485): [1087088112,com.baidu.BaiduMap/com.baidu.android.pushservice.PushService,act=android.intent.action.PACKAGE_REMOVED dat=package:imcom.forensics,7784]
04-26 18:03:34.920 I/am_proc_start( 1485): [7795,10067,com.baidu.appsearch,broadcast,com.baidu.appsearch/.youhua.common.PackageChangeReceiver]
04-26 18:03:34.970 I/dvm_gc_madvise_info( 7795): [622592,385024]
04-26 18:03:34.980 I/am_destroy_service( 1485): [1087088112,com.baidu.BaiduMap/com.baidu.android.pushservice.PushService,7784]
04-26 18:03:35.060 I/am_proc_bound( 1485): [7795,com.baidu.appsearch]
04-26 18:03:35.070 I/am_proc_died( 1485): [7784,com.baidu.BaiduMap:pushservice_v1]
04-26 18:03:35.600 I/am_create_service( 1485): [1085250344,com.baidu.appsearch/.youhua.common.CommonIntentService,act=com.baidu.appsearch.youhua.action.PKG_CHANGE,7795]
04-26 18:03:35.700 I/dvm_gc_info( 7795): [7021235459988866604,-9036607856474978255,-4008902234953951188,0]
04-26 18:03:35.840 I/am_destroy_service( 1485): [1085250344,com.baidu.appsearch/.youhua.common.CommonIntentService,7795]
04-26 18:03:36.111 I/dvm_gc_info( 7795): [7021235459988805181,-9021407932787501003,-4007776335047108564,0]
04-26 18:03:36.151 I/dvm_gc_madvise_info( 1624): [8085504,385024]
04-26 18:03:36.151 I/am_proc_died( 1485): [7691,com.android.defcontainer]
04-26 18:03:36.321 I/dvm_gc_info( 7795): [7021235459988743845,-8965394137544218573,-4008339285000529876,0]
04-26 18:03:36.491 I/am_proc_died( 1485): [7704,com.htcmarket]
04-26 18:03:36.621 I/dvm_gc_info( 7795): [7021235459988768325,-9033229606931503054,-4008902234953951188,0]
04-26 18:03:36.721 I/db_sample( 7795): [/data/data/com.baidu.appsearch/databases/appsearch.db,INSERT OR REPLACE  INTO db_localapps_table(apkmd5, signmd5, inst,46,com.baidu.appsearch,10]
04-26 18:03:36.781 I/am_proc_died( 1485): [7730,com.htc.cs]
04-26 18:03:36.901 I/db_sample( 7795): [/data/data/com.baidu.appsearch/databases/appsearch.db,COMMIT;UPDATE db_localapps_table SET apkmd5=?, signmd5=?, instal,180,,37]
04-26 18:03:37.452 I/binder_sample( 7746): [android.os.IHtcHardwareService,6,5,imcom.forensics,1]
04-26 18:03:37.482 I/am_proc_died( 1485): [7740,com.htc.opensense]
04-26 18:03:37.622 I/am_proc_start( 1485): [7811,10066,com.htcmarket,broadcast,com.htcmarket/.receiver.PackageReceiver]
04-26 18:03:37.682 I/dvm_gc_madvise_info( 7811): [622592,385024]
04-26 18:03:37.702 I/binder_sample( 2085): [android.app.IActivityManager,61,45,com.baidu.appsearch:bdservice_v1,9]
04-26 18:03:37.712 I/am_proc_bound( 1485): [7811,com.htcmarket]
04-26 18:03:37.862 I/am_proc_died( 1485): [7315,com.htc.launcher]
04-26 18:03:38.143 I/notification_cancel( 1485): [com.htcmarket,1119655079,0]
04-26 18:03:38.293 I/am_proc_start( 1485): [7824,10002,com.htc.cs,broadcast,com.htc.cs/.plugin.PluginRegisterReceiver]
04-26 18:03:38.303 I/dvm_gc_madvise_info( 7824): [618496,385024]
04-26 18:03:38.323 I/am_proc_bound( 1485): [7824,com.htc.cs]
04-26 18:03:38.413 I/am_proc_start( 1485): [7831,10002,com.htc.opensense,broadcast,com.htc.opensense/.pluginmanager.RegisterReceiver]
04-26 18:03:38.433 I/dvm_gc_madvise_info( 7831): [618496,385024]
04-26 18:03:38.443 I/am_proc_bound( 1485): [7831,com.htc.opensense]
04-26 18:03:38.533 I/am_create_service( 1485): [1081899256,com.htc.opensense/.pluginmanager.RegisterService,act=android.intent.action.PACKAGE_ADDED dat=package:imcom.forensics,7831]
04-26 18:03:38.563 I/am_destroy_service( 1485): [1081899256,com.htc.opensense/.pluginmanager.RegisterService,7831]
04-26 18:03:38.593 I/am_proc_start( 1485): [7839,10069,com.tencent.mm,service,com.tencent.mm/.booter.NotifyReceiver$NotifyService]
04-26 18:03:38.633 I/binder_sample( 1570): [com.android.internal.telephony.ITelephony,31,21,com.android.systemui,4]
04-26 18:03:38.633 I/dvm_gc_madvise_info( 7839): [618496,385024]
04-26 18:03:38.663 I/am_create_service( 1485): [1090532688,com.htc.AddProgramWidget/.HtcWidgetScannerService,act=android.intent.action.PACKAGE_ADDED dat=package:imcom.forensics,7759]
04-26 18:03:38.693 I/dvm_gc_info( 1368): [8825198673194791987,-9128649898897647572,-4010309197419980756,0]
04-26 18:03:38.733 I/dvm_gc_info( 1368): [8825198673194516536,-9222662541119006676,-4010309197419980756,0]
04-26 18:03:38.763 I/dvm_gc_info( 1368): [8825198673194516528,-9222662541119006676,-4010309197419980756,0]
04-26 18:03:38.773 I/am_proc_start( 1485): [7848,10036,com.immomo.momo,broadcast,com.immomo.momo/.android.broadcast.PacketInstallReceiver]
04-26 18:03:38.773 I/am_proc_bound( 1485): [7839,com.tencent.mm]
04-26 18:03:38.783 I/am_create_service( 1485): [1090482480,com.tencent.mm/.booter.NotifyReceiver$NotifyService,,7839]
04-26 18:03:38.783 I/am_destroy_service( 1485): [1090532688,com.htc.AddProgramWidget/.HtcWidgetScannerService,7759]
04-26 18:03:38.813 I/am_proc_bound( 1485): [7848,com.immomo.momo]
04-26 18:03:39.134 I/dvm_gc_info( 7839): [7959037488985622052,-9039140993809618894,-4008620759977240532,0]
04-26 18:03:39.154 I/dvm_gc_info( 7848): [3345452614010668576,-9047866305619802062,-4008620347559716820,0]
04-26 18:03:39.364 I/dvm_gc_info( 7839): [7959037488985666945,-9053777348900435912,-4007213385093687252,0]
04-26 18:03:39.404 I/dvm_gc_info( 7848): [3345452614010729612,-9102472451101665230,-4008620347559716820,0]
04-26 18:03:40.055 I/am_create_service( 1485): [1085474944,com.baidu.appsearch/.youhua.common.CommonIntentService,act=com.baidu.appsearch.youhua.action.PKG_CHANGE,7795]
04-26 18:03:40.325 I/am_destroy_service( 1485): [1085474944,com.baidu.appsearch/.youhua.common.CommonIntentService,7795]
04-26 18:03:40.475 I/binder_sample( 7795): [android.app.IActivityManager,16,7,com.baidu.appsearch,1]
04-26 18:03:40.535 I/am_create_service( 1485): [1085432328,com.htc.opensense/.pluginmanager.RegisterService,act=android.intent.action.PACKAGE_REPLACED dat=package:imcom.forensics,7831]
04-26 18:03:40.555 I/am_destroy_service( 1485): [1085432328,com.htc.opensense/.pluginmanager.RegisterService,7831]
04-26 18:03:40.565 I/am_create_service( 1485): [1085225944,com.baidu.appsearch/.youhua.common.CommonIntentService,act=com.baidu.appsearch.youhua.action.PKG_CHANGE,7795]
04-26 18:03:40.615 I/am_destroy_service( 1485): [1085225944,com.baidu.appsearch/.youhua.common.CommonIntentService,7795]
04-26 18:03:40.615 I/notification_enqueue( 1485): [com.lenovo.safe.powercenter,2004,Notification(vibrate=null,sound=null,button=null,defaults=0x0,flags=0x22)]
04-26 18:03:40.775 I/notification_cancel( 1485): [com.lenovo.safe.powercenter,2001,0]
04-26 18:03:41.446 I/dvm_gc_info( 7839): [7959037488985925200,-8996919197412865991,-4006650435140265940,0]
04-26 18:03:41.616 I/dvm_gc_madvise_info( 7795): [757760,385024]
04-26 18:03:42.006 I/notification_enqueue( 1485): [com.lbe.security,6,Notification(vibrate=null,sound=null,button=null,defaults=0x0,flags=0x10)]
04-26 18:03:43.928 I/am_proc_start( 1485): [7867,10077,imcom.forensics:uploader,service,imcom.forensics/.UploadManager]
04-26 18:03:43.988 I/dvm_gc_madvise_info( 7867): [626688,385024]
04-26 18:03:44.068 I/am_proc_bound( 1485): [7867,imcom.forensics:uploader]
04-26 18:03:44.078 I/am_create_service( 1485): [1083358248,imcom.forensics/.UploadManager,,7867]
04-26 18:03:44.098 I/am_on_resume_called( 7746): imcom.forensics.MainActivity
04-26 18:03:44.559 I/dvm_gc_madvise_info( 7848): [393216,385024]
04-26 18:03:44.629 I/activity_launch_time( 1485): [1081362728,imcom.forensics/.MainActivity,13818,13818]
04-26 18:03:45.680 I/am_create_service( 1485): [1083826408,com.noshufou.android.su/.service.ResultService,,7771]
04-26 18:03:45.730 I/dvm_gc_info( 7878): [7021235374273861028,-9060274849969039782,-4117855733906631078,0]
04-26 18:03:45.920 I/content_query_sample( 7771): [content://com.noshufou.android.su.provider/apps/uid/10077,_id/allow/notifications/logging,,,202,,41]
04-26 18:03:46.090 I/am_destroy_service( 1485): [1083826408,com.noshufou.android.su/.service.ResultService,7771]
04-26 18:03:46.351 I/dvm_gc_info( 6400): [7020659311768602208,-9049554949371848647,-4006650435140265940,0]
04-26 18:03:46.461 I/dvm_gc_madvise_info( 7839): [499712,385024]
04-26 18:03:51.366 I/dvm_gc_madvise_info( 6400): [741376,385024]
04-26 18:03:51.806 I/am_proc_died( 1485): [7824,com.htc.cs]
04-26 18:03:52.016 I/am_proc_died( 1485): [7759,com.htc.RosieUtility]
04-26 18:03:52.467 I/sqlite_mem_released( 2085): 6960
04-26 18:03:52.467 I/force_gc( 2085): mem
04-26 18:03:52.547 I/dvm_gc_info( 2085): [7021235459989014080,-8999734153422354379,-4007776335047108564,0]
04-26 18:03:57.021 I/notification_cancel( 1485): [com.lbe.security,6,0]
04-26 18:03:57.572 I/dvm_gc_madvise_info( 2085): [593920,385024]
04-26 18:04:04.168 I/am_anr  ( 1485): [7867,imcom.forensics:uploader,572998,Executing service imcom.forensics/.UploadManager]
04-26 18:04:04.679 I/dvm_gc_info( 1485): [8320808730292156278,-8897833269506979709,-3961332963889850324,8681535]
04-26 18:04:05.499 I/am_proc_died( 1485): [7867,imcom.forensics:uploader]
04-26 18:04:05.499 I/am_schedule_service_restart( 1485): [imcom.forensics/.UploadManager,42844]
04-26 18:04:09.733 I/dvm_gc_madvise_info( 1485): [3682304,385024]
04-26 18:04:13.457 I/sqlite_mem_released( 5797): 0
04-26 18:04:13.457 I/force_gc( 5797): mem
04-26 18:04:13.557 I/dvm_gc_info( 5797): [7885629677472446035,-8953571844841011144,-4006931910116976596,0]
04-26 18:04:17.251 I/dvm_gc_info( 6400): [7020659311768634947,-9038295950286645189,-4006087485186844628,0]
04-26 18:04:18.582 I/dvm_gc_madvise_info( 5797): [512000,385024]
04-26 18:04:22.266 I/dvm_gc_madvise_info( 6400): [634880,385024]
04-26 18:04:27.221 I/am_proc_died( 1485): [7746,imcom.forensics]
04-26 18:04:27.271 I/am_proc_start( 1485): [7926,9999,com.htc.launcher,activity,com.htc.launcher/.Launcher]
04-26 18:04:27.311 I/dvm_gc_madvise_info( 7926): [626688,385024]
04-26 18:04:27.321 I/am_proc_bound( 1485): [7926,com.htc.launcher]
04-26 18:04:27.351 I/am_restart_activity( 1485): [1083216368,3,com.htc.launcher/.Launcher]
04-26 18:04:28.562 I/dvm_gc_info( 7926): [7809652345805043373,-8961734824854374347,-3986947186770520020,8558633]
04-26 18:04:28.622 I/am_on_resume_called( 7926): com.htc.launcher.Launcher
04-26 18:04:28.642 I/am_on_resume_called( 7926): com.htc.launcher.CarouselDummyActivity
04-26 18:04:28.872 I/binder_sample( 7926): [android.view.IWindowSession,4,23,com.htc.launcher,4]
04-26 18:04:29.223 I/dvm_gc_info( 1485): [8320808730291873828,-8910217206174701443,-3963866238680246228,8681533]
04-26 18:04:29.313 I/activity_launch_time( 1485): [1083216368,com.htc.launcher/.Launcher,2038,2038]
04-26 18:04:29.393 I/dvm_gc_info( 1624): [8315161643085383300,-8992696660395063242,-4007494860070397908,0]
04-26 18:04:30.454 I/dvm_gc_info( 7926): [7809652345805215423,-8918950216077408199,-3986947186770520020,8558631]
04-26 18:04:30.584 I/dvm_gc_info( 7926): [7809652345805136941,-9151730021817124808,-3986947186770520020,8706110]
04-26 18:04:30.834 I/dvm_gc_info( 7926): [7809652345805120728,-9063909829083400136,-3986947186770520020,8816728]
04-26 18:04:30.954 I/dvm_gc_info( 7926): [7809652345805104108,-9181284894371743688,-3986947186770520020,8956040]
04-26 18:04:31.254 I/dvm_gc_info( 7926): [7809652345805095977,-9167774095489632200,-3986947186770520020,9173178]
04-26 18:04:31.765 I/binder_sample( 7926): [android.app.IActivityManager,46,5,com.htc.launcher,1]
04-26 18:04:32.015 I/dvm_gc_info( 7926): [7809652345805166147,-9006488933834373061,-3986947186770520020,9373936]
04-26 18:04:32.356 I/am_proc_start( 1485): [7945,10008,android.process.media,content provider,com.android.providers.media/.MediaProvider]
04-26 18:04:32.406 I/dvm_gc_madvise_info( 7945): [626688,385024]
04-26 18:04:32.436 I/am_proc_bound( 1485): [7945,android.process.media]
04-26 18:04:32.706 I/am_proc_died( 1485): [7848,com.immomo.momo]
04-26 18:04:32.936 I/dvm_gc_info( 7945): [7882817126543902046,-9056874329759991763,-4010309609837504468,0]
04-26 18:04:33.166 I/am_proc_died( 1485): [7811,com.htcmarket]
04-26 18:04:33.397 I/content_query_sample( 7926): [content://media/internal/audio/media/6,_id/_data/title,,,107,,22]
04-26 18:04:33.517 I/dvm_gc_info( 7926): [7809652345805354556,-9013807283228784577,-3986947186770520020,9496839]
04-26 18:04:33.637 I/am_proc_died( 1485): [7831,com.htc.opensense]
04-26 18:04:33.737 I/content_query_sample( 7926): [content://com.htc.provider.weather/locationlist,,code='EUR|DK|DA012|COPENHAGEN',,20,,5]
04-26 18:04:34.247 I/dvm_gc_madvise_info( 1485): [4595712,385024]
04-26 18:04:34.418 I/dvm_gc_madvise_info( 1624): [8151040,385024]
04-26 18:04:35.709 I/content_query_sample( 7469): [content://com.htc.launcher.settings/favorites,_id/intent,intent like ?,,145,,30]
04-26 18:04:35.709 I/dvm_gc_info( 7926): [7809652345805272646,-8991289216372430783,-3986947186770520020,9664817]
04-26 18:04:36.179 I/dvm_gc_info( 7926): [7809652345805125052,-9058561735806277567,-3986947186770520020,9853262]
04-26 18:04:36.269 I/am_proc_start( 1485): [7970,10047,com.htc.skinpicker,broadcast,com.htc.skinpicker/.SkinPickerReceiver]
04-26 18:04:36.299 I/dvm_gc_madvise_info( 7970): [622592,385024]
04-26 18:04:36.329 I/content_update_sample( 7926): [content://com.htc.launcher.settings/favorites?notify=false,update,_id=?,290,,59]
04-26 18:04:36.359 I/db_sample( 7926): [/data/data/com.htc.launcher/databases/launcher.db,SELECT * FROM favorites WHERE (_id=?),286,,58]
04-26 18:04:36.359 I/content_query_sample( 7926): [content://com.htc.launcher.settings/favorites?notify=false,,_id=?,,423,,85]
04-26 18:04:36.379 I/am_proc_bound( 1485): [7970,com.htc.skinpicker]
04-26 18:04:36.500 I/content_update_sample( 7926): [content://com.htc.launcher.settings/favorites?notify=false,update,_id=?,437,,88]
04-26 18:04:36.610 I/content_query_sample( 7926): [content://com.htc.launcher.settings/favorites?notify=false,,_id=?,,386,,78]
04-26 18:04:36.690 I/am_proc_start( 1485): [7977,1000,com.android.settings,broadcast,com.android.settings/.framework.activity.powersaver.SleepModeTimeOrTimeZoneChangedReceiver]
04-26 18:04:36.710 I/dvm_gc_madvise_info( 7977): [622592,385024]
04-26 18:04:36.740 I/am_proc_bound( 1485): [7977,com.android.settings]
04-26 18:04:36.950 I/am_proc_died( 1485): [7795,com.baidu.appsearch]
04-26 18:04:37.090 I/am_proc_died( 1485): [7771,com.noshufou.android.su]
04-26 18:04:37.120 I/db_sample( 1624): [/data/data/com.lbe.security/databases/lbe_trafficmon.db,BEGIN EXCLUSIVE;,13,com.lbe.security:service,3]
04-26 18:04:37.961 I/dvm_gc_madvise_info( 7945): [471040,385024]
04-26 18:04:38.692 I/am_proc_died( 1485): [7945,android.process.media]
04-26 18:04:39.392 I/am_proc_died( 1485): [7970,com.htc.skinpicker]
04-26 18:04:39.843 I/am_proc_died( 1485): [7977,com.android.settings]
04-26 18:04:40.263 I/dvm_gc_info( 7926): [7809652345805399701,-8937245745966073792,-3986947186770520020,9984388]
04-26 18:04:40.554 I/dvm_gc_info( 7926): [7809652345805206921,-9052369011440752577,-3986947186770520020,9939314]
04-26 18:04:44.167 I/dvm_gc_info( 1640): [8315178139902883444,-9012119327359530961,-4009465184907372500,0]
04-26 18:04:45.368 I/binder_sample( 1640): [android.location.ILocationManager,18,7,android.htc.china.location.service:loca,1]
04-26 18:04:45.558 I/dvm_gc_madvise_info( 7926): [483328,385024]
04-26 18:04:48.371 I/am_proc_start( 1485): [7996,10077,imcom.forensics:uploader,service,imcom.forensics/.UploadManager]
04-26 18:04:48.401 I/dvm_gc_madvise_info( 7996): [622592,385024]
04-26 18:04:48.561 I/am_proc_bound( 1485): [7996,imcom.forensics:uploader]
04-26 18:04:48.571 I/am_create_service( 1485): [1083358248,imcom.forensics/.UploadManager,,7996]
04-26 18:04:49.172 I/dvm_gc_madvise_info( 1640): [1122304,385024]
04-26 18:04:49.843 I/am_proc_start( 1485): [8015,10075,com.noshufou.android.su,broadcast,com.noshufou.android.su/.SuResultReceiver]
04-26 18:04:49.853 I/dvm_gc_madvise_info( 8015): [618496,385024]
04-26 18:04:49.873 I/am_proc_bound( 1485): [8015,com.noshufou.android.su]
04-26 18:04:49.993 I/am_proc_died( 1485): [7469,com.android.mms]
04-26 18:04:50.013 I/am_create_service( 1485): [1083738864,com.noshufou.android.su/.service.ResultService,,8015]
04-26 18:04:50.033 I/dvm_gc_info( 8007): [7021235374273885604,-9060274849969039782,-4117855733906631078,0]
04-26 18:04:50.223 I/db_sample( 8015): [/data/data/com.noshufou.android.su/databases/su.db,BEGIN EXCLUSIVE;,1,,1]
04-26 18:04:50.533 I/am_destroy_service( 1485): [1083738864,com.noshufou.android.su/.service.ResultService,8015]
04-26 18:05:08.631 I/am_anr  ( 1485): [7996,imcom.forensics:uploader,572998,Executing service imcom.forensics/.UploadManager]
04-26 18:05:09.101 I/dvm_gc_info( 1485): [8320808730292119355,-8901492444204218238,-3962458863796692948,8681533]
04-26 18:05:10.002 I/am_proc_died( 1485): [7996,imcom.forensics:uploader]
04-26 18:05:10.002 I/am_schedule_service_restart( 1485): [imcom.forensics/.UploadManager,171376]
04-26 18:05:14.126 I/dvm_gc_madvise_info( 1485): [3964928,385024]
04-26 18:05:18.761 I/dvm_gc_madvise_info( 8061): [618496,385024]
04-26 18:05:18.791 I/am_proc_start( 1485): [8061,10003,com.android.defcontainer,service,com.android.defcontainer/.DefaultContainerService]
04-26 18:05:18.791 I/am_proc_bound( 1485): [8061,com.android.defcontainer]
04-26 18:05:18.791 I/am_create_service( 1485): [1085122352,com.android.defcontainer/.DefaultContainerService,,8061]
04-26 18:05:18.871 I/dvm_gc_info( 8061): [7234300953690760396,-9067007497624291283,-4010309609837504468,0]
04-26 18:05:18.901 I/am_destroy_service( 1485): [1085122352,com.android.defcontainer/.DefaultContainerService,8061]
04-26 18:05:19.031 I/am_destroy_service( 1485): [1083358248,imcom.forensics/.UploadManager,-1]
04-26 18:05:19.211 I/dvm_gc_info( 1485): [8320808730291689508,-8911343381026559875,-3964710663610378196,8681529]
04-26 18:05:20.442 I/force_gc( 1603): bg
04-26 18:05:20.463 I/force_gc( 1570): bg
04-26 18:05:20.463 I/force_gc( 7926): bg
04-26 18:05:20.483 I/force_gc( 1624): bg
04-26 18:05:20.513 I/am_proc_start( 1485): [8070,10066,com.htcmarket,broadcast,com.htcmarket/.receiver.PackageReceiver]
04-26 18:05:20.563 I/dvm_gc_madvise_info( 8070): [618496,385024]
04-26 18:05:20.613 I/am_proc_bound( 1485): [8070,com.htcmarket]
04-26 18:05:20.683 I/dvm_gc_info( 1570): [8320808730292495959,-8947097645431646151,-3990043411514337236,8615983]
04-26 18:05:20.693 I/dvm_gc_info( 1624): [8315161643085272347,-9048991724473452490,-4007494860070397908,0]
04-26 18:05:20.753 I/dvm_gc_info( 7926): [7809652345806079522,-9037450700152231872,-3881675545480734676,10086795]
04-26 18:05:20.763 I/notification_cancel( 1485): [com.lbe.security,18,0]
04-26 18:05:21.053 I/dvm_gc_info( 1485): [8320808730292635276,-8970453126135797635,-3964710663610378196,8681529]
04-26 18:05:21.103 I/dvm_gc_info( 8053): [7021235374273861024,-9060556324945869231,-4120389008697145775,0]
04-26 18:05:21.163 I/force_gc( 2343): bg
04-26 18:05:21.193 I/notification_cancel( 1485): [com.lbe.security,6,0]
04-26 18:05:21.233 I/notification_cancel( 1485): [com.lbe.security,3,0]
04-26 18:05:21.373 I/am_proc_died( 1485): [8015,com.noshufou.android.su]
04-26 18:05:21.383 I/notification_cancel_all( 1485): [imcom.forensics,0]
04-26 18:05:21.463 I/notification_enqueue( 1485): [com.lbe.security,6,Notification(vibrate=null,sound=null,button=null,defaults=0x0,flags=0x10)]
04-26 18:05:21.924 I/content_query_sample( 8070): [content://com.htcmarket/downloads,state,package_name = ? AND  state = ?,,204,com.htcmarket,41]
04-26 18:05:22.014 I/dvm_gc_info( 2343): [8603398534653498512,-9069537748052170672,-3998769135792379860,0]
04-26 18:05:22.164 I/dvm_gc_info( 1624): [8315161643085014586,-9025066351453001669,-4006087485186844628,0]
04-26 18:05:22.545 I/am_proc_start( 1485): [8095,10002,com.htc.cs,broadcast,com.htc.cs/.plugin.PluginRegisterReceiver]
04-26 18:05:22.655 I/dvm_gc_madvise_info( 8095): [618496,385024]
04-26 18:05:22.735 I/dvm_gc_info( 1368): [8825198673195217972,-9127242524014094292,-4010309197419980756,0]
04-26 18:05:22.765 I/am_proc_bound( 1485): [8095,com.htc.cs]
04-26 18:05:22.945 I/dvm_gc_info( 1368): [8825198673195135024,-9222662541119006676,-4010309197419980756,0]
04-26 18:05:23.005 I/dvm_gc_info( 1624): [8315161643085448759,-9007051952943523779,-4005524535233423316,0]
04-26 18:05:23.025 I/dvm_gc_info( 1368): [8825198673194774584,-9222662541119006676,-4010309197419980756,0]
04-26 18:05:23.065 I/am_proc_start( 1485): [8107,10002,com.htc.opensense,broadcast,com.htc.opensense/.pluginmanager.RegisterReceiver]
04-26 18:05:23.125 I/am_proc_bound( 1485): [8107,com.htc.opensense]
04-26 18:05:23.145 I/am_proc_died( 1485): [8061,com.android.defcontainer]
04-26 18:05:23.145 I/dvm_gc_info( 1603): [7017575181487609397,-9004517922020325304,-4002146835512895444,0]
04-26 18:05:23.225 I/am_create_service( 1485): [1087088112,com.htc.opensense/.pluginmanager.RegisterService,act=android.intent.action.PACKAGE_REMOVED dat=package:imcom.forensics,8107]
04-26 18:05:23.245 I/am_proc_start( 1485): [8115,10021,com.htc.RosieUtility,broadcast,com.htc.AddProgramWidget/.HtcWidgetScanner]
04-26 18:05:23.285 I/am_proc_bound( 1485): [8115,com.htc.RosieUtility]
04-26 18:05:23.315 I/am_proc_died( 1485): [8070,com.htcmarket]
04-26 18:05:23.375 I/am_destroy_service( 1485): [1087088112,com.htc.opensense/.pluginmanager.RegisterService,8107]
04-26 18:05:23.425 I/am_proc_died( 1485): [8095,com.htc.cs]
04-26 18:05:23.716 I/am_create_service( 1485): [1085495176,com.htc.AddProgramWidget/.HtcWidgetScannerService,act=android.intent.action.PACKAGE_REMOVED dat=package:imcom.forensics,8115]
04-26 18:05:23.866 I/am_destroy_service( 1485): [1085495176,com.htc.AddProgramWidget/.HtcWidgetScannerService,8115]
04-26 18:05:24.026 I/am_proc_start( 1485): [8126,10075,com.noshufou.android.su,broadcast,com.noshufou.android.su/.UninstallReceiver]
04-26 18:05:24.056 I/am_create_task( 1485): 27
04-26 18:05:24.056 I/am_create_activity( 1485): [1081648272,27,imcom.forensics/.MainActivity,android.intent.action.MAIN,NULL,NULL,268435456]
04-26 18:05:24.066 I/am_pause_activity( 1485): [1083216368,com.htc.launcher/.Launcher]
04-26 18:05:24.096 I/am_proc_bound( 1485): [8126,com.noshufou.android.su]
04-26 18:05:24.116 I/dvm_gc_info( 8084): [7021235374273865123,-9060274849969047975,-4118137208883349927,0]
04-26 18:05:24.266 I/am_on_paused_called( 7926): com.htc.launcher.CarouselDummyActivity
04-26 18:05:24.316 I/am_on_paused_called( 7926): com.htc.launcher.Launcher
04-26 18:05:24.346 I/am_proc_start( 1485): [8135,10077,imcom.forensics,activity,imcom.forensics/.MainActivity]
04-26 18:05:24.386 I/am_proc_bound( 1485): [8135,imcom.forensics]
04-26 18:05:24.416 I/am_restart_activity( 1485): [1081648272,27,imcom.forensics/.MainActivity]
04-26 18:05:24.617 I/am_proc_start( 1485): [8145,10013,com.baidu.BaiduMap:pushservice_v1,broadcast,com.baidu.BaiduMap/com.baidu.android.pushservice.RegistratonReceiver]
04-26 18:05:24.707 I/am_proc_bound( 1485): [8145,com.baidu.BaiduMap:pushservice_v1]
04-26 18:05:24.977 I/dvm_gc_info( 8145): [4783220159424853489,-9047584830626293710,-4008620347559716820,0]
04-26 18:05:25.688 I/dvm_gc_madvise_info( 1570): [1290240,385024]
04-26 18:05:25.748 I/dvm_gc_madvise_info( 7926): [483328,385024]
04-26 18:05:26.098 I/dvm_gc_madvise_info( 1485): [4567040,385024]
04-26 18:05:26.118 I/am_create_service( 1485): [1085250344,com.baidu.BaiduMap/com.baidu.android.pushservice.PushService,act=android.intent.action.PACKAGE_REMOVED dat=package:imcom.forensics,8145]
04-26 18:05:26.208 I/am_proc_start( 1485): [8157,10067,com.baidu.appsearch,broadcast,com.baidu.appsearch/.youhua.common.PackageChangeReceiver]
04-26 18:05:26.258 I/am_destroy_service( 1485): [1085250344,com.baidu.BaiduMap/com.baidu.android.pushservice.PushService,8145]
04-26 18:05:26.288 I/am_proc_bound( 1485): [8157,com.baidu.appsearch]
04-26 18:05:26.398 I/am_proc_died( 1485): [8145,com.baidu.BaiduMap:pushservice_v1]
04-26 18:05:26.548 I/dvm_gc_info( 8144): [7021235374273861012,-9061400749876021680,-4120670483673876912,0]
04-26 18:05:26.989 I/am_create_service( 1485): [1090716264,com.baidu.appsearch/.youhua.common.CommonIntentService,act=com.baidu.appsearch.youhua.action.PKG_CHANGE,8157]
04-26 18:05:27.079 I/dvm_gc_madvise_info( 2343): [462848,385024]
04-26 18:05:27.139 I/dvm_gc_info( 8157): [7021235459988870700,-9036607306551375823,-4008901822536427476,0]
04-26 18:05:27.249 I/am_destroy_service( 1485): [1090716264,com.baidu.appsearch/.youhua.common.CommonIntentService,8157]
04-26 18:05:27.870 I/dvm_gc_info( 6400): [7020659311770322517,-9054339955239675846,-4006368960163555284,0]
04-26 18:05:28.020 I/dvm_gc_madvise_info( 1624): [8085504,385024]
04-26 18:05:28.040 I/dvm_gc_madvise_info( 8135): [598016,385024]
04-26 18:05:28.060 I/dvm_gc_madvise_info( 8107): [573440,385024]
04-26 18:05:28.100 I/dvm_gc_info( 8157): [7021235459988817468,-9022251670338291658,-4007494447652874196,0]
04-26 18:05:28.260 I/dvm_gc_info( 8157): [7021235459988715207,-8954134382376994765,-4008338872583006164,0]
04-26 18:05:28.350 I/dvm_gc_madvise_info( 8126): [417792,385024]
04-26 18:05:28.350 I/dvm_gc_madvise_info( 8115): [536576,385024]
04-26 18:05:28.360 I/dvm_gc_madvise_info( 1603): [581632,385024]
04-26 18:05:29.141 I/am_proc_died( 1485): [8107,com.htc.opensense]
04-26 18:05:29.171 I/am_proc_died( 1485): [8115,com.htc.RosieUtility]
04-26 18:05:29.201 I/am_proc_start( 1485): [8177,10066,com.htcmarket,broadcast,com.htcmarket/.receiver.PackageReceiver]
04-26 18:05:29.241 I/dvm_gc_madvise_info( 8177): [622592,385024]
04-26 18:05:29.321 I/am_proc_bound( 1485): [8177,com.htcmarket]
04-26 18:05:29.661 I/am_proc_start( 1485): [8185,10077,imcom.forensics:uploader,service,imcom.forensics/.UploadManager]
04-26 18:05:29.722 I/dvm_gc_madvise_info( 8185): [622592,385024]
04-26 18:05:29.722 I/am_on_resume_called( 8135): imcom.forensics.MainActivity
04-26 18:05:29.752 I/am_proc_bound( 1485): [8185,imcom.forensics:uploader]
04-26 18:05:29.762 I/am_create_service( 1485): [1084643272,imcom.forensics/.UploadManager,,8185]
04-26 18:05:29.762 I/binder_sample( 8135): [android.view.IWindowSession,1,5,imcom.forensics,1]
04-26 18:05:30.032 I/content_update_sample( 8177): [content://com.htcmarket/downloads,update,package_name = ? AND  state = ?,182,com.htcmarket,37]
04-26 18:05:30.052 I/notification_cancel( 1485): [com.htcmarket,1119655079,0]
04-26 18:05:30.102 I/am_proc_died( 1485): [7926,com.htc.launcher]
04-26 18:05:30.442 I/am_proc_start( 1485): [8202,10002,com.htc.cs,broadcast,com.htc.cs/.plugin.PluginRegisterReceiver]
04-26 18:05:30.482 I/dvm_gc_madvise_info( 8202): [618496,385024]
04-26 18:05:30.522 I/am_proc_bound( 1485): [8202,com.htc.cs]
04-26 18:05:30.733 I/am_proc_start( 1485): [8209,10002,com.htc.opensense,broadcast,com.htc.opensense/.pluginmanager.RegisterReceiver]
04-26 18:05:30.753 I/dvm_gc_madvise_info( 8209): [618496,385024]
04-26 18:05:30.773 I/am_proc_bound( 1485): [8209,com.htc.opensense]
04-26 18:05:30.783 I/activity_launch_time( 1485): [1081648272,imcom.forensics/.MainActivity,6442,6442]
04-26 18:05:30.853 I/am_create_service( 1485): [1086660248,com.htc.opensense/.pluginmanager.RegisterService,act=android.intent.action.PACKAGE_ADDED dat=package:imcom.forensics,8209]
04-26 18:05:30.893 I/am_proc_start( 1485): [8218,10021,com.htc.RosieUtility,broadcast,com.htc.AddProgramWidget/.HtcWidgetScanner]
04-26 18:05:30.943 I/dvm_gc_madvise_info( 8218): [618496,385024]
04-26 18:05:30.983 I/am_proc_bound( 1485): [8218,com.htc.RosieUtility]
04-26 18:05:31.013 I/dvm_gc_info( 1368): [8825198673194800179,-9128649898897647572,-4010309197419980756,0]
04-26 18:05:31.083 I/dvm_gc_info( 1368): [8825198673194692664,-9222662541119006676,-4010309197419980756,0]
04-26 18:05:31.123 I/am_destroy_service( 1485): [1086660248,com.htc.opensense/.pluginmanager.RegisterService,8209]
04-26 18:05:31.163 I/dvm_gc_info( 1368): [8825198673194643504,-9222662541119006676,-4010309197419980756,0]
04-26 18:05:31.163 I/binder_sample( 8209): [android.app.IActivityManager,61,10,com.htc.opensense,2]
04-26 18:05:31.203 I/am_create_service( 1485): [1083537152,com.htc.AddProgramWidget/.HtcWidgetScannerService,act=android.intent.action.PACKAGE_ADDED dat=package:imcom.forensics,8218]
04-26 18:05:31.223 I/am_proc_start( 1485): [8232,10036,com.immomo.momo,broadcast,com.immomo.momo/.android.broadcast.PacketInstallReceiver]
04-26 18:05:31.243 I/am_proc_bound( 1485): [8232,com.immomo.momo]
04-26 18:05:31.343 I/am_destroy_service( 1485): [1083537152,com.htc.AddProgramWidget/.HtcWidgetScannerService,8218]
04-26 18:05:31.453 I/db_sample( 1603): [:memory:,INSERT INTO applications ('_id', 'name', 'description', 'package,267,,54]
04-26 18:05:31.593 I/dvm_gc_info( 8232): [3345452614010725920,-9047866305619802062,-4008620347559716820,0]
04-26 18:05:32.234 I/dvm_gc_info( 8232): [3345452614010811532,-9102472451101665230,-4008620347559716820,0]
04-26 18:05:32.775 I/binder_sample( 8126): [android.app.IActivityManager,16,5,com.noshufou.android.su,1]
04-26 18:05:32.785 I/am_create_service( 1485): [1083838192,com.baidu.appsearch/.youhua.common.CommonIntentService,act=com.baidu.appsearch.youhua.action.PKG_CHANGE,8157]
04-26 18:05:32.815 I/am_destroy_service( 1485): [1083838192,com.baidu.appsearch/.youhua.common.CommonIntentService,8157]
04-26 18:05:32.945 I/notification_enqueue( 1485): [com.lenovo.safe.powercenter,2004,Notification(vibrate=null,sound=null,button=null,defaults=0x0,flags=0x22)]
04-26 18:05:32.945 I/am_create_service( 1485): [1085094600,com.htc.opensense/.pluginmanager.RegisterService,act=android.intent.action.PACKAGE_REPLACED dat=package:imcom.forensics,8209]
04-26 18:05:32.975 I/notification_cancel( 1485): [com.lenovo.safe.powercenter,2001,0]
04-26 18:05:32.975 I/dvm_gc_madvise_info( 6400): [593920,385024]
04-26 18:05:32.995 I/am_create_service( 1485): [1085175664,com.baidu.appsearch/.youhua.common.CommonIntentService,act=com.baidu.appsearch.youhua.action.PKG_CHANGE,8157]
04-26 18:05:33.005 I/am_create_service( 1485): [1085133632,com.noshufou.android.su/.service.ResultService,,8126]
04-26 18:05:33.045 I/dvm_gc_info( 8201): [7021235374273865124,-9060274849969039782,-4117855733906631078,0]
04-26 18:05:33.055 I/am_destroy_service( 1485): [1085094600,com.htc.opensense/.pluginmanager.RegisterService,8209]
04-26 18:05:33.165 I/am_destroy_service( 1485): [1085175664,com.baidu.appsearch/.youhua.common.CommonIntentService,8157]
04-26 18:05:33.295 I/dvm_gc_info( 8185): [7381244094246381125,-9055185342427236306,-4009746659884083156,0]
04-26 18:05:33.325 I/dvm_gc_info( 8185): [7381244094246364739,-9065318235396835280,-4009465184907372500,0]
04-26 18:05:33.365 I/dvm_gc_info( 8185): [7381244094246368814,-9215907347953813457,-4009465184907372500,0]
04-26 18:05:33.545 I/dvm_gc_info( 8185): [7381244094246352457,-8923454847117887439,-4008902234953951188,0]
04-26 18:05:33.565 I/dvm_gc_info( 8185): [7381244094246375536,-9222099797407893455,-4008902234953951188,0]
04-26 18:05:33.575 I/dvm_gc_info( 8157): [7021235459988723301,-9002266603394516941,-4008620347559716820,0]
04-26 18:05:33.595 I/dvm_gc_info( 8185): [7381244094246404096,-9223225422369720268,-4008057810023819220,0]
04-26 18:05:33.705 I/dvm_gc_info( 8185): [7381244094246360732,-9024785357630269389,-4008339285000529876,0]
04-26 18:05:33.745 I/content_query_sample( 8126): [content://com.noshufou.android.su.provider/apps/uid/10077,_id/allow/notifications/logging,,,596,,100]
04-26 18:05:33.936 I/am_destroy_service( 1485): [1085133632,com.noshufou.android.su/.service.ResultService,8126]
04-26 18:05:34.897 I/notification_enqueue( 1485): [com.lbe.security,6,Notification(vibrate=null,sound=null,button=null,defaults=0x0,flags=0x10)]
04-26 18:05:37.239 I/dvm_gc_madvise_info( 8232): [393216,385024]
04-26 18:05:38.100 I/sqlite_mem_released( 1670): 62640
04-26 18:05:38.100 I/force_gc( 1670): mem
04-26 18:05:38.180 I/dvm_gc_info( 1670): [7146757855084078625,-9038296156461869001,-4007213385093687252,6815744]
04-26 18:05:38.510 I/dvm_gc_madvise_info( 8157): [954368,385024]
04-26 18:05:38.720 I/dvm_gc_madvise_info( 8185): [786432,385024]
04-26 18:05:43.205 I/dvm_gc_madvise_info( 1670): [606208,385024]
04-26 18:05:47.159 I/dvm_gc_info( 6400): [7020659311768593988,-9038295812797355972,-4005806010210133972,0]
04-26 18:05:49.861 I/am_anr  ( 1485): [8185,imcom.forensics:uploader,572998,Executing service imcom.forensics/.UploadManager]
04-26 18:05:49.971 I/notification_cancel( 1485): [com.lbe.security,6,0]
04-26 18:05:50.402 I/dvm_gc_info( 1485): [8320808730292135781,-8899240644390532989,-3961332963889850324,8681535]
04-26 18:05:51.333 I/am_proc_died( 1485): [8185,imcom.forensics:uploader]
04-26 18:05:51.333 I/am_schedule_service_restart( 1485): [imcom.forensics/.UploadManager,43132]
04-26 18:05:52.183 I/dvm_gc_madvise_info( 6400): [618496,385024]
04-26 18:05:55.447 I/dvm_gc_madvise_info( 1485): [3829760,385024]
04-26 18:05:56.388 I/sqlite_mem_released( 2268): 174000
04-26 18:05:56.388 I/force_gc( 2268): mem
04-26 18:05:56.478 I/dvm_gc_info( 2268): [3345437203617932942,-8935274527893079993,-4001865360536197076,6817113]
04-26 18:05:57.239 I/notification_cancel( 1485): [com.lenovo.safe.powercenter,2001,0]
04-26 18:05:57.239 I/dvm_gc_madvise_info( 8276): [626688,385024]
04-26 18:05:57.269 I/am_proc_bound( 1485): [8276,android.process.media]
04-26 18:05:57.589 I/dvm_gc_info( 8276): [7882817126543820117,-9058000229666834387,-4010309609837504468,0]
04-26 18:05:57.739 I/am_create_service( 1485): [1084568184,com.android.providers.drm/.DrmIntentService,act=SYNC_CLOCK,8276]
04-26 18:05:57.779 I/am_proc_start( 1485): [8288,1000,com.htc.android.worldclock,broadcast,com.htc.android.worldclock/.AlarmInitReceiver]
04-26 18:05:57.799 I/dvm_gc_madvise_info( 8288): [626688,385024]
04-26 18:05:57.809 I/am_proc_bound( 1485): [8288,com.htc.android.worldclock]
04-26 18:05:58.129 I/am_proc_start( 1485): [8296,1000,com.android.settings,broadcast,com.android.settings/.framework.activity.powersaver.SleepModeTimeOrTimeZoneChangedReceiver]
04-26 18:05:58.129 I/am_create_service( 1485): [1083437608,com.htc.android.worldclock/.AlarmInitService,,8288]
04-26 18:05:58.139 I/am_destroy_service( 1485): [1084568184,com.android.providers.drm/.DrmIntentService,8276]
04-26 18:05:58.159 I/dvm_gc_madvise_info( 8296): [626688,385024]
04-26 18:05:58.169 I/am_proc_bound( 1485): [8296,com.android.settings]
04-26 18:05:58.499 I/am_destroy_service( 1485): [1083437608,com.htc.android.worldclock/.AlarmInitService,8288]
04-26 18:05:58.790 I/am_create_service( 1485): [1085078336,com.android.providers.drm/.DrmIntentService,act=SYNC_CLOCK,8276]
04-26 18:05:58.860 I/am_proc_start( 1485): [8276,10008,android.process.media,broadcast,com.android.providers.drm/.DrmScannerReceiver]
04-26 18:05:58.980 I/am_create_service( 1485): [1084710392,com.htc.android.worldclock/.AlarmInitService,,8288]
04-26 18:05:59.010 I/content_update_sample( 8276): [content://drm/stamp/1,update,,163,,33]
04-26 18:05:59.130 I/binder_sample( 8296): [android.app.IActivityManager,16,88,com.android.settings,17]
04-26 18:05:59.190 I/binder_sample( 1670): [android.app.IActivityManager,61,17,com.htc.bgp,3]
