04-26 18:12:48.249 I/content_query_sample( 2268): [content://mail/notification,sum(_number),_type = 1 AND _accountid IN (SELECT _id from accounts) ,,307,,62]
04-26 18:12:48.479 I/dvm_gc_info(10132): [7218827569570063940,-9021126595316910030,-4008902234953951188,0]
04-26 18:12:48.799 I/binder_sample(10132): [android.app.IActivityManager,16,39,com.android.mms,7]
04-26 18:12:48.870 I/dvm_gc_info(10037): [7809652345805620796,-9010429377349785535,-3986947186770520020,9677108]
04-26 18:12:49.030 I/db_sample(10037): [/data/data/com.htc.launcher/databases/launcher.db,SELECT _id, intent FROM favorites WHERE (intent like ?),9,,2]
04-26 18:12:49.060 I/content_query_sample( 2268): [content://com.htc.launcher.settings/favorites,_id/intent,intent like ?,,491,,99]
04-26 18:12:49.290 I/am_proc_start( 1485): [10149,10047,com.htc.skinpicker,broadcast,com.htc.skinpicker/.SkinPickerReceiver]
04-26 18:12:49.380 I/am_proc_bound( 1485): [10149,com.htc.skinpicker]
04-26 18:12:49.480 I/content_query_sample(10132): [content://com.android.contacts/raw_contacts,_id/contact_id,account_name=? AND account_type=? AND sourceid=?,,360,,73]
04-26 18:12:49.500 I/binder_sample(10037): [android.view.IWindowSession,3,100,com.htc.launcher,20]
04-26 18:12:49.560 I/dvm_gc_info(10037): [7809652345805600243,-9039421299951007679,-3986947186770520020,9861457]
04-26 18:12:49.610 I/dvm_gc_madvise_info(10116): [471040,385024]
04-26 18:12:50.531 I/am_proc_start( 1485): [10165,1000,com.android.settings,broadcast,com.android.settings/.framework.activity.powersaver.SleepModeTimeOrTimeZoneChangedReceiver]
04-26 18:12:50.541 I/binder_sample(10132): [android.app.IActivityManager,69,1041,com.android.mms,100]
04-26 18:12:50.561 I/am_proc_died( 1485): [9314,com.baidu.appsearch]
04-26 18:12:50.571 I/binder_sample( 2268): [android.app.IActivityManager,69,827,com.htc.android.mail,100]
04-26 18:12:50.591 I/am_proc_bound( 1485): [10165,com.android.settings]
04-26 18:12:50.841 I/am_proc_died( 1485): [10116,android.process.media]
04-26 18:12:51.462 I/am_proc_died( 1485): [10149,com.htc.skinpicker]
04-26 18:12:51.722 I/content_query_sample(10037): [content://com.htc.launcher.settings/favorites?notify=false,,_id=?,,127,,26]
04-26 18:12:51.732 I/dvm_gc_info(10132): [7218827569569846846,-9043363049707214796,-4005524535233423316,6919830]
04-26 18:12:51.752 I/dvm_gc_madvise_info(10165): [393216,385024]
04-26 18:12:51.862 I/dvm_gc_info(10132): [7218827569570222715,-9208588861036373964,-4005524535233423316,6919830]
04-26 18:12:51.933 I/am_proc_died( 1485): [10165,com.android.settings]
04-26 18:12:52.003 I/content_query_sample(10037): [content://com.htc.launcher.settings/favorites?notify=false,,_id=?,,300,,61]
04-26 18:12:52.613 I/am_proc_died( 1485): [10132,com.android.mms]
04-26 18:12:54.145 I/dvm_gc_info(10037): [7809652345805735576,-8943719464271980479,-3986947186770520020,9992583]
04-26 18:12:54.475 I/dvm_gc_info(10037): [7809652345805133156,-9055465030026123200,-3986947186770520020,9955701]
04-26 18:12:56.707 I/force_gc( 1670): bg
04-26 18:12:56.817 I/dvm_gc_info( 1670): [7146757855084221626,-9060814154615515081,-4007213385093687252,6815744]
04-26 18:12:59.500 I/dvm_gc_madvise_info(10037): [536576,385024]
04-26 18:13:01.842 I/dvm_gc_madvise_info( 1670): [577536,385024]
04-26 18:13:03.274 I/dvm_gc_info(10189): [7021235374273856927,-9060556324945877422,-4120107533720443310,0]
04-26 18:13:03.694 I/am_destroy_service( 1485): [1083244104,imcom.forensics/.UploadManager,-1]
04-26 18:13:03.694 I/am_create_task( 1485): 30
04-26 18:13:03.694 I/am_create_activity( 1485): [1084695848,30,imcom.forensics/.MainActivity,android.intent.action.MAIN,NULL,NULL,268435456]
04-26 18:13:03.714 I/am_pause_activity( 1485): [1083216368,com.htc.launcher/.Launcher]
04-26 18:13:03.734 I/dvm_gc_info(10199): [7021235374273881507,-9060274849969047975,-4118137208883349927,0]
04-26 18:13:03.834 I/am_on_paused_called(10037): com.htc.launcher.CarouselDummyActivity
04-26 18:13:03.874 I/am_on_paused_called(10037): com.htc.launcher.Launcher
04-26 18:13:03.884 I/am_proc_start( 1485): [10208,10077,imcom.forensics,activity,imcom.forensics/.MainActivity]
04-26 18:13:03.904 I/dvm_gc_madvise_info(10208): [626688,385024]
04-26 18:13:03.934 I/am_proc_bound( 1485): [10208,imcom.forensics]
04-26 18:13:03.934 I/am_restart_activity( 1485): [1084695848,30,imcom.forensics/.MainActivity]
04-26 18:13:04.525 I/binder_sample(10217): [,1,15,app_process,3]
04-26 18:13:04.535 I/dvm_gc_info(10217): [7021235374273861017,-9061119274899302831,-4120389008697158063,0]
04-26 18:13:06.457 I/am_proc_start( 1485): [10230,10077,imcom.forensics:uploader,service,imcom.forensics/.UploadManager]
04-26 18:13:06.487 I/dvm_gc_madvise_info(10230): [626688,385024]
04-26 18:13:06.497 I/am_on_resume_called(10208): imcom.forensics.MainActivity
04-26 18:13:06.557 I/am_proc_bound( 1485): [10230,imcom.forensics:uploader]
04-26 18:13:06.557 I/am_create_service( 1485): [1086513344,imcom.forensics/.UploadManager,,10230]
04-26 18:13:06.637 I/binder_sample(10208): [android.view.IWindowSession,4,12,imcom.forensics,2]
04-26 18:13:06.967 I/activity_launch_time( 1485): [1084695848,imcom.forensics/.MainActivity,3087,3087]
04-26 18:13:07.368 I/am_proc_start( 1485): [10249,10075,com.noshufou.android.su,broadcast,com.noshufou.android.su/.SuResultReceiver]
04-26 18:13:07.378 I/dvm_gc_madvise_info(10249): [622592,385024]
04-26 18:13:07.398 I/am_proc_bound( 1485): [10249,com.noshufou.android.su]
04-26 18:13:07.518 I/am_create_service( 1485): [1088550272,com.noshufou.android.su/.service.ResultService,,10249]
04-26 18:13:07.538 I/dvm_gc_info(10241): [7021235374273885604,-9060274849969039782,-4117855733906631078,0]
04-26 18:13:08.078 I/db_sample(10249): [/data/data/com.noshufou.android.su/databases/su.db,GETLOCK:SELECT apps._id AS _id, apps.allow, apps.notifications, ,1,,1]
04-26 18:13:08.078 I/content_query_sample(10249): [content://com.noshufou.android.su.provider/apps/uid/10077,_id/allow/notifications/logging,,,440,,89]
04-26 18:13:08.188 I/dvm_gc_info(10230): [7381244094246364755,-9052651998900586450,-4009746659884083156,0]
04-26 18:13:08.228 I/dvm_gc_info(10230): [7381244094246381127,-9069258816351307728,-4009183709930661844,0]
04-26 18:13:08.288 I/dvm_gc_info(10230): [7381244094246348383,-9067851372731500495,-4008902234953951188,0]
04-26 18:13:08.318 I/dvm_gc_info(10230): [7381244094246360612,-9136812742025611215,-4008902234953951188,0]
04-26 18:13:08.339 I/binder_sample(10249): [,1,63,com.noshufou.android.su,12]
04-26 18:13:08.379 I/dvm_gc_info(10230): [7381244094246352462,-9068977272604788686,-4008620759977240532,0]
04-26 18:13:08.499 I/am_destroy_service( 1485): [1088550272,com.noshufou.android.su/.service.ResultService,10249]
04-26 18:13:08.519 I/dvm_gc_info(10230): [7381244094246372981,-9061658717035104204,-4008057810023819220,0]
04-26 18:13:08.559 I/dvm_gc_info(10230): [7381244094246405683,-9095998664193804236,-4008057810023819220,0]
04-26 18:13:08.599 I/dvm_gc_info(10230): [7381244094246360630,-9067851166505961419,-4007776335047108564,0]
04-26 18:13:08.629 I/dvm_gc_info(10230): [7381244094246408192,-9223225009968973767,-4006650435140265940,0]
04-26 18:13:08.669 I/dvm_gc_info(10230): [7381244094246360657,-9060532473463769034,-4007494860070397908,0]
04-26 18:13:08.709 I/dvm_gc_info(10230): [7381244094246420480,-9223224528848750531,-4005524535233423316,0]
04-26 18:13:08.779 I/dvm_gc_info(10230): [7381244094246352506,-9050961843101829064,-4006931910116976596,0]
04-26 18:13:08.799 I/dvm_gc_info(10230): [7381244094246371640,-9221817153965197256,-4006931910116976596,0]
04-26 18:13:08.839 I/dvm_gc_info(10230): [7381244094246404096,-9223223772749957053,-4003835685373159380,0]
04-26 18:13:08.929 I/dvm_gc_info(10230): [7381244094246393505,-9050398137049610180,-4005806010210133972,0]
04-26 18:13:08.959 I/dvm_gc_info(10230): [7381244094246360400,-9067005160675542980,-4005806010210133972,0]
04-26 18:13:08.989 I/dvm_gc_info(10230): [7381244094246400000,-9223222672969893813,-4000739460629342164,0]
04-26 18:13:09.039 I/dvm_gc_info(10230): [7381244094246352555,-9182690276323559359,-4004398635326580692,0]
04-26 18:13:09.059 I/dvm_gc_info(10230): [7381244094246375760,-9221815298086340543,-4004398635326580692,0]
04-26 18:13:09.089 I/dvm_gc_info(10230): [7381244094246404096,-9223222672969893812,-4000739460629342164,0]
04-26 18:13:09.169 I/dvm_gc_info(10230): [7381244094246352737,-9055182111873632194,-4005243060256712660,0]
04-26 18:13:09.259 I/dvm_gc_info(10230): [7381244094246352477,-9059967186477713344,-4004680110303291348,0]
04-26 18:13:09.530 I/dvm_gc_info(10230): [7381244094246426188,-8922888872819623869,-4003835685373159380,0]
04-26 18:13:09.610 I/dvm_gc_info(10230): [7381244094246352519,-9065596686011926461,-4003835685373159380,0]
04-26 18:13:09.750 I/dvm_gc_info(10230): [7381244094246389333,-8921481497936070589,-4003835685373159380,0]
04-26 18:13:09.820 I/dvm_gc_info(10230): [7381244094246352443,-9027597564155987897,-4002428310489606100,0]
04-26 18:13:09.840 I/dvm_gc_info(10230): [7381244094246377060,-9221815298086340539,-4003272735419738068,0]
04-26 18:13:09.860 I/dvm_gc_info(10230): [7381244094246372974,-9220126448226076604,-4003554210396448724,0]
04-26 18:13:09.900 I/dvm_gc_info(10230): [7381244094246400000,-9223222672969893809,-3999613560722499540,0]
04-26 18:13:09.990 I/dvm_gc_info(10230): [7381244094246393176,-9023938389458724785,-3999332085745788884,0]
04-26 18:13:10.280 I/dvm_gc_info(10230): [7381244094246393534,-8904592999333410737,-3999613560722499540,0]
04-26 18:13:10.551 I/dvm_gc_info(10230): [7381244094246348459,-8907689224077248433,-3999613560722499540,0]
04-26 18:13:10.571 I/dvm_gc_info(10230): [7381244094246371416,-9222378248039761841,-3999613560722499540,0]
04-26 18:13:10.611 I/dvm_gc_info(10230): [7381244094246404096,-9223221573189830562,-3993702586211575764,0]
04-26 18:13:10.691 I/dvm_gc_info(10230): [7381244094246393536,-9023092864748545964,-3997643235885524948,0]
04-26 18:13:10.801 I/dvm_gc_info(10230): [7381244094246372937,-8923169248016271276,-3997643235885524948,0]
04-26 18:13:10.841 I/dvm_gc_info(10230): [7381244094246404096,-9223220610882275231,-3992576686304733140,0]
04-26 18:13:10.881 I/dvm_gc_info(10230): [7381244094246356735,-9222376185952143279,-3998769135792367572,0]
04-26 18:13:10.901 I/dvm_gc_info(10230): [7381244094246371408,-9222376185952143279,-3998769135792367572,0]
04-26 18:13:10.971 I/dvm_gc_info(10230): [7381244094246526976,-9223219304893450140,-3991732261374601172,0]
04-26 18:13:11.071 I/dvm_gc_info(10230): [7381244094246401866,-9018868471801489324,-3997643235885524948,0]
04-26 18:13:11.231 I/dvm_gc_info(10230): [7381244094246364815,-8917537480185677737,-3996517335978682324,0]
04-26 18:13:11.251 I/dvm_gc_info(10230): [7381244094246372917,-9222093404986607532,-3997643235885524948,0]
04-26 18:13:11.291 I/dvm_gc_info(10230): [7381244094246400000,-9223219304893450128,-3987228661747230676,0]
04-26 18:13:11.331 I/dvm_gc_info(10230): [7381244094246348636,-9221530455033186214,-3995391436071839700,0]
04-26 18:13:11.351 I/dvm_gc_info(10230): [7381244094246371408,-9222374879963318182,-3995391436071839700,0]
04-26 18:13:11.381 I/dvm_gc_info(10230): [7381244094246404096,-9223219304893450128,-3987228661747230676,0]
04-26 18:13:11.482 I/dvm_gc_info(10230): [7381244094246393802,-9087829841095616417,-3993421111234865108,0]
04-26 18:13:12.533 I/force_gc( 2268): bg
04-26 18:13:12.653 I/dvm_gc_info( 2268): [3345437203618063954,-8982280849003755449,-4001583885559486420,6817113]
04-26 18:13:13.233 I/am_proc_died( 1485): [10037,com.htc.launcher]
04-26 18:13:15.375 I/dvm_gc_info( 6400): [7020659311768577651,-9026192388832356295,-4006650435140265940,0]
04-26 18:13:16.486 I/dvm_gc_madvise_info(10230): [3514368,385024]
04-26 18:13:17.678 I/dvm_gc_madvise_info( 2268): [1081344,385024]
04-26 18:13:20.410 I/dvm_gc_madvise_info( 6400): [770048,385024]
04-26 18:13:26.626 I/am_anr  ( 1485): [10230,imcom.forensics:uploader,572998,Executing service imcom.forensics/.UploadManager]
04-26 18:13:27.107 I/dvm_gc_info( 1485): [8320808730292139904,-8895581469693294462,-3960488538959718356,8681539]
04-26 18:13:28.038 I/am_proc_died( 1485): [10230,imcom.forensics:uploader]
04-26 18:13:28.038 I/am_schedule_service_restart( 1485): [imcom.forensics/.UploadManager,42956]
04-26 18:13:32.162 I/dvm_gc_madvise_info( 1485): [3768320,385024]
04-26 18:13:36.326 I/db_sample( 1624): [/data/data/com.lbe.security/databases/lbe_trafficmon.db,COMMIT;INSERT OR REPLACE  INTO uid_traffic(wifitx, wifirx, date_,79,com.lbe.security:service,16]
04-26 18:13:42.522 I/dvm_gc_info( 1640): [8315178139902916197,-8969616674612467665,-4009465184907372500,0]
04-26 18:13:47.527 I/dvm_gc_madvise_info( 1640): [987136,385024]
04-26 18:13:58.938 I/dvm_gc_info( 6400): [7020659311768581730,-9047584555798620101,-4006087485186844628,0]
04-26 18:14:03.963 I/dvm_gc_madvise_info( 6400): [737280,385024]
04-26 18:14:11.000 I/am_proc_start( 1485): [10316,10077,imcom.forensics:uploader,service,imcom.forensics/.UploadManager]
04-26 18:14:11.030 I/dvm_gc_madvise_info(10316): [622592,385024]
04-26 18:14:11.080 I/am_proc_bound( 1485): [10316,imcom.forensics:uploader]
04-26 18:14:11.080 I/am_create_service( 1485): [1086513344,imcom.forensics/.UploadManager,,10316]
04-26 18:14:11.630 I/am_create_service( 1485): [1085070560,com.noshufou.android.su/.service.ResultService,,10249]
04-26 18:14:11.650 I/dvm_gc_info(10327): [7021235374273873316,-9060274849969039782,-4117855733906631078,0]
04-26 18:14:11.830 I/am_destroy_service( 1485): [1085070560,com.noshufou.android.su/.service.ResultService,10249]
04-26 18:14:12.271 I/dvm_gc_info(10316): [7381244094246348371,-9052089048947165138,-4009746659884083156,0]
04-26 18:14:12.311 I/dvm_gc_info(10316): [7381244094246368839,-9067851441467754448,-4009183709930661844,0]
04-26 18:14:12.341 I/dvm_gc_info(10316): [7381244094246360671,-9070103241281439696,-4009183709930661844,0]
04-26 18:14:12.381 I/dvm_gc_info(10316): [7381244094246360627,-9068977341357819855,-4008902234953951188,0]
04-26 18:14:12.421 I/dvm_gc_info(10316): [7381244094246401580,-9088962064687499214,-4008620759977240532,0]
04-26 18:14:12.481 I/dvm_gc_info(10316): [7381244094246356570,-9065880979124717517,-4008339285000529876,0]
04-26 18:14:12.521 I/dvm_gc_info(10316): [7381244094246364746,-9065317823012865996,-4008057810023819220,0]
04-26 18:14:12.551 I/dvm_gc_info(10316): [7381244094246404096,-9223225010002528201,-4007213385093687252,0]
04-26 18:14:12.591 I/dvm_gc_info(10316): [7381244094246364729,-9067006397928114123,-4007776335047108564,0]
04-26 18:14:12.661 I/dvm_gc_info(10316): [7381244094246348374,-9059406573556926409,-4007213385093687252,0]
04-26 18:14:12.681 I/dvm_gc_info(10316): [7381244094246371760,-9221536160142264265,-4007213385093687252,0]
04-26 18:14:12.711 I/dvm_gc_info(10316): [7381244094246404096,-9223224460112496578,-4005243060256712660,0]
04-26 18:14:12.801 I/dvm_gc_info(10316): [7381244094246389374,-9051243249342285767,-4006650435140265940,0]
04-26 18:14:12.831 I/dvm_gc_info(10316): [7381244094246372422,-9183817963373004743,-4006650435140265940,0]
04-26 18:14:12.861 I/dvm_gc_info(10316): [7381244094246404096,-9223223635277449148,-4003554210396448724,0]
04-26 18:14:12.952 I/dvm_gc_info(10316): [7381244094246393500,-9057434873994864578,-4005524535233423316,0]
04-26 18:14:12.982 I/dvm_gc_info(10316): [7381244094246364616,-9062782898552375235,-4005524535233423316,0]
04-26 18:14:13.012 I/dvm_gc_info(10316): [7381244094246404096,-9223223635277449145,-4002428310489606100,0]
04-26 18:14:13.082 I/dvm_gc_info(10316): [7381244094246348558,-9057434873994872770,-4005243060256712660,0]
04-26 18:14:13.162 I/dvm_gc_info(10316): [7381244094246352474,-9055183074181187520,-4004680110303291348,0]
04-26 18:14:13.432 I/dvm_gc_info(10316): [7381244094246389321,-8923171310103881660,-4003554210396448724,0]
04-26 18:14:13.472 I/dvm_gc_info(10316): [7381244094246364810,-9058842248878426047,-4004398635326580692,0]
04-26 18:14:13.702 I/dvm_gc_info(10316): [7381244094246393411,-8924297210010732477,-4003835685373159380,0]
04-26 18:14:13.912 I/dvm_gc_info(10316): [7381244094246393427,-8968770256331012027,-4003272735419738068,0]
04-26 18:14:13.933 I/dvm_gc_info(10316): [7381244094246377022,-9178750588957165500,-4003554210396448724,0]
04-26 18:14:13.953 I/dvm_gc_info(10316): [7381244094246377002,-9222379210347317179,-4003272735419738068,0]
04-26 18:14:13.993 I/dvm_gc_info(10316): [7381244094246404096,-9223223222859925429,-4001020935606052820,0]
04-26 18:14:14.023 I/dvm_gc_info(10316): [7381244094246409841,-9220689948069529532,-4003554210396448724,0]
04-26 18:14:14.063 I/dvm_gc_info(10316): [7381244094246408192,-9223223222843148209,-3999613560722499540,0]
04-26 18:14:14.163 I/dvm_gc_info(10316): [7381244094246393012,-9050397587142797233,-3999613560722499540,0]
04-26 18:14:14.453 I/dvm_gc_info(10316): [7381244094246393528,-8905437905417324465,-3999332085745788884,0]
04-26 18:14:14.733 I/dvm_gc_info(10316): [7381244094246389432,-8905437905417340849,-3999613560722499540,0]
04-26 18:14:14.763 I/dvm_gc_info(10316): [7381244094246372415,-9068974866886231985,-3999613560722499540,0]
04-26 18:14:14.803 I/dvm_gc_info(10316): [7381244094246440960,-9223222054259722145,-3993702586211575764,0]
04-26 18:14:14.903 I/dvm_gc_info(10316): [7381244094246393536,-9022811870925596587,-3997361760908814292,0]
04-26 18:14:15.004 I/dvm_gc_info(10316): [7381244094246377033,-8923169729170048940,-3997643235885524948,0]
04-26 18:14:15.034 I/dvm_gc_info(10316): [7381244094246400000,-9223221092036052895,-3992576686304733140,0]
04-26 18:14:15.084 I/dvm_gc_info(10316): [7381244094246352639,-9222376667105920943,-3998487660815656916,0]
04-26 18:14:15.104 I/dvm_gc_info(10316): [7381244094246375504,-9222376667105920943,-3998487660815656916,0]
04-26 18:14:15.144 I/dvm_gc_info(10316): [7381244094246404096,-9223219717310973852,-3991450786397890516,0]
04-26 18:14:15.234 I/dvm_gc_info(10316): [7381244094246397768,-9025624283660068780,-3997643235885524948,0]
04-26 18:14:15.404 I/dvm_gc_info(10316): [7381244094246356623,-8917537892603201449,-3996235861001971668,0]
04-26 18:14:15.414 I/dvm_gc_info(10316): [7381244094246377013,-9222093817404131244,-3997643235885524948,0]
04-26 18:14:15.444 I/dvm_gc_info(10316): [7381244094246404096,-9223219717310973839,-3986947186770520020,0]
04-26 18:14:15.494 I/dvm_gc_info(10316): [7381244094246356831,-9221530867450709925,-3995109961095129044,0]
04-26 18:14:15.514 I/dvm_gc_info(10316): [7381244094246375504,-9222375292380841893,-3995109961095129044,0]
04-26 18:14:15.544 I/dvm_gc_info(10316): [7381244094246404096,-9223219717310973839,-3986947186770520020,0]
04-26 18:14:15.644 I/dvm_gc_info(10316): [7381244094246393809,-9067845530166683553,-3993421111234865108,0]
04-26 18:14:20.659 I/dvm_gc_madvise_info(10316): [3145728,385024]
04-26 18:14:20.849 I/force_gc(10249): bg
04-26 18:14:20.909 I/dvm_gc_info(10249): [7594245945072793142,-9038015368814286801,-4009465184907372500,0]
04-26 18:14:25.914 I/dvm_gc_madvise_info(10249): [491520,385024]
04-26 18:14:31.139 I/am_anr  ( 1485): [10316,imcom.forensics:uploader,572998,Executing service imcom.forensics/.UploadManager]
04-26 18:14:31.390 I/dvm_gc_info( 1485): [8320808730291689508,-8904869250353448834,-3964429188633667540,8681529]
04-26 18:14:31.620 I/dvm_gc_info( 1485): [8320808730291971718,-8920350374072534911,-3963584763703535572,8681529]
04-26 18:14:32.360 I/am_proc_died( 1485): [10316,imcom.forensics:uploader]
04-26 18:14:32.360 I/am_schedule_service_restart( 1485): [imcom.forensics/.UploadManager,171824]
04-26 18:14:36.665 I/dvm_gc_madvise_info( 1485): [3866624,385024]
04-26 18:14:46.054 I/dvm_gc_info( 6400): [7020659311768577638,-9032666313296701381,-4006087485186844628,0]
04-26 18:14:51.069 I/dvm_gc_madvise_info( 6400): [765952,385024]
04-26 18:15:37.194 I/am_create_service( 1485): [1088580016,com.facebook.katana/com.facebook.orca.server.MessagesService,,5854]
04-26 18:15:37.444 I/dvm_gc_info( 5854): [7737593596605732438,-9036882526628337539,-3982162112166438868,0]
04-26 18:15:39.066 I/am_destroy_service( 1485): [1088580016,com.facebook.katana/com.facebook.orca.server.MessagesService,5854]
04-26 18:15:39.176 I/db_sample( 5854): [/data/data/com.facebook.katana/databases/prefs_db,INSERT OR REPLACE  INTO preferences(value, type, key) VALUES(?, ,0,,1]
04-26 18:15:39.296 I/dvm_gc_info( 5854): [7737593596605491096,-8901774537807218563,-3982162112166438868,0]
04-26 18:15:39.306 I/am_create_service( 1485): [1090549080,com.facebook.katana/.server.Fb4aService,,5854]
04-26 18:15:39.746 I/db_sample( 5854): [/data/data/com.facebook.katana/databases/qe_db,BEGIN EXCLUSIVE;,5,,2]
04-26 18:15:39.806 I/am_destroy_service( 1485): [1090549080,com.facebook.katana/.server.Fb4aService,5854]
04-26 18:15:39.926 I/db_sample( 5854): [/data/data/com.facebook.katana/databases/prefs_db,INSERT OR REPLACE  INTO preferences(value, type, key) VALUES(?, ,1,,1]
04-26 18:15:43.570 I/dvm_gc_info( 6400): [7020659311768585853,-9047584555798620102,-4006368960163555284,0]
04-26 18:15:44.351 I/dvm_gc_madvise_info( 5854): [512000,385024]
04-26 18:15:44.941 I/force_gc( 5854): bg
04-26 18:15:45.071 I/dvm_gc_info( 5854): [7737593596605929164,-8922322073634592644,-3982725062119860180,0]
04-26 18:15:48.585 I/dvm_gc_madvise_info( 6400): [860160,385024]
04-26 18:15:50.116 I/dvm_gc_madvise_info( 5854): [724992,385024]
04-26 18:15:56.102 I/am_proc_died( 1485): [10208,imcom.forensics]
04-26 18:15:56.162 I/am_proc_start( 1485): [10428,9999,com.htc.launcher,activity,com.htc.launcher/.Launcher]
04-26 18:15:56.182 I/dvm_gc_madvise_info(10428): [622592,385024]
04-26 18:15:56.192 I/am_proc_bound( 1485): [10428,com.htc.launcher]
04-26 18:15:56.212 I/am_restart_activity( 1485): [1083216368,3,com.htc.launcher/.Launcher]
04-26 18:15:57.413 I/dvm_gc_info(10428): [7809652345805108911,-8959483025040689100,-3986947186770520020,8558633]
04-26 18:15:57.423 I/binder_sample(10428): [android.view.IWindowSession,1,9,com.htc.launcher,1]
04-26 18:15:57.464 I/am_on_resume_called(10428): com.htc.launcher.Launcher
04-26 18:15:57.464 I/db_sample(10428): [/data/data/com.htc.launcher/databases/launcher.db,SELECT * FROM widget_item_types WHERE (item_category!=0) ORDER B,11,,3]
04-26 18:15:57.484 I/am_on_resume_called(10428): com.htc.launcher.CarouselDummyActivity
04-26 18:15:57.934 I/activity_launch_time( 1485): [1083216368,com.htc.launcher/.Launcher,1793,1793]
04-26 18:15:59.205 I/dvm_gc_info(10428): [7809652345805256378,-8918950216077404103,-3986947186770520020,8558633]
04-26 18:15:59.285 I/dvm_gc_info(10428): [7809652345805087804,-9127523173820004295,-3986947186770520020,8714304]
04-26 18:15:59.556 I/dvm_gc_info(10428): [7809652345805120736,-9063065404153264072,-3986947186770520020,8829018]
04-26 18:15:59.796 I/dvm_gc_info(10428): [7809652345805132857,-9164114920792389576,-3986947186770520020,8964235]
04-26 18:15:59.976 I/dvm_gc_info(10428): [7809652345805268010,-9168055570466338760,-3986947186770520020,9181372]
04-26 18:16:00.406 I/dvm_gc_info( 1485): [8320808730291673122,-8909654462430041987,-3963584763703535572,8681533]
04-26 18:16:00.607 I/dvm_gc_info(10428): [7809652345805346349,-9033510531598600133,-3986947186770520020,9382130]
04-26 18:16:00.817 I/am_proc_start( 1485): [10445,10008,android.process.media,content provider,com.android.providers.media/.MediaProvider]
04-26 18:16:00.847 I/dvm_gc_madvise_info(10445): [618496,385024]
04-26 18:16:00.907 I/am_proc_bound( 1485): [10445,android.process.media]
04-26 18:16:01.197 I/dvm_gc_info(10445): [7882817126544020850,-9054622529929529299,-4010309609837504468,0]
04-26 18:16:01.658 I/content_query_sample(10428): [content://media/internal/audio/media/6,_id/_data/title,,,85,,18]
04-26 18:16:01.738 I/dvm_gc_info(10428): [7809652345805198928,-8986222735511148481,-3986947186770520020,9505031]
04-26 18:16:01.888 I/db_sample( 1670): [/data/data/com.htc.provider.weather/databases/weather.db,SELECT * FROM location WHERE app='com.htc.htclocationservice' OR,5,,2]
04-26 18:16:02.198 I/am_proc_start( 1485): [10461,10049,com.android.mms,broadcast,com.android.mms/.ui.MessagingShortcutReceiver]
04-26 18:16:02.228 I/dvm_gc_madvise_info(10461): [618496,385024]
04-26 18:16:02.278 I/am_proc_bound( 1485): [10461,com.android.mms]
04-26 18:16:02.288 I/binder_sample(10428): [android.app.IActivityManager,14,9,com.htc.launcher,1]
04-26 18:16:03.199 I/binder_sample(10461): [android.app.IActivityManager,16,16,com.android.mms,3]
04-26 18:16:03.229 I/db_sample( 1601): [/data/data/com.android.providers.telephony/databases/mmssms.db,SELECT _id, message_count, recipient_ids, date, read, snippet, s,385,,78]
04-26 18:16:03.359 I/dvm_gc_info(10461): [7218827569569834552,-9018311982988781519,-4008902234953951188,0]
04-26 18:16:03.519 I/content_query_sample( 2268): [content://mail/notification,sum(_number),_type = 1 AND _accountid IN (SELECT _id from accounts) ,,183,,37]
04-26 18:16:03.910 I/content_query_sample( 2268): [content://com.htc.launcher.settings/favorites,_id/intent,intent like ?,,318,,64]
04-26 18:16:04.200 I/dvm_gc_info(10461): [7218827569570694704,-9042237287289669581,-4008902234953951188,0]
04-26 18:16:05.031 I/dvm_gc_info(10461): [7218827569569834542,-9050399717949765579,-4005524535233423316,6919806]
04-26 18:16:05.061 I/binder_sample(10428): [android.app.IActivityManager,46,14,com.htc.launcher,2]
04-26 18:16:05.181 I/content_query_sample(10428): [content://com.htc.launcher.settings/favorites?notify=false,,_id=?,,74,,15]
04-26 18:16:05.271 I/dvm_gc_info(10428): [7809652345805272637,-9009022208624666559,-3986947186770520020,9664817]
04-26 18:16:05.301 I/content_query_sample(10428): [content://com.htc.launcher.settings/favorites?notify=false,,_id=?,,213,,43]
04-26 18:16:05.431 I/dvm_gc_madvise_info( 1485): [4579328,385024]
04-26 18:16:05.461 I/dvm_gc_info( 1603): [7017575181485041232,-8990162698191300536,-4002146835512895444,0]
04-26 18:16:05.672 I/dvm_gc_info(10461): [7218827569570354599,-9065036622897145804,-4005524535233423316,6919830]
04-26 18:16:05.892 I/db_sample(10428): [/data/data/com.htc.launcher/databases/launcher.db,UPDATE favorites SET icon=?, iconType=? WHERE _id=?,347,,70]
04-26 18:16:06.012 I/dvm_gc_info(10428): [7809652345805325689,-9064472710317193151,-3986947186770520020,9853262]
04-26 18:16:06.012 I/content_update_sample(10428): [content://com.htc.launcher.settings/favorites?notify=false,update,_id=?,466,,94]
04-26 18:16:06.042 I/content_update_sample(10428): [content://com.htc.launcher.settings/favorites?notify=false,update,_id=?,529,,100]
04-26 18:16:06.162 I/am_proc_start( 1485): [10488,10047,com.htc.skinpicker,broadcast,com.htc.skinpicker/.SkinPickerReceiver]
04-26 18:16:06.192 I/dvm_gc_madvise_info(10488): [618496,385024]
04-26 18:16:06.282 I/am_proc_bound( 1485): [10488,com.htc.skinpicker]
04-26 18:16:06.352 I/dvm_gc_madvise_info(10445): [466944,385024]
04-26 18:16:06.522 I/am_proc_start( 1485): [10497,1000,com.android.settings,broadcast,com.android.settings/.framework.activity.powersaver.SleepModeTimeOrTimeZoneChangedReceiver]
04-26 18:16:06.542 I/dvm_gc_madvise_info(10497): [618496,385024]
04-26 18:16:06.572 I/am_proc_bound( 1485): [10497,com.android.settings]
04-26 18:16:06.642 I/dvm_gc_info( 1368): [8825198673194828853,-9125835149130541012,-4010309197419980756,0]
04-26 18:16:06.683 I/dvm_gc_info( 1624): [8315161643084613218,-8924579784767338442,-4007494860070397908,0]
04-26 18:16:06.703 I/dvm_gc_info( 1368): [8825198673194659896,-9222662541119006676,-4010309197419980756,0]
04-26 18:16:06.773 I/dvm_gc_info( 1368): [8825198673194623024,-9222662541119006676,-4010309197419980756,0]
04-26 18:16:06.803 I/content_query_sample(10461): [content://com.android.contacts/data/phones/lookup_number_equal/1231?limit=10,,,,457,,92]
04-26 18:16:07.804 I/db_sample(10428): [/data/data/com.htc.launcher/databases/launcher.db,UPDATE favorites SET icon=?, title=?, iconType=? WHERE _id=?,131,,27]
04-26 18:16:08.694 I/am_proc_died( 1485): [10249,com.noshufou.android.su]
04-26 18:16:09.295 I/am_proc_died( 1485): [10445,android.process.media]
04-26 18:16:10.396 I/dvm_gc_info(10428): [7809652345805325975,-8925986678178158527,-3986947186770520020,9984389]
04-26 18:16:10.496 I/dvm_gc_madvise_info( 1603): [487424,385024]
04-26 18:16:10.676 I/dvm_gc_madvise_info(10461): [499712,385024]
04-26 18:16:10.797 I/dvm_gc_info(10428): [7809652345805329955,-9036606344025479104,-3986947186770520020,10045821]
04-26 18:16:11.677 I/dvm_gc_madvise_info( 1624): [8151040,385024]
04-26 18:16:12.478 I/dvm_gc_info( 1640): [8315178139902830181,-8969616605876213713,-4009465184907372500,0]
04-26 18:16:15.101 I/binder_sample(10428): [android.app.IActivityManager,14,14,com.htc.launcher,2]
04-26 18:16:15.841 I/dvm_gc_madvise_info(10428): [495616,385024]
04-26 18:16:17.493 I/dvm_gc_madvise_info( 1640): [774144,385024]
04-26 18:16:22.348 I/dvm_gc_info( 1640): [8315178139902883421,-9036044494171183055,-4008902234953951188,0]
04-26 18:16:23.829 I/force_gc( 5797): bg
04-26 18:16:23.899 I/dvm_gc_info( 5797): [7885629677472339497,-9005081765562279880,-4006931910116976596,0]
04-26 18:16:27.373 I/dvm_gc_madvise_info( 1640): [700416,385024]
04-26 18:16:28.914 I/dvm_gc_madvise_info( 5797): [471040,385024]
04-26 18:16:29.835 I/force_gc( 1670): bg
04-26 18:16:29.975 I/dvm_gc_info( 1670): [7146757855084352637,-9069258403916834761,-4007213385093687252,6815744]
04-26 18:16:35.000 I/dvm_gc_madvise_info( 1670): [593920,385024]
04-26 18:16:35.831 I/force_gc( 2268): bg
04-26 18:16:35.921 I/dvm_gc_info( 2268): [3345437203617912364,-9035761094578784185,-4002146835512907732,6816951]
04-26 18:16:40.946 I/dvm_gc_madvise_info( 2268): [1081344,385024]
04-26 18:16:52.527 I/dvm_gc_info( 1640): [8315178139902879374,-9038014750271899602,-4009746659884083156,0]
04-26 18:16:52.918 I/force_gc( 3151): bg
04-26 18:16:52.978 I/dvm_gc_info( 3151): [7885022777269572758,-9066443447974475719,-4006650435140265940,0]
04-26 18:16:57.552 I/dvm_gc_madvise_info( 1640): [1150976,385024]
04-26 18:16:58.003 I/dvm_gc_madvise_info( 3151): [724992,385024]
04-26 18:17:20.414 I/dvm_gc_info( 6400): [7020659311768585830,-9031259075885656006,-4006368960163555284,0]
04-26 18:17:24.198 I/am_proc_start( 1485): [10567,10077,imcom.forensics:uploader,service,imcom.forensics/.UploadManager]
04-26 18:17:24.248 I/dvm_gc_madvise_info(10567): [630784,385024]
04-26 18:17:24.288 I/am_proc_bound( 1485): [10567,imcom.forensics:uploader]
04-26 18:17:24.288 I/am_create_service( 1485): [1086513344,imcom.forensics/.UploadManager,,10567]
04-26 18:17:25.439 I/am_proc_start( 1485): [10586,10075,com.noshufou.android.su,broadcast,com.noshufou.android.su/.SuResultReceiver]
04-26 18:17:25.449 I/dvm_gc_madvise_info(10586): [626688,385024]
04-26 18:17:25.469 I/am_proc_bound( 1485): [10586,com.noshufou.android.su]
04-26 18:17:25.519 I/dvm_gc_madvise_info( 6400): [577536,385024]
04-26 18:17:25.589 I/am_create_service( 1485): [1085559216,com.noshufou.android.su/.service.ResultService,,10586]
04-26 18:17:25.610 I/dvm_gc_info(10578): [7021235374273861028,-9060274849969039782,-4117855733906631078,0]
04-26 18:17:26.220 I/content_query_sample(10586): [content://com.noshufou.android.su.provider/apps/uid/10077,_id/allow/notifications/logging,,,491,,99]
04-26 18:17:26.260 I/dvm_gc_info(10567): [7381244094246352465,-9054622392473814994,-4009746659884083156,0]
04-26 18:17:26.300 I/dvm_gc_info(10567): [7381244094246368839,-9068977410110851024,-4009183709930661844,0]
04-26 18:17:26.330 I/dvm_gc_info(10567): [7381244094246368863,-9070103310017693648,-4009183709930661844,0]
04-26 18:17:26.370 I/dvm_gc_info(10567): [7381244094246377013,-9068132985163941839,-4008902234953951188,0]
04-26 18:17:26.410 I/dvm_gc_info(10567): [7381244094246404096,-9223225491122751436,-4008057810023819220,0]
04-26 18:17:26.480 I/dvm_gc_info(10567): [7381244094246356624,-9058843967284774861,-4008339285000529876,0]
04-26 18:17:26.520 I/dvm_gc_info(10567): [7381244094246372927,-9065599366725830604,-4008057810023819220,0]
04-26 18:17:26.560 I/dvm_gc_info(10567): [7381244094246368825,-9066725266615896011,-4007776335047108564,0]
04-26 18:17:26.600 I/dvm_gc_info(10567): [7381244094246404096,-9223225009985750982,-4006368960163555284,0]
04-26 18:17:26.641 I/dvm_gc_info(10567): [7381244094246368853,-9059406573556926409,-4007494860070397908,0]
04-26 18:17:26.681 I/dvm_gc_info(10567): [7381244094246416384,-9223224460112496578,-4005243060256712660,0]
04-26 18:17:26.771 I/dvm_gc_info(10567): [7381244094246401650,-9057717173806622662,-4006368960163555284,0]
04-26 18:17:26.821 I/dvm_gc_info(10567): [7381244094246466790,-9092901545895462855,-4006650435140265940,0]
04-26 18:17:26.891 I/am_destroy_service( 1485): [1085559216,com.noshufou.android.su/.service.ResultService,10586]
04-26 18:17:26.921 I/dvm_gc_info(10567): [7381244094246637568,-9223223704013703100,-4003554210396448724,0]
04-26 18:17:27.031 I/dvm_gc_info(10567): [7381244094246393509,-9050961018266781635,-4005524535233423316,0]
04-26 18:17:27.081 I/dvm_gc_info(10567): [7381244094246393163,-9067286566915999683,-4005524535233423316,0]
04-26 18:17:27.111 I/dvm_gc_info(10567): [7381244094246404096,-9223223704013703097,-4002428310489606100,0]
04-26 18:17:27.171 I/dvm_gc_info(10567): [7381244094246348554,-9061938542358497218,-4005243060256712660,0]
04-26 18:17:27.291 I/dvm_gc_info(10567): [7381244094246409816,-9059686742544807872,-4004680110303291348,0]
04-26 18:17:27.451 I/dvm_gc_info(10567): [7381244094246352460,-8922608428886722492,-4003554210396448724,0]
04-26 18:17:27.481 I/dvm_gc_info(10567): [7381244094246364810,-9059405267568101311,-4004398635326580692,0]
04-26 18:17:27.651 I/dvm_gc_info(10567): [7381244094246389328,-8922045478933280700,-4003554210396448724,0]
04-26 18:17:27.702 I/dvm_gc_info(10567): [7381244094246368842,-8993821597994518459,-4003272735419738068,0]
04-26 18:17:27.722 I/dvm_gc_info(10567): [7381244094246368829,-9222097804106860476,-4003554210396448724,0]
04-26 18:17:27.742 I/dvm_gc_info(10567): [7381244094246372906,-9222379279083571131,-4002991260443027412,0]
04-26 18:17:27.772 I/dvm_gc_info(10567): [7381244094246372977,-9220127479269885884,-4003554210396448724,0]
04-26 18:17:27.802 I/dvm_gc_info(10567): [7381244094246404096,-9223222947914909617,-3999613560722499540,0]
04-26 18:17:27.912 I/dvm_gc_info(10567): [7381244094246393207,-9018872114822952881,-3999332085745788884,0]
04-26 18:17:28.182 I/dvm_gc_info(10567): [7381244094246389429,-8905719174185265073,-3999332085745788884,0]
04-26 18:17:28.442 I/dvm_gc_info(10567): [7381244094246348469,-8906000649162000305,-3999613560722499540,0]
04-26 18:17:28.462 I/dvm_gc_info(10567): [7381244094246371416,-9222378522984777649,-3999613560722499540,0]
04-26 18:17:28.502 I/dvm_gc_info(10567): [7381244094246404096,-9223221779398592417,-3993421111234865108,0]
04-26 18:17:28.582 I/dvm_gc_info(10567): [7381244094246393537,-9022248646027175852,-3997361760908814292,0]
04-26 18:17:28.693 I/dvm_gc_info(10567): [7381244094246381129,-8923169454225033132,-3997643235885524948,0]
04-26 18:17:28.723 I/dvm_gc_info(10567): [7381244094246404096,-9223220817091037087,-3992576686304733140,0]
04-26 18:17:28.783 I/dvm_gc_info(10567): [7381244094246352640,-9222376392160905135,-3998487660815656916,0]
04-26 18:17:28.823 I/dvm_gc_info(10567): [7381244094246482000,-9222376392160905135,-3998487660815656916,0]
04-26 18:17:28.863 I/dvm_gc_info(10567): [7381244094246400000,-9223220817091037083,-3991450786397890516,0]
04-26 18:17:28.953 I/dvm_gc_info(10567): [7381244094246389577,-9027595708277106604,-3997643235885524948,0]
04-26 18:17:29.103 I/dvm_gc_info(10567): [7381244094246348427,-8918101942336685993,-3996235861001971668,0]
04-26 18:17:29.123 I/dvm_gc_info(10567): [7381244094246372917,-9222094917184194476,-3997643235885524948,0]
04-26 18:17:29.163 I/dvm_gc_info(10567): [7381244094246408192,-9223218823739672463,-3986665711793809364,0]
04-26 18:17:29.213 I/dvm_gc_info(10567): [7381244094246348640,-9221529973879408527,-3986665711793809364,0]
04-26 18:17:34.228 I/dvm_gc_madvise_info(10567): [2125824,385024]
04-26 18:17:40.694 I/am_proc_start( 1485): [10623,10003,com.android.defcontainer,service,com.android.defcontainer/.DefaultContainerService]
04-26 18:17:40.714 I/dvm_gc_madvise_info(10623): [626688,385024]
04-26 18:17:40.764 I/am_proc_died( 1485): [10488,com.htc.skinpicker]
04-26 18:17:40.804 I/am_proc_bound( 1485): [10623,com.android.defcontainer]
04-26 18:17:40.804 I/am_create_service( 1485): [1083194192,com.android.defcontainer/.DefaultContainerService,,10623]
04-26 18:17:40.834 I/am_proc_died( 1485): [10497,com.android.settings]
04-26 18:17:40.914 I/dvm_gc_info(10623): [7234300953690772655,-9081925671406733267,-4010309609837504468,0]
04-26 18:17:40.944 I/am_destroy_service( 1485): [1083194192,com.android.defcontainer/.DefaultContainerService,10623]
04-26 18:17:41.075 I/am_schedule_service_restart( 1485): [imcom.forensics/.UploadManager,687296]
04-26 18:17:41.075 I/am_destroy_service( 1485): [1086513344,imcom.forensics/.UploadManager,-1]
04-26 18:17:42.256 I/force_gc( 1485): bg
04-26 18:17:42.366 I/dvm_gc_info( 1485): [8320808730292057956,-8909373743552120705,-3964147713656956884,8681529]
04-26 18:17:42.386 I/force_gc( 1603): bg
04-26 18:17:42.396 I/force_gc( 1570): bg
04-26 18:17:42.406 I/force_gc(10428): bg
04-26 18:17:42.466 I/dvm_gc_info( 1570): [8320808730291881617,-8921202016310515655,-3988917511607494612,8615986]
04-26 18:17:42.506 I/dvm_gc_info(10428): [7809652345805379105,-9039702431246440384,-3881675545480734676,10045836]
04-26 18:17:42.536 I/force_gc( 1624): bg
04-26 18:17:42.596 I/dvm_gc_info( 1624): [8315161643084674599,-9016622102151727050,-4007494860070397908,0]
04-26 18:17:42.626 I/force_gc( 2343): bg
04-26 18:17:42.686 I/am_proc_start( 1485): [10635,10066,com.htcmarket,broadcast,com.htcmarket/.receiver.PackageReceiver]
04-26 18:17:42.696 I/dvm_gc_madvise_info(10635): [626688,385024]
04-26 18:17:42.706 I/notification_cancel( 1485): [com.lbe.security,18,0]
04-26 18:17:42.726 I/am_proc_bound( 1485): [10635,com.htcmarket]
04-26 18:17:42.776 I/dvm_gc_info( 1603): [7017575181486417456,-9035480031985997753,-4002428310489606100,0]
04-26 18:17:42.846 I/dvm_gc_info( 2343): [8603398534652109910,-9095996395862976432,-3999050610769090516,0]
04-26 18:17:42.896 I/db_sample( 1624): [/data/data/com.lbe.security/databases/lbe_security.db,DELETE FROM package_adware_info WHERE pkg=?,162,com.lbe.security:service,33]
04-26 18:17:43.006 I/notification_cancel( 1485): [com.lbe.security,6,0]
04-26 18:17:43.006 I/notification_cancel( 1485): [com.lbe.security,3,0]
04-26 18:17:43.006 I/binder_sample( 9516): [android.content.pm.IPackageManager,30,99,com.android.htccontacts,19]
04-26 18:17:43.227 I/dvm_gc_info( 1485): [8320808730292414001,-9018304559539148675,-3964710663610378196,8681529]
04-26 18:17:43.247 I/binder_sample( 1624): [android.content.pm.IPackageManager,1,159,com.lbe.security:service,31]
04-26 18:17:43.327 I/dvm_gc_info(10614): [7021235374273861023,-9060556324945869231,-4120389008697145775,0]
04-26 18:17:43.377 I/notification_enqueue( 1485): [com.lbe.security,6,Notification(vibrate=null,sound=null,button=null,defaults=0x0,flags=0x10)]
04-26 18:17:43.397 I/notification_cancel_all( 1485): [imcom.forensics,0]
04-26 18:17:43.857 I/binder_sample( 1570): [android.view.IWindowSession,4,91,com.android.systemui,18]
04-26 18:17:43.877 I/db_sample( 2011): [/data/data/com.sina.weibo/databases/gxdbapp.db,SELECT * FROM table_message2 WHERE key= ?,776,com.sina.weibo.servant,100]
04-26 18:17:44.258 I/dvm_gc_info( 1624): [8315161643084727865,-9026192251359844293,-4006087485186844628,0]
04-26 18:17:44.438 I/db_sample( 1603): [:memory:,PRAGMA table_info(applications),421,,85]
04-26 18:17:44.578 I/am_proc_start( 1485): [10661,10002,com.htc.cs,broadcast,com.htc.cs/.plugin.PluginRegisterReceiver]
04-26 18:17:44.648 I/dvm_gc_madvise_info(10661): [622592,385024]
04-26 18:17:44.698 I/am_proc_bound( 1485): [10661,com.htc.cs]
04-26 18:17:44.738 I/dvm_gc_info( 1624): [8315161643085362743,-9007051952943523779,-4005524535233423316,0]
04-26 18:17:44.828 I/am_proc_start( 1485): [10668,10002,com.htc.opensense,broadcast,com.htc.opensense/.pluginmanager.RegisterReceiver]
04-26 18:17:44.958 I/dvm_gc_madvise_info(10668): [622592,385024]
04-26 18:17:44.988 I/am_proc_bound( 1485): [10668,com.htc.opensense]
04-26 18:17:45.068 I/am_create_service( 1485): [1090260408,com.htc.opensense/.pluginmanager.RegisterService,act=android.intent.action.PACKAGE_REMOVED dat=package:imcom.forensics,10668]
04-26 18:17:45.139 I/am_proc_start( 1485): [10676,10021,com.htc.RosieUtility,broadcast,com.htc.AddProgramWidget/.HtcWidgetScanner]
04-26 18:17:45.189 I/dvm_gc_madvise_info(10676): [622592,385024]
04-26 18:17:45.219 I/am_proc_bound( 1485): [10676,com.htc.RosieUtility]
04-26 18:17:45.339 I/db_sample( 1603): [:memory:,INSERT INTO applications ('_id', 'name', 'description', 'package,404,,81]
04-26 18:17:45.339 I/am_proc_died( 1485): [10586,com.noshufou.android.su]
04-26 18:17:45.369 I/content_update_sample(10668): [content://com.htc.opensense.plugin/meta_data,delete,package_id IN ( SELECT _id FROM plugin_pkg WHERE package=? ),73,,15]
04-26 18:17:45.409 I/am_create_task( 1485): 31
04-26 18:17:45.409 I/am_create_activity( 1485): [1081927472,31,imcom.forensics/.MainActivity,android.intent.action.MAIN,NULL,NULL,268435456]
04-26 18:17:45.409 I/am_pause_activity( 1485): [1083216368,com.htc.launcher/.Launcher]
04-26 18:17:45.469 I/am_create_service( 1485): [1085418680,com.htc.AddProgramWidget/.HtcWidgetScannerService,act=android.intent.action.PACKAGE_REMOVED dat=package:imcom.forensics,10676]
04-26 18:17:45.499 I/dvm_gc_info(10655): [7021235374273865123,-9060274849969047975,-4118137208883349927,0]
04-26 18:17:45.519 I/am_destroy_service( 1485): [1090260408,com.htc.opensense/.pluginmanager.RegisterService,10668]
04-26 18:17:45.519 I/binder_sample(10668): [android.app.IActivityManager,69,102,com.htc.opensense,20]
04-26 18:17:45.729 I/dvm_gc_info( 6400): [7020659311768802913,-9044206649869318086,-4006368960163555284,0]
04-26 18:17:45.829 I/db_sample(10428): [/data/data/com.htc.launcher/databases/launcher.db,UPDATE widget_item_types SET item_category=? WHERE package_name=,208,,42]
04-26 18:17:45.879 I/am_destroy_service( 1485): [1085418680,com.htc.AddProgramWidget/.HtcWidgetScannerService,10676]
04-26 18:17:45.919 I/am_on_paused_called(10428): com.htc.launcher.CarouselDummyActivity
04-26 18:17:45.949 I/dvm_gc_madvise_info(10623): [585728,385024]
04-26 18:17:45.979 I/am_proc_start( 1485): [10692,10077,imcom.forensics,activity,imcom.forensics/.MainActivity]
04-26 18:17:45.999 I/dvm_gc_madvise_info(10692): [622592,385024]
04-26 18:17:46.089 I/am_proc_start( 1485): [10700,10075,com.noshufou.android.su,broadcast,com.noshufou.android.su/.UninstallReceiver]
04-26 18:17:46.120 I/dvm_gc_madvise_info(10700): [618496,385024]
04-26 18:17:46.120 I/am_proc_bound( 1485): [10692,imcom.forensics]
04-26 18:17:46.120 I/binder_sample(10428): [android.app.IActivityManager,13,68,com.htc.launcher,13]
04-26 18:17:46.140 I/am_restart_activity( 1485): [1081927472,31,imcom.forensics/.MainActivity]
04-26 18:17:46.150 I/am_on_paused_called(10428): com.htc.launcher.Launcher
04-26 18:17:46.170 I/am_proc_bound( 1485): [10700,com.noshufou.android.su]
04-26 18:17:46.420 I/am_proc_died( 1485): [10623,com.android.defcontainer]
04-26 18:17:46.420 I/am_proc_died( 1485): [10635,com.htcmarket]
04-26 18:17:46.420 I/am_failed_to_pause( 1485): [1083216368,com.htc.launcher/.Launcher,(none)]
04-26 18:17:46.480 I/am_proc_died( 1485): [10661,com.htc.cs]
04-26 18:17:46.540 I/am_proc_died( 1485): [10668,com.htc.opensense]
04-26 18:17:46.600 I/am_proc_start( 1485): [10710,10013,com.baidu.BaiduMap:pushservice_v1,broadcast,com.baidu.BaiduMap/com.baidu.android.pushservice.RegistratonReceiver]
04-26 18:17:46.630 I/dvm_gc_madvise_info(10710): [618496,385024]
04-26 18:17:46.650 I/am_proc_died( 1485): [10676,com.htc.RosieUtility]
04-26 18:17:46.710 I/am_proc_bound( 1485): [10710,com.baidu.BaiduMap:pushservice_v1]
04-26 18:17:47.161 I/dvm_gc_info(10710): [4783220159424828960,-9045333443280467918,-4008620759977240532,0]
04-26 18:17:47.251 I/am_proc_died( 1485): [10428,com.htc.launcher]
04-26 18:17:47.481 I/dvm_gc_madvise_info( 1570): [1245184,385024]
04-26 18:17:47.911 I/dvm_gc_madvise_info( 1603): [520192,385024]
04-26 18:17:47.941 I/dvm_gc_madvise_info( 2343): [462848,385024]
04-26 18:17:47.981 I/am_create_service( 1485): [1084809064,com.baidu.BaiduMap/com.baidu.android.pushservice.PushService,act=android.intent.action.PACKAGE_REMOVED dat=package:imcom.forensics,10710]
04-26 18:17:47.991 I/am_proc_start( 1485): [10722,10067,com.baidu.appsearch,broadcast,com.baidu.appsearch/.youhua.common.PackageChangeReceiver]
04-26 18:17:47.991 I/binder_sample(10710): [android.app.IActivityManager,16,5,com.baidu.BaiduMap:pushservice_v1,1]
04-26 18:17:48.051 I/dvm_gc_madvise_info(10722): [618496,385024]
04-26 18:17:48.071 I/am_destroy_service( 1485): [1084809064,com.baidu.BaiduMap/com.baidu.android.pushservice.PushService,10710]
04-26 18:17:48.101 I/am_proc_bound( 1485): [10722,com.baidu.appsearch]
04-26 18:17:48.192 I/am_proc_died( 1485): [10710,com.baidu.BaiduMap:pushservice_v1]
04-26 18:17:48.192 I/dvm_gc_info( 1368): [8825198673195177011,-9128649898897647572,-4010309197419980756,0]
04-26 18:17:48.302 I/dvm_gc_madvise_info( 1485): [4554752,385024]
04-26 18:17:48.312 I/dvm_gc_info( 1368): [8825198673194803248,-9222662541119006676,-4010309197419980756,0]
04-26 18:17:48.362 I/dvm_gc_info(10709): [7021235374273856921,-9061119274899302831,-4120389008697158063,0]
04-26 18:17:48.402 I/dvm_gc_info( 1368): [8825198673194750008,-9222662541119006676,-4010309197419980756,0]
04-26 18:17:48.762 I/am_create_service( 1485): [1083588560,com.baidu.appsearch/.youhua.common.CommonIntentService,act=com.baidu.appsearch.youhua.action.PKG_CHANGE,10722]
04-26 18:17:48.842 I/dvm_gc_info(10722): [7021235459988846124,-9035200481591424975,-4008902234953951188,0]
04-26 18:17:48.942 I/am_destroy_service( 1485): [1083588560,com.baidu.appsearch/.youhua.common.CommonIntentService,10722]
04-26 18:17:49.172 I/dvm_gc_info(10722): [7021235459988723261,-9021407932770719691,-4007776335047108564,0]
04-26 18:17:49.343 I/dvm_gc_info(10722): [7021235459988711094,-8959483094297036749,-4008339285000529876,0]
04-26 18:17:49.483 I/dvm_gc_info(10722): [7021235459988743733,-9038859037729462222,-4008902234953951188,0]
04-26 18:17:49.773 I/dvm_gc_madvise_info( 1624): [8085504,385024]
04-26 18:17:49.863 I/am_proc_start( 1485): [10738,10066,com.htcmarket,broadcast,com.htcmarket/.receiver.PackageReceiver]
04-26 18:17:49.883 I/am_proc_bound( 1485): [10738,com.htcmarket]
04-26 18:17:50.133 I/notification_cancel( 1485): [com.htcmarket,1119655079,0]
04-26 18:17:50.234 I/db_sample( 2343): [/data/data/com.sina.weibo/databases/sinaAppMarket.db,COMMIT;UPDATE t_app_ignored SET isuninstall=? WHERE package_name,0,com.sina.weibo,1]
04-26 18:17:50.254 I/am_proc_start( 1485): [10751,10002,com.htc.cs,broadcast,com.htc.cs/.plugin.PluginRegisterReceiver]
04-26 18:17:50.354 I/am_proc_bound( 1485): [10751,com.htc.cs]
04-26 18:17:50.724 I/dvm_gc_madvise_info( 6400): [622592,385024]
04-26 18:17:50.794 I/am_proc_start( 1485): [10761,10002,com.htc.opensense,broadcast,com.htc.opensense/.pluginmanager.RegisterReceiver]
04-26 18:17:50.854 I/am_proc_bound( 1485): [10761,com.htc.opensense]
04-26 18:17:50.924 I/am_create_service( 1485): [1082459632,com.htc.opensense/.pluginmanager.RegisterService,act=android.intent.action.PACKAGE_ADDED dat=package:imcom.forensics,10761]
04-26 18:17:50.964 I/am_proc_start( 1485): [10771,10021,com.htc.RosieUtility,broadcast,com.htc.AddProgramWidget/.HtcWidgetScanner]
04-26 18:17:51.004 I/am_proc_bound( 1485): [10771,com.htc.RosieUtility]
04-26 18:17:51.034 I/am_destroy_service( 1485): [1082459632,com.htc.opensense/.pluginmanager.RegisterService,10761]
04-26 18:17:51.044 I/binder_sample(10761): [android.app.IActivityManager,61,5,com.htc.opensense,1]
04-26 18:17:51.134 I/am_create_service( 1485): [1085326216,com.htc.AddProgramWidget/.HtcWidgetScannerService,act=android.intent.action.PACKAGE_ADDED dat=package:imcom.forensics,10771]
04-26 18:17:51.495 I/am_proc_start( 1485): [10780,10036,com.immomo.momo,broadcast,com.immomo.momo/.android.broadcast.PacketInstallReceiver]
04-26 18:17:51.635 I/am_proc_start( 1485): [10787,10077,imcom.forensics:uploader,service,imcom.forensics/.UploadManager]
04-26 18:17:51.635 I/am_destroy_service( 1485): [1085326216,com.htc.AddProgramWidget/.HtcWidgetScannerService,10771]
04-26 18:17:51.635 I/am_proc_bound( 1485): [10780,com.immomo.momo]
04-26 18:17:51.635 I/binder_sample(10692): [android.app.IActivityManager,34,455,imcom.forensics,91]
04-26 18:17:51.665 I/binder_sample(10692): [android.app.IActivityManager,63,18,imcom.forensics,3]
04-26 18:17:51.705 I/am_proc_bound( 1485): [10787,imcom.forensics:uploader]
04-26 18:17:51.715 I/am_create_service( 1485): [1083171672,imcom.forensics/.UploadManager,,10787]
04-26 18:17:51.745 I/am_on_resume_called(10692): imcom.forensics.MainActivity
04-26 18:17:52.055 I/dvm_gc_info(10780): [3345452614010811938,-9045895980782827470,-4008620347559716820,0]
04-26 18:17:52.766 I/dvm_gc_info(10780): [3345452614010926220,-9102472451101665230,-4008620347559716820,0]
04-26 18:17:52.966 I/activity_launch_time( 1485): [1081927472,imcom.forensics/.MainActivity,7001,7001]
04-26 18:17:53.236 I/am_create_service( 1485): [1082060216,com.baidu.appsearch/.youhua.common.CommonIntentService,act=com.baidu.appsearch.youhua.action.PKG_CHANGE,10722]
04-26 18:17:53.347 I/am_destroy_service( 1485): [1082060216,com.baidu.appsearch/.youhua.common.CommonIntentService,10722]
04-26 18:17:53.417 I/dvm_gc_madvise_info(10787): [577536,385024]
04-26 18:17:53.447 I/dvm_gc_madvise_info(10761): [573440,385024]
04-26 18:17:53.457 I/dvm_gc_madvise_info(10771): [536576,385024]
04-26 18:17:53.467 I/dvm_gc_madvise_info(10751): [573440,385024]
04-26 18:17:53.477 I/dvm_gc_madvise_info(10738): [389120,385024]
04-26 18:17:53.747 I/am_create_service( 1485): [1082663976,com.htc.opensense/.pluginmanager.RegisterService,act=android.intent.action.PACKAGE_REPLACED dat=package:imcom.forensics,10761]
