04-26 18:28:02.351 I/am_destroy_service( 1485): [1088948232,com.facebook.katana/com.facebook.notifications.server.NotificationsService,17075]
04-26 18:28:02.401 I/dvm_gc_info(17114): [7737593596605810323,-8925985922381207476,-4000457985652631508,0]
04-26 18:28:02.611 I/am_proc_died( 1485): [6400,com.renren.mobile.android]
04-26 18:28:02.611 I/am_schedule_service_restart( 1485): [com.renren.mobile.android/.news.NewsPushService,5000]
04-26 18:28:03.071 I/am_create_service( 1485): [1088579336,com.facebook.katana/com.facebook.analytics.AnalyticsService,,17075]
04-26 18:28:03.372 I/dvm_gc_info(17075): [7737593596605470597,-8897834163078289286,-3983288012073281492,0]
04-26 18:28:03.382 I/db_sample(17075): [/data/data/com.facebook.katana/databases/analytics_db2,PRAGMA page_size,3,,1]
04-26 18:28:03.692 I/db_sample(17075): [/data/data/com.facebook.katana/databases/analytics_db2,SELECT name, sum(value) FROM view_counter WHERE (time>= 13669056,1,,1]
04-26 18:28:03.932 I/notification_cancel( 1485): [com.facebook.katana,10001,0]
04-26 18:28:03.932 I/notification_cancel( 1485): [com.facebook.katana,10002,0]
04-26 18:28:03.932 I/notification_cancel( 1485): [com.facebook.katana,10004,0]
04-26 18:28:03.952 I/am_destroy_service( 1485): [1088953136,com.facebook.katana/com.facebook.orca.server.MessagesService,17075]
04-26 18:28:03.962 I/db_sample(17075): [/data/data/com.facebook.katana/databases/prefs_db,COMMIT;DELETE FROM preferences WHERE key=?,24,,5]
04-26 18:28:04.493 I/dvm_gc_info(17075): [7737593596605531983,-8909656112016246658,-3981880637189728212,0]
04-26 18:28:05.063 I/am_destroy_service( 1485): [1089668928,com.facebook.katana/.service.AttributionIdService,17075]
04-26 18:28:05.063 I/am_destroy_service( 1485): [1090251248,com.facebook.katana/.service.FacebookService,17075]
04-26 18:28:07.426 I/dvm_gc_madvise_info(17114): [573440,385024]
04-26 18:28:07.776 I/dvm_gc_info( 1624): [8315161643084482147,-8924579784767338442,-4007494860070397908,0]
04-26 18:28:08.146 I/am_proc_start( 1485): [17212,10016,com.renren.mobile.android,service,com.renren.mobile.android/.news.NewsPushService]
04-26 18:28:08.176 I/dvm_gc_madvise_info(17212): [622592,385024]
04-26 18:28:08.216 I/am_proc_bound( 1485): [17212,com.renren.mobile.android]
04-26 18:28:08.226 I/am_create_service( 1485): [1082665648,com.renren.mobile.android/.news.NewsPushService,,17212]
04-26 18:28:08.377 I/dvm_gc_info(17212): [7020659311768585763,-9045614918273968078,-4008620759977240532,0]
04-26 18:28:08.527 I/dvm_gc_info(17212): [7020659311768569204,-9058562423521318857,-4007213385093687252,0]
04-26 18:28:09.528 I/dvm_gc_madvise_info(17075): [569344,385024]
04-26 18:28:12.801 I/dvm_gc_madvise_info( 1624): [8151040,385024]
04-26 18:28:13.542 I/dvm_gc_madvise_info(17212): [397312,385024]
04-26 18:28:14.092 I/dvm_gc_info(17212): [7020659311768581698,-9005363309224912839,-4006650435140265940,0]
04-26 18:28:15.834 I/dvm_gc_info(17212): [7020659311768753756,-9051243455550842822,-4006368960163555284,0]
04-26 18:28:20.839 I/dvm_gc_madvise_info(17212): [593920,385024]
04-26 18:28:33.881 I/am_destroy_service( 1485): [1088579336,com.facebook.katana/com.facebook.analytics.AnalyticsService,17075]
04-26 18:28:59.927 I/am_proc_died( 1485): [16900,com.android.settings]
04-26 18:29:00.017 I/am_proc_died( 1485): [16842,com.htc.bg]
04-26 18:29:27.894 I/binder_sample( 1601): [com.android.internal.telephony.ITelephonyRegistry,4,13,com.android.phone,2]
04-26 18:29:41.477 I/am_proc_died( 1485): [10692,imcom.forensics]
04-26 18:29:41.558 I/am_restart_activity( 1485): [1083216368,3,com.htc.launcher/.Launcher]
04-26 18:29:42.749 I/dvm_gc_info(16935): [7809652345805072048,-8962578974906574795,-3986947186770520020,8566827]
04-26 18:29:42.819 I/am_on_resume_called(16935): com.htc.launcher.Launcher
04-26 18:29:42.869 I/am_on_resume_called(16935): com.htc.launcher.CarouselDummyActivity
04-26 18:29:43.439 I/activity_launch_time( 1485): [1083216368,com.htc.launcher/.Launcher,1901,1901]
04-26 18:29:44.160 I/dvm_gc_info(17212): [7020659311768704617,-9032666313296701383,-4006650435140265940,0]
04-26 18:29:44.681 I/dvm_gc_info(16935): [7809652345805362873,-8918950147357931463,-3986947186770520020,8566822]
04-26 18:29:44.791 I/dvm_gc_info(16935): [7809652345805136943,-9147226353470273480,-3986947186770520020,8702013]
04-26 18:29:45.101 I/dvm_gc_info(16935): [7809652345805296776,-9068976309944715208,-3986947186770520020,8812630]
04-26 18:29:45.241 I/dvm_gc_info(16935): [7809652345805124646,-9171996151420815304,-3986947186770520020,8947847]
04-26 18:29:45.371 I/dvm_gc_info(16935): [7809652345805198378,-9165240751979755464,-3986947186770520020,9164984]
04-26 18:29:45.952 I/content_query_sample(16935): [content://customization_settings/SettingTable/application_Launcher,,,,29,,6]
04-26 18:29:46.142 I/dvm_gc_info(16935): [7809652345805194791,-9045613886877685701,-3986947186770520020,9369838]
04-26 18:29:46.773 I/am_proc_start( 1485): [17345,10008,android.process.media,content provider,com.android.providers.media/.MediaProvider]
04-26 18:29:46.823 I/dvm_gc_madvise_info(17345): [622592,385024]
04-26 18:29:46.993 I/am_proc_bound( 1485): [17345,android.process.media]
04-26 18:29:47.413 I/dvm_gc_info(17345): [7882817126544110961,-9054622529929529299,-4010309609837504468,0]
04-26 18:29:48.194 I/dvm_gc_info(16935): [7809652345805354591,-8964830499842176961,-3986947186770520020,9496842]
04-26 18:29:48.284 I/content_query_sample(16935): [content://com.htc.provider.weather/locationlist,,code='EUR|DK|DA012|COPENHAGEN',,53,,11]
04-26 18:29:49.185 I/dvm_gc_madvise_info(17212): [643072,385024]
04-26 18:29:49.455 I/db_sample( 2268): [/data/data/com.htc.android.mail/databases/mail.db,SELECT sum(_number) FROM notification WHERE _type = 1 AND _accou,47,,10]
04-26 18:29:49.485 I/content_query_sample( 2268): [content://mail/notification,sum(_number),_type = 1 AND _accountid IN (SELECT _id from accounts) ,,151,,31]
04-26 18:29:50.046 I/am_proc_died( 1485): [17114,com.facebook.katana:providers]
04-26 18:29:50.766 I/dvm_gc_info(16935): [7809652345805264464,-8999733259515295678,-3986947186770520020,9668916]
04-26 18:29:51.027 I/content_query_sample(16935): [content://com.htc.launcher.settings/favorites?notify=false,,_id=?,,340,,69]
04-26 18:29:51.027 I/content_query_sample(16935): [content://com.htc.launcher.settings/favorites?notify=false,,_id=?,,152,,31]
04-26 18:29:51.107 I/dvm_gc_info(16935): [7809652345805182219,-9061376279414933438,-3986947186770520020,9857360]
04-26 18:29:51.297 I/am_proc_start( 1485): [17368,10047,com.htc.skinpicker,broadcast,com.htc.skinpicker/.SkinPickerReceiver]
04-26 18:29:51.317 I/dvm_gc_madvise_info(17368): [618496,385024]
04-26 18:29:51.557 I/am_proc_bound( 1485): [17368,com.htc.skinpicker]
04-26 18:29:51.677 I/am_proc_died( 1485): [17345,android.process.media]
04-26 18:29:51.757 I/am_proc_died( 1485): [10461,com.android.mms]
04-26 18:29:52.128 I/am_proc_start( 1485): [17380,1000,com.android.settings,broadcast,com.android.settings/.framework.activity.powersaver.SleepModeTimeOrTimeZoneChangedReceiver]
04-26 18:29:52.158 I/dvm_gc_madvise_info(17380): [618496,385024]
04-26 18:29:52.248 I/am_proc_bound( 1485): [17380,com.android.settings]
04-26 18:29:55.351 I/am_proc_died( 1485): [17368,com.htc.skinpicker]
04-26 18:29:55.521 I/am_proc_died( 1485): [17380,com.android.settings]
04-26 18:29:55.711 I/dvm_gc_info(17388): [7021235374273856922,-9061119274899306926,-4120107533720451502,0]
04-26 18:29:56.112 I/dvm_gc_madvise_info(16935): [442368,385024]
04-26 18:29:56.562 I/dvm_gc_info(16935): [7809652345805592200,-8948223132618827711,-3986947186770520020,9992580]
04-26 18:29:56.732 I/dvm_gc_info(17212): [7020659311769851480,-9052932580356122566,-4006368960163555284,0]
04-26 18:29:57.083 I/am_create_task( 1485): 32
04-26 18:29:57.083 I/am_create_activity( 1485): [1087089552,32,imcom.forensics/.MainActivity,android.intent.action.MAIN,NULL,NULL,268435456]
04-26 18:29:57.093 I/am_pause_activity( 1485): [1083216368,com.htc.launcher/.Launcher]
04-26 18:29:57.113 I/binder_sample(17398): [android.app.IActivityManager,3,33,app_process,6]
04-26 18:29:57.133 I/dvm_gc_info(17398): [7021235374273861027,-9060274849969047975,-4118137208883349927,0]
04-26 18:29:57.243 I/am_on_paused_called(16935): com.htc.launcher.CarouselDummyActivity
04-26 18:29:57.273 I/am_on_paused_called(16935): com.htc.launcher.Launcher
04-26 18:29:57.283 I/am_proc_start( 1485): [17407,10077,imcom.forensics,activity,imcom.forensics/.MainActivity]
04-26 18:29:57.313 I/dvm_gc_madvise_info(17407): [618496,385024]
04-26 18:29:57.363 I/am_proc_bound( 1485): [17407,imcom.forensics]
04-26 18:29:57.373 I/am_restart_activity( 1485): [1087089552,32,imcom.forensics/.MainActivity]
04-26 18:29:57.383 I/dvm_gc_info( 1368): [8825198673194791989,-9126116624107251668,-4010309197419980756,0]
04-26 18:29:57.533 I/dvm_gc_info( 1368): [8825198673194995760,-9222662541119006676,-4010309197419980756,0]
04-26 18:29:57.653 I/dvm_gc_info( 1368): [8825198673194815544,-9222662541119006676,-4010309197419980756,0]
04-26 18:29:57.984 I/dvm_gc_info(17416): [7021235374273861017,-9061119274899302831,-4120389008697158063,0]
04-26 18:29:58.054 I/binder_sample( 1601): [com.android.internal.telephony.ITelephonyRegistry,4,17,com.android.phone,3]
04-26 18:29:58.154 I/dvm_gc_info(16935): [7809652345805231652,-9035198900422449088,-3986947186770520020,9943411]
04-26 18:30:01.417 I/am_proc_start( 1485): [17429,10077,imcom.forensics:uploader,service,imcom.forensics/.UploadManager]
04-26 18:30:01.467 I/am_on_resume_called(17407): imcom.forensics.MainActivity
04-26 18:30:01.477 I/am_proc_bound( 1485): [17429,imcom.forensics:uploader]
04-26 18:30:01.477 I/am_create_service( 1485): [1083648768,imcom.forensics/.UploadManager,,17429]
04-26 18:30:01.477 I/force_gc( 1485): Binder
04-26 18:30:01.687 I/dvm_gc_info( 1485): [8320808730292446993,-8908529318621988738,-3961332963889850324,8681539]
04-26 18:30:01.687 I/binder_sample(17429): [android.content.pm.IPackageManager,1,198,imcom.forensics:uploader,39]
04-26 18:30:01.707 I/binder_sample(17407): [android.view.IWindowSession,1,223,imcom.forensics,44]
04-26 18:30:01.787 I/dvm_gc_madvise_info(17212): [589824,385024]
04-26 18:30:02.218 I/activity_launch_time( 1485): [1087089552,imcom.forensics/.MainActivity,4947,4947]
04-26 18:30:02.618 I/dvm_gc_info( 1640): [8315178139902944860,-8984534917114386385,-4009465184907372500,0]
04-26 18:30:02.668 I/dvm_gc_madvise_info(17429): [573440,385024]
04-26 18:30:02.708 I/am_proc_start( 1485): [17448,10075,com.noshufou.android.su,broadcast,com.noshufou.android.su/.SuResultReceiver]
04-26 18:30:02.718 I/dvm_gc_madvise_info(17448): [626688,385024]
04-26 18:30:02.728 I/am_proc_bound( 1485): [17448,com.noshufou.android.su]
04-26 18:30:02.918 I/am_create_service( 1485): [1090468704,com.noshufou.android.su/.service.ResultService,,17448]
04-26 18:30:02.938 I/dvm_gc_info(17440): [7021235374273856932,-9060274849969039782,-4117855733906631078,0]
04-26 18:30:03.369 I/dvm_gc_madvise_info(16935): [491520,385024]
04-26 18:30:03.579 I/dvm_gc_info(17429): [7381244094246364739,-9056311242334078930,-4009746659884083156,0]
04-26 18:30:03.629 I/dvm_gc_info(17429): [7381244094246393409,-9067851510187231184,-4009465184907372500,0]
04-26 18:30:03.689 I/dvm_gc_info(17429): [7381244094246348389,-9066725541560911824,-4009183709930661844,0]
04-26 18:30:03.729 I/dvm_gc_info(17429): [7381244094246368835,-9065318166643804111,-4008902234953951188,0]
04-26 18:30:03.739 I/content_query_sample(17448): [content://com.noshufou.android.su.provider/apps/uid/10077,_id/allow/notifications/logging,,,704,,100]
04-26 18:30:03.769 I/dvm_gc_info(17429): [7381244094246408192,-9223225353650243531,-4007776335047108564,0]
04-26 18:30:03.829 I/dvm_gc_info(17429): [7381244094246348430,-9067288147849840590,-4008620759977240532,0]
04-26 18:30:03.909 I/dvm_gc_info(17429): [7381244094246377024,-9058280948561545162,-4007494860070397908,0]
04-26 18:30:03.929 I/dvm_gc_info(17429): [7381244094246372769,-9221817910063990732,-4008057810023819220,0]
04-26 18:30:03.959 I/dvm_gc_info(17429): [7381244094246404096,-9223225010002528200,-4006931910116976596,0]
04-26 18:30:04.009 I/dvm_gc_info(17429): [7381244094246385216,-9063910173184296907,-4007776335047108564,0]
04-26 18:30:04.099 I/dvm_gc_info(17429): [7381244094246348384,-9057717723696662473,-4007213385093687252,0]
04-26 18:30:04.120 I/dvm_gc_info(17429): [7381244094246367777,-9221536160142264265,-4007213385093687252,0]
04-26 18:30:04.160 I/am_destroy_service( 1485): [1090468704,com.noshufou.android.su/.service.ResultService,17448]
04-26 18:30:04.180 I/dvm_gc_info(17429): [7381244094246526976,-9223224391376242625,-4004961585280002004,0]
04-26 18:30:04.270 I/dvm_gc_info(17429): [7381244094246393462,-9061657754744317893,-4006087485186844628,0]
04-26 18:30:04.300 I/dvm_gc_info(17429): [7381244094246364577,-9063909554558011334,-4006368960163555284,0]
04-26 18:30:04.330 I/dvm_gc_info(17429): [7381244094246400000,-9223223497804941242,-4002709785466316756,0]
04-26 18:30:04.420 I/dvm_gc_info(17429): [7381244094246393521,-9052649661918283714,-4005243060256712660,0]
04-26 18:30:04.460 I/dvm_gc_info(17429): [7381244094246376602,-9136810679954769858,-4005243060256712660,0]
04-26 18:30:04.510 I/dvm_gc_info(17429): [7381244094246453248,-9223222741706147767,-4001865360536184788,0]
04-26 18:30:04.580 I/dvm_gc_info(17429): [7381244094246352687,-9053493330749622210,-4005243060256712660,0]
04-26 18:30:04.680 I/dvm_gc_info(17429): [7381244094246352478,-9060811680144099263,-4004398635326580692,0]
04-26 18:30:04.820 I/dvm_gc_info(17429): [7381244094246352460,-8922888941555877820,-4003554210396448724,0]
04-26 18:30:04.850 I/dvm_gc_info(17429): [7381244094246364806,-9066441179678312383,-4004398635326580692,0]
04-26 18:30:05.030 I/dvm_gc_info(17429): [7381244094246426191,-8922325991602436028,-4003554210396448724,0]
04-26 18:30:05.100 I/dvm_gc_info(17429): [7381244094246368851,-8970458212619978683,-4003272735419738068,0]
04-26 18:30:05.141 I/dvm_gc_info(17429): [7381244094246352445,-9222096841799305144,-4002146835512895444,0]
04-26 18:30:05.161 I/dvm_gc_info(17429): [7381244094246377116,-9219845041985619900,-4003554210396448724,0]
04-26 18:30:05.191 I/dvm_gc_info(17429): [7381244094246404096,-9223222741706147761,-3999332085745788884,0]
04-26 18:30:05.261 I/dvm_gc_info(17429): [7381244094246356296,-9026471732985399217,-3999332085745788884,0]
04-26 18:30:05.551 I/dvm_gc_info(17429): [7381244094246389425,-8906563392906643376,-3999332085745788884,0]
04-26 18:30:05.831 I/dvm_gc_info(17429): [7381244094246393523,-8906281917929932720,-3999332085745788884,0]
04-26 18:30:05.871 I/dvm_gc_info(17429): [7381244094246368513,-9037730732053825457,-3999332085745788884,0]
04-26 18:30:05.911 I/dvm_gc_info(17429): [7381244094246404096,-9223221573189830560,-3993139636258154452,0]
04-26 18:30:06.001 I/dvm_gc_info(17429): [7381244094246389445,-9021685489864988587,-3997080285932103636,0]
04-26 18:30:06.162 I/dvm_gc_info(17429): [7381244094246377033,-8923169248016271275,-3997361760908814292,0]
04-26 18:30:06.202 I/dvm_gc_info(17429): [7381244094246400000,-9223220610882275230,-3992295211328022484,0]
04-26 18:30:06.242 I/dvm_gc_info(17429): [7381244094246352646,-9222376185952143278,-3998487660815656916,0]
04-26 18:30:06.272 I/dvm_gc_info(17429): [7381244094246404168,-9222376185952143278,-3998487660815656916,0]
04-26 18:30:06.322 I/dvm_gc_info(17429): [7381244094246412288,-9223219236157196187,-3991169311421179860,0]
04-26 18:30:06.442 I/am_proc_died( 1485): [16935,com.htc.launcher]
04-26 18:30:06.462 I/dvm_gc_info(17429): [7381244094246504265,-9036319851621312428,-3997361760908814292,0]
04-26 18:30:06.672 I/dvm_gc_info(17429): [7381244094246352536,-8916130036565870504,-3995954386025261012,0]
04-26 18:30:06.702 I/dvm_gc_info(17429): [7381244094246413877,-9222093336250353579,-3997361760908814292,0]
04-26 18:30:06.742 I/dvm_gc_madvise_info( 1485): [4628480,385024]
04-26 18:30:06.742 I/dvm_gc_info(17429): [7381244094246445056,-9223219236157196174,-3986384236817098708,0]
04-26 18:30:06.792 I/dvm_gc_info(17429): [7381244094246348646,-9221530386296932260,-3994828486118418388,0]
04-26 18:30:06.812 I/dvm_gc_info(17429): [7381244094246375496,-9222374811227064228,-3994828486118418388,0]
04-26 18:30:06.842 I/dvm_gc_info(17429): [7381244094246400000,-9223219236157196174,-3986384236817098708,0]
04-26 18:30:06.932 I/dvm_gc_info(17429): [7381244094246393810,-9220123011413374880,-3993139636258154452,0]
04-26 18:30:07.633 I/dvm_gc_madvise_info( 1640): [1028096,385024]
04-26 18:30:11.937 I/dvm_gc_madvise_info(17429): [3485696,385024]
04-26 18:30:11.967 I/force_gc( 1670): bg
04-26 18:30:12.087 I/dvm_gc_info( 1670): [7146757855084270768,-9068413978986702793,-4007213385093687252,6815744]
04-26 18:30:16.972 I/force_gc( 2268): bg
04-26 18:30:17.092 I/dvm_gc_info( 2268): [3345437203618039339,-9037731419415758777,-4001865360536197076,6816951]
04-26 18:30:17.112 I/dvm_gc_madvise_info( 1670): [598016,385024]
04-26 18:30:21.557 I/am_anr  ( 1485): [17429,imcom.forensics:uploader,572998,Executing service imcom.forensics/.UploadManager]
04-26 18:30:21.997 I/dvm_gc_info( 1485): [8320808730291984111,-8909655287265085311,-3963584763703535572,8681529]
04-26 18:30:22.107 I/dvm_gc_madvise_info( 2268): [1081344,385024]
04-26 18:30:22.958 I/dvm_gc_info( 1485): [8320808730291840940,-8918662486519826299,-3962458863796692948,8681529]
04-26 18:30:23.098 I/am_proc_died( 1485): [17429,imcom.forensics:uploader]
04-26 18:30:23.108 I/am_schedule_service_restart( 1485): [imcom.forensics/.UploadManager,43248]
04-26 18:30:23.198 I/force_gc( 3151): bg
04-26 18:30:23.268 I/dvm_gc_info( 3151): [7885022777269564494,-9113731244061865927,-4006650435140265940,0]
04-26 18:30:26.712 I/am_proc_died( 1485): [17407,imcom.forensics]
04-26 18:30:26.762 I/am_proc_start( 1485): [17483,9999,com.htc.launcher,activity,com.htc.launcher/.Launcher]
04-26 18:30:26.792 I/dvm_gc_madvise_info(17483): [626688,385024]
04-26 18:30:26.802 I/am_proc_bound( 1485): [17483,com.htc.launcher]
04-26 18:30:26.832 I/am_restart_activity( 1485): [1083216368,3,com.htc.launcher/.Launcher]
04-26 18:30:28.043 I/dvm_gc_madvise_info( 1485): [4382720,385024]
04-26 18:30:28.073 I/dvm_gc_info(17483): [7809652345805067944,-8961734824854370251,-3986947186770520020,8558633]
04-26 18:30:28.113 I/am_on_resume_called(17483): com.htc.launcher.Launcher
04-26 18:30:28.123 I/am_on_resume_called(17483): com.htc.launcher.CarouselDummyActivity
04-26 18:30:28.183 I/binder_sample(17483): [android.view.IWindowSession,4,13,com.htc.launcher,2]
04-26 18:30:28.623 I/activity_launch_time( 1485): [1083216368,com.htc.launcher/.Launcher,1869,1869]
04-26 18:30:28.764 I/dvm_gc_madvise_info( 3151): [729088,385024]
04-26 18:30:29.704 I/dvm_gc_info(17483): [7809652345805162177,-8918950216077404103,-3986947186770520020,8558633]
04-26 18:30:29.855 I/dvm_gc_info(17483): [7809652345805128906,-9064754254013532104,-3986947186770520020,8603690]
04-26 18:30:29.925 I/dvm_gc_info(17483): [7809652345805112306,-9171996220140292040,-3986947186770520020,8718400]
04-26 18:30:30.145 I/dvm_gc_info(17483): [7809652345805112363,-9162426070932125640,-3986947186770520020,8833114]
04-26 18:30:30.275 I/dvm_gc_info(17483): [7809652345805104187,-9162426070932125640,-3986947186770520020,8964235]
04-26 18:30:30.395 I/dvm_gc_info(17483): [7809652345805104172,-9163833445815678919,-3986947186770520020,9181372]
04-26 18:30:30.535 I/db_sample( 1670): [/data/data/com.htc.provider.CustomizationSettings/databases/customization_settings.db,SELECT * FROM SettingTable WHERE (key="application_Launcher"),1,,1]
04-26 18:30:30.625 I/content_query_sample(17483): [content://customization_settings/SettingTable/application_Launcher,,,,107,,22]
04-26 18:30:30.986 I/dvm_gc_info(17483): [7809652345805252176,-8996355834672785349,-3986947186770520020,9382128]
04-26 18:30:31.596 I/dvm_gc_info(17483): [7809652345805235755,-9025347757273925569,-3986947186770520020,9521414]
04-26 18:30:31.756 I/am_proc_start( 1485): [17503,10008,android.process.media,content provider,com.android.providers.media/.MediaProvider]
04-26 18:30:31.787 I/dvm_gc_madvise_info(17503): [626688,385024]
04-26 18:30:31.817 I/am_proc_bound( 1485): [17503,android.process.media]
04-26 18:30:31.987 I/am_proc_start( 1485): [17512,10049,com.android.mms,broadcast,com.android.mms/.ui.MessagingShortcutReceiver]
04-26 18:30:32.007 I/dvm_gc_madvise_info(17512): [622592,385024]
04-26 18:30:32.087 I/am_proc_bound( 1485): [17512,com.android.mms]
04-26 18:30:32.227 I/dvm_gc_info(17503): [7882817126543983966,-9056874329759991763,-4010309609837504468,0]
04-26 18:30:32.938 I/binder_sample( 2268): [android.app.IActivityManager,16,24,com.htc.android.mail,4]
04-26 18:30:32.988 I/db_sample( 1601): [/data/data/com.android.providers.telephony/databases/mmssms.db,SELECT _id, message_count, recipient_ids, date, read, snippet, s,452,,91]
04-26 18:30:32.998 I/content_query_sample(17512): [content://mms-sms-v2/conversations?simple=true&formal=true&category=0,_id/message_count/recipient_ids/date/read/snippet/snippet_cs/error/unread_count/recipient_address/priority/type/transport_type/msg_box/locked/name/err_type,,,504,,100]
04-26 18:30:33.098 I/binder_sample(17512): [android.app.IActivityManager,69,10,com.android.mms,2]
04-26 18:30:33.238 I/dvm_gc_info(17512): [7218827569569809977,-9017749033035364303,-4008902234953951188,0]
04-26 18:30:33.588 I/content_query_sample( 2268): [content://com.htc.launcher.settings/favorites,_id/intent,intent like ?,,356,,72]
04-26 18:30:33.969 I/content_query_sample(17483): [content://media/internal/audio/media/41,_id/_data/title,,,462,,93]
04-26 18:30:33.989 I/dvm_gc_info(17512): [7218827569569990200,-9039140993826375629,-4008902234953951188,0]
04-26 18:30:34.689 I/dvm_gc_info(17483): [7809652345805338177,-9000296484346664896,-3986947186770520020,9664814]
04-26 18:30:35.280 I/dvm_gc_info(17483): [7809652345805243874,-9058280260829571007,-3986947186770520020,9840972]
04-26 18:30:35.390 I/content_query_sample(17512): [content://com.android.contacts/contacts/thumbnails_sequence/25,photo_id,,,176,,36]
04-26 18:30:35.410 I/am_proc_start( 1485): [17536,10047,com.htc.skinpicker,broadcast,com.htc.skinpicker/.SkinPickerReceiver]
04-26 18:30:35.470 I/dvm_gc_madvise_info(17536): [622592,385024]
04-26 18:30:35.510 I/am_proc_bound( 1485): [17536,com.htc.skinpicker]
04-26 18:30:35.770 I/am_proc_start( 1485): [17545,1000,com.android.settings,broadcast,com.android.settings/.framework.activity.powersaver.SleepModeTimeOrTimeZoneChangedReceiver]
04-26 18:30:35.810 I/dvm_gc_madvise_info(17545): [622592,385024]
04-26 18:30:35.850 I/am_proc_bound( 1485): [17545,com.android.settings]
04-26 18:30:36.001 I/am_proc_died( 1485): [17448,com.noshufou.android.su]
04-26 18:30:36.281 I/dvm_gc_info(17512): [7218827569570223668,-9054340505062660044,-4005806010210133972,6919805]
04-26 18:30:36.301 I/am_proc_died( 1485): [17503,android.process.media]
04-26 18:30:36.962 I/am_proc_died( 1485): [17536,com.htc.skinpicker]
04-26 18:30:37.072 I/dvm_gc_info(17512): [7218827569570051324,-9059125579666745292,-4005806010210133972,6919831]
04-26 18:30:37.182 I/content_query_sample(17483): [content://com.htc.launcher.settings/favorites?notify=false,,_id=?,,56,,12]
04-26 18:30:37.332 I/am_proc_died( 1485): [17545,com.android.settings]
04-26 18:30:37.482 I/db_sample(17483): [/data/data/com.htc.launcher/databases/launcher.db,UPDATE favorites SET icon=?, title=?, iconType=? WHERE _id=?,212,,43]
04-26 18:30:37.492 I/content_update_sample(17483): [content://com.htc.launcher.settings/favorites?notify=false,update,_id=?,257,,52]
04-26 18:30:37.492 I/content_query_sample(17483): [content://com.htc.launcher.settings/favorites?notify=false,,_id=?,,335,,68]
04-26 18:30:37.902 I/am_proc_died( 1485): [17512,com.android.mms]
04-26 18:30:37.953 I/db_sample( 1624): [/data/data/com.lbe.security/databases/lbe_trafficmon.db,BEGIN EXCLUSIVE;,73,com.lbe.security:service,15]
04-26 18:30:39.094 I/am_proc_died( 1485): [9516,com.android.htccontacts]
04-26 18:30:39.094 I/am_low_memory( 1485): 22
04-26 18:30:39.534 I/dvm_gc_info(17483): [7809652345805284991,-8957793487985420223,-3986947186770520020,9976195]
04-26 18:30:40.455 I/dvm_gc_info(17483): [7809652345805145653,-9022814207605598144,-3986947186770520020,10041726]
04-26 18:30:45.470 I/dvm_gc_madvise_info(17483): [434176,385024]
04-26 18:30:45.960 I/dvm_gc_info(17565): [7021235374273861023,-9060556324945877422,-4120107533720443310,0]
04-26 18:30:46.371 I/am_destroy_service( 1485): [1083648768,imcom.forensics/.UploadManager,-1]
04-26 18:30:46.471 I/am_create_task( 1485): 33
04-26 18:30:46.471 I/am_create_activity( 1485): [1083240392,33,imcom.forensics/.MainActivity,android.intent.action.MAIN,NULL,NULL,268435456]
04-26 18:30:46.481 I/am_pause_activity( 1485): [1083216368,com.htc.launcher/.Launcher]
04-26 18:30:46.511 I/dvm_gc_info(17575): [7021235374273873315,-9060274849969047975,-4118137208883349927,0]
04-26 18:30:46.601 I/am_on_paused_called(17483): com.htc.launcher.CarouselDummyActivity
04-26 18:30:46.611 I/am_on_paused_called(17483): com.htc.launcher.Launcher
04-26 18:30:46.621 I/am_proc_start( 1485): [17588,10077,imcom.forensics,activity,imcom.forensics/.MainActivity]
04-26 18:30:46.621 I/binder_sample(17483): [android.app.IActivityManager,19,6,com.htc.launcher,1]
04-26 18:30:46.641 I/dvm_gc_madvise_info(17588): [622592,385024]
04-26 18:30:46.651 I/am_proc_bound( 1485): [17588,imcom.forensics]
04-26 18:30:46.661 I/am_restart_activity( 1485): [1083240392,33,imcom.forensics/.MainActivity]
04-26 18:30:48.152 I/dvm_gc_info(17598): [7021235374273861017,-9061119274899302831,-4120389008697158063,0]
04-26 18:30:50.775 I/am_proc_start( 1485): [17607,10077,imcom.forensics:uploader,service,imcom.forensics/.UploadManager]
04-26 18:30:50.795 I/dvm_gc_madvise_info(17607): [618496,385024]
04-26 18:30:50.815 I/am_on_resume_called(17588): imcom.forensics.MainActivity
04-26 18:30:50.835 I/binder_sample(17588): [android.view.IWindowSession,1,7,imcom.forensics,1]
04-26 18:30:50.845 I/am_proc_bound( 1485): [17607,imcom.forensics:uploader]
04-26 18:30:50.845 I/am_create_service( 1485): [1090343576,imcom.forensics/.UploadManager,,17607]
04-26 18:30:51.316 I/activity_launch_time( 1485): [1083240392,imcom.forensics/.MainActivity,4702,4702]
04-26 18:30:51.616 I/am_proc_start( 1485): [17630,10075,com.noshufou.android.su,broadcast,com.noshufou.android.su/.SuResultReceiver]
04-26 18:30:51.636 I/dvm_gc_madvise_info(17630): [618496,385024]
04-26 18:30:51.646 I/am_proc_bound( 1485): [17630,com.noshufou.android.su]
04-26 18:30:51.766 I/am_create_service( 1485): [1088160600,com.noshufou.android.su/.service.ResultService,,17630]
04-26 18:30:51.786 I/dvm_gc_info(17618): [7021235374273877412,-9060274849969039782,-4117855733906631078,0]
04-26 18:30:52.327 I/content_query_sample(17630): [content://com.noshufou.android.su.provider/apps/uid/10077,_id/allow/notifications/logging,,,438,,88]
04-26 18:30:52.527 I/binder_sample(17630): [android.view.IWindowSession,4,24,com.noshufou.android.su,4]
04-26 18:30:52.527 I/am_destroy_service( 1485): [1088160600,com.noshufou.android.su/.service.ResultService,17630]
04-26 18:30:52.567 I/dvm_gc_info(17607): [7381244094246377033,-9048711349209860049,-4009465184907372500,0]
04-26 18:30:52.617 I/dvm_gc_info(17607): [7381244094246372952,-9070103172561962960,-4009183709930661844,0]
04-26 18:30:52.677 I/dvm_gc_info(17607): [7381244094246348386,-9067851372731500495,-4008902234953951188,0]
04-26 18:30:52.717 I/dvm_gc_info(17607): [7381244094246364747,-9065881047877748687,-4008902234953951188,0]
04-26 18:30:52.747 I/dvm_gc_info(17607): [7381244094246372905,-9177626613615101902,-4008620759977240532,0]
04-26 18:30:52.807 I/dvm_gc_info(17607): [7381244094246352492,-9067006810328860621,-4008620759977240532,0]
04-26 18:30:52.837 I/dvm_gc_info(17607): [7381244094246360637,-9065036485475108812,-4008057810023819220,0]
04-26 18:30:52.877 I/dvm_gc_info(17607): [7381244094246404096,-9223225147458258889,-4007213385093687252,0]
04-26 18:30:52.907 I/dvm_gc_info(17607): [7381244094246364727,-9065880635493779403,-4007776335047108564,0]
04-26 18:30:52.947 I/dvm_gc_info(17607): [7381244094246400000,-9223224803793766343,-4006650435140265940,0]
04-26 18:30:52.987 I/dvm_gc_info(17607): [7381244094246364754,-9060532267255007178,-4007494860070397908,0]
04-26 18:30:53.017 I/dvm_gc_info(17607): [7381244094246404096,-9223224253903734723,-4005524535233423316,0]
04-26 18:30:53.117 I/dvm_gc_info(17607): [7381244094246397550,-9059405817458124742,-4006650435140265940,0]
04-26 18:30:53.137 I/dvm_gc_info(17607): [7381244094246372572,-9092056914756569031,-4006650435140265940,0]
04-26 18:30:53.167 I/dvm_gc_info(17607): [7381244094246408192,-9223223497804941245,-4003835685373159380,0]
04-26 18:30:53.257 I/dvm_gc_info(17607): [7381244094246389407,-9052931136894994372,-4005806010210133972,0]
04-26 18:30:53.287 I/dvm_gc_info(17607): [7381244094246364577,-9064190135963420612,-4005806010210133972,0]
04-26 18:30:53.328 I/dvm_gc_info(17607): [7381244094246400000,-9223222398024878004,-4000457985652631508,0]
04-26 18:30:53.378 I/dvm_gc_info(17607): [7381244094246348465,-9148631529196554175,-4004398635326580692,0]
04-26 18:30:53.398 I/dvm_gc_info(17607): [7381244094246371664,-9221815023141324735,-4004398635326580692,0]
04-26 18:30:53.428 I/dvm_gc_info(17607): [7381244094246404096,-9223222398024878004,-4000457985652631508,0]
04-26 18:30:53.498 I/dvm_gc_info(17607): [7381244094246356836,-9054618886975195074,-4005243060256712660,0]
04-26 18:30:53.588 I/dvm_gc_info(17607): [7381244094246348380,-9059966911532697535,-4004398635326580692,0]
04-26 18:30:53.858 I/dvm_gc_info(17607): [7381244094246426181,-8924014497781446588,-4003554210396448724,0]
04-26 18:30:53.918 I/dvm_gc_info(17607): [7381244094246364813,-9049833812371113919,-4004398635326580692,0]
04-26 18:30:54.058 I/dvm_gc_info(17607): [7381244094246356554,-8923170072851302332,-4003554210396448724,0]
04-26 18:30:54.128 I/dvm_gc_info(17607): [7381244094246368848,-8974398518612658107,-4003272735419738068,0]
04-26 18:30:54.198 I/dvm_gc_info(17607): [7381244094246377019,-9222096498118035384,-4002146835512895444,0]
04-26 18:30:54.218 I/dvm_gc_info(17607): [7381244094246389402,-9219844698304350140,-4003554210396448724,0]
04-26 18:30:54.258 I/dvm_gc_info(17607): [7381244094246400000,-9223222398024878001,-3999332085745788884,0]
04-26 18:30:54.349 I/dvm_gc_info(17607): [7381244094246389123,-9016901240095950768,-3999332085745788884,0]
04-26 18:30:54.699 I/dvm_gc_info(17607): [7381244094246389437,-8904592724388394928,-3999050610769078228,0]
04-26 18:30:54.989 I/dvm_gc_info(17607): [7381244094246348470,-8905718624295258033,-3999332085745788884,0]
04-26 18:30:55.009 I/dvm_gc_info(17607): [7381244094246371432,-9222096498118035377,-3999332085745788884,0]
04-26 18:30:55.049 I/dvm_gc_info(17607): [7381244094246408192,-9223221229508560800,-3993139636258154452,0]
04-26 18:30:55.149 I/dvm_gc_info(17607): [7381244094246389444,-9027314645717919659,-3997080285932103636,0]
04-26 18:30:55.269 I/dvm_gc_info(17607): [7381244094246438476,-8922887429358290859,-3997361760908814292,0]
04-26 18:30:55.299 I/dvm_gc_info(17607): [7381244094246404096,-9223221229508560798,-3992013736351311828,0]
04-26 18:30:55.339 I/dvm_gc_info(17607): [7381244094246348551,-9222376804578428846,-3998206185838946260,0]
04-26 18:30:55.360 I/dvm_gc_info(17607): [7381244094246371400,-9222376804578428846,-3998206185838946260,0]
04-26 18:30:55.390 I/dvm_gc_info(17607): [7381244094246404096,-9223221229475006363,-3991169311421179860,0]
04-26 18:30:55.490 I/dvm_gc_info(17607): [7381244094246393678,-9027596120694630315,-3997361760908814292,0]
04-26 18:30:55.690 I/dvm_gc_info(17607): [7381244094246352532,-8916976454847367080,-3995954386025261012,0]
04-26 18:30:55.720 I/dvm_gc_info(17607): [7381244094246372917,-9222095329601718187,-3997361760908814292,0]
04-26 18:30:55.760 I/dvm_gc_info(17607): [7381244094246404096,-9223219167420942222,-3986384236817098708,0]
04-26 18:30:55.800 I/dvm_gc_info(17607): [7381244094246352742,-9221530317560678309,-3994828486118418388,0]
04-26 18:30:55.820 I/dvm_gc_info(17607): [7381244094246367304,-9222374742490810277,-3994828486118418388,0]
04-26 18:30:55.850 I/dvm_gc_info(17607): [7381244094246404096,-9223219167420942222,-3986384236817098708,0]
04-26 18:30:55.950 I/dvm_gc_info(17607): [7381244094246393813,-9129488000176281504,-3992858161281443796,0]
04-26 18:30:56.761 I/dvm_gc_info(17483): [7809652345805198836,-9041391418545657792,-3909541568175089620,9808186]
04-26 18:31:00.965 I/dvm_gc_madvise_info(17607): [3579904,385024]
04-26 18:31:01.796 I/dvm_gc_madvise_info(17483): [434176,385024]
04-26 18:31:05.109 I/sqlite_mem_released( 1624): 208800
04-26 18:31:05.109 I/force_gc( 1624): mem
04-26 18:31:05.179 I/dvm_gc_info( 1624): [8315161643084727866,-8983971004853286858,-4007494860070397908,0]
04-26 18:31:08.002 I/db_sample( 1624): [/data/data/com.lbe.security/databases/lbe_trafficmon.db,COMMIT;BEGIN EXCLUSIVE;,0,com.lbe.security:service,1]
04-26 18:31:10.194 I/dvm_gc_madvise_info( 1624): [8151040,385024]
04-26 18:31:10.895 I/am_anr  ( 1485): [17607,imcom.forensics:uploader,572998,Executing service imcom.forensics/.UploadManager]
04-26 18:31:11.405 I/dvm_gc_info( 1485): [8320808730292217849,-8891359138833872765,-3960207063983007700,8681539]
04-26 18:31:12.166 I/am_proc_died( 1485): [17607,imcom.forensics:uploader]
04-26 18:31:12.166 I/am_schedule_service_restart( 1485): [imcom.forensics/.UploadManager,42640]
04-26 18:31:14.178 I/dvm_gc_info(17212): [7020659311768585833,-9033229263250122694,-4006368960163555284,0]
04-26 18:31:15.669 I/sqlite_mem_released( 1698): 0
04-26 18:31:15.669 I/force_gc( 1698): mem
04-26 18:31:15.729 I/dvm_gc_info( 1698): [8101825532251059314,-9106976119565920204,-4007776335047108564,6899011]
04-26 18:31:16.450 I/dvm_gc_madvise_info( 1485): [3571712,385024]
04-26 18:31:19.203 I/dvm_gc_madvise_info(17212): [626688,385024]
04-26 18:31:20.744 I/dvm_gc_madvise_info( 1698): [1605632,385024]
04-26 18:31:23.917 I/sqlite_mem_released( 1640): 0
04-26 18:31:23.917 I/force_gc( 1640): mem
04-26 18:31:23.987 I/dvm_gc_info( 1640): [8315178139903063613,-9009023171351967698,-4009746659884083156,0]
04-26 18:31:28.932 I/sqlite_mem_released( 1595): 0
04-26 18:31:28.932 I/force_gc( 1595): mem
04-26 18:31:28.992 I/dvm_gc_madvise_info( 1640): [1003520,385024]
04-26 18:31:29.012 I/dvm_gc_info( 1595): [7597133271180547284,-9061658717018212298,-4005524535233423316,6907496]
04-26 18:31:34.017 I/dvm_gc_madvise_info( 1595): [638976,385024]
04-26 18:31:37.160 I/dvm_gc_info(17212): [7020659311768761944,-9052932511619868614,-4006368960163555284,0]
04-26 18:31:38.922 I/force_gc( 1570): mem
04-26 18:31:39.012 I/dvm_gc_info( 1570): [8320808730291963559,-8918668672783865799,-3988917511607494612,8615986]
04-26 18:31:42.175 I/dvm_gc_madvise_info(17212): [593920,385024]
04-26 18:31:44.047 I/dvm_gc_madvise_info( 1570): [1196032,385024]
04-26 18:31:47.130 I/am_proc_died( 1485): [17588,imcom.forensics]
04-26 18:31:47.160 I/am_resume_activity( 1485): [1083216368,3,com.htc.launcher/.Launcher]
04-26 18:31:47.170 I/am_on_resume_called(17483): com.htc.launcher.CarouselDummyActivity
04-26 18:31:47.210 I/am_on_resume_called(17483): com.htc.launcher.Launcher
04-26 18:31:50.123 I/dvm_gc_info(17690): [7021235374273861023,-9060556324945877422,-4120107533720443310,0]
04-26 18:31:50.503 I/am_destroy_service( 1485): [1090343576,imcom.forensics/.UploadManager,-1]
04-26 18:31:50.513 I/am_create_task( 1485): 34
04-26 18:31:50.513 I/am_create_activity( 1485): [1079243792,34,imcom.forensics/.MainActivity,android.intent.action.MAIN,NULL,NULL,268435456]
04-26 18:31:50.523 I/am_pause_activity( 1485): [1083216368,com.htc.launcher/.Launcher]
04-26 18:31:50.553 I/binder_sample(17700): [android.app.IActivityManager,3,49,app_process,9]
04-26 18:31:50.583 I/am_on_paused_called(17483): com.htc.launcher.CarouselDummyActivity
04-26 18:31:50.583 I/dvm_gc_info(17700): [7021235374273861027,-9060274849969047975,-4118137208883349927,0]
04-26 18:31:50.593 I/am_on_paused_called(17483): com.htc.launcher.Launcher
04-26 18:31:50.613 I/am_proc_start( 1485): [17709,10077,imcom.forensics,activity,imcom.forensics/.MainActivity]
04-26 18:31:50.653 I/dvm_gc_madvise_info(17709): [618496,385024]
04-26 18:31:50.673 I/am_proc_bound( 1485): [17709,imcom.forensics]
04-26 18:31:50.683 I/am_restart_activity( 1485): [1079243792,34,imcom.forensics/.MainActivity]
04-26 18:31:50.693 I/dvm_gc_info( 1368): [8825198673194681397,-9125835149130541012,-4010309197419980756,0]
04-26 18:31:50.784 I/dvm_gc_info( 1368): [8825198673194692664,-9222662541119006676,-4010309197419980756,0]
04-26 18:31:50.904 I/dvm_gc_info( 1368): [8825198673194848304,-9222662541119006676,-4010309197419980756,0]
04-26 18:31:51.244 I/dvm_gc_info(17718): [7021235374273861017,-9061119274899302831,-4120389008697158063,0]
04-26 18:31:54.647 I/am_proc_start( 1485): [17731,10077,imcom.forensics:uploader,service,imcom.forensics/.UploadManager]
04-26 18:31:54.677 I/am_on_resume_called(17709): imcom.forensics.MainActivity
04-26 18:31:54.697 I/am_proc_bound( 1485): [17731,imcom.forensics:uploader]
04-26 18:31:54.697 I/am_create_service( 1485): [1081606744,imcom.forensics/.UploadManager,,17731]
04-26 18:31:54.978 I/binder_sample(17709): [com.android.internal.view.IInputMethodManager,5,19,imcom.forensics,3]
04-26 18:31:55.158 I/activity_launch_time( 1485): [1079243792,imcom.forensics/.MainActivity,4552,4552]
04-26 18:31:55.378 I/am_create_service( 1485): [1085004016,com.noshufou.android.su/.service.ResultService,,17630]
04-26 18:31:55.398 I/dvm_gc_info(17742): [7021235374273873316,-9060274849969043878,-4117855733906635174,0]
04-26 18:31:55.598 I/am_destroy_service( 1485): [1085004016,com.noshufou.android.su/.service.ResultService,17630]
04-26 18:31:55.919 I/dvm_gc_madvise_info(17731): [573440,385024]
04-26 18:31:56.109 I/dvm_gc_info(17731): [7381244094246352467,-9053496423830718418,-4009746659884083156,0]
04-26 18:31:56.139 I/dvm_gc_info(17731): [7381244094246360612,-9069821972479936465,-4009465184907372500,0]
04-26 18:31:56.199 I/dvm_gc_info(17731): [7381244094246352498,-9081362240349865936,-4009183709930661844,0]
04-26 18:31:56.239 I/dvm_gc_info(17731): [7381244094246364736,-9066444066567423951,-4008902234953951188,0]
04-26 18:31:56.269 I/dvm_gc_info(17731): [7381244094246400000,-9223225422386497485,-4008339285000529876,0]
04-26 18:31:56.299 I/dvm_gc_info(17731): [7381244094246364715,-9081362034157881294,-4008620759977240532,0]
04-26 18:31:56.329 I/dvm_gc_info(17731): [7381244094246377001,-9213092323241691085,-4008339285000529876,0]
04-26 18:31:56.379 I/dvm_gc_info(17731): [7381244094246348393,-9067006810312083405,-4008339285000529876,0]
04-26 18:31:56.419 I/dvm_gc_info(17731): [7381244094246364743,-9065036485475108812,-4008057810023819220,0]
04-26 18:31:56.459 I/dvm_gc_info(17731): [7381244094246400000,-9223225147458258889,-4007213385093687252,0]
04-26 18:31:56.509 I/dvm_gc_info(17731): [7381244094246413879,-9066443585447200715,-4007776335047108564,0]
04-26 18:31:56.549 I/dvm_gc_info(17731): [7381244094246432768,-9223224803793766343,-4006650435140265940,0]
04-26 18:31:56.589 I/dvm_gc_info(17731): [7381244094246364754,-9060813742231717834,-4007494860070397908,0]
04-26 18:31:56.629 I/dvm_gc_info(17731): [7381244094246400000,-9223224253903734723,-4005524535233423316,0]
04-26 18:31:56.709 I/dvm_gc_info(17731): [7381244094246393457,-9057154017644439495,-4006650435140265940,0]
04-26 18:31:56.729 I/dvm_gc_info(17731): [7381244094246372519,-9129493086659086279,-4006650435140265940,0]
04-26 18:31:56.769 I/dvm_gc_info(17731): [7381244094246404096,-9223223497804941245,-4003835685373159380,0]
04-26 18:31:56.860 I/dvm_gc_info(17731): [7381244094246393492,-9058842111405905859,-4005524535233423316,0]
04-26 18:31:56.890 I/dvm_gc_info(17731): [7381244094246364708,-9058560636429207492,-4005806010210133972,0]
04-26 18:31:56.930 I/dvm_gc_info(17731): [7381244094246404096,-9223222398024878004,-4000457985652631508,0]
04-26 18:31:56.990 I/dvm_gc_info(17731): [7381244094246356659,-9127239430966544319,-4004398635326580692,0]
04-26 18:31:57.010 I/dvm_gc_info(17731): [7381244094246371680,-9221815023141324735,-4004398635326580692,0]
04-26 18:31:57.040 I/dvm_gc_info(17731): [7381244094246404096,-9223222398024878003,-4000457985652631508,0]
04-26 18:31:57.130 I/dvm_gc_info(17731): [7381244094246397813,-9056870686788876225,-4004961585280002004,0]
04-26 18:31:57.290 I/dvm_gc_info(17731): [7381244094246389334,-8994946191912535999,-4004398635326580692,0]
04-26 18:31:57.510 I/dvm_gc_info(17731): [7381244094246393434,-8938651196570404798,-4004117160349870036,0]
04-26 18:31:57.540 I/dvm_gc_info(17731): [7381244094246364772,-9068692635810727871,-4004398635326580692,0]
04-26 18:31:57.800 I/dvm_gc_info(17731): [7381244094246348360,-8923451547828008892,-4003554210396448724,0]
04-26 18:31:57.891 I/dvm_gc_info(17731): [7381244094246352473,-8955539695173044155,-4003272735419738068,0]
04-26 18:31:57.921 I/dvm_gc_info(17731): [7381244094246381160,-9221252073187903418,-4002991260443027412,0]
04-26 18:31:57.941 I/dvm_gc_info(17731): [7381244094246381171,-9220126173281060795,-4003272735419738068,0]
04-26 18:31:57.981 I/dvm_gc_info(17731): [7381244094246436864,-9223222398024878000,-3999332085745788884,0]
04-26 18:31:58.071 I/dvm_gc_info(17731): [7381244094246393208,-9018871564932933552,-3999050610769078228,0]
04-26 18:31:58.351 I/dvm_gc_info(17731): [7381244094246393525,-8905718624295233456,-3999050610769078228,0]
04-26 18:31:58.641 I/dvm_gc_info(17731): [7381244094246397626,-8905155674341820336,-3999050610769078228,0]
04-26 18:31:58.661 I/dvm_gc_info(17731): [7381244094246376558,-9061374286416250800,-3999332085745788884,0]
04-26 18:31:58.701 I/dvm_gc_info(17731): [7381244094246404096,-9223221229508560800,-3993139636258154452,0]
04-26 18:31:58.791 I/dvm_gc_info(17731): [7381244094246397636,-9028159070648051626,-3997080285932103636,0]
04-26 18:31:58.891 I/dvm_gc_info(17731): [7381244094246372941,-8922605954381580203,-3997080285932103636,0]
04-26 18:31:58.932 I/dvm_gc_info(17731): [7381244094246400000,-9223220267201005469,-3992013736351311828,0]
04-26 18:31:58.982 I/dvm_gc_info(17731): [7381244094246352649,-9222375842270873518,-3998206185838946260,0]
04-26 18:31:59.002 I/dvm_gc_info(17731): [7381244094246387784,-9222375842270873518,-3998206185838946260,0]
04-26 18:31:59.042 I/dvm_gc_info(17731): [7381244094246404096,-9223218892475926426,-3990887836444469204,0]
04-26 18:31:59.142 I/dvm_gc_info(17731): [7381244094246397780,-9017460684500412331,-3997080285932103636,0]
04-26 18:31:59.322 I/dvm_gc_info(17731): [7381244094246352524,-8918100017721575336,-3995954386025261012,0]
04-26 18:31:59.352 I/dvm_gc_info(17731): [7381244094246377013,-9222092992569083819,-3997080285932103636,0]
04-26 18:31:59.382 I/dvm_gc_info(17731): [7381244094246400000,-9223218892475926414,-3986102761840388052,0]
04-26 18:31:59.422 I/dvm_gc_info(17731): [7381244094246352744,-9221811517592373156,-3994547011141707732,0]
04-26 18:31:59.452 I/dvm_gc_info(17731): [7381244094246371432,-9222092992569083812,-3994547011141707732,0]
04-26 18:31:59.492 I/dvm_gc_info(17731): [7381244094246457344,-9223218892475926414,-3986102761840388052,0]
04-26 18:31:59.592 I/dvm_gc_info(17731): [7381244094246414296,-9174805196481677215,-3992858161281443796,0]
04-26 18:32:00.743 I/dvm_gc_info(17483): [7809652345805194537,-9054620742451062720,-3921926467150358484,9627918]
04-26 18:32:04.597 I/dvm_gc_madvise_info(17731): [3805184,385024]
04-26 18:32:05.758 I/dvm_gc_madvise_info(17483): [434176,385024]
04-26 18:32:11.944 I/sqlite_mem_released( 1601): 158920
04-26 18:32:11.944 I/force_gc( 1601): mem
04-26 18:32:12.024 I/dvm_gc_info( 1601): [8099846449757746855,-8922045891283441602,-3978784412445910996,8763465]
04-26 18:32:14.787 I/am_anr  ( 1485): [17731,imcom.forensics:uploader,572998,Executing service imcom.forensics/.UploadManager]
04-26 18:32:15.017 I/dvm_gc_info( 1485): [8320808730291685413,-8905150519121397634,-3962458863796692948,8681536]
04-26 18:32:15.277 I/dvm_gc_info( 1485): [8320808730291975851,-8916690993166534527,-3963584763703535572,8681529]
04-26 18:32:16.048 I/am_proc_died( 1485): [17731,imcom.forensics:uploader]
04-26 18:32:16.048 I/am_schedule_service_restart( 1485): [imcom.forensics/.UploadManager,42680]
04-26 18:32:16.949 I/sqlite_mem_released( 1603): 133400
04-26 18:32:16.949 I/force_gc( 1603): mem
04-26 18:32:17.019 I/dvm_gc_info( 1603): [7017575181485090379,-8991288529345099703,-4001865360536184788,0]
04-26 18:32:17.039 I/dvm_gc_madvise_info( 1601): [1302528,385024]
04-26 18:32:20.332 I/dvm_gc_madvise_info( 1485): [3825664,385024]
04-26 18:32:22.054 I/dvm_gc_madvise_info( 1603): [479232,385024]
04-26 18:32:23.926 I/force_gc( 1485): mem
04-26 18:32:24.046 I/dvm_gc_info( 1485): [8320808730292103165,-8915283893228001156,-3964992138587088852,8681529]
04-26 18:32:29.091 I/dvm_gc_madvise_info( 1485): [4624384,385024]
04-26 18:32:38.410 I/sqlite_mem_released( 7839): 0
04-26 18:32:38.410 I/force_gc( 7839): mem
04-26 18:32:38.490 I/dvm_gc_info( 7839): [7959037488985859031,-9171152139277293511,-4006650435140265940,0]
04-26 18:32:43.415 I/sqlite_mem_released( 2085): 0
04-26 18:32:43.415 I/force_gc( 2085): mem
04-26 18:32:43.495 I/dvm_gc_info( 2085): [7021235459988968612,-9065317822995941323,-4007776335047108564,0]
04-26 18:32:43.495 I/dvm_gc_madvise_info( 7839): [520192,385024]
04-26 18:32:44.176 I/dvm_gc_info(17212): [7020659311768577641,-9033229263250122694,-4006368960163555284,0]
04-26 18:32:48.440 I/sqlite_mem_released( 5797): 0
04-26 18:32:48.440 I/force_gc( 5797): mem
04-26 18:32:48.510 I/dvm_gc_madvise_info( 2085): [598016,385024]
04-26 18:32:48.520 I/dvm_gc_info( 5797): [7885629677472380481,-8985659923432990664,-4006931910116976596,0]
04-26 18:32:49.201 I/dvm_gc_madvise_info(17212): [626688,385024]
04-26 18:32:53.435 I/sqlite_mem_released( 2343): 2320
04-26 18:32:53.435 I/force_gc( 2343): mem
04-26 18:32:53.515 I/dvm_gc_madvise_info( 5797): [462848,385024]
04-26 18:32:53.545 I/dvm_gc_info( 2343): [8603398534651647280,-9060812023774136240,-3998769135792379860,0]
04-26 18:32:58.440 I/sqlite_mem_released( 2011): 467480
04-26 18:32:58.440 I/force_gc( 2011): mem
04-26 18:32:58.520 I/dvm_gc_info( 2011): [8315178139768889704,-9219565766568847303,-4006650435140265940,0]
04-26 18:32:58.560 I/dvm_gc_madvise_info( 2343): [471040,385024]
04-26 18:32:58.740 I/am_proc_start( 1485): [17809,10077,imcom.forensics:uploader,service,imcom.forensics/.UploadManager]
04-26 18:32:58.770 I/dvm_gc_madvise_info(17809): [626688,385024]
04-26 18:32:58.810 I/am_proc_bound( 1485): [17809,imcom.forensics:uploader]
04-26 18:32:58.820 I/am_create_service( 1485): [1081606744,imcom.forensics/.UploadManager,,17809]
04-26 18:32:59.240 I/am_create_service( 1485): [1090719136,com.noshufou.android.su/.service.ResultService,,17630]
04-26 18:32:59.260 I/dvm_gc_info(17820): [7021235374273856932,-9060274849969043878,-4117855733906635174,0]
04-26 18:32:59.441 I/am_destroy_service( 1485): [1090719136,com.noshufou.android.su/.service.ResultService,17630]
04-26 18:32:59.491 I/dvm_gc_info(17630): [7594245945072653883,-9030696950700328912,-4009183709930661844,0]
04-26 18:33:00.311 I/dvm_gc_info(17809): [7381244094246352460,-9048711349209860049,-4009465184907372500,0]
04-26 18:33:00.381 I/dvm_gc_info(17809): [7381244094246352499,-9063629248080840656,-4009183709930661844,0]
04-26 18:33:00.422 I/dvm_gc_info(17809): [7381244094246364746,-9065599572917815247,-4008902234953951188,0]
04-26 18:33:00.452 I/dvm_gc_info(17809): [7381244094246404096,-9223225353667020748,-4008339285000529876,0]
04-26 18:33:00.492 I/dvm_gc_info(17809): [7381244094246381100,-9083050815281891278,-4008620759977240532,0]
04-26 18:33:00.532 I/dvm_gc_info(17809): [7381244094246428672,-9223225147475036108,-4008057810023819220,0]
04-26 18:33:00.602 I/dvm_gc_info(17809): [7381244094246352503,-9061095560889698251,-4007776335047108564,0]
04-26 18:33:00.632 I/dvm_gc_info(17809): [7381244094246364641,-9128931030276966348,-4008057810023819220,0]
04-26 18:33:00.662 I/dvm_gc_info(17809): [7381244094246404096,-9223224941266274250,-4007494860070397908,0]
04-26 18:33:00.692 I/dvm_gc_info(17809): [7381244094246364722,-9067287804168570827,-4008057810023819220,0]
04-26 18:33:00.732 I/dvm_gc_info(17809): [7381244094246404096,-9223224597585004487,-4006650435140265940,0]
04-26 18:33:00.772 I/dvm_gc_info(17809): [7381244094246368843,-9062220910906509258,-4007494860070397908,0]
04-26 18:33:00.802 I/dvm_gc_info(17809): [7381244094246404096,-9223224116431226820,-4005806010210133972,0]
04-26 18:33:00.892 I/dvm_gc_info(17809): [7381244094246393456,-9054057655428122568,-4006931910116976596,0]
04-26 18:33:00.912 I/dvm_gc_info(17809): [7381244094246376114,-9216187242013460424,-4006931910116976596,0]
04-26 18:33:00.942 I/dvm_gc_info(17809): [7381244094246404096,-9223223429068687294,-4004117160349870036,0]
04-26 18:33:01.032 I/dvm_gc_info(17809): [7381244094246393492,-9053775493088872389,-4006087485186844628,0]
04-26 18:33:01.072 I/dvm_gc_info(17809): [7381244094246368591,-9067004816994273221,-4006087485186844628,0]
04-26 18:33:01.102 I/dvm_gc_info(17809): [7381244094246404096,-9223223429068687286,-4001302410582763476,0]
04-26 18:33:01.172 I/dvm_gc_info(17809): [7381244094246352568,-9061938267413481408,-4004680110303291348,0]
04-26 18:33:01.192 I/dvm_gc_info(17809): [7381244094246371704,-9221816054185134016,-4004680110303291348,0]
04-26 18:33:01.222 I/dvm_gc_info(17809): [7381244094246400000,-9223223429068687285,-4000739460629342164,0]
04-26 18:33:01.302 I/dvm_gc_info(17809): [7381244094246393666,-9058279092716242881,-4005243060256712660,0]
04-26 18:33:01.382 I/dvm_gc_info(17809): [7381244094246352475,-9055182867972425663,-4004398635326580692,0]
04-26 18:33:01.683 I/dvm_gc_info(17809): [7381244094246348363,-8922889628918417340,-4003554210396448724,0]
04-26 18:33:01.763 I/dvm_gc_info(17809): [7381244094246348390,-9045331243787552700,-4003554210396448724,0]
04-26 18:33:01.953 I/dvm_gc_info(17809): [7381244094246348406,-8922889628918400956,-4003554210396448724,0]
