04-26 18:59:05.158 I/am_proc_bound( 1485): [19567,com.android.settings]
04-26 18:59:05.238 I/dvm_gc_info(19514): [7381244094246576128,-9223222054343608242,-3999895035699210196,0]
04-26 18:59:05.338 I/dvm_gc_info(19514): [7381244094246373267,-9053774118363793344,-4004961585280002004,0]
04-26 18:59:05.699 I/dvm_gc_info(19514): [7381244094246413919,-8956102301445179327,-4004398635326580692,0]
04-26 18:59:05.789 I/dvm_gc_info(19437): [7809652345805706734,-9051524930124748735,-3986947186770520020,9763150]
04-26 18:59:05.839 I/dvm_gc_info(19514): [7381244094246348372,-8955257876515063742,-4004117160349870036,0]
04-26 18:59:05.879 I/dvm_gc_info(19514): [7381244094246426211,-9156231009886472124,-4003554210396448724,0]
04-26 18:59:06.069 I/dvm_gc_info(19514): [7381244094246393439,-8919792029449521084,-4003554210396448724,0]
04-26 18:59:06.169 I/dvm_gc_info(19514): [7381244094246352443,-9027596945529702328,-4001865360536184788,0]
04-26 18:59:06.199 I/dvm_gc_info(19514): [7381244094246377062,-9221814679460054970,-4002991260443027412,0]
04-26 18:59:06.219 I/dvm_gc_info(19514): [7381244094246372978,-9220125829599791035,-4003272735419738068,0]
04-26 18:59:06.219 I/dvm_gc_info(19390): [6216209330115671597,-9037170187835635659,-4007776335047108564,0]
04-26 18:59:06.259 I/dvm_gc_info(19514): [7381244094246445056,-9223222054343608240,-3999050610769078228,0]
04-26 18:59:06.359 I/dvm_gc_info(19514): [7381244094246393214,-9017745321344817071,-3998769135792367572,0]
04-26 18:59:06.640 I/dvm_gc_info(19390): [6216209330116571787,-9206054967670044617,-4007213385093687252,0]
04-26 18:59:06.680 I/dvm_gc_info(19514): [7381244094246393535,-8904310905730418607,-3998769135792367572,0]
04-26 18:59:06.920 I/binder_sample(17630): [android.view.IWindowSession,3,537,com.noshufou.android.su,100]
04-26 18:59:06.970 I/dvm_gc_madvise_info(19507): [503808,385024]
04-26 18:59:07.000 I/am_proc_died( 1485): [19280,com.baidu.appsearch]
04-26 18:59:07.020 I/dvm_gc_info(19514): [7381244094246409916,-8904873855683835823,-3998769135792367572,0]
04-26 18:59:07.060 I/dvm_gc_info(19514): [7381244094246421625,-9059685092874717104,-3999050610769078228,0]
04-26 18:59:07.110 I/dvm_gc_info(19514): [7381244094246486016,-9223220817091037087,-3992576686304733140,0]
04-26 18:59:07.170 I/content_query_sample(19507): [content://com.android.contacts/raw_contacts,_id/contact_id,account_name=? AND account_type=? AND sourceid=?,,1372,,100]
04-26 18:59:07.210 I/dvm_gc_info(19514): [7381244094246397646,-9018869983999080361,-3996517335978682324,0]
04-26 18:59:07.320 I/dvm_gc_info(19514): [7381244094246377037,-8922605541964056490,-3996798810955392980,0]
04-26 18:59:07.360 I/dvm_gc_info(19514): [7381244094246408192,-9223220817091037084,-3991450786397890516,0]
04-26 18:59:07.430 I/dvm_gc_info(19514): [7381244094246356754,-9222376392160905133,-3997924710862235604,0]
04-26 18:59:07.450 I/dvm_gc_info(19514): [7381244094246379584,-9222376392160905133,-3997924710862235604,0]
04-26 18:59:07.490 I/dvm_gc_info(19514): [7381244094246416384,-9223220817091037081,-3990324886491047892,0]
04-26 18:59:07.550 I/am_proc_start( 1485): [19582,10073,com.tencent.mobileqq:MSF,service,com.tencent.mobileqq/.msf.service.MsfService]
04-26 18:59:07.580 I/dvm_gc_madvise_info(19582): [622592,385024]
04-26 18:59:07.580 I/dvm_gc_info(19514): [7381244094246397786,-9027032758323689386,-3997080285932103636,0]
04-26 18:59:07.641 I/am_proc_bound( 1485): [19582,com.tencent.mobileqq:MSF]
04-26 18:59:07.641 I/am_create_service( 1485): [1085197392,com.tencent.mobileqq/.msf.service.MsfService,,19582]
04-26 18:59:07.961 I/dvm_gc_info(19514): [7381244094246397583,-8917538992383264679,-3995672911048550356,0]
04-26 18:59:07.971 I/dvm_gc_info(19582): [7885629677472130595,-9042518693530146766,-4008620759977240532,0]
04-26 18:59:08.001 I/dvm_gc_info(19514): [7381244094246471221,-9222094917184194474,-3996798810955392980,0]
04-26 18:59:08.031 I/dvm_gc_info(19507): [7218827569570330185,-9026755888642340813,-4008620759977240532,6919833]
04-26 18:59:08.051 I/dvm_gc_info(19514): [7381244094246457344,-9223218755003418508,-3985821286863677396,0]
04-26 18:59:08.121 I/dvm_gc_info(19514): [7381244094246365038,-9221811380119865228,-3985821286863677396,0]
04-26 18:59:08.151 I/am_proc_died( 1485): [17075,com.facebook.katana]
04-26 18:59:08.151 I/am_schedule_service_restart( 1485): [com.facebook.katana/.service.MediaUploadService,19402]
04-26 18:59:08.161 I/db_sample(19437): [/data/data/com.htc.launcher/databases/launcher.db,SELECT * FROM favorites WHERE (_id=?),707,,100]
04-26 18:59:08.161 I/content_query_sample(19437): [content://com.htc.launcher.settings/favorites?notify=false,,_id=?,,2793,,100]
04-26 18:59:08.391 I/content_query_sample(19437): [content://com.htc.launcher.settings/favorites?notify=false,,_id=?,,2294,,100]
04-26 18:59:08.561 I/content_query_sample(19507): [content://com.android.contacts/data/phones/lookup_number_equal/%2B4561599835?limit=10,,,,124,,25]
04-26 18:59:08.762 I/db_sample(19437): [/data/data/com.htc.launcher/databases/launcher.db,SELECT * FROM favorites WHERE (_id=?),328,,66]
04-26 18:59:08.802 I/content_query_sample(19437): [content://com.htc.launcher.settings/favorites?notify=false,,_id=?,,2025,,100]
04-26 18:59:08.862 I/content_query_sample(19437): [content://com.htc.launcher.settings/favorites?notify=false,,_id=?,,1337,,100]
04-26 18:59:09.072 I/dvm_gc_info(19582): [7885629677472163401,-9015215414563624906,-4007494860070397908,0]
04-26 18:59:09.142 I/content_query_sample(19507): [content://com.android.contacts/contacts/thumbnails_sequence/23,photo_id,,,92,,19]
04-26 18:59:09.532 I/dvm_gc_info( 1603): [7017575181484885583,-8989318273261168568,-4002146835512895444,0]
04-26 18:59:09.723 I/content_update_sample(19437): [content://com.htc.launcher.settings/favorites?notify=false,update,_id=?,303,,61]
04-26 18:59:09.733 I/dvm_gc_info(19582): [7885629677472151130,-8994386060095006664,-4007213385093687252,0]
04-26 18:59:09.853 I/content_update_sample(19437): [content://com.htc.launcher.settings/favorites?notify=false,update,_id=?,411,,83]
04-26 18:59:10.203 I/db_sample(19437): [/data/data/com.htc.launcher/databases/launcher.db,UPDATE favorites SET icon=?, title=?, iconType=? WHERE _id=?,375,,76]
04-26 18:59:10.293 I/db_sample(19582): [/data/data/com.tencent.mobileqq/databases/eup_db,BEGIN EXCLUSIVE;,0,,1]
04-26 18:59:10.353 I/content_update_sample(19437): [content://com.htc.launcher.settings/favorites?notify=false,update,_id=?,907,,100]
04-26 18:59:10.583 I/dvm_gc_madvise_info(19437): [385024,385024]
04-26 18:59:10.944 I/dvm_gc_info(19582): [7885629677472138845,-8973556774362671048,-4006931910116976596,0]
04-26 18:59:11.504 I/dvm_gc_madvise_info(19390): [434176,385024]
04-26 18:59:11.735 I/dvm_gc_info( 1640): [8315178139902875195,-9018030301870454735,-4008902234953951188,0]
04-26 18:59:12.936 I/dvm_gc_madvise_info(19507): [589824,385024]
04-26 18:59:13.116 I/dvm_gc_madvise_info(19514): [1912832,385024]
04-26 18:59:13.126 I/dvm_gc_info(19437): [7809652345805256359,-8925142046988949440,-3906726818407983060,9730372]
04-26 18:59:13.696 I/dvm_gc_info( 1640): [8315178139902883451,-9044207474704553935,-4008902234953951188,0]
04-26 18:59:14.307 I/notification_cancel( 1485): [com.htc.htclocationservice,2131099660,0]
04-26 18:59:14.537 I/am_create_service( 1485): [1090518664,com.android.providers.drm/.DrmIntentService,act=SYNC_CLOCK,19460]
04-26 18:59:14.637 I/dvm_gc_madvise_info( 1603): [503808,385024]
04-26 18:59:14.667 I/am_proc_start( 1485): [19608,1000,com.htc.android.worldclock,broadcast,com.htc.android.worldclock/.AlarmInitReceiver]
04-26 18:59:14.697 I/dvm_gc_madvise_info(19608): [618496,385024]
04-26 18:59:14.707 I/am_proc_bound( 1485): [19608,com.htc.android.worldclock]
04-26 18:59:14.968 I/am_create_service( 1485): [1085550848,com.htc.android.worldclock/.AlarmInitService,,19608]
04-26 18:59:15.038 I/content_update_sample(19460): [content://drm/stamp/1,update,,194,,39]
04-26 18:59:15.068 I/content_query_sample(19460): [content://drm/stamp,_id/time_stamp/clock_stamp/timezone_stamp/time_differential/network_sync,,_id,7,,2]
04-26 18:59:15.108 I/am_destroy_service( 1485): [1090518664,com.android.providers.drm/.DrmIntentService,19460]
04-26 18:59:15.138 I/content_query_sample(19608): [content://com.htc.android.alarmclock/alarm,_id/hour/minutes/daysofweek/alarmtime/enabled/vibrate/message/alert/snoozed,,_id ASC,137,,28]
04-26 18:59:15.208 I/am_destroy_service( 1485): [1085550848,com.htc.android.worldclock/.AlarmInitService,19608]
04-26 18:59:15.959 I/dvm_gc_madvise_info(19582): [438272,385024]
04-26 18:59:17.570 I/am_proc_start( 1485): [19624,1000,com.android.settings:remote,service,com.android.settings/.framework.activity.powersaver.SmartSynService]
04-26 18:59:17.600 I/dvm_gc_madvise_info(19624): [618496,385024]
04-26 18:59:17.610 I/am_proc_bound( 1485): [19624,com.android.settings:remote]
04-26 18:59:17.620 I/am_create_service( 1485): [1084890352,com.android.settings/.framework.activity.powersaver.SmartSynService,,19624]
04-26 18:59:17.750 I/content_query_sample(19567): [content://framework.activity.powersaver.smartsync/smartsync_golden_fri,,date = 1366995557,,2,com.android.settings,1]
04-26 18:59:18.141 I/dvm_gc_madvise_info(19437): [483328,385024]
04-26 18:59:18.711 I/dvm_gc_madvise_info( 1640): [716800,385024]
04-26 18:59:20.203 I/dvm_gc_info(19475): [8315159430924662327,-9018312051725055952,-4009183709930661844,0]
04-26 18:59:20.463 I/am_anr  ( 1485): [19514,imcom.forensics:uploader,572998,Executing service imcom.forensics/.UploadManager]
04-26 18:59:20.964 I/dvm_gc_info( 1485): [8320808730292131701,-8895862875933751165,-3963021813750114260,8681529]
04-26 18:59:21.774 I/am_proc_died( 1485): [19514,imcom.forensics:uploader]
04-26 18:59:21.774 I/am_schedule_service_restart( 1485): [imcom.forensics/.UploadManager,42700]
04-26 18:59:25.208 I/dvm_gc_madvise_info(19475): [385024,385024]
04-26 18:59:25.998 I/dvm_gc_madvise_info( 1485): [3784704,385024]
04-26 18:59:27.089 I/force_gc(19304): bg
04-26 18:59:27.200 I/dvm_gc_info(19304): [7146757855084221986,-9036607718985672655,-4008902234953951188,0]
04-26 18:59:27.560 I/am_proc_start( 1485): [19643,10035,com.facebook.katana,service,com.facebook.katana/.service.MediaUploadService]
04-26 18:59:27.610 I/dvm_gc_madvise_info(19643): [618496,385024]
04-26 18:59:27.640 I/am_proc_bound( 1485): [19643,com.facebook.katana]
04-26 18:59:27.650 I/am_create_service( 1485): [1083334880,com.facebook.katana/.service.MediaUploadService,,19643]
04-26 18:59:27.670 I/dvm_gc_info( 1368): [8825198673194783796,-9126679574060672980,-4010309197419980756,0]
04-26 18:59:27.730 I/dvm_gc_info( 1368): [8825198673194618928,-9222662541119006676,-4010309197419980756,0]
04-26 18:59:27.790 I/dvm_gc_info( 1368): [8825198673194590264,-9222662541119006676,-4010309197419980756,0]
04-26 18:59:27.860 I/dvm_gc_info(19643): [7737593596605429282,-9044489018367121358,-4008620759977240532,0]
04-26 18:59:28.010 I/dvm_gc_info(19643): [7737593596605425085,-9051806955327203272,-4006931910116976596,0]
04-26 18:59:28.191 I/dvm_gc_info(19643): [7737593596605433299,-9052087949166815170,-4005243060256712660,0]
04-26 18:59:30.072 I/dvm_gc_info(19643): [7737593596605445719,-8992133572918638526,-4004117160349870036,0]
04-26 18:59:30.583 I/dvm_gc_info(19643): [7737593596605433430,-8979185517781149628,-4003554210396448724,0]
04-26 18:59:30.843 I/dvm_gc_info(19643): [7737593596605433464,-8982281536349759419,-4003272735419738068,0]
04-26 18:59:31.043 I/dvm_gc_info(19643): [7737593596605429339,-9013243715034888121,-4002428310489606100,0]
04-26 18:59:31.324 I/dvm_gc_info(19643): [7737593596605478497,-8998043928786409398,-4001583885559474132,0]
04-26 18:59:31.664 I/dvm_gc_info(19643): [7737593596605478504,-8966518456432940979,-4000176510675920852,0]
04-26 18:59:32.064 I/dvm_gc_info(19643): [7737593596605478506,-8965110737834428333,-3998206185838946260,0]
04-26 18:59:32.204 I/dvm_gc_madvise_info(19304): [450560,385024]
04-26 18:59:32.535 I/dvm_gc_info(19643): [7737593596605445767,-8953851326381987754,-3996798810955392980,0]
04-26 18:59:33.105 I/dvm_gc_info(19643): [7737593596605437615,-8925140535092963239,-3995672911048550356,0]
04-26 18:59:33.646 I/dvm_gc_info(19643): [7737593596605437639,-8922325510397585317,-3994828486118418388,0]
04-26 18:59:34.196 I/dvm_gc_info(19643): [7737593596605494961,-8919510554354509728,-3993139636258154452,0]
04-26 18:59:34.667 I/dvm_gc_info(19643): [7737593596605441819,-8904028949599070112,-3992858161281443796,0]
04-26 18:59:35.107 I/dvm_gc_info(19643): [7737593596605445888,-8906562224355870622,-3992295211328022484,0]
04-26 18:59:35.488 I/dvm_gc_info(19643): [7737593596605441816,-8903184387179591581,-3992013736351311828,0]
04-26 18:59:35.858 I/dvm_gc_info(19643): [7737593596605445912,-8903184318443313052,-3991732261374601172,0]
04-26 18:59:36.208 I/dvm_gc_info(19643): [7737593596605441827,-8901776874823497628,-3991450786397890516,0]
04-26 18:59:36.549 I/dvm_gc_info(19643): [7737593596605441831,-8901495331110516635,-3991450786397890516,0]
04-26 18:59:36.899 I/dvm_gc_info(19643): [7737593596605445934,-8900369362467403675,-3991169311421179860,0]
04-26 18:59:37.309 I/dvm_gc_info(19643): [7737593596605441840,-8900087818754410394,-3990887836444469204,0]
04-26 18:59:37.710 I/dvm_gc_info(19643): [7737593596605441845,-8896991525274318745,-3990606361467758548,0]
04-26 18:59:38.100 I/dvm_gc_info(19643): [7737593596605445943,-8898680306398308248,-3990324886491047892,0]
04-26 18:59:38.531 I/dvm_gc_info(19643): [7737593596605445938,-8897835812731910040,-3990043411514337236,0]
04-26 18:59:38.671 I/am_create_service( 1485): [1084730472,com.facebook.katana/.server.Fb4aService,,19643]
04-26 18:59:38.741 I/dvm_gc_info(19643): [7737593596605638191,-9015773827990472600,-3990043411514337236,0]
04-26 18:59:38.821 I/dvm_gc_info(19643): [7737593596605629331,-9179592058227312534,-3989480461560915924,0]
04-26 18:59:38.831 I/db_sample(19643): [/data/data/com.facebook.katana/databases/prefs_db,BEGIN EXCLUSIVE;,91,,19]
04-26 18:59:38.971 I/content_query_sample(19643): [content://com.facebook.katana.provider.PhotosProvider/stream_photos,_id/url/filename,,,300,,61]
04-26 18:59:39.141 I/am_proc_start( 1485): [19674,10035,com.facebook.katana:providers,content provider,com.facebook.katana/.provider.GraphQLNotificationsContentProvider]
04-26 18:59:39.181 I/dvm_gc_madvise_info(19674): [630784,385024]
04-26 18:59:39.231 I/am_proc_bound( 1485): [19674,com.facebook.katana:providers]
04-26 18:59:39.552 I/am_create_service( 1485): [1085521792,com.facebook.katana/.service.FacebookService,,19643]
04-26 18:59:39.552 I/notification_cancel( 1485): [com.facebook.katana,7,0]
04-26 18:59:39.552 I/notification_cancel( 1485): [com.facebook.katana,10004,0]
04-26 18:59:39.572 I/dvm_gc_info(19674): [7737593596605466146,-9046740818197583822,-4008620759977240532,0]
04-26 18:59:39.592 I/am_create_service( 1485): [1085439480,com.facebook.katana/.service.vault.VaultManagerService,,19643]
04-26 18:59:39.872 I/dvm_gc_info(19674): [7737593596605433277,-9052088430320691144,-4006931910116976596,0]
04-26 18:59:40.132 I/dvm_gc_info(19674): [7737593596605429205,-9052087949200373698,-4005243060256712660,0]
04-26 18:59:40.773 I/am_create_service( 1485): [1083186736,com.facebook.katana/com.facebook.orca.server.MessagesService,,19643]
04-26 18:59:40.833 I/dvm_gc_info(19643): [7737593596605511386,-8920072129565751184,-3986947186770520020,0]
04-26 18:59:41.554 I/dvm_gc_info(19674): [7737593596605433425,-9000015009739052991,-4004398635326580692,0]
04-26 18:59:41.824 I/binder_sample(19674): [android.app.IActivityManager,83,18,com.facebook.katana:providers,3]
04-26 18:59:42.064 I/dvm_gc_info(19674): [7737593596605593201,-8963986006544869310,-4004117160349870036,0]
04-26 18:59:42.244 I/dvm_gc_info(19643): [7737593596605601587,-8913879130238216076,-3985539811886966740,0]
04-26 18:59:42.304 I/am_proc_died( 1485): [17212,com.renren.mobile.android]
04-26 18:59:42.304 I/am_schedule_service_restart( 1485): [com.renren.mobile.android/.news.NewsPushService,5000]
04-26 18:59:42.775 I/dvm_gc_info(19674): [7737593596605556321,-8995229660206696380,-4003835685373159380,0]
04-26 18:59:43.255 I/dvm_gc_info(19643): [7737593596605630313,-8898397662888191882,-3984976861933545428,0]
04-26 18:59:43.576 I/dvm_gc_info(19674): [7737593596605511248,-8983126098702010297,-4002428310489606100,0]
04-26 18:59:43.926 I/am_destroy_service( 1485): [1085439480,com.facebook.katana/.service.vault.VaultManagerService,19643]
04-26 18:59:44.366 I/dvm_gc_info(19674): [7737593596605707888,-9011836271398242231,-4001865360536184788,0]
04-26 18:59:44.537 I/dvm_gc_info(19643): [7737593596605790009,-8907404793322788742,-3983288012073281492,0]
04-26 18:59:44.917 I/content_query_sample(19643): [content://com.facebook.katana.provider.GraphQLNotificationsProvider/gql_notifications,cache_id,recipient_id=100001715052532,,3229,,100]
04-26 18:59:45.097 I/db_sample(19643): [/data/data/com.facebook.katana/databases/prefs_db,INSERT OR REPLACE  INTO preferences(value, type, key) VALUES(?, ,0,,1]
04-26 18:59:45.107 I/am_create_service( 1485): [1083120960,com.facebook.katana/com.facebook.notifications.server.NotificationsService,,19643]
04-26 18:59:45.137 I/am_destroy_service( 1485): [1084730472,com.facebook.katana/.server.Fb4aService,19643]
04-26 18:59:45.407 I/dvm_gc_info(19674): [7737593596605503067,-8984533061134395316,-4000457985652631508,0]
04-26 18:59:45.427 I/binder_sample(19674): [android.content.pm.IPackageManager,1,67,com.facebook.katana:providers,13]
04-26 18:59:45.578 I/dvm_gc_info(19643): [7737593596605573023,-8898397113014937478,-3983288012073281492,0]
04-26 18:59:45.698 I/dvm_gc_info(19643): [7737593596605769255,-9051800975339022216,-3984132437003413460,0]
04-26 18:59:45.788 I/dvm_gc_info(19643): [7737593596605707497,-9212804524545009543,-3983850962026702804,0]
04-26 18:59:45.788 I/db_sample(19643): [/data/data/com.facebook.katana/databases/threads_db2,COMMIT;INSERT OR REPLACE  INTO folder_counts(folder, last_seen_t,102,,21]
04-26 18:59:45.958 I/dvm_gc_info(19643): [7737593596605675106,-9036882664100849543,-3983850962026702804,0]
04-26 18:59:46.378 I/notification_cancel( 1485): [com.facebook.katana,10001,0]
04-26 18:59:46.378 I/notification_cancel( 1485): [com.facebook.katana,10002,0]
04-26 18:59:46.388 I/notification_cancel( 1485): [com.facebook.katana,10004,0]
04-26 18:59:46.398 I/am_destroy_service( 1485): [1083186736,com.facebook.katana/com.facebook.orca.server.MessagesService,19643]
04-26 18:59:46.689 I/dvm_gc_info(19643): [7737593596605495123,-8911063349460846467,-3982162112166438868,0]
04-26 18:59:47.009 I/am_destroy_service( 1485): [1083120960,com.facebook.katana/com.facebook.notifications.server.NotificationsService,19643]
04-26 18:59:47.319 I/am_proc_start( 1485): [19709,10016,com.renren.mobile.android,service,com.renren.mobile.android/.news.NewsPushService]
04-26 18:59:47.329 I/dvm_gc_madvise_info(19709): [626688,385024]
04-26 18:59:47.359 I/am_proc_bound( 1485): [19709,com.renren.mobile.android]
04-26 18:59:47.369 I/am_create_service( 1485): [1082665648,com.renren.mobile.android/.news.NewsPushService,,19709]
04-26 18:59:47.630 I/dvm_gc_info(19709): [7020659311768565282,-9048148193047586766,-4008620759977240532,0]
04-26 18:59:47.730 I/am_proc_died( 1485): [2011,com.sina.weibo.servant]
04-26 18:59:47.740 I/am_schedule_service_restart( 1485): [com.sina.weibo/com.igexin.sdk.aidl.GexinMsgService,5000]
04-26 18:59:47.740 I/am_schedule_service_restart( 1485): [com.sina.weibo/com.igexin.sdk.GexinMainService,26747]
04-26 18:59:47.830 I/dvm_gc_info(19643): [7737593596605499321,-8893611763482613636,-3982725062119860180,0]
04-26 18:59:47.980 I/dvm_gc_info(19709): [7020659311768610342,-9041673787462932424,-4006931910116976596,0]
04-26 18:59:48.340 I/am_destroy_service( 1485): [1085521792,com.facebook.katana/.service.FacebookService,19643]
04-26 18:59:49.121 I/am_create_service( 1485): [1083241472,com.facebook.katana/com.facebook.analytics.AnalyticsService,,19643]
04-26 18:59:50.392 I/dvm_gc_madvise_info(19674): [430080,385024]
04-26 18:59:51.633 I/dvm_gc_info( 1640): [8315178139902879372,-9036888850365061074,-4009746659884083156,0]
04-26 18:59:52.745 I/am_proc_start( 1485): [19724,10068,com.sina.weibo.servant,service,com.sina.weibo/com.igexin.sdk.aidl.GexinMsgService]
04-26 18:59:52.775 I/dvm_gc_madvise_info(19724): [626688,385024]
04-26 18:59:52.795 I/am_proc_bound( 1485): [19724,com.sina.weibo.servant]
04-26 18:59:52.805 I/am_create_service( 1485): [1084718928,com.sina.weibo/com.igexin.sdk.aidl.GexinMsgService,act=com.igexin.sdk.aidl.action.com.sina.weibo,19724]
04-26 18:59:52.935 I/dvm_gc_madvise_info(19643): [794624,385024]
04-26 18:59:52.965 I/dvm_gc_info(19724): [8315178139768657441,-9045333443280476110,-4008620759977240532,0]
04-26 18:59:53.005 I/dvm_gc_madvise_info(19709): [413696,385024]
04-26 18:59:53.445 I/dvm_gc_info(19724): [8315178139768657445,-9051525411631007688,-4006931910116976596,0]
04-26 18:59:54.096 I/dvm_gc_info(19709): [7020659311768614460,-9015777745890695108,-4005806010210133972,0]
04-26 18:59:54.827 I/dvm_gc_info(19372): [7959037488985650766,-9012400114923153348,-4005806010210133972,0]
04-26 18:59:55.587 I/dvm_gc_info(19372): [7959037488985613896,-9021407176688568258,-4005243060256712660,0]
04-26 18:59:56.638 I/dvm_gc_madvise_info( 1640): [1138688,385024]
04-26 18:59:58.470 I/dvm_gc_madvise_info(19724): [438272,385024]
04-26 18:59:59.111 I/dvm_gc_madvise_info(19709): [471040,385024]
04-26 19:00:00.347 I/notification_cancel( 1485): [com.lenovo.safe.powercenter,2001,0]
04-26 19:00:00.467 I/am_create_service( 1485): [1085206848,com.android.providers.drm/.DrmIntentService,act=SYNC_CLOCK,19460]
04-26 19:00:00.557 I/dvm_gc_madvise_info(19372): [475136,385024]
04-26 19:00:00.577 I/am_create_service( 1485): [1086436816,com.htc.android.worldclock/.AlarmInitService,,19608]
04-26 19:00:00.687 I/dvm_gc_info( 1485): [8320808730291763236,-8906839643926681475,-3964429188633667540,8681529]
04-26 19:00:00.907 I/am_destroy_service( 1485): [1086436816,com.htc.android.worldclock/.AlarmInitService,19608]
04-26 19:00:00.917 I/content_update_sample(19460): [content://drm/stamp/1,update,,393,,79]
04-26 19:00:00.957 I/content_query_sample(19608): [content://com.htc.android.alarmclock/alarm,_id/hour/minutes/daysofweek/alarmtime/enabled/vibrate/message/alert/snoozed,,_id ASC,25,,6]
04-26 19:00:00.987 I/db_sample(19460): [/data/data/com.android.providers.drm/databases/drm.db,UPDATE stamp SET clock_stamp=?, time_stamp=?, timezone_stamp=?, ,5,,2]
04-26 19:00:01.127 I/dvm_gc_info(19608): [8606223222788200037,-9014371402084689874,-4009746659884083156,0]
04-26 19:00:01.167 I/binder_sample(19304): [android.app.IActivityManager,61,41,com.htc.bgp,8]
04-26 19:00:01.187 I/am_create_service( 1485): [1090534280,com.htc.android.worldclock/.AlarmInitService,,19608]
04-26 19:00:01.457 I/am_destroy_service( 1485): [1090534280,com.htc.android.worldclock/.AlarmInitService,19608]
04-26 19:00:01.527 I/am_destroy_service( 1485): [1085206848,com.android.providers.drm/.DrmIntentService,19460]
04-26 19:00:05.111 I/am_proc_start( 1485): [19779,10077,imcom.forensics:uploader,service,imcom.forensics/.UploadManager]
04-26 19:00:05.111 I/am_proc_died( 1485): [19558,com.htc.skinpicker]
04-26 19:00:05.171 I/dvm_gc_madvise_info(19779): [626688,385024]
04-26 19:00:05.181 I/am_proc_died( 1485): [17630,com.noshufou.android.su]
04-26 19:00:05.351 I/am_proc_bound( 1485): [19779,imcom.forensics:uploader]
04-26 19:00:05.381 I/am_create_service( 1485): [1085188392,imcom.forensics/.UploadManager,,19779]
04-26 19:00:05.721 I/dvm_gc_madvise_info( 1485): [4509696,385024]
04-26 19:00:06.212 I/dvm_gc_madvise_info(19608): [499712,385024]
04-26 19:00:06.232 I/am_finish_activity( 1485): [1081354920,37,imcom.forensics/.MainActivity,app-request]
04-26 19:00:06.242 I/am_pause_activity( 1485): [1081354920,imcom.forensics/.MainActivity]
04-26 19:00:06.242 I/am_on_paused_called(19245): imcom.forensics.MainActivity
04-26 19:00:06.272 I/am_resume_activity( 1485): [1083216368,3,com.htc.launcher/.Launcher]
04-26 19:00:06.312 I/am_on_resume_called(19437): com.htc.launcher.CarouselDummyActivity
04-26 19:00:06.392 I/am_on_resume_called(19437): com.htc.launcher.Launcher
04-26 19:00:07.063 I/am_destroy_activity( 1485): [1081354920,37,imcom.forensics/.MainActivity]
04-26 19:00:08.674 I/am_proc_died( 1485): [19674,com.facebook.katana:providers]
04-26 19:00:09.845 I/am_proc_start( 1485): [19804,10075,com.noshufou.android.su,broadcast,com.noshufou.android.su/.SuResultReceiver]
04-26 19:00:09.865 I/dvm_gc_madvise_info(19804): [622592,385024]
04-26 19:00:09.925 I/am_proc_bound( 1485): [19804,com.noshufou.android.su]
04-26 19:00:10.476 I/am_proc_died( 1485): [19567,com.android.settings]
04-26 19:00:10.866 I/am_create_service( 1485): [1089668144,com.noshufou.android.su/.service.ResultService,,19804]
04-26 19:00:10.956 I/dvm_gc_info(19796): [7021235374273877412,-9060274849969039782,-4117855733906631078,0]
04-26 19:00:11.717 I/content_query_sample(19804): [content://com.noshufou.android.su.provider/apps/uid/10077,_id/allow/notifications/logging,,,643,,100]
04-26 19:00:12.057 I/am_proc_died( 1485): [19608,com.htc.android.worldclock]
04-26 19:00:12.218 I/db_sample(19804): [/data/data/com.noshufou.android.su/databases/su.db,INSERT INTO logs(app_id, type, date) VALUES(?, ?, ?);,67,,14]
04-26 19:00:12.318 I/am_destroy_service( 1485): [1089668144,com.noshufou.android.su/.service.ResultService,19804]
04-26 19:00:12.648 I/dvm_gc_info(19815): [7021235374273861023,-9060556324945877422,-4120107533720443310,0]
