04-26 18:08:13.781 I/dvm_gc_info( 8794): [7381244094246422128,-9220126173281060796,-4003554210396448724,0]
04-26 18:08:13.811 I/content_update_sample( 8756): [content://com.htc.launcher.settings/favorites?notify=false,update,_id=?,962,,100]
04-26 18:08:13.821 I/dvm_gc_info( 8794): [7381244094246449152,-9223222398024878002,-3999613560722499540,0]
04-26 18:08:13.911 I/db_sample( 8756): [/data/data/com.htc.launcher/databases/launcher.db,UPDATE favorites SET icon=?, title=?, iconType=? WHERE _id=?,90,,19]
04-26 18:08:13.931 I/dvm_gc_info( 8794): [7381244094246405445,-9027034339257542577,-3999613560722499540,0]
04-26 18:08:13.981 I/content_update_sample( 8756): [content://com.htc.launcher.settings/favorites?notify=false,update,_id=?,657,,100]
04-26 18:08:14.141 I/content_update_sample( 8756): [content://com.htc.launcher.settings/favorites?notify=false,update,_id=?,536,,100]
04-26 18:08:14.162 I/content_query_sample( 8791): [content://com.android.contacts/data/phones/lookup_number_equal/%2B4561599835?limit=10,,,,265,,54]
04-26 18:08:14.242 I/db_sample( 8756): [/data/data/com.htc.launcher/databases/launcher.db,GETLOCK:SELECT _id, intent FROM favorites WHERE (intent like ?),423,,85]
04-26 18:08:14.242 I/db_sample( 8756): [/data/data/com.htc.launcher/databases/launcher.db,SELECT _id, intent FROM favorites WHERE (intent like ?),425,,86]
04-26 18:08:14.252 I/content_query_sample( 8791): [content://com.htc.launcher.settings/favorites,_id/intent,intent like ?,,1885,,100]
04-26 18:08:14.252 I/content_update_sample( 8756): [content://com.htc.launcher.settings/favorites?notify=false,update,_id=?,627,,100]
04-26 18:08:14.262 I/dvm_gc_info( 8794): [7381244094246389425,-8906563049225381809,-3999613560722499540,0]
04-26 18:08:14.582 I/content_query_sample( 8756): [content://com.htc.launcher.settings/favorites?notify=false,,_id=?,,96,,20]
04-26 18:08:14.682 I/dvm_gc_info( 8794): [7381244094246397614,-8907125999178794929,-3999613560722499540,0]
04-26 18:08:14.712 I/dvm_gc_info( 8794): [7381244094246401130,-9062218711346382770,-3999613560722499540,0]
04-26 18:08:14.762 I/dvm_gc_info( 8794): [7381244094246440960,-9223221298244814754,-3993702586211575764,0]
04-26 18:08:14.882 I/dvm_gc_info( 8794): [7381244094246401729,-9015492765432342444,-3997643235885524948,0]
04-26 18:08:14.942 I/am_proc_died( 1485): [8692,com.noshufou.android.su]
04-26 18:08:15.072 I/dvm_gc_info( 8794): [7381244094246487621,-8924013398001387436,-3997643235885524948,0]
04-26 18:08:15.122 I/dvm_gc_madvise_info( 8756): [438272,385024]
04-26 18:08:15.162 I/dvm_gc_info( 8794): [7381244094246363192,-9222658348291393439,-3992858161281443796,0]
04-26 18:08:15.203 I/dvm_gc_info( 8794): [7381244094246450941,-9222095398337972143,-3998769135792367572,0]
04-26 18:08:15.243 I/dvm_gc_info( 8794): [7381244094246449152,-9223221298228037532,-3991732261374601172,0]
04-26 18:08:15.373 I/dvm_gc_info( 8794): [7381244094246405964,-9010989165804951468,-3997643235885524948,0]
04-26 18:08:15.453 I/db_sample( 8756): [/data/data/com.htc.launcher/databases/launcher.db,UPDATE favorites SET icon=?, title=?, iconType=? WHERE _id=?,862,,100]
04-26 18:08:15.483 I/content_update_sample( 8756): [content://com.htc.launcher.settings/favorites?notify=false,update,_id=?,896,,100]
04-26 18:08:15.503 I/dvm_gc_madvise_info( 8791): [602112,385024]
04-26 18:08:15.603 I/content_query_sample( 8756): [content://com.htc.launcher.settings/favorites?notify=false,,_id=?,,948,,100]
04-26 18:08:15.633 I/dvm_gc_info( 8794): [7381244094246368906,-8918383898467174313,-3996517335978682324,0]
04-26 18:08:15.653 I/dvm_gc_info( 8794): [7381244094246372917,-9222095398337972140,-3997643235885524948,0]
04-26 18:08:15.733 I/dvm_gc_info( 8794): [7381244094246436864,-9223219304893450128,-3987228661747230676,0]
04-26 18:08:15.813 I/dvm_gc_info( 8794): [7381244094246360923,-9221530455033186214,-3995391436071839700,0]
04-26 18:08:15.843 I/dvm_gc_info( 8794): [7381244094246432848,-9222374879963318182,-3995391436071839700,0]
04-26 18:08:15.903 I/dvm_gc_info( 8794): [7381244094246465536,-9223217792695863184,-3987228661747230676,0]
04-26 18:08:15.913 I/am_proc_died( 1485): [8791,com.android.mms]
04-26 18:08:15.993 I/dvm_gc_info( 8794): [7381244094246397890,-9219840092975335330,-3993702586211575764,0]
04-26 18:08:16.103 I/db_sample( 8756): [/data/data/com.htc.launcher/databases/launcher.db,UPDATE favorites SET icon=?, title=?, iconType=? WHERE _id=?,492,,99]
04-26 18:08:16.103 I/content_update_sample( 8756): [content://com.htc.launcher.settings/favorites?notify=false,update,_id=?,500,,100]
04-26 18:08:16.814 I/am_proc_died( 1485): [7374,com.android.htccontacts]
04-26 18:08:16.814 I/am_low_memory( 1485): 23
04-26 18:08:17.094 I/dvm_gc_info( 8756): [7809652345805358755,-8935838096171046847,-3986947186770520020,9984389]
04-26 18:08:18.105 I/dvm_gc_info( 8756): [7809652345805157945,-9017465839417153472,-3986947186770520020,10041727]
04-26 18:08:21.008 I/dvm_gc_madvise_info( 8794): [4972544,385024]
04-26 18:08:22.500 I/dvm_gc_info( 1640): [8315178139902887569,-9033792831830001618,-4009746659884083156,0]
04-26 18:08:23.140 I/dvm_gc_madvise_info( 8756): [598016,385024]
04-26 18:08:25.773 I/am_anr  ( 1485): [8794,imcom.forensics:uploader,572998,Executing service imcom.forensics/.UploadManager]
04-26 18:08:26.323 I/dvm_gc_info( 1485): [8320808730292176683,-8902899819087771518,-3963303288726824916,8681529]
04-26 18:08:27.144 I/am_proc_died( 1485): [8794,imcom.forensics:uploader]
04-26 18:08:27.144 I/am_schedule_service_restart( 1485): [imcom.forensics/.UploadManager,172128]
04-26 18:08:27.144 I/am_low_memory( 1485): 22
04-26 18:08:27.294 I/sqlite_mem_released( 1624): 208800
04-26 18:08:27.294 I/force_gc( 1624): mem
04-26 18:08:27.344 I/dvm_gc_info( 1624): [8315161643084580005,-9061939573402142666,-4007494860070397908,0]
04-26 18:08:27.515 I/dvm_gc_madvise_info( 1640): [1146880,385024]
04-26 18:08:31.368 I/dvm_gc_madvise_info( 1485): [3956736,385024]
04-26 18:08:32.369 I/dvm_gc_madvise_info( 1624): [8151040,385024]
04-26 18:08:32.800 I/sqlite_mem_released( 1698): 0
04-26 18:08:32.800 I/force_gc( 1698): mem
04-26 18:08:32.870 I/dvm_gc_info( 1698): [8101825532251100328,-9067569622826428364,-4007776335047108564,6899011]
04-26 18:08:37.885 I/dvm_gc_madvise_info( 1698): [1605632,385024]
04-26 18:08:47.784 I/sqlite_mem_released( 1640): 0
04-26 18:08:47.784 I/force_gc( 1640): mem
04-26 18:08:47.864 I/dvm_gc_info( 1640): [8315178139903137036,-9059125785942730706,-4009746659884083156,0]
04-26 18:08:52.879 I/dvm_gc_madvise_info( 1640): [1163264,385024]
04-26 18:08:55.111 I/dvm_gc_info( 6400): [7020659311768610400,-9033229400722626502,-4006368960163555284,0]
04-26 18:08:56.803 I/sqlite_mem_released( 1595): 0
04-26 18:08:56.803 I/force_gc( 1595): mem
04-26 18:08:56.883 I/dvm_gc_info( 1595): [7597133271180543190,-9061658648281958346,-4005524535233423316,6907496]
04-26 18:09:00.146 I/dvm_gc_madvise_info( 6400): [704512,385024]
04-26 18:09:01.878 I/dvm_gc_madvise_info( 1595): [630784,385024]
04-26 18:09:08.795 I/force_gc( 1570): mem
04-26 18:09:08.895 I/dvm_gc_info( 1570): [8320808730292004459,-8924579647294789575,-3989480461560915924,8615984]
04-26 18:09:13.920 I/dvm_gc_madvise_info( 1570): [1257472,385024]
04-26 18:09:17.814 I/sqlite_mem_released( 1601): 158920
04-26 18:09:17.814 I/force_gc( 1601): mem
04-26 18:09:17.894 I/dvm_gc_info( 1601): [8099846449757775469,-8944000939466872770,-3978784412445910996,8763465]
04-26 18:09:22.808 I/sqlite_mem_released( 1603): 41760
04-26 18:09:22.808 I/force_gc( 1603): mem
04-26 18:09:22.909 I/dvm_gc_madvise_info( 1601): [1347584,385024]
04-26 18:09:22.909 I/dvm_gc_info( 1603): [7017575181485229660,-8968770462505568185,-4002428310489606100,0]
04-26 18:09:27.954 I/dvm_gc_madvise_info( 1603): [512000,385024]
04-26 18:09:32.788 I/force_gc( 1485): mem
04-26 18:09:32.938 I/dvm_gc_info( 1485): [8320808730292197367,-8912750755910113156,-3964710663610378196,8681529]
04-26 18:09:37.983 I/dvm_gc_madvise_info( 1485): [4599808,385024]
04-26 18:09:41.787 I/force_gc( 5433): mem
04-26 18:09:41.867 I/dvm_gc_info( 5433): [8315180330336441022,-9207463304760555473,-4009465184907372500,0]
04-26 18:09:46.882 I/dvm_gc_madvise_info( 5433): [401408,385024]
04-26 18:09:50.796 I/sqlite_mem_released( 5618): 0
04-26 18:09:50.796 I/force_gc( 5618): mem
04-26 18:09:50.886 I/dvm_gc_info( 5618): [8315159430924944450,-9108383769327429583,-4008902234953951188,0]
04-26 18:09:55.831 I/sqlite_mem_released( 5854): 193720
04-26 18:09:55.831 I/force_gc( 5854): mem
04-26 18:09:55.891 I/dvm_gc_madvise_info( 5618): [434176,385024]
04-26 18:09:55.981 I/dvm_gc_info( 5854): [7737593596606002559,-9048423000673474436,-3982443587143149524,0]
04-26 18:10:01.046 I/dvm_gc_madvise_info( 5854): [688128,385024]
04-26 18:10:05.120 I/sqlite_mem_released( 3609): 2320
04-26 18:10:05.120 I/force_gc( 3609): mem
04-26 18:10:05.210 I/dvm_gc_info( 3609): [6216209330115810439,-9067006329191733193,-4007213385093687252,0]
04-26 18:10:10.235 I/dvm_gc_madvise_info( 3609): [532480,385024]
04-26 18:10:12.477 I/am_proc_start( 1485): [9200,10003,com.android.defcontainer,service,com.android.defcontainer/.DefaultContainerService]
04-26 18:10:12.487 I/dvm_gc_madvise_info( 9200): [630784,385024]
04-26 18:10:12.507 I/am_proc_bound( 1485): [9200,com.android.defcontainer]
04-26 18:10:12.507 I/am_create_service( 1485): [1088578048,com.android.defcontainer/.DefaultContainerService,,9200]
04-26 18:10:12.577 I/dvm_gc_info( 9200): [7234300953690752165,-9099658594939504595,-4010309609837504468,0]
04-26 18:10:12.597 I/am_destroy_service( 1485): [1088578048,com.android.defcontainer/.DefaultContainerService,9200]
04-26 18:10:12.707 I/am_destroy_service( 1485): [1087787752,imcom.forensics/.UploadManager,-1]
04-26 18:10:13.818 I/force_gc( 1485): bg
04-26 18:10:13.908 I/dvm_gc_info( 1485): [8320808730291967704,-8924291917317789571,-3964710663610378196,8681529]
04-26 18:10:13.918 I/force_gc( 1603): bg
04-26 18:10:13.928 I/force_gc( 1570): bg
04-26 18:10:13.938 I/force_gc( 8756): bg
04-26 18:10:14.008 I/dvm_gc_info( 1570): [8320808730291934622,-9038577012862642120,-3990887836444469204,8615982]
04-26 18:10:14.018 I/dvm_gc_info( 8756): [7809652345805280731,-9043361674696710080,-3881675545480734676,10049932]
04-26 18:10:14.048 I/force_gc( 1624): bg
04-26 18:10:14.089 I/dvm_gc_info( 1624): [8315161643084572195,-9019155376942122954,-4007494860070397908,0]
04-26 18:10:14.099 I/force_gc( 2343): bg
04-26 18:10:14.159 I/notification_cancel( 1485): [com.lbe.security,18,0]
04-26 18:10:14.159 I/am_proc_start( 1485): [9209,10066,com.htcmarket,broadcast,com.htcmarket/.receiver.PackageReceiver]
04-26 18:10:14.189 I/dvm_gc_madvise_info( 9209): [626688,385024]
04-26 18:10:14.209 I/am_proc_bound( 1485): [9209,com.htcmarket]
04-26 18:10:14.239 I/dvm_gc_info( 1603): [7017575181486155054,-9056027774055700410,-4002709785466316756,0]
04-26 18:10:14.399 I/dvm_gc_info( 2343): [8603398534652404822,-9096559345816397744,-3999050610769090516,0]
04-26 18:10:14.429 I/notification_cancel( 1485): [com.lbe.security,6,0]
04-26 18:10:14.429 I/notification_cancel( 1485): [com.lbe.security,3,0]
04-26 18:10:14.559 I/binder_sample( 8756): [android.content.pm.IPackageManager,26,32,com.htc.launcher,6]
04-26 18:10:14.649 I/notification_cancel_all( 1485): [imcom.forensics,0]
04-26 18:10:14.719 I/binder_sample( 2085): [android.content.pm.IPackageManager,1,146,com.baidu.appsearch:bdservice_v1,29]
04-26 18:10:14.749 I/db_sample( 2011): [/data/data/com.sina.weibo/databases/gxdbapp.db,BEGIN EXCLUSIVE;,163,com.sina.weibo.servant,33]
04-26 18:10:14.859 I/db_sample( 3609): [/data/data/com.sina.VDisk/databases/gxdbapp.db,BEGIN EXCLUSIVE;,141,com.sina.VDisk:push,29]
04-26 18:10:14.959 I/db_sample( 3609): [/data/data/com.sina.VDisk/databases/gxdbapp.db,SELECT * FROM table_message WHERE key= ?,23,com.sina.VDisk:push,5]
04-26 18:10:15.019 I/dvm_gc_info( 1485): [8320808730292463143,-9029845033584285572,-3964710663610378196,8681529]
04-26 18:10:15.089 I/notification_enqueue( 1485): [com.lbe.security,6,Notification(vibrate=null,sound=null,button=null,defaults=0x0,flags=0x10)]
04-26 18:10:15.310 I/dvm_gc_info( 9182): [7021235374273856927,-9060556324945869231,-4120389008697145775,0]
04-26 18:10:15.350 I/am_proc_start( 1485): [9226,10002,com.htc.cs,broadcast,com.htc.cs/.plugin.PluginRegisterReceiver]
04-26 18:10:15.420 I/dvm_gc_madvise_info( 9226): [626688,385024]
04-26 18:10:15.490 I/am_proc_bound( 1485): [9226,com.htc.cs]
04-26 18:10:15.650 I/am_proc_start( 1485): [9243,10002,com.htc.opensense,broadcast,com.htc.opensense/.pluginmanager.RegisterReceiver]
04-26 18:10:15.680 I/dvm_gc_madvise_info( 9243): [626688,385024]
04-26 18:10:15.710 I/am_proc_bound( 1485): [9243,com.htc.opensense]
04-26 18:10:15.890 I/am_create_service( 1485): [1084571968,com.htc.opensense/.pluginmanager.RegisterService,act=android.intent.action.PACKAGE_REMOVED dat=package:imcom.forensics,9243]
04-26 18:10:15.950 I/am_proc_start( 1485): [9254,10021,com.htc.RosieUtility,broadcast,com.htc.AddProgramWidget/.HtcWidgetScanner]
04-26 18:10:15.990 I/dvm_gc_madvise_info( 9254): [622592,385024]
04-26 18:10:16.030 I/am_proc_bound( 1485): [9254,com.htc.RosieUtility]
04-26 18:10:16.171 I/content_update_sample( 9243): [content://com.htc.opensense.plugin/plugins,update,package_id IN ( SELECT _id FROM plugin_pkg WHERE package=? ),221,,45]
04-26 18:10:16.261 I/am_destroy_service( 1485): [1084571968,com.htc.opensense/.pluginmanager.RegisterService,9243]
04-26 18:10:16.391 I/am_create_service( 1485): [1083740624,com.htc.AddProgramWidget/.HtcWidgetScannerService,act=android.intent.action.PACKAGE_REMOVED dat=package:imcom.forensics,9254]
04-26 18:10:16.531 I/dvm_gc_info( 6400): [7020659311769339507,-9026473863809062854,-4006368960163555284,0]
04-26 18:10:16.601 I/dvm_gc_info( 1624): [8315161643086755385,-9026755201313265605,-4006087485186844628,0]
04-26 18:10:16.711 I/am_proc_start( 1485): [9273,10075,com.noshufou.android.su,broadcast,com.noshufou.android.su/.UninstallReceiver]
04-26 18:10:16.751 I/dvm_gc_madvise_info( 9273): [622592,385024]
04-26 18:10:16.791 I/am_create_task( 1485): 29
04-26 18:10:16.791 I/am_create_activity( 1485): [1081362728,29,imcom.forensics/.MainActivity,android.intent.action.MAIN,NULL,NULL,268435456]
04-26 18:10:16.791 I/am_pause_activity( 1485): [1083216368,com.htc.launcher/.Launcher]
04-26 18:10:16.851 I/am_destroy_service( 1485): [1083740624,com.htc.AddProgramWidget/.HtcWidgetScannerService,9254]
04-26 18:10:16.861 I/am_proc_bound( 1485): [9273,com.noshufou.android.su]
04-26 18:10:16.891 I/dvm_gc_info( 9238): [7021235374273889699,-9060274849969047975,-4118137208883349927,0]
04-26 18:10:17.011 I/am_on_paused_called( 8756): com.htc.launcher.CarouselDummyActivity
04-26 18:10:17.031 I/db_sample( 1603): [:memory:,DELETE FROM applications,642,,100]
04-26 18:10:17.091 I/db_sample( 1624): [/data/data/com.lbe.security/databases/lbe_security.db,COMMIT;INSERT OR REPLACE  INTO package_adware_info(is_adware_app,127,,26]
04-26 18:10:17.212 I/dvm_gc_info( 1624): [8315161643084895799,-9006489002990102467,-4005524535233423316,0]
04-26 18:10:17.212 I/binder_sample( 8756): [android.app.IActivityManager,13,18,com.htc.launcher,3]
04-26 18:10:17.212 I/am_on_paused_called( 8756): com.htc.launcher.Launcher
04-26 18:10:17.242 I/am_proc_start( 1485): [9294,10077,imcom.forensics,activity,imcom.forensics/.MainActivity]
04-26 18:10:17.262 I/dvm_gc_madvise_info( 9294): [622592,385024]
04-26 18:10:17.342 I/am_proc_start( 1485): [9304,10013,com.baidu.BaiduMap:pushservice_v1,broadcast,com.baidu.BaiduMap/com.baidu.android.pushservice.RegistratonReceiver]
04-26 18:10:17.352 I/am_proc_bound( 1485): [9294,imcom.forensics]
04-26 18:10:17.382 I/am_restart_activity( 1485): [1081362728,29,imcom.forensics/.MainActivity]
04-26 18:10:17.392 I/dvm_gc_madvise_info( 9304): [622592,385024]
04-26 18:10:17.592 I/dvm_gc_madvise_info( 9200): [585728,385024]
04-26 18:10:17.672 I/am_proc_bound( 1485): [9304,com.baidu.BaiduMap:pushservice_v1]
04-26 18:10:17.982 I/dvm_gc_info( 9304): [4783220159424865788,-9046459343187306446,-4008620759977240532,0]
04-26 18:10:18.383 I/db_sample( 1603): [:memory:,INSERT INTO applications ('_id', 'name', 'description', 'package,45,,10]
04-26 18:10:19.053 I/dvm_gc_madvise_info( 1570): [1290240,385024]
04-26 18:10:19.103 I/dvm_gc_madvise_info( 8756): [598016,385024]
04-26 18:10:19.284 I/dvm_gc_madvise_info( 1603): [598016,385024]
04-26 18:10:19.454 I/dvm_gc_madvise_info( 2343): [462848,385024]
04-26 18:10:20.034 I/dvm_gc_madvise_info( 1485): [4587520,385024]
04-26 18:10:20.044 I/am_create_service( 1485): [1083421736,com.baidu.BaiduMap/com.baidu.android.pushservice.PushService,act=android.intent.action.PACKAGE_REMOVED dat=package:imcom.forensics,9304]
04-26 18:10:21.736 I/dvm_gc_madvise_info( 6400): [757760,385024]
04-26 18:10:21.766 I/am_proc_start( 1485): [9314,10067,com.baidu.appsearch,broadcast,com.baidu.appsearch/.youhua.common.PackageChangeReceiver]
04-26 18:10:21.766 I/am_destroy_service( 1485): [1083421736,com.baidu.BaiduMap/com.baidu.android.pushservice.PushService,9304]
04-26 18:10:21.796 I/dvm_gc_madvise_info( 9314): [618496,385024]
04-26 18:10:22.206 I/binder_sample( 9304): [android.app.IActivityManager,48,1846,com.baidu.BaiduMap:pushservice_v1,100]
04-26 18:10:22.216 I/binder_sample( 1601): [com.android.internal.telephony.ITelephonyRegistry,4,417,com.android.phone,83]
04-26 18:10:22.337 I/am_proc_died( 1485): [9304,com.baidu.BaiduMap:pushservice_v1]
04-26 18:10:22.337 I/dvm_gc_madvise_info( 1624): [8085504,385024]
04-26 18:10:22.337 I/am_proc_bound( 1485): [9314,com.baidu.appsearch]
04-26 18:10:22.537 I/am_proc_died( 1485): [9200,com.android.defcontainer]
04-26 18:10:22.607 I/am_proc_died( 1485): [9209,com.htcmarket]
04-26 18:10:22.877 I/am_create_service( 1485): [1088244824,com.baidu.appsearch/.youhua.common.CommonIntentService,act=com.baidu.appsearch.youhua.action.PKG_CHANGE,9314]
04-26 18:10:23.137 I/dvm_gc_info( 9314): [7021235459988952620,-9036326381498267599,-4008902234953951188,0]
04-26 18:10:24.198 I/am_destroy_service( 1485): [1088244824,com.baidu.appsearch/.youhua.common.CommonIntentService,9314]
04-26 18:10:25.009 I/dvm_gc_info( 9314): [7021235459988870717,-9021126457794009035,-4007776335047108564,0]
04-26 18:10:25.450 I/dvm_gc_info( 9314): [7021235459988813494,-8959483094297036749,-4008339285000529876,0]
04-26 18:10:25.950 I/dvm_gc_info( 9314): [7021235459989186101,-9038859037729462222,-4008902234953951188,0]
04-26 18:10:26.270 I/dvm_gc_info( 9323): [7021235374273861017,-9061119274899302831,-4120389008697158063,0]
04-26 18:10:26.681 I/am_proc_start( 1485): [9359,10066,com.htcmarket,broadcast,com.htcmarket/.receiver.PackageReceiver]
04-26 18:10:26.701 I/dvm_gc_madvise_info( 9359): [618496,385024]
04-26 18:10:26.851 I/am_proc_bound( 1485): [9359,com.htcmarket]
04-26 18:10:27.081 I/am_proc_died( 1485): [9226,com.htc.cs]
04-26 18:10:27.502 I/db_sample( 9359): [/data/data/com.htcmarket/databases/com_htc_market.db,BEGIN EXCLUSIVE;,0,com.htcmarket,1]
04-26 18:10:27.532 I/content_update_sample( 9359): [content://com.htcmarket/downloads,update,package_name = ? AND  state = ?,125,com.htcmarket,26]
04-26 18:10:27.552 I/notification_cancel( 1485): [com.htcmarket,1119655079,0]
04-26 18:10:27.782 I/db_sample( 2343): [/data/data/com.sina.weibo/databases/sinaAppMarket.db,COMMIT;UPDATE t_app_update SET need_Update=? WHERE package_name=,0,com.sina.weibo,1]
04-26 18:10:27.922 I/am_proc_start( 1485): [9384,10002,com.htc.cs,broadcast,com.htc.cs/.plugin.PluginRegisterReceiver]
04-26 18:10:27.922 I/am_proc_died( 1485): [9243,com.htc.opensense]
04-26 18:10:27.992 I/dvm_gc_madvise_info( 9384): [618496,385024]
04-26 18:10:28.072 I/am_proc_bound( 1485): [9384,com.htc.cs]
04-26 18:10:28.092 I/dvm_gc_info( 1368): [8825198673195090994,-9129775798804490196,-4010309197419980756,0]
04-26 18:10:28.172 I/dvm_gc_info( 1368): [8825198673194680376,-9222662541119006676,-4010309197419980756,0]
04-26 18:10:28.242 I/dvm_gc_info( 1368): [8825198673194639408,-9222662541119006676,-4010309197419980756,0]
04-26 18:10:28.272 I/am_proc_start( 1485): [9391,10002,com.htc.opensense,broadcast,com.htc.opensense/.pluginmanager.RegisterReceiver]
04-26 18:10:28.282 I/am_proc_died( 1485): [9254,com.htc.RosieUtility]
04-26 18:10:28.302 I/am_proc_bound( 1485): [9391,com.htc.opensense]
04-26 18:10:28.352 I/am_create_service( 1485): [1081552344,com.htc.opensense/.pluginmanager.RegisterService,act=android.intent.action.PACKAGE_ADDED dat=package:imcom.forensics,9391]
04-26 18:10:28.613 I/am_proc_start( 1485): [9401,10021,com.htc.RosieUtility,broadcast,com.htc.AddProgramWidget/.HtcWidgetScanner]
04-26 18:10:28.613 I/am_destroy_service( 1485): [1081552344,com.htc.opensense/.pluginmanager.RegisterService,9391]
04-26 18:10:28.613 I/am_proc_died( 1485): [8756,com.htc.launcher]
04-26 18:10:28.613 I/binder_sample( 9294): [android.app.IActivityManager,46,123,imcom.forensics,24]
04-26 18:10:28.663 I/am_proc_bound( 1485): [9401,com.htc.RosieUtility]
04-26 18:10:28.663 I/binder_sample( 9391): [android.app.IActivityManager,61,50,com.htc.opensense,10]
04-26 18:10:28.813 I/am_proc_start( 1485): [9409,10077,imcom.forensics:uploader,service,imcom.forensics/.UploadManager]
04-26 18:10:28.883 I/am_on_resume_called( 9294): imcom.forensics.MainActivity
04-26 18:10:28.883 I/am_proc_bound( 1485): [9409,imcom.forensics:uploader]
04-26 18:10:28.893 I/am_create_service( 1485): [1083244104,imcom.forensics/.UploadManager,,9409]
04-26 18:10:28.943 I/am_create_service( 1485): [1083777840,com.htc.AddProgramWidget/.HtcWidgetScannerService,act=android.intent.action.PACKAGE_ADDED dat=package:imcom.forensics,9401]
04-26 18:10:29.063 I/am_proc_start( 1485): [9420,10036,com.immomo.momo,broadcast,com.immomo.momo/.android.broadcast.PacketInstallReceiver]
04-26 18:10:29.063 I/am_destroy_service( 1485): [1083777840,com.htc.AddProgramWidget/.HtcWidgetScannerService,9401]
04-26 18:10:29.153 I/am_proc_bound( 1485): [9420,com.immomo.momo]
04-26 18:10:29.534 I/dvm_gc_info( 9420): [3345452614010652193,-9046458930736248782,-4008620347559716820,0]
04-26 18:10:29.614 I/activity_launch_time( 1485): [1081362728,imcom.forensics/.MainActivity,12378,12378]
04-26 18:10:29.664 I/db_sample( 1603): [:memory:,INSERT INTO applications ('_id', 'name', 'description', 'package,52,,11]
04-26 18:10:29.804 I/dvm_gc_info( 9420): [3345452614010713228,-9102190976124954574,-4008620347559716820,0]
04-26 18:10:30.214 I/db_sample( 1603): [:memory:,INSERT INTO applications ('_id', 'name', 'description', 'package,0,,1]
04-26 18:10:30.495 I/am_create_service( 1485): [1090255480,com.baidu.appsearch/.youhua.common.CommonIntentService,act=com.baidu.appsearch.youhua.action.PKG_CHANGE,9314]
04-26 18:10:30.515 I/am_destroy_service( 1485): [1090255480,com.baidu.appsearch/.youhua.common.CommonIntentService,9314]
04-26 18:10:30.635 I/am_create_service( 1485): [1083716240,com.htc.opensense/.pluginmanager.RegisterService,act=android.intent.action.PACKAGE_REPLACED dat=package:imcom.forensics,9391]
04-26 18:10:30.645 I/notification_enqueue( 1485): [com.lenovo.safe.powercenter,2004,Notification(vibrate=null,sound=null,button=null,defaults=0x0,flags=0x22)]
04-26 18:10:30.665 I/am_create_service( 1485): [1083634792,com.baidu.appsearch/.youhua.common.CommonIntentService,act=com.baidu.appsearch.youhua.action.PKG_CHANGE,9314]
04-26 18:10:30.675 I/am_destroy_service( 1485): [1083716240,com.htc.opensense/.pluginmanager.RegisterService,9391]
04-26 18:10:30.685 I/notification_cancel( 1485): [com.lenovo.safe.powercenter,2001,0]
04-26 18:10:30.695 I/am_destroy_service( 1485): [1083634792,com.baidu.appsearch/.youhua.common.CommonIntentService,9314]
04-26 18:10:30.955 I/dvm_gc_madvise_info( 9314): [851968,385024]
04-26 18:10:31.135 I/notification_enqueue( 1485): [com.lbe.security,6,Notification(vibrate=null,sound=null,button=null,defaults=0x0,flags=0x10)]
04-26 18:10:33.237 I/dvm_gc_madvise_info( 9409): [569344,385024]
04-26 18:10:33.247 I/dvm_gc_madvise_info( 9401): [536576,385024]
04-26 18:10:33.257 I/dvm_gc_madvise_info( 9391): [569344,385024]
04-26 18:10:34.298 I/am_proc_died( 1485): [9384,com.htc.cs]
04-26 18:10:34.869 I/dvm_gc_madvise_info( 9420): [393216,385024]
04-26 18:10:35.169 I/dvm_gc_info( 6400): [7020659311768655461,-9046177112178808773,-4006087485186844628,0]
04-26 18:10:35.710 I/am_create_service( 1485): [1083364280,com.noshufou.android.su/.service.ResultService,,9273]
04-26 18:10:35.730 I/dvm_gc_info( 9454): [7021235374273869220,-9060274849969039782,-4117855733906631078,0]
04-26 18:10:36.140 I/db_sample( 5854): [/data/data/com.facebook.katana/databases/contacts_db2,SELECT value FROM contacts_db_properties WHERE key=?,198,,40]
04-26 18:10:36.440 I/dvm_gc_info( 9409): [7381244094246372929,-9055466817403946962,-4009746659884083156,0]
04-26 18:10:36.470 I/dvm_gc_info( 9409): [7381244094246368834,-9063910860513282001,-4009465184907372500,0]
04-26 18:10:36.480 I/content_query_sample( 9273): [content://com.noshufou.android.su.provider/apps/uid/10077,_id/allow/notifications/logging,,,592,,100]
04-26 18:10:36.540 I/dvm_gc_info( 9409): [7381244094246352489,-9062784823133931470,-4008620759977240532,0]
04-26 18:10:36.570 I/dvm_gc_info( 9409): [7381244094246381109,-9099939520059738063,-4008902234953951188,0]
04-26 18:10:36.590 I/dvm_gc_info( 9409): [7381244094246381097,-9173404488964442062,-4008620759977240532,0]
04-26 18:10:36.651 I/dvm_gc_info( 9409): [7381244094246352487,-9065317891732342733,-4008339285000529876,0]
04-26 18:10:36.671 I/dvm_gc_info( 9409): [7381244094246377000,-9117672237400524749,-4008339285000529876,0]
04-26 18:10:36.711 I/dvm_gc_info( 9409): [7381244094246428672,-9223225147475036106,-4007494860070397908,0]
04-26 18:10:36.751 I/dvm_gc_info( 9409): [7381244094246442538,-9069258335214307276,-4008057810023819220,0]
04-26 18:10:36.781 I/dvm_gc_info( 9409): [7381244094246377023,-9065599160517068747,-4007776335047108564,0]
04-26 18:10:36.831 I/binder_sample( 1601): [com.android.internal.telephony.ITelephonyRegistry,4,51,com.android.phone,10]
04-26 18:10:36.841 I/dvm_gc_info( 9409): [7381244094246494208,-9223224735057512389,-4006087485186844628,0]
04-26 18:10:36.861 I/am_destroy_service( 1485): [1083364280,com.noshufou.android.su/.service.ResultService,9273]
04-26 18:10:36.931 I/dvm_gc_info( 9409): [7381244094246430303,-9057717448751646665,-4007213385093687252,0]
04-26 18:10:36.971 I/dvm_gc_info( 9409): [7381244094246416384,-9223224116431226817,-4004961585280002004,0]
04-26 18:10:37.021 I/dvm_gc_info( 9409): [7381244094246356623,-9046176356080224198,-4006368960163555284,0]
04-26 18:10:37.041 I/dvm_gc_info( 9409): [7381244094246375752,-9221816741547673542,-4006368960163555284,0]
04-26 18:10:37.081 I/dvm_gc_info( 9409): [7381244094246404096,-9223223222859925434,-4002991260443027412,0]
04-26 18:10:37.131 I/dvm_gc_info( 9409): [7381244094246352563,-9051242012089714626,-4005243060256712660,0]
04-26 18:10:37.151 I/dvm_gc_info( 9409): [7381244094246371784,-9221534372999661506,-4005243060256712660,0]
04-26 18:10:37.191 I/dvm_gc_info( 9409): [7381244094246400000,-9223223222859925432,-4001865360536184788,0]
04-26 18:10:37.241 I/dvm_gc_info( 9409): [7381244094246348596,-9051804962043135938,-4005243060256712660,0]
04-26 18:10:37.341 I/dvm_gc_info( 9409): [7381244094246389343,-9066723135808800704,-4004680110303291348,0]
04-26 18:10:37.511 I/dvm_gc_info( 9409): [7381244094246422091,-8922889422709655488,-4004680110303291348,0]
04-26 18:10:37.601 I/dvm_gc_info( 9409): [7381244094246352438,-9031257288743258044,-4003554210396448724,0]
04-26 18:10:37.772 I/dvm_gc_info( 9409): [7381244094246413960,-8981436217865455548,-4003554210396448724,0]
04-26 18:10:37.912 I/dvm_gc_info( 9409): [7381244094246417984,-8924859747546621881,-4002428310489606100,0]
04-26 18:10:37.962 I/dvm_gc_info( 9409): [7381244094246356583,-9068130510692353976,-4002146835512895444,0]
04-26 18:10:37.982 I/dvm_gc_info( 9409): [7381244094246372908,-9222378797929793467,-4003272735419738068,0]
04-26 18:10:38.022 I/dvm_gc_info( 9409): [7381244094246404096,-9223222741706147765,-4000739460629342164,0]
04-26 18:10:38.052 I/dvm_gc_info( 9409): [7381244094246409842,-9220689466915751868,-4003554210396448724,0]
04-26 18:10:38.082 I/dvm_gc_info( 9409): [7381244094246404096,-9223222741706147761,-3999613560722499540,0]
04-26 18:10:38.172 I/dvm_gc_info( 9409): [7381244094246393172,-9024501408148404145,-3999332085745788884,0]
04-26 18:10:38.452 I/dvm_gc_info( 9409): [7381244094246393527,-8905718967976515505,-3999613560722499540,0]
04-26 18:10:38.713 I/dvm_gc_info( 9409): [7381244094246352557,-8907126342860081073,-3999613560722499540,0]
04-26 18:10:38.733 I/dvm_gc_info( 9409): [7381244094246375536,-9222096841799305137,-3999613560722499540,0]
04-26 18:10:38.773 I/dvm_gc_info( 9409): [7381244094246404096,-9223221641926084514,-3993702586211575764,0]
04-26 18:10:38.873 I/dvm_gc_info( 9409): [7381244094246393533,-9024500308368349100,-3997643235885524948,0]
04-26 18:10:38.993 I/dvm_gc_info( 9409): [7381244094246372937,-8923169316752525228,-3997643235885524948,0]
04-26 18:10:39.033 I/dvm_gc_info( 9409): [7381244094246355000,-9222658691939108767,-3992576686304733140,0]
04-26 18:10:39.053 I/dvm_gc_info( 9409): [7381244094246373116,-9222095742019241903,-3998487660815656916,0]
04-26 18:10:39.103 I/dvm_gc_info( 9409): [7381244094246453248,-9223221641825421212,-3991450786397890516,0]
04-26 18:10:39.193 I/dvm_gc_info( 9409): [7381244094246397772,-9018870808834140077,-3997924710862235604,0]
04-26 18:10:39.353 I/dvm_gc_info( 9409): [7381244094246385300,-8916976867264890796,-3997643235885524948,0]
04-26 18:10:39.393 I/dvm_gc_info( 9409): [7381244094246430261,-9222095742019241900,-3997643235885524948,0]
04-26 18:10:39.433 I/dvm_gc_info( 9409): [7381244094246416384,-9223219648574719888,-3986947186770520020,0]
04-26 18:10:39.483 I/dvm_gc_info( 9409): [7381244094246348638,-9221530798714455974,-3995109961095129044,0]
04-26 18:10:39.513 I/dvm_gc_info( 9409): [7381244094246404168,-9222375223644587942,-3995109961095129044,0]
04-26 18:10:39.543 I/dvm_gc_info( 9409): [7381244094246404096,-9223219648574719888,-3986947186770520020,0]
04-26 18:10:39.643 I/dvm_gc_info( 9409): [7381244094246393805,-9068971361337272225,-3993421111234865108,0]
04-26 18:10:40.174 I/dvm_gc_madvise_info( 6400): [749568,385024]
04-26 18:10:41.836 I/sqlite_mem_released( 5797): 0
04-26 18:10:41.836 I/force_gc( 5797): mem
04-26 18:10:41.926 I/dvm_gc_info( 5797): [7885629677472388692,-8971304768356997064,-4006931910116976596,0]
04-26 18:10:44.658 I/dvm_gc_madvise_info( 9409): [3198976,385024]
04-26 18:10:46.160 I/notification_cancel( 1485): [com.lbe.security,6,0]
04-26 18:10:46.250 I/am_proc_start( 1485): [9516,10006,com.android.htccontacts,broadcast,com.android.htccontacts/.HtcContactBroadcastReceiver]
04-26 18:10:46.260 I/dvm_gc_madvise_info( 9516): [622592,385024]
04-26 18:10:46.280 I/am_proc_bound( 1485): [9516,com.android.htccontacts]
04-26 18:10:46.570 I/dvm_gc_info( 9516): [7526750155958248768,-9061940879324002258,-4010309609837504468,0]
04-26 18:10:46.951 I/dvm_gc_madvise_info( 5797): [466944,385024]
04-26 18:10:49.003 I/am_anr  ( 1485): [9409,imcom.forensics:uploader,572998,Executing service imcom.forensics/.UploadManager]
04-26 18:10:49.523 I/dvm_gc_info( 1485): [8320808730292184921,-8900085069320664957,-3961332963889850324,8681536]
04-26 18:10:50.594 I/am_proc_died( 1485): [9409,imcom.forensics:uploader]
04-26 18:10:50.594 I/am_schedule_service_restart( 1485): [imcom.forensics/.UploadManager,43420]
04-26 18:10:51.575 I/dvm_gc_madvise_info( 9516): [425984,385024]
04-26 18:10:54.588 I/dvm_gc_madvise_info( 1485): [3813376,385024]
04-26 18:10:56.800 I/sqlite_mem_released( 2085): 0
04-26 18:10:56.800 I/force_gc( 2085): mem
04-26 18:10:56.870 I/dvm_gc_info( 2085): [7021235459988944265,-9044770149696063435,-4007776335047108564,0]
04-26 18:11:01.885 I/dvm_gc_madvise_info( 2085): [593920,385024]
04-26 18:11:05.819 I/sqlite_mem_released( 2011): 467480
04-26 18:11:05.819 I/force_gc( 2011): mem
04-26 18:11:05.899 I/dvm_gc_info( 2011): [8315178139768910979,-9067006329191667655,-4006650435140265940,0]
04-26 18:11:10.804 I/sqlite_mem_released( 2343): 0
04-26 18:11:10.804 I/force_gc( 2343): mem
04-26 18:11:10.914 I/dvm_gc_madvise_info( 2011): [606208,385024]
04-26 18:11:10.914 I/dvm_gc_info( 2343): [8603398534651667586,-9095151970932836272,-3998769135792379860,0]
04-26 18:11:12.485 I/dvm_gc_info( 1640): [8315178139902883416,-8990727435338274769,-4009465184907372500,0]
04-26 18:11:15.508 I/dvm_gc_info( 1624): [8315161643084863107,-8993822560301905866,-4007494860070397908,0]
04-26 18:11:15.799 I/sqlite_mem_released( 6400): 0
04-26 18:11:15.799 I/force_gc( 6400): mem
04-26 18:11:15.869 I/dvm_gc_info( 6400): [7020659311768782411,-9064191510688298951,-4006650435140265940,0]
04-26 18:11:15.929 I/dvm_gc_madvise_info( 2343): [462848,385024]
04-26 18:11:17.510 I/dvm_gc_madvise_info( 1640): [1044480,385024]
04-26 18:11:20.533 I/dvm_gc_madvise_info( 1624): [8151040,385024]
04-26 18:11:20.894 I/dvm_gc_madvise_info( 6400): [888832,385024]
04-26 18:11:23.146 I/sqlite_mem_released( 3151): 0
04-26 18:11:23.146 I/force_gc( 3151): mem
04-26 18:11:23.186 I/dvm_gc_info( 3151): [7885022777269474369,-9136812192152139719,-4006650435140265940,0]
04-26 18:11:28.201 I/sqlite_mem_released( 1670): 83520
04-26 18:11:28.201 I/force_gc( 1670): mem
04-26 18:11:28.211 I/dvm_gc_madvise_info( 3151): [724992,385024]
04-26 18:11:28.251 I/dvm_gc_info( 1670): [7146757855083996725,-9011274558714427337,-4007213385093687252,6815744]
04-26 18:11:33.156 I/sqlite_mem_released( 2268): 2320
04-26 18:11:33.156 I/force_gc( 2268): mem
04-26 18:11:33.246 I/dvm_gc_info( 2268): [3345437203617896015,-9005643272070743993,-4001865360536197076,6817032]
04-26 18:11:33.256 I/dvm_gc_madvise_info( 1670): [569344,385024]
04-26 18:11:34.026 I/am_proc_start( 1485): [9717,10077,imcom.forensics:uploader,service,imcom.forensics/.UploadManager]
04-26 18:11:34.057 I/dvm_gc_madvise_info( 9717): [622592,385024]
04-26 18:11:34.107 I/am_proc_bound( 1485): [9717,imcom.forensics:uploader]
04-26 18:11:34.117 I/am_create_service( 1485): [1083244104,imcom.forensics/.UploadManager,,9717]
04-26 18:11:34.767 I/am_create_service( 1485): [1085061360,com.noshufou.android.su/.service.ResultService,,9273]
04-26 18:11:34.787 I/dvm_gc_info( 9728): [7021235374273865124,-9060274849969043878,-4117855733906635174,0]
04-26 18:11:35.068 I/am_destroy_service( 1485): [1085061360,com.noshufou.android.su/.service.ResultService,9273]
04-26 18:11:35.488 I/am_proc_died( 1485): [9401,com.htc.RosieUtility]
04-26 18:11:35.678 I/dvm_gc_info( 9717): [7381244094246352461,-9045615124466042833,-4009465184907372500,0]
04-26 18:11:35.748 I/dvm_gc_info( 9717): [7381244094246348411,-9062784823150708688,-4009183709930661844,0]
04-26 18:11:35.788 I/dvm_gc_info( 9717): [7381244094246364761,-9062784823133931471,-4008902234953951188,0]
04-26 18:11:35.818 I/dvm_gc_info( 9717): [7381244094246408192,-9223225284930766795,-4007776335047108564,0]
04-26 18:11:35.908 I/dvm_gc_info( 9717): [7381244094246377097,-9064473398082734029,-4008339285000529876,0]
04-26 18:11:35.968 I/dvm_gc_info( 9717): [7381244094246393411,-9065880772966287308,-4008057810023819220,0]
04-26 18:11:35.998 I/dvm_gc_info( 9717): [7381244094246404096,-9223225078738782153,-4007494860070397908,0]
04-26 18:11:36.038 I/dvm_gc_info( 9717): [7381244094246377012,-9068132366571210699,-4007776335047108564,0]
04-26 18:11:36.089 I/dvm_gc_info( 9717): [7381244094246461440,-9223224735057512391,-4006650435140265940,0]
04-26 18:11:36.149 I/dvm_gc_info( 9717): [7381244094246389325,-9062221048379017162,-4007494860070397908,0]
04-26 18:11:36.199 I/dvm_gc_info( 9717): [7381244094246436864,-9223224253903734723,-4005524535233423316,0]
04-26 18:11:36.279 I/dvm_gc_info( 9717): [7381244094246393455,-9055746642760890311,-4006650435140265940,0]
04-26 18:11:36.299 I/dvm_gc_info( 9717): [7381244094246372447,-9160455334097258440,-4006931910116976596,0]
04-26 18:11:36.329 I/dvm_gc_info( 9717): [7381244094246404096,-9223223566541195198,-4004117160349870036,0]
04-26 18:11:36.459 I/dvm_gc_info( 9717): [7381244094246393492,-9054901530468214723,-4005524535233423316,0]
04-26 18:11:36.489 I/dvm_gc_info( 9717): [7381244094246364583,-9063908729722963908,-4005806010210133972,0]
04-26 18:11:36.519 I/dvm_gc_info( 9717): [7381244094246400000,-9223222535497385909,-4001020935606052820,0]
04-26 18:11:36.569 I/dvm_gc_info( 9717): [7381244094246348460,-9111758444719966143,-4004398635326580692,0]
04-26 18:11:36.589 I/dvm_gc_info( 9717): [7381244094246371640,-9221815160613832639,-4004398635326580692,0]
04-26 18:11:36.619 I/dvm_gc_info( 9717): [7381244094246400000,-9223222535497385909,-4001020935606052820,0]
04-26 18:11:36.699 I/dvm_gc_info( 9717): [7381244094246389613,-9052367224634017729,-4004961585280002004,0]
04-26 18:11:36.859 I/dvm_gc_info( 9717): [7381244094246393426,-8992694529571358656,-4004680110303291348,0]
04-26 18:11:37.140 I/dvm_gc_info( 9717): [7381244094246475314,-8949910333111330748,-4003554210396448724,0]
04-26 18:11:37.250 I/dvm_gc_info( 9717): [7381244094246348392,-9039982325658748861,-4003835685373159380,0]
04-26 18:11:37.410 I/dvm_gc_info( 9717): [7381244094246393471,-8921762835440273341,-4003835685373159380,0]
04-26 18:11:37.500 I/dvm_gc_info( 9717): [7381244094246422080,-9016056952638343100,-4003272735419738068,0]
04-26 18:11:37.560 I/dvm_gc_info( 9717): [7381244094246348348,-9222096635590543288,-4002146835512895444,0]
04-26 18:11:37.580 I/dvm_gc_info( 9717): [7381244094246373021,-9219844835776858044,-4003554210396448724,0]
04-26 18:11:37.620 I/dvm_gc_info( 9717): [7381244094246404096,-9223222535497385905,-3999613560722499540,0]
04-26 18:11:37.720 I/dvm_gc_info( 9717): [7381244094246389106,-9019716127335573425,-3999613560722499540,0]
04-26 18:11:38.030 I/dvm_gc_info( 9717): [7381244094246393519,-8906844661674600369,-3999613560722499540,0]
04-26 18:11:38.271 I/dvm_gc_madvise_info( 2268): [1081344,385024]
04-26 18:11:38.381 I/dvm_gc_info( 9717): [7381244094246389424,-8906844661674592177,-3999332085745788884,0]
04-26 18:11:38.411 I/dvm_gc_info( 9717): [7381244094246417517,-9061655898865469361,-3999613560722499540,0]
04-26 18:11:38.471 I/dvm_gc_info( 9717): [7381244094246453248,-9223221435717322657,-3993702586211575764,0]
04-26 18:11:38.571 I/dvm_gc_info( 9717): [7381244094246389436,-9029285176763672492,-3997643235885524948,0]
04-26 18:11:38.731 I/dvm_gc_info( 9717): [7381244094246377035,-8922887635567052716,-3997643235885524948,0]
04-26 18:11:38.771 I/dvm_gc_info( 9717): [7381244094246346808,-9222658485763901343,-3992576686304733140,0]
04-26 18:11:38.791 I/dvm_gc_info( 9717): [7381244094246373118,-9222095535810480047,-3998487660815656916,0]
04-26 18:11:38.831 I/dvm_gc_info( 9717): [7381244094246408192,-9223221435666991004,-3991450786397890516,0]
04-26 18:11:38.911 I/dvm_gc_info( 9717): [7381244094246393680,-9008737503463802797,-3997924710862235604,0]
04-26 18:11:39.162 I/dvm_gc_info( 9717): [7381244094246352526,-8917821085986260905,-3996235861001971668,0]
04-26 18:11:39.182 I/dvm_gc_info( 9717): [7381244094246377013,-9222095535810480044,-3997643235885524948,0]
04-26 18:11:39.232 I/dvm_gc_info( 9717): [7381244094246445056,-9223219442365958032,-3986947186770520020,0]
04-26 18:11:39.302 I/dvm_gc_info( 9717): [7381244094246348639,-9221530592505694118,-3995109961095129044,0]
04-26 18:11:39.332 I/dvm_gc_info( 9717): [7381244094246408264,-9222375017435826086,-3995109961095129044,0]
04-26 18:11:39.382 I/dvm_gc_info( 9717): [7381244094246469632,-9223219442365958032,-3986947186770520020,0]
04-26 18:11:39.492 I/dvm_gc_info( 9717): [7381244094246393804,-9110347976704976801,-3993421111234865108,0]
04-26 18:11:41.794 I/sqlite_mem_released( 7839): 0
04-26 18:11:41.824 I/force_gc( 7839): mem
04-26 18:11:41.864 I/dvm_gc_info( 7839): [7959037488985752669,-9114294193981740999,-4006650435140265940,0]
04-26 18:11:44.507 I/dvm_gc_madvise_info( 9717): [3383296,385024]
04-26 18:11:46.889 I/dvm_gc_madvise_info( 7839): [516096,385024]
04-26 18:11:50.813 I/force_gc( 9273): bg
04-26 18:11:50.873 I/dvm_gc_info( 9273): [7594245945072801336,-9034919144070469585,-4009465184907372500,0]
04-26 18:11:54.196 I/am_anr  ( 1485): [9717,imcom.forensics:uploader,572998,Executing service imcom.forensics/.UploadManager]
04-26 18:11:54.436 I/dvm_gc_info( 1485): [8320808730291697701,-8906276693973260162,-3964429188633667540,8681529]
04-26 18:11:54.707 I/dvm_gc_info( 1485): [8320808730291975854,-8916128318158129023,-3963584763703535572,8681529]
04-26 18:11:55.547 I/am_proc_died( 1485): [9717,imcom.forensics:uploader]
04-26 18:11:55.547 I/am_schedule_service_restart( 1485): [imcom.forensics/.UploadManager,173680]
04-26 18:11:55.888 I/dvm_gc_madvise_info( 9273): [479232,385024]
04-26 18:11:59.762 I/dvm_gc_madvise_info( 1485): [3883008,385024]
04-26 18:12:10.202 I/db_sample( 1624): [/data/data/com.lbe.security/databases/lbe_trafficmon.db,INSERT OR REPLACE  INTO global_traffic(wifitx, wifirx, date, cel,13,com.lbe.security:service,3]
04-26 18:12:11.974 I/am_proc_start( 1485): [9960,10002,com.htc.bg,content provider,com.htc.opensense/.syncprovider.SyncProvider]
04-26 18:12:11.994 I/dvm_gc_madvise_info( 9960): [622592,385024]
04-26 18:12:12.014 I/am_proc_bound( 1485): [9960,com.htc.bg]
04-26 18:12:16.298 I/dvm_gc_info( 6400): [7020659311768614495,-9034073825652758470,-4006368960163555284,0]
04-26 18:12:17.749 I/dvm_gc_info( 5618): [8315159430924719681,-9000860190751410125,-4008339285000529876,0]
04-26 18:12:17.839 I/dvm_gc_info( 5618): [8315159430924686777,-9066162110403262409,-4007213385093687252,0]
04-26 18:12:18.089 I/dvm_gc_info( 5618): [8315159430924703331,-9053213986596661192,-4006931910116976596,0]
04-26 18:12:19.070 I/dvm_gc_info( 2268): [3345437203617613407,-8954977776262784951,-4001302410582775764,6816870]
04-26 18:12:19.181 I/notification_enqueue( 1485): [com.htc.android.mail,1,Notification(vibrate=null,sound=null,button=null,defaults=0x0,flags=0x1)]
04-26 18:12:19.241 I/am_proc_start( 1485): [10037,9999,com.htc.launcher,content provider,com.htc.launcher/.LauncherProvider]
04-26 18:12:19.271 I/dvm_gc_madvise_info(10037): [622592,385024]
04-26 18:12:19.291 I/am_proc_bound( 1485): [10037,com.htc.launcher]
04-26 18:12:19.661 I/dvm_gc_info(10037): [7809652345805166019,-9058563110883989458,-4010309609837504468,0]
04-26 18:12:19.681 I/content_query_sample( 2268): [content://com.htc.launcher.settings/favorites,_id/intent,intent like ?,,56,,12]
04-26 18:12:19.861 I/content_query_sample(10037): [content://com.htc.launcher.settings/favorites?notify=false,,_id=?,,165,,34]
04-26 18:12:20.031 I/db_sample(10037): [/data/data/com.htc.launcher/databases/launcher.db,UPDATE favorites SET icon=?, iconType=? WHERE _id=?,124,,25]
04-26 18:12:20.031 I/content_update_sample(10037): [content://com.htc.launcher.settings/favorites?notify=false,update,_id=?,125,,26]
04-26 18:12:20.842 I/dvm_gc_info( 5618): [8315159430924727943,-8956668069584906186,-4007776335047108564,0]
04-26 18:12:20.932 I/dvm_gc_info( 5618): [8315159430924699192,-9056310211340478408,-4006931910116976596,0]
04-26 18:12:21.142 I/dvm_gc_info( 5618): [8315159430924703279,-9069821010205808583,-4006931910116976596,0]
04-26 18:12:21.313 I/dvm_gc_madvise_info( 6400): [704512,385024]
04-26 18:12:21.473 I/dvm_gc_info( 5618): [8315159430924695171,-8962860519072557001,-4007213385093687252,0]
04-26 18:12:24.075 I/dvm_gc_madvise_info( 2268): [1081344,385024]
04-26 18:12:24.666 I/dvm_gc_madvise_info(10037): [438272,385024]
04-26 18:12:25.517 I/am_proc_died( 1485): [9420,com.immomo.momo]
04-26 18:12:26.378 I/am_proc_start( 1485): [10061,10080,com.youdao.dict:yddictpush,service,com.youdao.dict/.backend.PushService]
04-26 18:12:26.378 I/am_proc_died( 1485): [9359,com.htcmarket]
04-26 18:12:26.388 I/dvm_gc_madvise_info(10061): [618496,385024]
04-26 18:12:26.418 I/am_proc_bound( 1485): [10061,com.youdao.dict:yddictpush]
04-26 18:12:26.418 I/am_create_service( 1485): [1090670920,com.youdao.dict/.backend.PushService,act=START_POLL,10061]
04-26 18:12:26.538 I/dvm_gc_madvise_info( 5618): [614400,385024]
04-26 18:12:26.708 I/dvm_gc_info(10061): [7235423627187963432,-9038859518832912334,-4008620759977240532,0]
04-26 18:12:28.550 I/notification_cancel( 1485): [com.youdao.dict,3,0]
04-26 18:12:28.650 I/dvm_gc_info(10061): [7235423627187926616,-9003112059318122445,-4008339285000529876,0]
04-26 18:12:30.812 I/binder_sample( 9314): [android.content.pm.IPackageManager,31,14,com.baidu.appsearch,2]
04-26 18:12:30.922 I/dvm_gc_info( 9314): [7021235459988797002,-9023941138908755915,-4007776335047108564,0]
04-26 18:12:31.022 I/dvm_gc_info(10061): [7235423627188057539,-9054058686421415879,-4006650435140265940,0]
04-26 18:12:31.162 I/dvm_gc_info( 1485): [8320808730291689507,-8908528562523199364,-3964710663610378196,8681529]
04-26 18:12:31.262 I/am_destroy_service( 1485): [1090670920,com.youdao.dict/.backend.PushService,10061]
04-26 18:12:31.352 I/dvm_gc_info( 9314): [7021235459988727401,-8956950094434817994,-4007494860070397908,0]
04-26 18:12:31.422 I/am_proc_died( 1485): [10061,com.youdao.dict:yddictpush]
04-26 18:12:32.804 I/dvm_gc_info( 9314): [7021235459988768309,-9018029614541244356,-4005806010210133972,0]
04-26 18:12:34.135 I/dvm_gc_info( 9314): [7021235459988760213,-8924017178495121351,-4006650435140265940,0]
04-26 18:12:34.756 I/dvm_gc_info( 9314): [7021235459988715162,-8973838249372936136,-4007213385093687252,0]
04-26 18:12:34.866 I/dvm_gc_info( 9314): [7021235459988792927,-9050117968061528009,-4007213385093687252,0]
04-26 18:12:34.936 I/dvm_gc_info( 9314): [7021235459988756062,-9052369767875209161,-4007213385093687252,0]
04-26 18:12:35.006 I/dvm_gc_info( 9314): [7021235459988751966,-9053214192805337032,-4007213385093687252,0]
04-26 18:12:35.677 I/dvm_gc_info( 9314): [7021235459988895346,-9013244746112468939,-4007776335047108564,0]
04-26 18:12:36.197 I/dvm_gc_madvise_info( 1485): [4595712,385024]
04-26 18:12:39.771 I/am_proc_died( 1485): [9294,imcom.forensics]
04-26 18:12:39.791 I/am_restart_activity( 1485): [1083216368,3,com.htc.launcher/.Launcher]
04-26 18:12:40.712 I/dvm_gc_madvise_info( 9314): [528384,385024]
04-26 18:12:41.002 I/content_query_sample(10037): [content://com.htc.launcher.settings/widget_workspaces?notify=true,,,created desc ,17,,4]
04-26 18:12:41.022 I/content_query_sample(10037): [content://com.htc.launcher.AllAppsCarouselProvider/tasks?gId=1,,is_host=1,task_order,78,,16]
04-26 18:12:41.132 I/dvm_gc_info(10037): [7809652345805096633,-8949912600954599371,-3986947186770520020,8566827]
04-26 18:12:41.172 I/am_on_resume_called(10037): com.htc.launcher.Launcher
04-26 18:12:41.212 I/am_on_resume_called(10037): com.htc.launcher.CarouselDummyActivity
04-26 18:12:41.753 I/activity_launch_time( 1485): [1083216368,com.htc.launcher/.Launcher,1972,1972]
04-26 18:12:42.924 I/dvm_gc_info(10037): [7809652345805174457,-8918950078638446535,-3986947186770520020,8566827]
04-26 18:12:42.994 I/dvm_gc_info(10037): [7809652345805177394,-9217876503905163207,-3986947186770520020,8611883]
04-26 18:12:43.094 I/dvm_gc_info(10037): [7809652345805161505,-9175092307445143495,-3986947186770520020,8726594]
04-26 18:12:43.364 I/dvm_gc_info(10037): [7809652345805141224,-9064754116574554054,-3986947186770520020,8841308]
04-26 18:12:43.464 I/dvm_gc_info(10037): [7809652345805136931,-9169744282887620550,-3986947186770520020,8976524]
04-26 18:12:43.554 I/dvm_gc_info(10037): [7809652345805137027,-9206054554883295174,-3986947186770520020,9185468]
04-26 18:12:43.985 I/dvm_gc_info(10037): [7809652345805190695,-9030695644392531909,-3986947186770520020,9382130]
04-26 18:12:44.125 I/am_proc_start( 1485): [10116,10008,android.process.media,content provider,com.android.providers.media/.MediaProvider]
04-26 18:12:44.155 I/dvm_gc_madvise_info(10116): [618496,385024]
04-26 18:12:44.215 I/am_proc_bound( 1485): [10116,android.process.media]
04-26 18:12:44.535 I/dvm_gc_info(10116): [7882817126543922554,-9053778104999397331,-4010309609837504468,0]
04-26 18:12:44.916 I/db_sample(10116): [/data/data/com.android.providers.media/databases/external-ea771b10.db,COMMIT;BEGIN EXCLUSIVE;,0,android.process.media,1]
04-26 18:12:45.436 I/am_proc_died( 1485): [9391,com.htc.opensense]
04-26 18:12:45.466 I/am_proc_died( 1485): [9273,com.noshufou.android.su]
04-26 18:12:45.937 I/dvm_gc_info(10037): [7809652345805674070,-8981718998444808129,-3986947186770520020,9505034]
04-26 18:12:46.427 I/am_proc_start( 1485): [10132,10049,com.android.mms,broadcast,com.android.mms/.ui.MessagingShortcutReceiver]
04-26 18:12:46.487 I/dvm_gc_madvise_info(10132): [618496,385024]
04-26 18:12:46.547 I/dvm_gc_info( 1368): [8825198673194845235,-9128368423920936916,-4010309197419980756,0]
04-26 18:12:46.557 I/am_proc_bound( 1485): [10132,com.android.mms]
04-26 18:12:46.637 I/dvm_gc_info( 1368): [8825198673194725424,-9222662541119006676,-4010309197419980756,0]
04-26 18:12:46.747 I/dvm_gc_info( 1368): [8825198673194741816,-9222662541119006676,-4010309197419980756,0]
04-26 18:12:47.588 I/am_proc_died( 1485): [9960,com.htc.bg]
04-26 18:12:47.588 I/db_sample( 1601): [/data/data/com.android.providers.telephony/databases/mmssms.db,SELECT _id, message_count, recipient_ids, date, read, snippet, s,520,,100]
04-26 18:12:47.638 I/content_query_sample(10132): [content://mms-sms-v2/conversations?simple=true&formal=true&category=0,_id/message_count/recipient_ids/date/read/snippet/snippet_cs/error/unread_count/recipient_address/priority/type/transport_type/msg_box/locked/name/err_type,,,591,,100]
04-26 18:12:47.638 I/content_query_sample(10132): [content://mms/thread-allreport,MIN(_id)/m_id/SUM(m_type)/Count(_id) /st,thread_id>0 AND m_id!= "",,171,,35]
04-26 18:12:47.648 I/binder_sample(10132): [android.app.IActivityManager,16,86,com.android.mms,17]
04-26 18:12:47.798 I/db_sample( 1601): [/data/data/com.android.providers.telephony/databases/mmssms.db,SELECT mid FROM part WHERE (ct Like 'text/x%' ) ORDER BY seq,27,,6]
04-26 18:12:47.818 I/binder_sample(10132): [android.app.IActivityManager,69,20,com.android.mms,4]
04-26 18:12:47.919 I/dvm_gc_info(10132): [7218827569569850938,-9015215758244968399,-4008902234953951188,0]
