04-26 18:59:46.629 I/Database(19643): sqlite returned: error code = 0, msg = Recovered 776 frames from WAL file /data/data/com.facebook.katana/databases/contacts_db2-wal
04-26 18:59:46.639 D/NativeCrypto(19643): returned from sslSelect() with result 1, error code 2
04-26 18:59:46.639 D/NativeCrypto(19643): Doing SSL_Read()
04-26 18:59:46.639 D/NativeCrypto(19643): Returned from SSL_Read() with result 448, error code 0
04-26 18:59:46.649 D/Database(19643): dbopen(): path = /data/data/com.facebook.katana/databases/contacts_db2, mode: wal, disk free size: 710 M, handle: 0x50bb18
04-26 18:59:46.679 D/dalvikvm(19643): GC_CONCURRENT freed 1355K, 33% free 8015K/11911K, external 0K/0K, paused 4ms+7ms
04-26 18:59:46.699 D/NativeCrypto(19643): Doing SSL_Read()
04-26 18:59:46.699 D/NativeCrypto(19643): Returned from SSL_Read() with result 369, error code 0
04-26 18:59:47.029 E/fb4a(:<default>):fb:MobilePresenceIconExperiment(19643): Experiment parameter not found! using the default value ...
04-26 18:59:47.029 E/fb4a(:<default>):fb:MobilePresenceIconExperiment(19643): Experiment parameter not found! using the default value ...
04-26 18:59:47.630 D/dalvikvm(19709): GC_CONCURRENT freed 134K, 43% free 3215K/5639K, external 0K/0K, paused 3ms+2ms
04-26 18:59:47.820 I/ActivityThread(19709): Pub com.renren.mobile.account: com.renren.mobile.android.contentprovider.AccountProvider
04-26 18:59:47.830 D/dalvikvm(19643): GC_CONCURRENT freed 1762K, 35% free 7927K/12039K, external 0K/0K, paused 5ms+7ms
04-26 18:59:47.860 I/ActivityThread(19709): Pub com.renren.mobile.android.thirdparty.provider: com.renren.mobile.android.thirdparty.RenrenProvider
04-26 18:59:47.880 I/ActivityThread(19709): Pub com.renren.mobile.base: com.renren.mobile.android.contentprovider.BaseProvider
04-26 18:59:47.930 I/ActivityThread(19709): Pub com.renren.downloads: com.renren.providers.downloads.DownloadProvider
04-26 18:59:47.980 D/dalvikvm(19709): GC_CONCURRENT freed 152K, 42% free 3574K/6087K, external 0K/0K, paused 7ms+8ms
04-26 18:59:48.070 D/Database(19709): dbopen(): path = /data/data/com.renren.mobile.android/databases/account.db, flag = 6, file size = 5120
04-26 18:59:48.080 I/Database(19709): sqlite returned: error code = 0, msg = Recovered 5 frames from WAL file /data/data/com.renren.mobile.android/databases/account.db-wal
04-26 18:59:48.080 D/Database(19709): dbopen(): path = /data/data/com.renren.mobile.android/databases/account.db, mode: wal, disk free size: 710 M, handle: 0x34d890
04-26 18:59:48.120 D/NativeCrypto(19643): Doing SSL_Read()
04-26 18:59:48.120 D/NativeCrypto(19643): Returned from SSL_Read() with result -1, error code 2
04-26 18:59:48.270 D/NativeCrypto(19643): returned from sslSelect() with result 1, error code 2
04-26 18:59:48.270 D/NativeCrypto(19643): Doing SSL_Read()
04-26 18:59:48.270 D/NativeCrypto(19643): Returned from SSL_Read() with result 327, error code 0
04-26 18:59:48.280 D/NativeCrypto(19643): Doing SSL_Read()
04-26 18:59:48.280 D/NativeCrypto(19643): Returned from SSL_Read() with result 21, error code 0
04-26 18:59:48.991 D/SurfaceFlinger( 1485): iFBthreadLoopChkPoint = 1
04-26 18:59:49.151 D/Database(19643): dbopen(): path = /data/data/com.facebook.katana/databases/analytics_db2, flag = 6, file size = 284672
04-26 18:59:49.181 I/Database(19643): sqlite returned: error code = 0, msg = Recovered 280 frames from WAL file /data/data/com.facebook.katana/databases/analytics_db2-wal
04-26 18:59:49.201 D/Database(19643): dbopen(): path = /data/data/com.facebook.katana/databases/analytics_db2, mode: wal, disk free size: 710 M, handle: 0x472858
04-26 18:59:51.633 D/dalvikvm( 1640): GC_CONCURRENT freed 561K, 53% free 2958K/6279K, external 0K/0K, paused 6ms+2ms
04-26 18:59:52.955 D/dalvikvm(19724): GC_CONCURRENT freed 133K, 43% free 3216K/5639K, external 0K/0K, paused 3ms+3ms
04-26 18:59:53.195 D/dalvikvm(19724): Trying to load lib /data/data/com.sina.weibo/lib/libutility.so 0x4051b710
04-26 18:59:53.195 D/dalvikvm(19724): Added shared lib /data/data/com.sina.weibo/lib/libutility.so 0x4051b710
04-26 18:59:53.195 D/dalvikvm(19724): No JNI_OnLoad found in /data/data/com.sina.weibo/lib/libutility.so 0x4051b710, skipping init
04-26 18:59:53.445 D/dalvikvm(19724): GC_CONCURRENT freed 146K, 41% free 3611K/6087K, external 0K/0K, paused 4ms+3ms
04-26 18:59:53.545 D/Database(19724): dbopen(): path = /data/data/com.sina.weibo/databases/sina_weibo, flag = 6, file size = 146432
04-26 18:59:53.595 I/Database(19724): sqlite returned: error code = 0, msg = Recovered 147 frames from WAL file /data/data/com.sina.weibo/databases/sina_weibo-wal
04-26 18:59:53.605 D/Database(19724): dbopen(): path = /data/data/com.sina.weibo/databases/sina_weibo, mode: wal, disk free size: 710 M, handle: 0x34d710
04-26 18:59:53.766 D/MicroMsg.SDK.WXApiImplV10(19724): ignore wechat app signature validation
04-26 18:59:53.766 D/MicroMsg.SDK.WXApiImplV10(19724): register app com.sina.weibo
04-26 18:59:53.786 D/MicroMsg.SDK.MMessage(19724): send mm message, intent=Intent { act=com.tencent.mm.plugin.openapi.Intent.ACTION_HANDLE_APP_REGISTER (has extras) }, perm=com.tencent.mm.permission.MM_MESSAGE
04-26 18:59:54.086 D/dalvikvm(19709): GC_CONCURRENT freed 239K, 41% free 3818K/6407K, external 0K/0K, paused 3ms+13ms
04-26 18:59:54.686 D/GexinSdk(19390): _______________________ db close.
04-26 18:59:54.726 D/Database(19390): dbclose(): path = /data/data/com.sina.VDisk/databases/gxsdkdb.db, handle = 0x356890
04-26 18:59:54.827 D/dalvikvm(19372): GC_CONCURRENT freed 313K, 41% free 3851K/6471K, external 0K/0K, paused 3ms+4ms
04-26 18:59:54.897 I/Database(19372): sqlite returned: error code = 1, msg = no such table: old.role_info
04-26 18:59:54.897 E/Database(19372): Failure 1 (no such table: old.role_info) on 0x113ea8 when preparing 'insert into role_info select * from old.role_info'.
04-26 18:59:55.117 I/Database(19372): sqlite returned: error code = 17, msg = statement aborts at 17: [select tbl_name from sqlite_master  where type = "table" and tbl_name="role_info"] database schema has changed
04-26 18:59:55.167 D/Database(19372): dbopen(): path = /data/data/com.tencent.mm/MicroMsg/5a41cd86484a0bcb820666c4b0a90a97/SnsMicroMsg.db, flag = 6, file size = 1581056
04-26 18:59:55.207 I/Database(19372): sqlite returned: error code = 0, msg = Recovered 1552 frames from WAL file /data/data/com.tencent.mm/MicroMsg/5a41cd86484a0bcb820666c4b0a90a97/SnsMicroMsg.db-wal
04-26 18:59:55.217 D/Database(19372): dbopen(): path = /data/data/com.tencent.mm/MicroMsg/5a41cd86484a0bcb820666c4b0a90a97/SnsMicroMsg.db, mode: wal, disk free size: 710 M, handle: 0x3e61f0
04-26 18:59:55.277 D/Database(19372): dbopen(): path = /data/data/com.tencent.mm/MicroMsg/5a41cd86484a0bcb820666c4b0a90a97/CommonOneMicroMsg.db, flag = 6, file size = 5120
04-26 18:59:55.287 D/Database(19372): dbopen(): path = /data/data/com.tencent.mm/MicroMsg/5a41cd86484a0bcb820666c4b0a90a97/CommonOneMicroMsg.db, mode: wal, disk free size: 710 M, handle: 0x406e88
04-26 18:59:55.577 D/dalvikvm(19372): GC_CONCURRENT freed 286K, 40% free 3993K/6599K, external 0K/0K, paused 2ms+6ms
04-26 19:00:00.162 D/AlarmManagerService( 1485): Kernel timezone updated to -120 minutes west of GMT
04-26 19:00:00.272 D/SystemClock( 1601): Setting time of day to sec=1366995600
04-26 19:00:00.297 I/CalendarProvider2(19304): requestTimezoneCheck 2
04-26 19:00:00.427 V/CalendarProvider2(19304): ACTION_EVENT_CHANGED
04-26 19:00:00.427 D/DrmScannerReceiver(19460): android.intent.action.TIMEZONE_CHANGED
04-26 19:00:00.437 D/DrmScannerReceiver(19460):  @@@@@ TIMEZONE_CHANGED
04-26 19:00:00.437 D/DrmScannerReceiver(19460):  @@@@@ TIMEZONE_CHANGED : magic number
04-26 19:00:00.487 D/DrmIntentService(19460): SYNC_CLOCK
04-26 19:00:00.497 D/AutoSetting(19304): receiver - intent: android.intent.action.TIMEZONE_CHANGED
04-26 19:00:00.507 D/AutoSetting(19304): service - onStartCommand() action: null
04-26 19:00:00.517 D/DrmIntentService(19460):  @@@@@ when it is magic number, we get (-72)
04-26 19:00:00.527 I/DrmIntentService(19460): syncDrmClock: Update Stamp.
04-26 19:00:00.527 I/DrmProvider(19460): update(): old content id = null
04-26 19:00:00.647 D/DrmProvider(19460): update notifyChange. count = 1
04-26 19:00:00.657 I/SleepModeTimeOrTimeZoneChangedReciever(19567): [PSaver] onReceiveandroid.intent.action.TIMEZONE_CHANGED
04-26 19:00:00.657 I/SleepModeTimeOrTimeZoneChangedReciever(19567): mHTCWirelessSleepModeEnabled:true
04-26 19:00:00.657 I/SleepModeTimeOrTimeZoneChangedReciever(19567): mHTCWirelessSleepStartTimeSecond:0
04-26 19:00:00.667 I/SleepModeTimeOrTimeZoneChangedReciever(19567): mHTCWirelessSleepEndTimeSecond:0
04-26 19:00:00.677 I/SleepModeTimeOrTimeZoneChangedReciever(19567): iCurrentSecond:68400
04-26 19:00:00.687 D/dalvikvm( 1485): GC_CONCURRENT freed 2284K, 52% free 8013K/16519K, external 3669K/4557K, paused 21ms+7ms
04-26 19:00:00.697 D/DrmScannerReceiver(19460): android.intent.action.NETWORK_SET_TIMEZONE
04-26 19:00:00.777 D/DrmScannerReceiver(19460): time-zone =  Europe/Copenhagen
04-26 19:00:00.787 D/AutoSetting(19304): receiver - intent: android.intent.action.NETWORK_SET_TIMEZONE
04-26 19:00:00.817 D/DrmProvider(19460):  @@@@@ Backup DRM database. - Enter.
04-26 19:00:00.867 D/MyHTC   (19304): PoweronReceiver.onReceive(): intent=android.intent.action.TIME_SET
04-26 19:00:00.887 D/DrmScannerReceiver(19460): android.intent.action.TIME_SET
04-26 19:00:00.887 D/DrmScannerReceiver(19460):  @@@@@ TIME_CHANGED
04-26 19:00:00.897 D/DrmScannerReceiver(19460):  @@@@@ TIME_CHANGED :  magic number
04-26 19:00:00.907 I/AudioService( 1485):  AudioFocus  abandonAudioFocus() from android.media.AudioManager@40574380
04-26 19:00:00.917 D/DrmProvider(19460):  @@@@@ Backup DRM database. - Leave.
04-26 19:00:00.917 I/DrmIntentService(19460): syncDrmClock: Update Stamp Complete.
04-26 19:00:00.927 I/DrmIntentService(19460): syncDrmClock: Close cursor.
04-26 19:00:00.937 D/DrmIntentService(19460): SYNC_CLOCK
04-26 19:00:00.937 D/DrmIntentService(19460):  @@@@@ no magic number.
04-26 19:00:00.947 I/DrmIntentService(19460): syncDrmClock: Update Stamp.
04-26 19:00:00.957 I/DrmProvider(19460): update(): old content id = null
04-26 19:00:00.977 D/Clockd  ( 1381): Accept connection from 127.0.0.1
04-26 19:00:00.987 D/DrmProvider(19460): update notifyChange. count = 1
04-26 19:00:00.987 D/DrmProvider(19460):  @@@@@ Backup DRM database. - Enter.
04-26 19:00:01.057 D/AutoSetting(19304): receiver - intent: android.intent.action.TIME_SET
04-26 19:00:01.067 D/AutoSetting(19304): service - onStartCommand() action: com.htc.app.autosetting.requestlocationupdate
04-26 19:00:01.077 D/DrmProvider(19460):  @@@@@ Backup DRM database. - Leave.
04-26 19:00:01.087 I/DrmIntentService(19460): syncDrmClock: Update Stamp Complete.
04-26 19:00:01.087 I/DrmIntentService(19460): syncDrmClock: Close cursor.
04-26 19:00:01.117 D/DrmIntentService(19460): SYNC_CLOCK
04-26 19:00:01.117 D/dalvikvm(19608): GC_CONCURRENT freed 403K, 48% free 2946K/5639K, external 0K/0K, paused 19ms+3ms
04-26 19:00:01.127 D/AutoSetting(19304): service - onStartCommand() action: null
04-26 19:00:01.137 D/Clockd  ( 1381): update repeat alarm: 1, 1367209800
04-26 19:00:01.137 D/Clockd  ( 1381): update repeat alarm: 6, 1367036100
04-26 19:00:01.137 D/Clockd  ( 1381): update repeat alarm: 6, 1367043903
04-26 19:00:01.157 I/SleepModeTimeOrTimeZoneChangedReciever(19567): [PSaver] onReceiveandroid.intent.action.TIME_SET
04-26 19:00:01.157 I/SleepModeTimeOrTimeZoneChangedReciever(19567): mHTCWirelessSleepModeEnabled:true
04-26 19:00:01.157 I/SleepModeTimeOrTimeZoneChangedReciever(19567): mHTCWirelessSleepStartTimeSecond:0
04-26 19:00:01.157 I/SleepModeTimeOrTimeZoneChangedReciever(19567): mHTCWirelessSleepEndTimeSecond:0
04-26 19:00:01.167 I/SleepModeTimeOrTimeZoneChangedReciever(19567): iCurrentSecond:68400
04-26 19:00:01.177 D/AutoSetting(19304): service - mHandler: request location update
04-26 19:00:01.177 D/DrmIntentService(19460):  @@@@@ when it is magic number, we get (0)
04-26 19:00:01.217 I/DrmIntentService(19460): syncDrmClock: Update Stamp.
04-26 19:00:01.217 I/DrmProvider(19460): update(): old content id = null
04-26 19:00:01.227 V/NetworkProviderService( 1640): in addListener() = 10002
04-26 19:00:01.227 V/NetworkProviderService( 1640): The UID exist! > Not Add
04-26 19:00:01.237 D/NetworkProviderService( 1640): in setMinTime()
04-26 19:00:01.237 D/NetworkProviderService( 1640): in enableLocationTracking()-true
04-26 19:00:01.247 D/AutoSetting(19304): service - mHandler: update time
04-26 19:00:01.247 D/AutoSetting(19304): service - processTime() start time thread
04-26 19:00:01.257 I/SleepModeTimeOrTimeZoneChangedReciever(19567): SleepMode start at: 1366927200246
04-26 19:00:01.257 I/SleepModeTimeOrTimeZoneChangedReciever(19567): SleepMode end at: 1366927200246
04-26 19:00:01.277 D/DrmScannerReceiver(19460): android.intent.action.NETWORK_SET_TIME
04-26 19:00:01.277 D/DrmScannerReceiver(19460): Start to get TimeZone
04-26 19:00:01.277 D/DrmScannerReceiver(19460): Start to get TimeZone Offset
04-26 19:00:01.287 D/DrmScannerReceiver(19460): Start to get Current
04-26 19:00:01.287 D/DrmScannerReceiver(19460): Start to get elapsedRealtime
04-26 19:00:01.297 D/DrmScannerReceiver(19460): End of ACTION_NETWORK_SET_TIME
04-26 19:00:01.317 I/SleepModeTimeOrTimeZoneChangedReciever(19567): [PSaver] onReceivecom.android.systemui.statusbar.action.sleep_mode_start
04-26 19:00:01.317 I/SleepModeTimeOrTimeZoneChangedReciever(19567): mHTCWirelessSleepModeEnabled:true
04-26 19:00:01.317 I/SleepModeTimeOrTimeZoneChangedReciever(19567): mHTCWirelessSleepStartTimeSecond:0
04-26 19:00:01.317 I/SleepModeTimeOrTimeZoneChangedReciever(19567): mHTCWirelessSleepEndTimeSecond:0
04-26 19:00:01.327 I/SleepModeTimeOrTimeZoneChangedReciever(19567): iCurrentSecond:68400
04-26 19:00:01.337 I/SleepModeTimeOrTimeZoneChangedReciever(19567): [PSaver] onReceivecom.android.systemui.statusbar.action.sleep_mode_end
04-26 19:00:01.337 I/SleepModeTimeOrTimeZoneChangedReciever(19567): mHTCWirelessSleepModeEnabled:true
04-26 19:00:01.337 I/SleepModeTimeOrTimeZoneChangedReciever(19567): mHTCWirelessSleepStartTimeSecond:0
04-26 19:00:01.337 I/SleepModeTimeOrTimeZoneChangedReciever(19567): mHTCWirelessSleepEndTimeSecond:0
04-26 19:00:01.347 I/SleepModeTimeOrTimeZoneChangedReciever(19567): iCurrentSecond:68400
04-26 19:00:01.357 D/AutoSetting(19304): receiver - intent: android.intent.action.NETWORK_SET_TIME
04-26 19:00:01.367 D/DrmProvider(19460): update notifyChange. count = 1
04-26 19:00:01.377 D/DrmProvider(19460):  @@@@@ Backup DRM database. - Enter.
04-26 19:00:01.377 D/AutoSetting(19304): service - onStartCommand() action: com.htc.app.autosetting.requestlocationupdate
04-26 19:00:01.387 D/AutoSetting(19304): service - mHandler: update time
04-26 19:00:01.397 D/AutoSetting(19304): service - processTime() time thread is running
04-26 19:00:01.427 D/DrmProvider(19460):  @@@@@ Backup DRM database. - Leave.
04-26 19:00:01.437 I/DrmIntentService(19460): syncDrmClock: Update Stamp Complete.
04-26 19:00:01.437 I/DrmIntentService(19460): syncDrmClock: Close cursor.
04-26 19:00:01.437 D/DrmIntentService(19460): SYNC_CLOCK
04-26 19:00:01.447 D/DrmIntentService(19460):  @@@@@ no magic number.
04-26 19:00:01.447 I/DrmIntentService(19460): syncDrmClock: Update Stamp.
04-26 19:00:01.457 I/AudioService( 1485):  AudioFocus  abandonAudioFocus() from android.media.AudioManager@40526448
04-26 19:00:01.467 I/DrmProvider(19460): update(): old content id = null
04-26 19:00:01.477 D/DrmProvider(19460): update notifyChange. count = 1
04-26 19:00:01.477 D/DrmProvider(19460):  @@@@@ Backup DRM database. - Enter.
04-26 19:00:01.477 D/NetworkProviderService( 1640): Get data from Mapbar - onLocationChanged location:Location[mProvider=network,mTime=1366995555713,mLatitude=55.76163,mLongitude=12.52755,mHasAltitude=false,mAltitude=0.0,mHasSpeed=false,mSpeed=0.0,mHasBearing=false,mBearing=0.0,mHasAccuracy=true,mAccuracy=84.0,mExtras=Bundle[{address=, city=}]]
04-26 19:00:01.487 D/NetworkProviderService( 1640): 2-reportLocation() to location manager-1
04-26 19:00:01.487 D/GpsLocationProvider( 1485): [handleMessage] message :7
04-26 19:00:01.487 D/GpsLocationProvider( 1485): [handleMessage] UPDATE_LOCATION
04-26 19:00:01.497 D/GpsLocationProvider( 1485): handleUpdateLocation
04-26 19:00:01.497 D/lib_locapi( 1485): loc_eng_inject_location, accuracy = 84.0
04-26 19:00:01.497 D/Clockd  ( 1381): Accept connection from 127.0.0.1
04-26 19:00:01.517 D/NetworkProviderService( 1640): in getStatusUpdateTime()
04-26 19:00:01.517 D/NetworkProviderService( 1640): in getStatus():2
04-26 19:00:01.527 D/DrmProvider(19460):  @@@@@ Backup DRM database. - Leave.
04-26 19:00:01.527 I/DrmIntentService(19460): syncDrmClock: Update Stamp Complete.
04-26 19:00:01.527 I/DrmIntentService(19460): syncDrmClock: Close cursor.
04-26 19:00:01.547 D/Clockd  ( 1381): update repeat alarm: 1, 1367209800
04-26 19:00:01.547 D/Clockd  ( 1381): update repeat alarm: 6, 1367036100
04-26 19:00:01.547 D/Clockd  ( 1381): update repeat alarm: 6, 1367043903
04-26 19:00:01.828 D/AutoSetting(19304): TimeThread get time from server(nist1-lv.ustiming.org): Thu Jan 01 01:00:00 GMT+01:00 1970 (0)
04-26 19:00:01.828 D/AutoSetting(19304): TimeThread convert time is incorrect
04-26 19:00:05.331 I/CalendarProvider2(19304): There are 2 request for no remove reschedule!
04-26 19:00:05.561 D/IMCOM-FORENSICS(19779): Upload manager created
04-26 19:00:05.581 V/CalendarProvider2(19304): set Alarm # 2013/4/27 17:2:5
04-26 19:00:05.621 I/CalendarProvider2(19304): thread : 1, runScheduleNextAlarm() take ms:228
04-26 19:00:06.292 I/CarouselTimeLog(19437): onStart() finish: 1366995606306
04-26 19:00:06.312 D/CarouselDummyActivity(19437): CarouselDummyActivity.onResume: tab_allapps
04-26 19:00:06.312 D/Background traffic light(19437): traffic light: RED, mBackgroundTrafficLight = true
04-26 19:00:06.352 D/William (19437): - refreshUsageStatCache -
04-26 19:00:06.372 D/EASAppSvc( 2268): [ NA ]setPause(com.htc.launcher)
04-26 19:00:06.412 D/SurfaceFlinger( 1485): [DISP] attachLayer 0x807af8 3 0x5c1af8
04-26 19:00:06.772 W/IInputConnectionWrapper(19245): showStatusIcon on inactive InputConnection
04-26 19:00:06.772 W/IInputConnectionWrapper(19245): InputConnection = com.android.internal.widget.EditableInputConnection@4053f600, active client = false
04-26 19:00:07.043 D/SurfaceFlinger( 1485): [DISP] getLayerUser 0x475508 2
04-26 19:00:07.043 D/SurfaceFlinger( 1485): [DISP] purgatorizeLayer_l 0x853598 4
04-26 19:00:08.604 D/DEBUG   (19437): updateCellLayoutCache(3.5555556, 3.5607476)
04-26 19:00:08.944 D/IMCOM-FORENSICS(19779): gathering log: main
04-26 19:00:08.944 D/IMCOM-FORENSICS(19779): done garhering log: main in file: /mnt/sdcard/Android/data/imcom.forensics/files/upload_buffer_main
04-26 19:00:08.954 D/IMCOM-FORENSICS(19779): gathering log: system
04-26 19:00:08.954 D/IMCOM-FORENSICS(19779): done garhering log: system in file: /mnt/sdcard/Android/data/imcom.forensics/files/upload_buffer_system
04-26 19:00:08.954 D/IMCOM-FORENSICS(19779): gathering log: events
04-26 19:00:08.954 D/IMCOM-FORENSICS(19779): done garhering log: events in file: /mnt/sdcard/Android/data/imcom.forensics/files/upload_buffer_events
04-26 19:00:08.964 D/IMCOM-FORENSICS(19779): gathering log: radio
04-26 19:00:08.964 D/IMCOM-FORENSICS(19779): done garhering log: radio in file: /mnt/sdcard/Android/data/imcom.forensics/files/upload_buffer_radio
04-26 19:00:08.984 D/su      (19789): Found file
04-26 19:00:08.984 D/su      (19789): this is the last character 101 of the string
04-26 19:00:08.984 D/su      (19789): Comparing s /system/bin/sh, 14 to /system/bin/sh
04-26 19:00:09.355 D/AndroidRuntime(19796): 
04-26 19:00:09.355 D/AndroidRuntime(19796): >>>>>> AndroidRuntime START com.android.internal.os.RuntimeInit <<<<<<
04-26 19:00:09.355 D/AndroidRuntime(19796): CheckJNI is OFF
04-26 19:00:09.365 D/dalvikvm(19796): creating instr width table
04-26 19:00:09.815 D/AndroidRuntime(19796): Calling main entry com.android.commands.am.Am
04-26 19:00:10.156 I/ActivityThread(19804): Pub com.noshufou.android.su.provider: com.noshufou.android.su.provider.PermissionsProvider
04-26 19:00:10.946 D/AndroidRuntime(19796): Shutting down VM
04-26 19:00:10.946 I/AndroidRuntime(19796): NOTE: attach of thread 'Binder Thread #3' failed
04-26 19:00:10.956 D/dalvikvm(19796): GC_CONCURRENT freed 105K, 65% free 360K/1024K, external 0K/0K, paused 0ms+5ms
04-26 19:00:10.976 D/jdwp    (19796): Got wake-up signal, bailing out of select
04-26 19:00:10.976 D/dalvikvm(19796): Debugger has detached; object registry had 1 entries
04-26 19:00:11.237 D/su      (19789): 10077 imcom.forensics:uploader executing 0 /system/bin/sh using shell /system/bin/sh : sh
04-26 19:00:11.377 D/Database(19804): dbopen(): path = /data/data/com.noshufou.android.su/databases/su.db, flag = 6, file size = 12288
04-26 19:00:11.517 I/Database(19804): sqlite returned: error code = 0, msg = Recovered 12 frames from WAL file /data/data/com.noshufou.android.su/databases/su.db-wal
04-26 19:00:11.517 D/Database(19804): dbopen(): path = /data/data/com.noshufou.android.su/databases/su.db, mode: wal, disk free size: 710 M, handle: 0x35c5a0
04-26 19:00:11.767 D/AndroidRuntime(19815): 
04-26 19:00:11.767 D/AndroidRuntime(19815): >>>>>> AndroidRuntime START com.android.internal.os.RuntimeInit <<<<<<
04-26 19:00:11.767 D/AndroidRuntime(19815): CheckJNI is OFF
04-26 19:00:11.767 D/dalvikvm(19815): creating instr width table
04-26 19:00:12.027 D/AutoSetting(19304): TimeThread catch: null
04-26 19:00:12.438 D/SurfaceFlinger( 1485): [DISP] attachLayer 0x500738 1 0x389410
04-26 19:00:12.438 D/SurfaceFlinger( 1485): [DISP] removeAbnormalLayer
04-26 19:00:12.438 D/SurfaceFlinger( 1485): [DISP] layer 0x853598(Layer, 19245) 1 0
04-26 19:00:12.608 D/AndroidRuntime(19815): Calling main entry com.android.commands.pm.Pm
04-26 19:00:12.628 D/AndroidRuntime(19815): Shutting down VM
04-26 19:00:12.638 D/dalvikvm(19815): GC_CONCURRENT freed 103K, 69% free 327K/1024K, external 0K/0K, paused 0ms+1ms
04-26 19:00:12.648 I/AndroidRuntime(19815): NOTE: attach of thread 'Binder Thread #3' failed
04-26 19:00:12.648 D/dalvikvm(19815): Debugger has detached; object registry had 1 entries
04-26 19:00:12.928 D/AndroidRuntime(19828): 
04-26 19:00:12.928 D/AndroidRuntime(19828): >>>>>> AndroidRuntime START com.android.internal.os.RuntimeInit <<<<<<
04-26 19:00:12.928 D/AndroidRuntime(19828): CheckJNI is OFF
04-26 19:00:12.928 D/dalvikvm(19828): creating instr width table
04-26 19:00:13.299 D/AndroidRuntime(19828): Calling main entry com.android.commands.am.Am
04-26 19:00:13.349 V/HtcAppUsageStats( 1485): handleMessage msg=1
04-26 19:00:13.359 V/HtcAppUsageStats( 1485): (launch app, package): (Android Timeline Forensic, imcom.forensics)
04-26 19:00:13.359 D/AndroidRuntime(19828): Shutting down VM
04-26 19:00:13.379 D/SurfaceFlinger( 1485): [DISP] attachLayer 0x534598 68 0xa71848
04-26 19:00:13.379 I/AndroidRuntime(19828): NOTE: attach of thread 'Binder Thread #3' failed
04-26 19:00:13.399 D/dalvikvm(19828): GC_CONCURRENT freed 104K, 66% free 355K/1024K, external 0K/0K, paused 0ms+1ms
04-26 19:00:13.419 D/jdwp    (19828): Got wake-up signal, bailing out of select
04-26 19:00:13.419 D/dalvikvm(19828): Debugger has detached; object registry had 1 entries
04-26 19:00:13.469 D/PhoneWindow(19437): couldn't save which view has focus because the focused view com.android.internal.policy.impl.PhoneWindow$DecorView@405b5348 has no id.
04-26 19:00:13.469 D/Background traffic light(19437): traffic light: GREEN, mBackgroundTrafficLight = false
04-26 19:00:13.529 D/EASAppSvc( 2268): [ NA ]setResume(com.htc.launcher)
04-26 19:00:13.619 D/SurfaceFlinger( 1485): [DISP] attachLayer 0x475508 3 0xa875e8
04-26 19:00:13.699 I/ActivityManager( 1485): Displayed imcom.forensics/.MainActivity: +180ms
04-26 19:00:13.729 D/SurfaceFlinger( 1485): [DISP] getLayerUser 0x534598 68
04-26 19:00:13.729 D/SurfaceFlinger( 1485): [DISP] purgatorizeLayer_l 0xa71848 5
04-26 19:00:13.789 D/dalvikvm(19779): GC_FOR_MALLOC freed 262K, 48% free 2953K/5575K, external 0K/0K, paused 44ms
04-26 19:00:13.789 W/dalvikvm(19437): disableGcForExternalAlloc: false
