04-26 18:35:07.536 D/dalvikvm(17973): GC_FOR_MALLOC freed 258K, 47% free 3322K/6215K, external 0K/0K, paused 18ms
04-26 18:35:07.576 D/dalvikvm(17973): GC_FOR_MALLOC freed 231K, 46% free 3392K/6215K, external 0K/0K, paused 17ms
04-26 18:35:07.576 I/dalvikvm-heap(17973): Grow heap (frag case) to 5.867MB for 323830-byte allocation
04-26 18:35:07.606 D/dalvikvm(17973): GC_FOR_MALLOC freed 0K, 44% free 3709K/6535K, external 0K/0K, paused 17ms
04-26 18:35:07.656 D/dalvikvm(17973): GC_FOR_MALLOC freed 345K, 47% free 3498K/6535K, external 0K/0K, paused 20ms
04-26 18:35:07.656 I/dalvikvm-heap(17973): Grow heap (frag case) to 6.124MB for 485740-byte allocation
04-26 18:35:07.686 D/dalvikvm(17973): GC_FOR_MALLOC freed 0K, 44% free 3972K/7047K, external 0K/0K, paused 17ms
04-26 18:35:07.776 D/dalvikvm(17973): GC_CONCURRENT freed 482K, 48% free 3667K/7047K, external 0K/0K, paused 2ms+2ms
04-26 18:35:07.796 D/dalvikvm(17973): GC_FOR_MALLOC freed 36K, 49% free 3656K/7047K, external 0K/0K, paused 21ms
04-26 18:35:07.806 I/dalvikvm-heap(17973): Grow heap (frag case) to 6.510MB for 728606-byte allocation
04-26 18:35:07.836 D/dalvikvm(17973): GC_FOR_MALLOC freed 0K, 45% free 4367K/7815K, external 0K/0K, paused 18ms
04-26 18:35:07.926 D/dalvikvm(17973): GC_CONCURRENT freed 621K, 50% free 3965K/7815K, external 0K/0K, paused 2ms+2ms
04-26 18:35:07.956 D/dalvikvm(17973): GC_FOR_MALLOC freed 156K, 51% free 3893K/7815K, external 0K/0K, paused 18ms
04-26 18:35:07.966 I/dalvikvm-heap(17973): Grow heap (frag case) to 7.088MB for 1092904-byte allocation
04-26 18:35:07.996 D/dalvikvm(17973): GC_FOR_MALLOC freed 0K, 45% free 4960K/8903K, external 0K/0K, paused 17ms
04-26 18:35:08.006 E/SIZE    (17973): 365296
04-26 18:35:08.036 D/dalvikvm(17973): GC_CONCURRENT freed 714K, 53% free 4249K/8903K, external 0K/0K, paused 2ms+2ms
04-26 18:35:08.066 D/dalvikvm(17973): GC_FOR_MALLOC freed <1K, 53% free 4249K/8903K, external 0K/0K, paused 21ms
04-26 18:35:08.066 I/dalvikvm-heap(17973): Grow heap (frag case) to 7.090MB for 730608-byte allocation
04-26 18:35:08.096 D/dalvikvm(17973): GC_FOR_MALLOC freed 0K, 45% free 4962K/8903K, external 0K/0K, paused 18ms
04-26 18:35:08.186 D/dalvikvm(17973): GC_CONCURRENT freed 1504K, 55% free 4042K/8903K, external 0K/0K, paused 2ms+2ms
04-26 18:35:08.186 E/SIZE    (17973): 71837
04-26 18:35:08.196 D/IMCOM-FORENSICS(17973): Started uploading logs
04-26 18:35:08.246 D/dalvikvm(17973): GC_CONCURRENT freed 400K, 54% free 4154K/8903K, external 0K/0K, paused 2ms+2ms
04-26 18:35:08.486 D/dalvikvm(17973): GC_FOR_MALLOC freed 302K, 54% free 4153K/8903K, external 0K/0K, paused 21ms
04-26 18:35:08.577 D/dalvikvm(17973): GC_CONCURRENT freed 213K, 51% free 4399K/8903K, external 0K/0K, paused 2ms+2ms
04-26 18:35:08.717 D/dalvikvm(17973): GC_CONCURRENT freed 483K, 51% free 4370K/8903K, external 0K/0K, paused 2ms+2ms
04-26 18:35:08.787 D/SurfaceFlinger( 1485): [DISP] getLayerUser 0x576e08 4
04-26 18:35:08.787 D/SurfaceFlinger( 1485): [DISP] purgatorizeLayer_l 0x84f938 4
04-26 18:35:08.797 D/SurfaceFlinger( 1485): [DISP] detachLayer 0x576e08 0x84f938
04-26 18:35:08.797 D/SurfaceFlinger( 1485): [DISP] remove 0x84f938 3
04-26 18:35:08.797 D/SurfaceFlinger( 1485): [DISP]~LayerBaseClient 0x84f938
04-26 18:35:08.967 D/dalvikvm(17973): GC_FOR_MALLOC freed 293K, 52% free 4351K/8903K, external 0K/0K, paused 21ms
04-26 18:35:09.017 D/dalvikvm(17973): GC_FOR_MALLOC freed 262K, 51% free 4433K/8903K, external 0K/0K, paused 18ms
04-26 18:35:09.067 D/dalvikvm(17973): GC_CONCURRENT freed 246K, 48% free 4652K/8903K, external 0K/0K, paused 2ms+2ms
04-26 18:35:09.087 D/dalvikvm(17973): GC_FOR_MALLOC freed 640K, 51% free 4404K/8903K, external 0K/0K, paused 21ms
04-26 18:35:09.087 I/dalvikvm-heap(17973): Grow heap (frag case) to 7.243MB for 730640-byte allocation
04-26 18:35:09.117 D/dalvikvm(17973): GC_FOR_MALLOC freed 0K, 43% free 5118K/8903K, external 0K/0K, paused 18ms
04-26 18:35:09.227 D/dalvikvm(17973): GC_CONCURRENT freed 95K, 43% free 5134K/8903K, external 0K/0K, paused 2ms+3ms
04-26 18:35:09.568 D/dalvikvm(17973): GC_CONCURRENT freed 752K, 43% free 5134K/8903K, external 0K/0K, paused 2ms+3ms
04-26 18:35:09.858 D/dalvikvm(17973): GC_CONCURRENT freed 724K, 43% free 5153K/8903K, external 0K/0K, paused 2ms+3ms
04-26 18:35:09.878 D/dalvikvm(17973): GC_FOR_MALLOC freed 34K, 43% free 5118K/8903K, external 0K/0K, paused 21ms
04-26 18:35:09.888 I/dalvikvm-heap(17973): Grow heap (frag case) to 8.288MB for 1095956-byte allocation
04-26 18:35:09.918 D/dalvikvm(17973): GC_FOR_MALLOC freed 0K, 39% free 6188K/9991K, external 0K/0K, paused 17ms
04-26 18:35:09.988 D/dalvikvm(17973): GC_CONCURRENT freed 819K, 46% free 5475K/9991K, external 0K/0K, paused 2ms+2ms
04-26 18:35:10.018 D/NetworkProviderService( 1640): Get data from Mapbar - onLocationChanged location:Location[mProvider=network,mTime=1366993628639,mLatitude=55.76163,mLongitude=12.52755,mHasAltitude=false,mAltitude=0.0,mHasSpeed=false,mSpeed=0.0,mHasBearing=false,mBearing=0.0,mHasAccuracy=true,mAccuracy=84.0,mExtras=Bundle[{address=, city=}]]
04-26 18:35:10.018 D/NetworkProviderService( 1640): 2-reportLocation() to location manager-1
04-26 18:35:10.028 D/GpsLocationProvider( 1485): [handleMessage] message :7
04-26 18:35:10.028 D/GpsLocationProvider( 1485): [handleMessage] UPDATE_LOCATION
04-26 18:35:10.028 D/GpsLocationProvider( 1485): handleUpdateLocation
04-26 18:35:10.028 D/lib_locapi( 1485): loc_eng_inject_location, accuracy = 84.0
04-26 18:35:10.058 D/NetworkProviderService( 1640): in getStatusUpdateTime()
04-26 18:35:10.058 D/NetworkProviderService( 1640): in getStatus():2
04-26 18:35:10.128 D/dalvikvm(17973): GC_FOR_MALLOC freed 284K, 46% free 5475K/9991K, external 0K/0K, paused 20ms
04-26 18:35:10.128 I/dalvikvm-heap(17973): Grow heap (frag case) to 8.458MB for 909508-byte allocation
04-26 18:35:10.168 D/dalvikvm(17973): GC_FOR_MALLOC freed 0K, 42% free 6363K/10887K, external 0K/0K, paused 21ms
04-26 18:35:10.208 D/dalvikvm(17973): GC_CONCURRENT freed 1070K, 52% free 5293K/10887K, external 0K/0K, paused 2ms+2ms
04-26 18:35:10.228 D/dalvikvm(17973): GC_FOR_MALLOC freed <1K, 52% free 5293K/10887K, external 0K/0K, paused 20ms
04-26 18:35:10.228 I/dalvikvm-heap(17973): Grow heap (frag case) to 8.651MB for 1297304-byte allocation
04-26 18:35:10.258 D/dalvikvm(17973): GC_FOR_MALLOC freed 0K, 40% free 6560K/10887K, external 0K/0K, paused 18ms
04-26 18:35:10.358 D/dalvikvm(17973): GC_CONCURRENT freed 1375K, 51% free 5431K/10887K, external 0K/0K, paused 3ms+3ms
04-26 18:35:10.548 D/dalvikvm(17973): GC_CONCURRENT freed 548K, 48% free 5675K/10887K, external 0K/0K, paused 2ms+2ms
04-26 18:35:10.568 D/dalvikvm(17973): GC_FOR_MALLOC freed 210K, 50% free 5465K/10887K, external 0K/0K, paused 20ms
04-26 18:35:10.568 I/dalvikvm-heap(17973): Grow heap (frag case) to 9.437MB for 1945952-byte allocation
04-26 18:35:10.599 D/dalvikvm(17973): GC_FOR_MALLOC freed 0K, 43% free 7365K/12807K, external 0K/0K, paused 17ms
04-26 18:35:10.669 D/dalvikvm(17973): GC_CONCURRENT freed 1453K, 43% free 7365K/12807K, external 0K/0K, paused 2ms+7ms
04-26 18:35:11.329 D/IMCOM-FORENSICS(17973): uploading succeeded
04-26 18:35:11.479 D/cy      (16499):  AwaitNano Finished 3
04-26 18:35:11.489 I/cy      (16499): cg@40562580
04-26 18:35:11.499 D/cy      (16499):  Take-> cg@40562580 has delay: 239989
04-26 18:35:11.499 D/dg      (16499): CurTask : cg@40562580
04-26 18:35:11.509 I/TaskService(16499): Processor InitTask: cg@1079387520
04-26 18:35:11.509 D/cg      (16499): Task Run->cg@1079387520 Thread Opreator: taskService-processor
04-26 18:35:11.509 D/GexinSdk(16499): heart beat send : 1366994111522
04-26 18:35:11.519 I/dw      (16499): CPU ON + AlarmReceiver:-> cTime; Apr 26, 2013 6:35:11 PM
04-26 18:35:11.529 I/dw      (16499): WakeLock Time:->1366994111537
04-26 18:35:11.529 D/dg      (16499): processorDo interrupt
04-26 18:35:11.539 D/ct      (16499): SetDelay->ct@1080151880 Thread Opreator: taskService-processor The holder: null
04-26 18:35:11.539 D/ct      (16499): ct@1080151880 doTime-> 0 toDelay: 0
04-26 18:35:11.539 D/cy      (16499): Offer Lock! ct@1080151880
04-26 18:35:11.549 W/cy      (16499): Offer Complete: first; true-
04-26 18:35:11.549 D/cg      (16499): SetDelay->cg@1079387520 Thread Opreator: taskService-processor The holder: Thread[taskService-processor,5,main]
04-26 18:35:11.559 D/cg      (16499): cg@1079387520 doTime-> 1366994351563 toDelay: 240
04-26 18:35:11.559 D/cy      (16499): Offer Lock! cg@1079387520
04-26 18:35:11.559 W/cy      (16499): Offer Complete: first; false -- 1
04-26 18:35:11.569 D/dg      (16499): Take task interrupted!
04-26 18:35:11.569 D/cy      (16499): Take Lock
04-26 18:35:11.579 I/cy      (16499): ct@4061cf48
04-26 18:35:11.579 D/cy      (16499):  Take-> ct@4061cf48 has delay: 0
04-26 18:35:11.589 D/dg      (16499): CurTask : ct@4061cf48
04-26 18:35:11.589 I/ct      (16499): toInit->ct@4061cf48
04-26 18:35:11.589 I/TaskService(16499): Processor InitTask: ct@1080151880
04-26 18:35:11.589 D/ct      (16499): toWriteel@4057e028
04-26 18:35:11.599 D/ct      (16499): Task Run->ct@1080151880 Thread Opreator: taskService-processor
04-26 18:35:11.599 D/cr      (16499): Selector WakeUp
04-26 18:35:11.599 I/cr      (16499): Select Result[0]/ Duration-> 240108
04-26 18:35:11.610 D/cr      (16499): timeTasks iterate
04-26 18:35:11.610 I/cr      (16499): receive data->true | isTimeOut->false
04-26 18:35:11.610 D/cr      (16499): TimeTasks to remove->SocketTask@1079427200
04-26 18:35:11.610 D/cr      (16499): isTimeOut:->false
04-26 18:35:11.620 D/cr      (16499): Task Run->cr@1079395712 Thread Opreator: TaskService-pool-2@cr#-2047@cr#-2047
04-26 18:35:11.620 D/cq      (16499): toWrite Key -> SelectionKey.OP_WRITE||SelectionKey.OP_READ|
04-26 18:35:11.620 I/cr      (16499): Select(0)
04-26 18:35:11.630 I/cr      (16499): Selector before [select(arg)]-> :1079529344
04-26 18:35:11.630 I/cr      (16499): Select Result[1]/ Duration-> 3
04-26 18:35:11.630 I/cr      (16499): Socket ??????
04-26 18:35:11.640 I/cr      (16499): ???????--el@4057e028
04-26 18:35:11.640 D/cr      (16499): toHasWriteKey-> true
04-26 18:35:11.640 D/cy      (16499): Take Lock
04-26 18:35:11.650 D/cy      (16499): cg@1079387520 AwaitSeconds-> 239
04-26 18:35:11.650 D/cq      (16499): toWrite Key -> |SelectionKey.OP_READ|
04-26 18:35:11.660 D/cr      (16499): Task Run->cr@1079395712 Thread Opreator: TaskService-pool-2@cr#-2047@cr#-2047
04-26 18:35:11.660 I/cr      (16499): Select(15000)
04-26 18:35:11.670 I/cr      (16499): Selector before [select(arg)]-> :1079529344
04-26 18:35:11.670 I/dw      (16499): WakeLock Time:->1366994111679
04-26 18:35:11.670 D/dw      (16499): setAlarmTime:-> 1366994351563 Calendar:Apr 26, 2013 6:39:11 PM sender:PendingIntent{4055bf30: android.os.BinderProxy@4055bee8}
04-26 18:35:11.680 I/dw      (16499): WakeLock Keep Time:->8
04-26 18:35:11.790 D/skia    (17483): purging 74K from font cache [6 entries]
04-26 18:35:11.890 D/dalvikvm(17483): GC_EXPLICIT freed 61K, 42% free 4110K/6983K, external 17268K/19316K, paused 96ms
04-26 18:35:12.250 I/dw      (16499): WakeLock Keep Time:->582
04-26 18:35:12.260 I/cr      (16499): Select Result[1]/ Duration-> 588
04-26 18:35:12.270 D/cr      (16499): Read;
04-26 18:35:12.270 I/dg      (16499): el@1079059976
04-26 18:35:12.290 D/dg      (16499): processorDo interrupt
04-26 18:35:12.290 D/dg      (16499): Take task interrupted!
04-26 18:35:12.300 D/GexinSdk(16499): {XXX} receive class : class el
04-26 18:35:12.310 D/cg      (16499): SetDelay->cg@1079387520 Thread Opreator: taskService-processor The holder: Thread[taskService-processor,5,main]
04-26 18:35:12.310 D/cy      (16499): SetDelay->cg@1079387520 toDelay: 240
04-26 18:35:12.310 D/cy      (16499): Offer Lock! cg@1079387520
04-26 18:35:12.310 W/cy      (16499): Offer Complete: first; true-
04-26 18:35:12.320 D/cg      (16499): cg@1079387520 doTime-> 1366994352318 toDelay: 240
04-26 18:35:12.320 D/GexinSdk(16499): received heartbeat.
04-26 18:35:12.330 D/cr      (16499): Read 0 / ??????~
04-26 18:35:12.330 D/cr      (16499): Task Run->cr@1079395712 Thread Opreator: TaskService-pool-2@cr#-2047@cr#-2047
04-26 18:35:12.330 I/System.out(16499): ioHandle has been processed by defaultNotifyAction!
04-26 18:35:12.340 I/cr      (16499): Select(0)
04-26 18:35:12.340 D/GexinSdk(16499): actionList.size : 0
04-26 18:35:12.340 D/cy      (16499): Take Lock
04-26 18:35:12.340 I/cr      (16499): Selector before [select(arg)]-> :1079529344
04-26 18:35:12.350 D/cy      (16499): cg@1079387520 AwaitSeconds-> 239
04-26 18:35:12.350 D/dw      (16499): setAlarmTime:-> 1366994352318 Calendar:Apr 26, 2013 6:39:12 PM sender:PendingIntent{4055bf30: android.os.BinderProxy@4055bee8}
04-26 18:35:12.360 I/dw      (16499): WakeLock Keep Time:->688
04-26 18:35:12.871 D/dalvikvm( 1624): GC_CONCURRENT freed 385K, 76% free 3478K/14023K, external 0K/0K, paused 12ms+3ms
04-26 18:35:16.604 D/dalvikvm(16499): GC_EXPLICIT freed 224K, 51% free 3497K/7047K, external 0K/0K, paused 34ms
04-26 18:35:18.887 D/SurfaceFlinger( 1485): iFBthreadLoopChkPoint = 1
04-26 18:35:21.669 D/dalvikvm(17483): GC_EXPLICIT freed <1K, 42% free 4109K/6983K, external 17268K/19316K, paused 89ms
04-26 18:35:25.043 D/NetworkProviderService( 1640): Get data from Mapbar - onLocationChanged location:Location[mProvider=network,mTime=1366993628639,mLatitude=55.76163,mLongitude=12.52755,mHasAltitude=false,mAltitude=0.0,mHasSpeed=false,mSpeed=0.0,mHasBearing=false,mBearing=0.0,mHasAccuracy=true,mAccuracy=84.0,mExtras=Bundle[{address=, city=}]]
04-26 18:35:25.043 D/NetworkProviderService( 1640): 2-reportLocation() to location manager-1
04-26 18:35:25.063 D/GpsLocationProvider( 1485): [handleMessage] message :7
04-26 18:35:25.063 D/GpsLocationProvider( 1485): [handleMessage] UPDATE_LOCATION
04-26 18:35:25.073 D/GpsLocationProvider( 1485): handleUpdateLocation
04-26 18:35:25.083 D/lib_locapi( 1485): loc_eng_inject_location, accuracy = 84.0
04-26 18:35:25.093 D/NetworkProviderService( 1640): in getStatusUpdateTime()
04-26 18:35:25.103 D/NetworkProviderService( 1640): in getStatus():2
04-26 18:35:26.034 I/Process ( 1485): Sending signal. PID: 17973 SIG: 3
04-26 18:35:26.034 I/dalvikvm(17973): threadid=4: reacting to signal 3
04-26 18:35:26.044 I/dalvikvm(17973): Wrote stack traces to '/data/anr/traces.txt'
04-26 18:35:26.044 I/Process ( 1485): Sending signal. PID: 1485 SIG: 3
04-26 18:35:26.044 I/dalvikvm( 1485): threadid=4: reacting to signal 3
04-26 18:35:26.064 I/dalvikvm( 1485): Wrote stack traces to '/data/anr/traces.txt'
04-26 18:35:26.064 I/Process ( 1485): Sending signal. PID: 1603 SIG: 3
04-26 18:35:26.064 I/dalvikvm( 1603): threadid=4: reacting to signal 3
04-26 18:35:26.074 I/dalvikvm( 1603): Wrote stack traces to '/data/anr/traces.txt'
04-26 18:35:26.084 I/Process ( 1485): Sending signal. PID: 1601 SIG: 3
04-26 18:35:26.084 I/dalvikvm( 1601): threadid=4: reacting to signal 3
04-26 18:35:26.084 I/dalvikvm( 1601): Wrote stack traces to '/data/anr/traces.txt'
04-26 18:35:26.094 I/Process ( 1485): Sending signal. PID: 1570 SIG: 3
04-26 18:35:26.094 I/dalvikvm( 1570): threadid=4: reacting to signal 3
04-26 18:35:26.094 I/dalvikvm( 1570): Wrote stack traces to '/data/anr/traces.txt'
04-26 18:35:26.384 D/dalvikvm( 1485): GC_EXPLICIT freed 975K, 50% free 8292K/16519K, external 4073K/4557K, paused 103ms
04-26 18:35:26.995 I/Process ( 1485): Sending signal. PID: 17483 SIG: 3
04-26 18:35:27.005 I/dalvikvm(17483): threadid=4: reacting to signal 3
04-26 18:35:27.025 I/dalvikvm(17483): Wrote stack traces to '/data/anr/traces.txt'
04-26 18:35:27.025 I/Process ( 1485): Sending signal. PID: 17955 SIG: 3
04-26 18:35:27.025 I/dalvikvm(17955): threadid=4: reacting to signal 3
04-26 18:35:27.025 I/dalvikvm(17955): Wrote stack traces to '/data/anr/traces.txt'
04-26 18:35:27.125 D/Process ( 1485): killProcess, pid=17973
04-26 18:35:27.135 D/Process ( 1485): dalvik.system.VMStack.getThreadStackTrace(Native Method)
04-26 18:35:27.135 D/Process ( 1485): java.lang.Thread.getStackTrace(Thread.java:745)
04-26 18:35:27.135 D/Process ( 1485): android.os.Process.killProcess(Process.java:797)
04-26 18:35:27.135 D/Process ( 1485): com.android.server.am.ActivityManagerService.appNotResponding(ActivityManagerService.java:3576)
04-26 18:35:27.145 D/Process ( 1485): com.android.server.am.ActivityManagerService.serviceTimeout(ActivityManagerService.java:11371)
04-26 18:35:27.145 D/Process ( 1485): com.android.server.am.ActivityManagerService$2.handleMessage(ActivityManagerService.java:1224)
04-26 18:35:27.155 D/Process ( 1485): android.os.Handler.dispatchMessage(Handler.java:99)
04-26 18:35:27.155 D/Process ( 1485): android.os.Looper.loop(Looper.java:150)
04-26 18:35:27.155 D/Process ( 1485): com.android.server.am.ActivityManagerService$AThread.run(ActivityManagerService.java:1477)
04-26 18:35:27.155 I/Process ( 1485): Sending signal. PID: 17973 SIG: 9
04-26 18:35:27.205 D/dalvikvm(17630): GC_EXPLICIT freed 51K, 47% free 3006K/5639K, external 0K/0K, paused 30ms
04-26 18:35:30.328 D/SurfaceFlinger( 1485): [DISP] removeAbnormalLayer
04-26 18:35:40.067 D/NetworkProviderService( 1640): Get data from Mapbar - onLocationChanged location:Location[mProvider=network,mTime=1366993628639,mLatitude=55.76163,mLongitude=12.52755,mHasAltitude=false,mAltitude=0.0,mHasSpeed=false,mSpeed=0.0,mHasBearing=false,mBearing=0.0,mHasAccuracy=true,mAccuracy=84.0,mExtras=Bundle[{address=, city=}]]
04-26 18:35:40.067 D/NetworkProviderService( 1640): 2-reportLocation() to location manager-1
04-26 18:35:40.077 D/GpsLocationProvider( 1485): [handleMessage] message :7
04-26 18:35:40.077 D/GpsLocationProvider( 1485): [handleMessage] UPDATE_LOCATION
04-26 18:35:40.087 D/GpsLocationProvider( 1485): handleUpdateLocation
04-26 18:35:40.097 D/lib_locapi( 1485): loc_eng_inject_location, accuracy = 84.0
04-26 18:35:40.117 D/NetworkProviderService( 1640): in getStatusUpdateTime()
04-26 18:35:40.117 D/NetworkProviderService( 1640): in getStatus():2
04-26 18:35:44.201 D/dalvikvm(17212): GC_CONCURRENT freed 457K, 44% free 3699K/6535K, external 0K/0K, paused 6ms+3ms
04-26 18:35:48.886 D/SurfaceFlinger( 1485): iFBthreadLoopChkPoint = 1
04-26 18:35:55.082 D/NetworkProviderService( 1640): Get data from Mapbar - onLocationChanged location:Location[mProvider=network,mTime=1366993628639,mLatitude=55.76163,mLongitude=12.52755,mHasAltitude=false,mAltitude=0.0,mHasSpeed=false,mSpeed=0.0,mHasBearing=false,mBearing=0.0,mHasAccuracy=true,mAccuracy=84.0,mExtras=Bundle[{address=, city=}]]
04-26 18:35:55.082 D/NetworkProviderService( 1640): 2-reportLocation() to location manager-1
04-26 18:35:55.102 D/GpsLocationProvider( 1485): [handleMessage] message :7
04-26 18:35:55.102 D/GpsLocationProvider( 1485): [handleMessage] UPDATE_LOCATION
04-26 18:35:55.112 D/GpsLocationProvider( 1485): handleUpdateLocation
04-26 18:35:55.112 D/lib_locapi( 1485): loc_eng_inject_location, accuracy = 84.0
04-26 18:35:55.132 D/NetworkProviderService( 1640): in getStatusUpdateTime()
04-26 18:35:55.142 D/NetworkProviderService( 1640): in getStatus():2
04-26 18:36:00.607 D/SurfaceFlinger( 1485): [DISP] removeAbnormalLayer
04-26 18:36:09.746 D/dalvikvm(18051): Debugger has detached; object registry had 1 entries
04-26 18:36:09.766 D/IMCOM-FORENSICS(18051): Upload manager created
04-26 18:36:09.776 D/IMCOM-FORENSICS(18051): gathering log: main
04-26 18:36:09.776 D/IMCOM-FORENSICS(18051): done garhering log: main in file: /mnt/sdcard/Android/data/imcom.forensics/files/upload_buffer_main
04-26 18:36:09.776 D/IMCOM-FORENSICS(18051): gathering log: system
04-26 18:36:09.786 D/IMCOM-FORENSICS(18051): done garhering log: system in file: /mnt/sdcard/Android/data/imcom.forensics/files/upload_buffer_system
04-26 18:36:09.786 D/IMCOM-FORENSICS(18051): gathering log: events
04-26 18:36:09.786 D/IMCOM-FORENSICS(18051): done garhering log: events in file: /mnt/sdcard/Android/data/imcom.forensics/files/upload_buffer_events
04-26 18:36:09.796 D/su      (18061): Found file
04-26 18:36:09.796 D/IMCOM-FORENSICS(18051): gathering log: radio
04-26 18:36:09.796 D/IMCOM-FORENSICS(18051): done garhering log: radio in file: /mnt/sdcard/Android/data/imcom.forensics/files/upload_buffer_radio
04-26 18:36:09.806 D/su      (18061): this is the last character 101 of the string
04-26 18:36:09.806 D/su      (18061): Comparing s /system/bin/sh, 14 to /system/bin/sh
04-26 18:36:09.936 D/AndroidRuntime(18063): 
04-26 18:36:09.936 D/AndroidRuntime(18063): >>>>>> AndroidRuntime START com.android.internal.os.RuntimeInit <<<<<<
04-26 18:36:09.936 D/AndroidRuntime(18063): CheckJNI is OFF
04-26 18:36:09.936 D/dalvikvm(18063): creating instr width table
04-26 18:36:10.087 D/NetworkProviderService( 1640): Get data from Mapbar - onLocationChanged location:Location[mProvider=network,mTime=1366993628639,mLatitude=55.76163,mLongitude=12.52755,mHasAltitude=false,mAltitude=0.0,mHasSpeed=false,mSpeed=0.0,mHasBearing=false,mBearing=0.0,mHasAccuracy=true,mAccuracy=84.0,mExtras=Bundle[{address=, city=}]]
04-26 18:36:10.087 D/NetworkProviderService( 1640): 2-reportLocation() to location manager-1
04-26 18:36:10.087 D/GpsLocationProvider( 1485): [handleMessage] message :7
04-26 18:36:10.087 D/GpsLocationProvider( 1485): [handleMessage] UPDATE_LOCATION
04-26 18:36:10.087 D/GpsLocationProvider( 1485): handleUpdateLocation
04-26 18:36:10.087 D/lib_locapi( 1485): loc_eng_inject_location, accuracy = 84.0
04-26 18:36:10.117 D/NetworkProviderService( 1640): in getStatusUpdateTime()
04-26 18:36:10.117 D/NetworkProviderService( 1640): in getStatus():2
04-26 18:36:10.167 D/AndroidRuntime(18063): Calling main entry com.android.commands.am.Am
04-26 18:36:10.197 D/AndroidRuntime(18063): Shutting down VM
04-26 18:36:10.207 I/AndroidRuntime(18063): NOTE: attach of thread 'Binder Thread #3' failed
04-26 18:36:10.217 D/dalvikvm(18063): GC_CONCURRENT freed 103K, 66% free 358K/1024K, external 0K/0K, paused 1ms+6ms
04-26 18:36:10.217 D/jdwp    (18063): adbd disconnected
04-26 18:36:10.227 D/su      (18061): 10077 imcom.forensics:uploader executing 0 /system/bin/sh using shell /system/bin/sh : sh
04-26 18:36:10.357 D/SurfaceFlinger( 1485): [DISP] attachLayer 0x576e08 5 0x853598
04-26 18:36:10.847 D/dalvikvm(18051): GC_FOR_MALLOC freed 292K, 47% free 2960K/5575K, external 0K/0K, paused 19ms
