04-26 18:59:14.657 I/CalendarProvider2(19304): requestTimezoneCheck 1
04-26 18:59:14.667 D/AutoSetting(19304): receiver - intent: android.intent.action.TIMEZONE_CHANGED
04-26 18:59:14.677 D/AutoSetting(19304): service - onStartCommand() action: null
04-26 18:59:14.737 D/Database(19460): dbopen(): path = /data/data/com.android.providers.drm/databases/drm.db, flag = 6, file size = 14336
04-26 18:59:14.797 I/Database(19460): sqlite returned: error code = 0, msg = Recovered 14 frames from WAL file /data/data/com.android.providers.drm/databases/drm.db-wal
04-26 18:59:14.808 D/Database(19460): dbopen(): path = /data/data/com.android.providers.drm/databases/drm.db, mode: wal, disk free size: 710 M, handle: 0x3cf250
04-26 18:59:14.808 V/CalendarProvider2(19304): ACTION_EVENT_CHANGED
04-26 18:59:14.828 I/ActivityThread(19608): Pub com.htc.android.alarmclock: com.htc.android.worldclock.AlarmProvider
04-26 18:59:14.828 D/DrmIntentService(19460):  @@@@@ when it is magic number, we get (3)
04-26 18:59:14.838 I/DrmIntentService(19460): syncDrmClock: Update Stamp.
04-26 18:59:14.838 I/DrmProvider(19460): update(): old content id = null
04-26 18:59:14.848 I/ActivityThread(19608): Pub com.htc.android.worldclock.TabCarouselProvider: com.htc.android.worldclock.TabCarouselProvider
04-26 18:59:14.878 I/ActivityThread(19608): Pub com.htc.android.worldclock.TimerProvider: com.htc.android.worldclock.TimerProvider
04-26 18:59:14.898 I/SleepModeTimeOrTimeZoneChangedReciever(19567): [PSaver] onReceiveandroid.intent.action.TIMEZONE_CHANGED
04-26 18:59:14.898 I/SleepModeTimeOrTimeZoneChangedReciever(19567): mHTCWirelessSleepModeEnabled:true
04-26 18:59:14.908 I/SleepModeTimeOrTimeZoneChangedReciever(19567): mHTCWirelessSleepStartTimeSecond:0
04-26 18:59:14.908 I/SleepModeTimeOrTimeZoneChangedReciever(19567): mHTCWirelessSleepEndTimeSecond:0
04-26 18:59:14.918 I/SleepModeTimeOrTimeZoneChangedReciever(19567): iCurrentSecond:68340
04-26 18:59:14.928 D/DrmScannerReceiver(19460): com.android.provider.drm.intent.action.ACTION_INTERNET_SET_TIMEZONE
04-26 18:59:14.938 D/DrmScannerReceiver(19460): time-zone =  Europe/Amsterdam
04-26 18:59:14.988 D/DrmProvider(19460): update notifyChange. count = 1
04-26 18:59:14.988 D/DrmProvider(19460):  @@@@@ Backup DRM database. - Enter.
04-26 18:59:15.028 D/DrmProvider(19460):  @@@@@ Backup DRM database. - Leave.
04-26 18:59:15.038 I/DrmIntentService(19460): syncDrmClock: Update Stamp Complete.
04-26 18:59:15.038 I/DrmIntentService(19460): syncDrmClock: Close cursor.
04-26 18:59:15.038 D/DrmIntentService(19460): SYNC_CLOCK
04-26 18:59:15.048 D/DrmIntentService(19460):  @@@@@ no magic number.
04-26 18:59:15.068 I/DrmIntentService(19460): syncDrmClock: Update Stamp.
04-26 18:59:15.068 I/DrmProvider(19460): update(): old content id = null
04-26 18:59:15.078 D/DrmProvider(19460): update notifyChange. count = 1
04-26 18:59:15.078 D/DrmProvider(19460):  @@@@@ Backup DRM database. - Enter.
04-26 18:59:15.088 D/Database(19608): dbopen(): path = /data/data/com.htc.android.worldclock/databases/alarms.db, flag = 6, file size = 4096
04-26 18:59:15.098 D/DrmProvider(19460):  @@@@@ Backup DRM database. - Leave.
04-26 18:59:15.098 I/DrmIntentService(19460): syncDrmClock: Update Stamp Complete.
04-26 18:59:15.108 I/DrmIntentService(19460): syncDrmClock: Close cursor.
04-26 18:59:15.118 D/Database(19608): dbopen(): path = /data/data/com.htc.android.worldclock/databases/alarms.db, mode: wal, disk free size: 710 M, handle: 0x34dd20
04-26 18:59:15.208 I/AudioService( 1485):  AudioFocus  abandonAudioFocus() from android.media.AudioManager@40532390
04-26 18:59:15.228 D/Clockd  ( 1381): Accept connection from 127.0.0.1
04-26 18:59:15.248 D/Clockd  ( 1381): update repeat alarm: 1, 1367209800
04-26 18:59:15.248 D/Clockd  ( 1381): update repeat alarm: 6, 1367036100
04-26 18:59:15.248 D/Clockd  ( 1381): update repeat alarm: 6, 1367043903
04-26 18:59:15.498 D/NetworkProviderService( 1640): Get data from Mapbar - onLocationChanged location:Location[mProvider=network,mTime=1366995552243,mLatitude=55.76163,mLongitude=12.52755,mHasAltitude=false,mAltitude=0.0,mHasSpeed=false,mSpeed=0.0,mHasBearing=false,mBearing=0.0,mHasAccuracy=true,mAccuracy=84.0,mExtras=Bundle[{address=, city=}]]
04-26 18:59:15.498 D/NetworkProviderService( 1640): 2-reportLocation() to location manager-1
04-26 18:59:15.518 D/GpsLocationProvider( 1485): [handleMessage] message :7
04-26 18:59:15.528 D/GpsLocationProvider( 1485): [handleMessage] UPDATE_LOCATION
04-26 18:59:15.528 D/GpsLocationProvider( 1485): handleUpdateLocation
04-26 18:59:15.528 D/lib_locapi( 1485): loc_eng_inject_location, accuracy = 84.0
04-26 18:59:15.538 D/NetworkProviderService( 1640): in getStatusUpdateTime()
04-26 18:59:15.538 D/NetworkProviderService( 1640): in getStatus():2
04-26 18:59:15.708 D/NetworkProviderService( 1640): Get data from Mapbar - onStatusChanged provider:cellstatus2
04-26 18:59:15.708 D/NetworkProviderService( 1640): Get data from Mapbar - onLocationChanged location:Location[mProvider=cell,mTime=1366995555713,mLatitude=55.76163,mLongitude=12.52755,mHasAltitude=false,mAltitude=0.0,mHasSpeed=false,mSpeed=0.0,mHasBearing=false,mBearing=0.0,mHasAccuracy=true,mAccuracy=84.0,mExtras=Bundle[{address=, city=}]]
04-26 18:59:15.718 D/NetworkProviderService( 1640): 2-reportLocation() to location manager-1
04-26 18:59:15.728 D/GpsLocationProvider( 1485): [handleMessage] message :7
04-26 18:59:15.738 D/GpsLocationProvider( 1485): [handleMessage] UPDATE_LOCATION
04-26 18:59:15.738 D/GpsLocationProvider( 1485): handleUpdateLocation
04-26 18:59:15.748 D/lib_locapi( 1485): loc_eng_inject_location, accuracy = 84.0
04-26 18:59:15.748 D/NetworkProviderService( 1640): in getStatusUpdateTime()
04-26 18:59:15.748 D/NetworkProviderService( 1640): in getStatus():2
04-26 18:59:15.758 D/AutoSetting(19304): service - mLocationListener: onLocationChanged() location = Location[mProvider=network,mTime=1366995555713,mInfo=87.69284999999999333501.85466999999994,mAccuracy=84.0
04-26 18:59:15.758 D/AutoSetting(19304): service - handleMessage() incoming message, what:1
04-26 18:59:15.768 D/AutoSetting(19304): service - mLocationListener: onLocationChanged() location = Location[mProvider=network,mTime=1366995555713,mInfo=87.69284999999999333501.85466999999994,mAccuracy=84.0
04-26 18:59:15.768 D/AutoSetting(19304): Util - isSetupWizardCompleted() CHS always true
04-26 18:59:15.778 D/AutoSetting(19304): service - handleMessage() within range
04-26 18:59:16.169 I/dw      (19390): CPU ON + AlarmReceiver:-> cTime; Apr 26, 2013 6:59:16 PM
04-26 18:59:16.179 I/dw      (19390): WakeLock Time:->1366995556184
04-26 18:59:16.189 D/dg      (19390): processorDo interrupt
04-26 18:59:16.189 D/dg      (19390): Take task interrupted!
04-26 18:59:16.199 D/cy      (19390): Take Lock
04-26 18:59:16.219 D/cy      (19390): cg@1079397232 AwaitSeconds-> 218
04-26 18:59:16.219 D/dw      (19390): setAlarmTime:-> 1366995774322 Calendar:Apr 26, 2013 7:02:54 PM sender:PendingIntent{4055e558: android.os.BinderProxy@4055e510}
04-26 18:59:16.229 I/dw      (19390): WakeLock Keep Time:->53
04-26 18:59:17.700 V/SmartSynService(19624): onStart
04-26 18:59:17.730 V/SmartSyncScreenOnOffTimeReceiver(19567): SMARTSYNC_BROADCAST_SMARTSYNCSERVICE_START
04-26 18:59:17.750 V/SmartSyncScreenOnOffTimeReceiver(19567): cursor.getCount()=72
04-26 18:59:17.770 V/SmartSyncScreenOnOffTimeReceiver(19567):  ConfigNightStartEndTime endtime= 6
04-26 18:59:17.770 V/SmartSyncScreenOnOffTimeReceiver(19567):  ConfigNightStartEndTime starttime= 3
04-26 18:59:17.770 V/SmartSyncScreenOnOffTimeReceiver(19567):  ConfigNightStartEndTime USERNIGHT_TIMESTART= 2
04-26 18:59:17.780 V/SmartSyncScreenOnOffTimeReceiver(19567):  ConfigNightStartEndTime USERNIGHT_START_DATA_LINK= 4
04-26 18:59:17.780 V/SmartSyncScreenOnOffTimeReceiver(19567):  ConfigNightStartEndTime USERNIGHT_TIMEEND= 5
04-26 18:59:18.992 D/SurfaceFlinger( 1485): iFBthreadLoopChkPoint = 1
04-26 18:59:19.662 I/CalendarProvider2(19304): There are 1 request for no remove reschedule!
04-26 18:59:19.802 V/CalendarProvider2(19304): set Alarm # 2013/4/27 17:1:19
04-26 18:59:19.832 I/CalendarProvider2(19304): thread : 0, runScheduleNextAlarm() take ms:145
04-26 18:59:20.103 I/servo   (19475): [DiskSpaceHandler]:Current used RAM space:  3.977 M 
04-26 18:59:20.103 I/servo   (19475): [CrawlerScheduler]:[0] start round - total:17
04-26 18:59:20.193 D/dalvikvm(19475): GC_CONCURRENT freed 219K, 46% free 3063K/5575K, external 0K/0K, paused 2ms+2ms
04-26 18:59:20.313 D/Database(19475): dbopen(): path = /data/data/com.servo.search/ram/databases/crawlerstatus.db, flag = 6, file size = 5120
04-26 18:59:20.343 I/Database(19475): sqlite returned: error code = 0, msg = Recovered 5 frames from WAL file /data/data/com.servo.search/ram/databases/crawlerstatus.db-wal
04-26 18:59:20.343 D/Database(19475): dbopen(): path = /data/data/com.servo.search/ram/databases/crawlerstatus.db, mode: wal, disk free size: 710 M, handle: 0x34a9e0
04-26 18:59:20.393 I/servo   (19475): [Logger]:Schedule next SDCARD crawling:604800000
04-26 18:59:20.393 I/servo   (19475): [Logger]:Schedule next SDCARD crawling:604800000
04-26 18:59:20.413 I/servo   (19475): [CrawlerScheduler]:[0]finish this round
04-26 18:59:20.483 I/Process ( 1485): Sending signal. PID: 19514 SIG: 3
04-26 18:59:20.483 I/dalvikvm(19514): threadid=4: reacting to signal 3
04-26 18:59:20.513 I/dalvikvm(19514): Wrote stack traces to '/data/anr/traces.txt'
04-26 18:59:20.513 I/Process ( 1485): Sending signal. PID: 1485 SIG: 3
04-26 18:59:20.513 I/dalvikvm( 1485): threadid=4: reacting to signal 3
04-26 18:59:20.583 I/dalvikvm( 1485): Wrote stack traces to '/data/anr/traces.txt'
04-26 18:59:20.583 I/Process ( 1485): Sending signal. PID: 1603 SIG: 3
04-26 18:59:20.593 I/dalvikvm( 1603): threadid=4: reacting to signal 3
04-26 18:59:20.603 I/dalvikvm( 1603): Wrote stack traces to '/data/anr/traces.txt'
04-26 18:59:20.603 I/Process ( 1485): Sending signal. PID: 1601 SIG: 3
04-26 18:59:20.603 I/dalvikvm( 1601): threadid=4: reacting to signal 3
04-26 18:59:20.623 I/dalvikvm( 1601): Wrote stack traces to '/data/anr/traces.txt'
04-26 18:59:20.623 I/Process ( 1485): Sending signal. PID: 1570 SIG: 3
04-26 18:59:20.633 I/dalvikvm( 1570): threadid=4: reacting to signal 3
04-26 18:59:20.633 I/dalvikvm( 1570): Wrote stack traces to '/data/anr/traces.txt'
04-26 18:59:20.964 D/dalvikvm( 1485): GC_EXPLICIT freed 1491K, 50% free 8359K/16519K, external 3669K/4557K, paused 129ms
04-26 18:59:21.734 D/Process ( 1485): killProcess, pid=19514
04-26 18:59:21.734 D/Process ( 1485): dalvik.system.VMStack.getThreadStackTrace(Native Method)
04-26 18:59:21.734 D/Process ( 1485): java.lang.Thread.getStackTrace(Thread.java:745)
04-26 18:59:21.744 D/Process ( 1485): android.os.Process.killProcess(Process.java:797)
04-26 18:59:21.744 D/Process ( 1485): com.android.server.am.ActivityManagerService.appNotResponding(ActivityManagerService.java:3576)
04-26 18:59:21.754 D/Process ( 1485): com.android.server.am.ActivityManagerService.serviceTimeout(ActivityManagerService.java:11371)
04-26 18:59:21.754 D/Process ( 1485): com.android.server.am.ActivityManagerService$2.handleMessage(ActivityManagerService.java:1224)
04-26 18:59:21.754 D/Process ( 1485): android.os.Handler.dispatchMessage(Handler.java:99)
04-26 18:59:21.754 D/Process ( 1485): android.os.Looper.loop(Looper.java:150)
04-26 18:59:21.764 D/Process ( 1485): com.android.server.am.ActivityManagerService$AThread.run(ActivityManagerService.java:1477)
04-26 18:59:21.764 I/Process ( 1485): Sending signal. PID: 19514 SIG: 9
04-26 18:59:27.200 D/dalvikvm(19304): GC_EXPLICIT freed 134K, 45% free 3143K/5639K, external 0K/0K, paused 113ms
04-26 18:59:27.660 D/dalvikvm( 1368): GC_EXPLICIT freed 13K, 48% free 2844K/5379K, external 0K/0K, paused 97ms
04-26 18:59:27.730 D/dalvikvm( 1368): GC_EXPLICIT freed <1K, 48% free 2844K/5379K, external 0K/0K, paused 57ms
04-26 18:59:27.780 D/dalvikvm( 1368): GC_EXPLICIT freed <1K, 48% free 2844K/5379K, external 0K/0K, paused 50ms
04-26 18:59:27.860 D/dalvikvm(19643): GC_CONCURRENT freed 136K, 44% free 3213K/5639K, external 0K/0K, paused 2ms+2ms
04-26 18:59:28.010 D/dalvikvm(19643): GC_CONCURRENT freed 111K, 41% free 3602K/6023K, external 0K/0K, paused 2ms+2ms
04-26 18:59:28.191 D/dalvikvm(19643): GC_CONCURRENT freed 116K, 39% free 3991K/6471K, external 0K/0K, paused 2ms+4ms
04-26 18:59:28.341 D/ACRA    (19643): Retrieve SharedPreferences ACRA
04-26 18:59:28.351 D/ACRA    (19643): Set OnSharedPreferenceChangeListener.
04-26 18:59:28.351 D/ACRA    (19643): ACRA is enabled for com.facebook.katana, intializing...
04-26 18:59:28.391 D/ACRA    (19643): Looking for error files in /data/data/com.facebook.katana/app_acra-reports
04-26 18:59:28.401 W/dalvikvm(19643): VFY: unable to find class referenced in signature (Ldalvik/system/BaseDexClassLoader;)
04-26 18:59:28.401 E/dalvikvm(19643): Could not find class 'dalvik.system.BaseDexClassLoader', referenced from method com.facebook.dex_tricks.SystemClassLoaderAdder.a
04-26 18:59:28.411 W/dalvikvm(19643): VFY: unable to resolve const-class 8797 (Ldalvik/system/BaseDexClassLoader;) in Lcom/facebook/dex_tricks/SystemClassLoaderAdder;
04-26 18:59:28.411 D/dalvikvm(19643): VFY: replacing opcode 0x1c at 0x0000
04-26 18:59:28.411 D/dalvikvm(19643): VFY: dead code 0x0002-0008 in Lcom/facebook/dex_tricks/SystemClassLoaderAdder;.a (Ldalvik/system/BaseDexClassLoader;)Ljava/lang/Object;
04-26 18:59:28.421 W/dalvikvm(19643): VFY: unable to find class referenced in signature (Ldalvik/system/BaseDexClassLoader;)
04-26 18:59:28.421 W/dalvikvm(19643): VFY: unable to find class referenced in signature (Ldalvik/system/BaseDexClassLoader;)
04-26 18:59:28.421 W/dalvikvm(19643): VFY: unable to find class referenced in signature (Ldalvik/system/BaseDexClassLoader;)
04-26 18:59:28.541 D/DexLibLoader(19643): Deleting old version: /data/data/com.facebook.katana/app_dex/guava-10.0.1-fork.dex.0.jar
04-26 18:59:28.541 D/DexLibLoader(19643): Deleting old version: /data/data/com.facebook.katana/app_dex/guava-10.0.1-fork.dex.1.jar
04-26 18:59:28.651 D/DexLibLoader(19643): Deleting old version: /data/data/com.facebook.katana/app_dex/jackson-core-2.0.5.dex.0.jar
04-26 18:59:28.661 D/DexLibLoader(19643): Deleting old version: /data/data/com.facebook.katana/app_dex/jackson-core-2.0.5.dex.1.jar
04-26 18:59:28.671 D/DexLibLoader(19643): Deleting old version: /data/data/com.facebook.katana/app_dex/jackson-core-2.0.5.dex.2.jar
04-26 18:59:28.781 D/DexLibLoader(19643): Deleting old version: /data/data/com.facebook.katana/app_dex/jackson-databind-2.0.5.dex.0.jar
04-26 18:59:28.781 D/DexLibLoader(19643): Deleting old version: /data/data/com.facebook.katana/app_dex/jackson-databind-2.0.5.dex.1.jar
04-26 18:59:28.801 D/DexLibLoader(19643): Deleting old version: /data/data/com.facebook.katana/app_dex/jackson-databind-2.0.5.dex.2.jar
04-26 18:59:28.801 D/DexLibLoader(19643): Deleting old version: /data/data/com.facebook.katana/app_dex/jackson-databind-2.0.5.dex.3.jar
04-26 18:59:28.921 D/DexLibLoader(19643): Deleting old version: /data/data/com.facebook.katana/app_dex/jackson-datatype-guava-2.0.4.dex.0.jar
04-26 18:59:28.921 D/DexLibLoader(19643): Deleting old version: /data/data/com.facebook.katana/app_dex/jackson-datatype-guava-2.0.4.dex.1.jar
04-26 18:59:28.941 D/DexLibLoader(19643): Deleting old version: /data/data/com.facebook.katana/app_dex/jackson-datatype-guava-2.0.4.dex.2.jar
04-26 18:59:29.051 D/DexLibLoader(19643): Deleting old version: /data/data/com.facebook.katana/app_dex/json_simple-1.1.dex.0.jar
04-26 18:59:29.051 D/DexLibLoader(19643): Deleting old version: /data/data/com.facebook.katana/app_dex/json_simple-1.1.dex.1.jar
04-26 18:59:29.172 D/DexLibLoader(19643): Deleting old version: /data/data/com.facebook.katana/app_dex/json-path-0.5.4-FB-Custom.dex.0.jar
04-26 18:59:29.172 D/DexLibLoader(19643): Deleting old version: /data/data/com.facebook.katana/app_dex/json-path-0.5.4-FB-Custom.dex.1.jar
04-26 18:59:29.292 D/DexLibLoader(19643): Deleting old version: /data/data/com.facebook.katana/app_dex/diffutils-1.2.1.dex.0.jar
04-26 18:59:29.292 D/DexLibLoader(19643): Deleting old version: /data/data/com.facebook.katana/app_dex/diffutils-1.2.1.dex.1.jar
04-26 18:59:29.412 D/DexLibLoader(19643): Deleting old version: /data/data/com.facebook.katana/app_dex/nine_old_androids.dex.0.jar
04-26 18:59:29.412 D/DexLibLoader(19643): Deleting old version: /data/data/com.facebook.katana/app_dex/nine_old_androids.dex.1.jar
04-26 18:59:29.422 D/DexLibLoader(19643): Deleting old version: /data/data/com.facebook.katana/app_dex/nine_old_androids.dex.2.jar
04-26 18:59:29.432 D/DexLibLoader(19643): Deleting old version: /data/data/com.facebook.katana/app_dex/nine_old_androids.dex.3.jar
04-26 18:59:29.442 V/DexLibLoader(19643): Preparing secondary program dexes.
04-26 18:59:29.462 V/DexLibLoader(19643): Loaded 1 raw lines of metadata.
04-26 18:59:29.462 V/DexLibLoader(19643): Secondary program dex metadata: secondary-1.dex.jar 60bb0c05a90f77eac50eef50096660d7a9fdec91 com.facebook.device.CpuCapabilities
04-26 18:59:29.642 V/DexLibLoader(19643): Preparing to extract secondary-1.dex.jar to /data/data/com.facebook.katana/app_secondary_program_dex/program-60bb0c05a90f77eac50eef50096660d7a9fdec91.dex.jar
04-26 18:59:29.642 V/DexLibLoader(19643): Dex already copied
04-26 18:59:29.642 V/DexLibLoader(19643): Creating class loader
04-26 18:59:29.662 V/DexLibLoader(19643): Finished creating class loader
04-26 18:59:29.672 V/DexLibLoader(19643): Veryfing classes from secondary dexes.
04-26 18:59:29.762 D/dalvikvm(19643): Trying to load lib /data/data/com.facebook.katana/lib/libfb_cpucapabilities.so 0x40528d98
04-26 18:59:29.762 D/dalvikvm(19643): Added shared lib /data/data/com.facebook.katana/lib/libfb_cpucapabilities.so 0x40528d98
04-26 18:59:29.762 D/dalvikvm(19643): No JNI_OnLoad found in /data/data/com.facebook.katana/lib/libfb_cpucapabilities.so 0x40528d98, skipping init
04-26 18:59:29.872 V/DexLibLoader(19643): Dex already copied
04-26 18:59:29.872 V/DexLibLoader(19643): Creating class loader
04-26 18:59:29.942 V/DexLibLoader(19643): Finished creating class loader
04-26 18:59:29.942 D/DexLibLoader(19643): DexLibLoader.ensureDex took 170 ms
04-26 18:59:29.952 D/dalvikvm(19643): Trying to load lib /data/data/com.facebook.katana/lib/libfb_dalvik-internals.so 0x40528d98
04-26 18:59:29.952 D/dalvikvm(19643): Added shared lib /data/data/com.facebook.katana/lib/libfb_dalvik-internals.so 0x40528d98
04-26 18:59:30.072 D/dalvikvm(19643): GC_CONCURRENT freed 346K, 39% free 4203K/6855K, external 0K/0K, paused 3ms+6ms
04-26 18:59:30.132 I/dalvik-internals(19643): Successfully looked up JNI_GetCreatedJavaVMs
04-26 18:59:30.132 I/dalvik-internals(19643): Successfully looked up gDvm
04-26 18:59:30.132 E/dalvik-internals(19643): Failed to look up ladDumpProfiles
04-26 18:59:30.142 E/dalvik-internals(19643): Failed to look up ladResetProfiles
04-26 18:59:30.142 E/dalvik-internals(19643): Failed to look up ladPrintHeaderInfo
04-26 18:59:30.142 I/dalvik-internals(19643): gDvm has value 0x800acdc8.  Searching for vmList (initial offset in [704,1480]).
04-26 18:59:30.152 I/dalvik-internals(19643): Beginning search.  Actual offset in [704,1444].
04-26 18:59:30.152 I/dalvik-internals(19643): Found vmList at offset 748.
04-26 18:59:30.152 D/dalvik-internals(19643): Evaluating LinearAllocHdr candidate at 0x125e8.
04-26 18:59:30.152 I/dalvik-internals(19643): Found LinearAllocHdr at expected offset from vmList.
04-26 18:59:30.243 I/ActivityThread(19643): Pub com.facebook.katana.provider.LoggingProvider: com.facebook.katana.provider.LoggingProvider
04-26 18:59:30.253 W/dalvikvm(19643): VFY: unable to find class referenced in signature (Landroid/os/CancellationSignal;)
04-26 18:59:30.253 I/dalvikvm(19643): Could not find method android.content.ContentProvider.onTrimMemory, referenced from method com.facebook.content.AbstractContentProvider.onTrimMemory
04-26 18:59:30.253 W/dalvikvm(19643): VFY: unable to resolve virtual method 234: Landroid/content/ContentProvider;.onTrimMemory (I)V
04-26 18:59:30.253 D/dalvikvm(19643): VFY: replacing opcode 0x6f at 0x000c
04-26 18:59:30.263 D/dalvikvm(19643): VFY: dead code 0x000f-0012 in Lcom/facebook/content/AbstractContentProvider;.onTrimMemory (I)V
04-26 18:59:30.263 W/dalvikvm(19643): VFY: unable to find class referenced in signature (Landroid/os/CancellationSignal;)
04-26 18:59:30.263 W/dalvikvm(19643): VFY: unable to find class referenced in signature (Landroid/os/CancellationSignal;)
04-26 18:59:30.273 I/ActivityThread(19643): Pub com.facebook.katana.provider.KeyValueProvider: com.facebook.katana.provider.KeyValueProvider
04-26 18:59:30.273 I/ActivityThread(19643): Pub com.facebook.katana.provider.AttributionIdProvider: com.facebook.katana.provider.AttributionIdProvider
04-26 18:59:30.303 I/ActivityThread(19643): Pub com.facebook.katana.provider.FbContactsProvider: com.facebook.contacts.data.FbContactsContentProvider
04-26 18:59:30.323 I/ActivityThread(19643): Pub com.facebook.katana.provider.CacheProvider: com.facebook.katana.provider.CacheProvider
04-26 18:59:30.333 I/ActivityThread(19643): Pub com.facebook.katana.provider.DetectedPhotoProvider: com.facebook.katana.provider.DetectedPhotoProvider
04-26 18:59:30.333 I/ActivityThread(19643): Pub com.facebook.katana.provider.VaultImageProvider: com.facebook.katana.provider.VaultImageProvider
04-26 18:59:30.343 I/ActivityThread(19643): Pub com.facebook.katana.provider.OrcaSharedPrefsProvider: com.facebook.katana.provider.orca.OrcaSharedPreferencesContentProvider
04-26 18:59:30.343 I/ActivityThread(19643): Pub com.facebook.katana.provider.UserStatusesProvider: com.facebook.katana.provider.UserStatusesProvider
04-26 18:59:30.353 I/ActivityThread(19643): Pub com.facebook.katana.provider.LocalPhotoTagProvider: com.facebook.katana.provider.LocalPhotoTagProvider
04-26 18:59:30.353 I/ActivityThread(19643): Pub com.facebook.katana.provider.ObservedContactsProvider: com.facebook.katana.provider.ObservedContactsProvider
04-26 18:59:30.363 I/ActivityThread(19643): Pub com.facebook.katana.provider.LocalFaceboxProvider: com.facebook.katana.provider.LocalFaceboxProvider
04-26 18:59:30.363 I/ActivityThread(19643): Pub com.facebook.katana.provider.BookmarkProvider: com.facebook.bookmark.provider.BookmarkProvider
04-26 18:59:30.373 I/ActivityThread(19643): Pub com.facebook.katana.provider.MessagesForegroundProvider: com.facebook.katana.provider.orca.MessengerForegroundProvider
04-26 18:59:30.403 I/ActivityThread(19643): Pub com.facebook.katana.provider.UserValuesProvider: com.facebook.katana.provider.UserValuesProvider
04-26 18:59:30.403 I/ActivityThread(19643): Pub com.facebook.katana.provider.LocalCropInfoProvider: com.facebook.katana.provider.LocalCropInfoProvider
04-26 18:59:30.403 I/ActivityThread(19643): Pub com.facebook.katana.provider.PagesProvider: com.facebook.katana.provider.PagesProvider
04-26 18:59:30.413 I/ActivityThread(19643): Pub com.facebook.katana.provider.MobileEventLogProvider: com.facebook.katana.provider.MobileEventLogProvider
04-26 18:59:30.413 I/ActivityThread(19643): Pub com.facebook.katana.provider.PushNotificationsProvider: com.facebook.katana.provider.PushNotificationsProvider
04-26 18:59:30.423 I/ActivityThread(19643): Pub com.facebook.katana.provider.PhotosProvider: com.facebook.katana.provider.PhotosProvider
04-26 18:59:30.423 I/ActivityThread(19643): Pub com.facebook.katana.provider.ConnectionsProvider: com.facebook.katana.provider.ConnectionsProvider
04-26 18:59:30.583 D/dalvikvm(19643): GC_CONCURRENT freed 342K, 38% free 4381K/7047K, external 0K/0K, paused 2ms+4ms
04-26 18:59:30.843 D/dalvikvm(19643): GC_CONCURRENT freed 479K, 39% free 4428K/7239K, external 0K/0K, paused 2ms+3ms
04-26 18:59:31.043 D/dalvikvm(19643): GC_CONCURRENT freed 365K, 38% free 4534K/7303K, external 0K/0K, paused 2ms+3ms
04-26 18:59:31.324 D/dalvikvm(19643): GC_CONCURRENT freed 389K, 37% free 4712K/7431K, external 0K/0K, paused 3ms+4ms
04-26 18:59:31.524 D/NetworkProviderService( 1640): Get data from Mapbar - onLocationChanged location:Location[mProvider=network,mTime=1366995555713,mLatitude=55.76163,mLongitude=12.52755,mHasAltitude=false,mAltitude=0.0,mHasSpeed=false,mSpeed=0.0,mHasBearing=false,mBearing=0.0,mHasAccuracy=true,mAccuracy=84.0,mExtras=Bundle[{address=, city=}]]
04-26 18:59:31.524 D/NetworkProviderService( 1640): 2-reportLocation() to location manager-1
04-26 18:59:31.524 D/GpsLocationProvider( 1485): [handleMessage] message :7
04-26 18:59:31.524 D/GpsLocationProvider( 1485): [handleMessage] UPDATE_LOCATION
04-26 18:59:31.524 D/GpsLocationProvider( 1485): handleUpdateLocation
04-26 18:59:31.524 D/lib_locapi( 1485): loc_eng_inject_location, accuracy = 84.0
04-26 18:59:31.544 D/NetworkProviderService( 1640): in getStatusUpdateTime()
04-26 18:59:31.544 D/NetworkProviderService( 1640): in getStatus():2
04-26 18:59:31.664 D/dalvikvm(19643): GC_CONCURRENT freed 414K, 36% free 4947K/7687K, external 0K/0K, paused 3ms+4ms
04-26 18:59:32.064 D/dalvikvm(19643): GC_CONCURRENT freed 423K, 35% free 5284K/8007K, external 0K/0K, paused 3ms+4ms
04-26 18:59:32.525 D/dalvikvm(19643): GC_CONCURRENT freed 540K, 35% free 5503K/8391K, external 0K/0K, paused 3ms+5ms
04-26 18:59:32.865 D/Database(19643): dbopen(): path = /data/data/com.facebook.katana/databases/newsfeed_db, flag = 6, file size = 73728
04-26 18:59:32.905 I/Database(19643): sqlite returned: error code = 0, msg = Recovered 72 frames from WAL file /data/data/com.facebook.katana/databases/newsfeed_db-wal
04-26 18:59:32.905 D/Database(19643): dbopen(): path = /data/data/com.facebook.katana/databases/newsfeed_db, mode: wal, disk free size: 710 M, handle: 0x398b08
04-26 18:59:33.105 D/dalvikvm(19643): GC_CONCURRENT freed 698K, 35% free 5693K/8711K, external 0K/0K, paused 4ms+3ms
04-26 18:59:33.125 I/fb4a(:<default>):OrcaInjector(19643): Created just-in-time provider for class com.facebook.orca.abtest.MessagesQuickExperimentNameHolder
04-26 18:59:33.125 I/fb4a(:<default>):OrcaInjector(19643): Created just-in-time provider for class com.facebook.katana.abtest.FbandroidQuickExperimentNameHolder
04-26 18:59:33.175 I/dalvikvm(19643): Could not find method android.view.Display.getSize, referenced from method com.facebook.analytics.AnalyticsDeviceUtils.a
04-26 18:59:33.175 W/dalvikvm(19643): VFY: unable to resolve virtual method 1064: Landroid/view/Display;.getSize (Landroid/graphics/Point;)V
04-26 18:59:33.185 D/dalvikvm(19643): VFY: replacing opcode 0x6e at 0x0030
04-26 18:59:33.276 I/fb4a(:<default>):OrcaInjector(19643): Created just-in-time provider for class com.facebook.camera.gating.CameraGatekeeperSetProvider
04-26 18:59:33.306 I/dalvikvm(19643): Could not find method android.view.Display.getSize, referenced from method com.facebook.katana.UserAgent.c
04-26 18:59:33.306 W/dalvikvm(19643): VFY: unable to resolve virtual method 1064: Landroid/view/Display;.getSize (Landroid/graphics/Point;)V
04-26 18:59:33.306 D/dalvikvm(19643): VFY: replacing opcode 0x6e at 0x001f
04-26 18:59:33.516 I/fb4a(:<default>):OrcaInjector(19643): Created just-in-time provider for class com.facebook.mqtt.MqttSsl
04-26 18:59:33.646 D/dalvikvm(19643): GC_CONCURRENT freed 796K, 35% free 5849K/8967K, external 0K/0K, paused 3ms+4ms
04-26 18:59:33.676 I/fb4a(:<default>):OrcaInjector(19643): Created just-in-time provider for class com.facebook.push.c2dm.UnregisterPushTokenMethod
04-26 18:59:33.746 D/Database(19643): dbopen(): path = /data/data/com.facebook.katana/databases/prefs_db, flag = 6, file size = 35840
04-26 18:59:33.756 I/Database(19643): sqlite returned: error code = 0, msg = Recovered 35 frames from WAL file /data/data/com.facebook.katana/databases/prefs_db-wal
04-26 18:59:33.766 D/Database(19643): dbopen(): path = /data/data/com.facebook.katana/databases/prefs_db, mode: wal, disk free size: 710 M, handle: 0x3ba7d0
04-26 18:59:34.196 D/dalvikvm(19643): GC_CONCURRENT freed 708K, 33% free 6147K/9159K, external 0K/0K, paused 4ms+7ms
04-26 18:59:34.667 D/dalvikvm(19643): GC_CONCURRENT freed 1130K, 36% free 6174K/9607K, external 0K/0K, paused 4ms+4ms
04-26 18:59:35.107 D/dalvikvm(19643): GC_CONCURRENT freed 1023K, 35% free 6266K/9607K, external 0K/0K, paused 4ms+5ms
04-26 18:59:35.488 D/dalvikvm(19643): GC_CONCURRENT freed 1119K, 36% free 6315K/9735K, external 0K/0K, paused 4ms+4ms
04-26 18:59:35.848 D/dalvikvm(19643): GC_CONCURRENT freed 1119K, 35% free 6378K/9799K, external 0K/0K, paused 4ms+5ms
04-26 18:59:36.208 D/dalvikvm(19643): GC_CONCURRENT freed 1162K, 36% free 6400K/9863K, external 0K/0K, paused 4ms+4ms
04-26 18:59:36.549 D/dalvikvm(19643): GC_CONCURRENT freed 1181K, 36% free 6439K/9927K, external 0K/0K, paused 3ms+5ms
04-26 18:59:36.889 D/dalvikvm(19643): GC_CONCURRENT freed 1208K, 36% free 6480K/9991K, external 0K/0K, paused 4ms+5ms
04-26 18:59:37.309 D/dalvikvm(19643): GC_CONCURRENT freed 1214K, 35% free 6540K/10055K, external 0K/0K, paused 4ms+4ms
04-26 18:59:37.710 D/dalvikvm(19643): GC_CONCURRENT freed 1236K, 35% free 6582K/10119K, external 0K/0K, paused 4ms+4ms
04-26 18:59:38.100 D/dalvikvm(19643): GC_CONCURRENT freed 1244K, 35% free 6636K/10183K, external 0K/0K, paused 4ms+5ms
04-26 18:59:38.381 D/Database(19643): dbopen(): path = /data/data/com.facebook.katana/databases/timeline_db, flag = 6, file size = 886784
04-26 18:59:38.421 I/Database(19643): sqlite returned: error code = 0, msg = Recovered 866 frames from WAL file /data/data/com.facebook.katana/databases/timeline_db-wal
04-26 18:59:38.421 D/Database(19643): dbopen(): path = /data/data/com.facebook.katana/databases/timeline_db, mode: wal, disk free size: 710 M, handle: 0x3f63b8
04-26 18:59:38.531 D/dalvikvm(19643): GC_CONCURRENT freed 1222K, 35% free 6679K/10247K, external 0K/0K, paused 4ms+5ms
04-26 18:59:38.541 D/Database(19643): dbopen(): path = /data/data/com.facebook.katana/databases/pages_db, flag = 6, file size = 5120
04-26 18:59:38.551 D/Database(19643): dbopen(): path = /data/data/com.facebook.katana/databases/pages_db, mode: wal, disk free size: 710 M, handle: 0x3cea10
04-26 18:59:38.581 D/Database(19643): dbopen(): path = /data/data/com.facebook.katana/databases/qe_db, flag = 6, file size = 7168
04-26 18:59:38.601 I/Database(19643): sqlite returned: error code = 0, msg = Recovered 7 frames from WAL file /data/data/com.facebook.katana/databases/qe_db-wal
04-26 18:59:38.601 D/Database(19643): dbopen(): path = /data/data/com.facebook.katana/databases/qe_db, mode: wal, disk free size: 710 M, handle: 0x4112a8
04-26 18:59:38.741 D/dalvikvm(19643): GC_FOR_MALLOC freed 188K, 36% free 6643K/10247K, external 0K/0K, paused 56ms
04-26 18:59:38.741 I/dalvikvm-heap(19643): Grow heap (frag case) to 8.857MB for 131088-byte allocation
04-26 18:59:38.821 D/dalvikvm(19643): GC_FOR_MALLOC freed 6K, 36% free 6764K/10439K, external 0K/0K, paused 54ms
04-26 18:59:38.821 D/Database(19643): dbopen(): path = /data/data/com.facebook.katana/databases/fb.db, flag = 6, file size = 973824
04-26 18:59:38.841 I/Database(19643): sqlite returned: error code = 0, msg = Recovered 958 frames from WAL file /data/data/com.facebook.katana/databases/fb.db-wal
04-26 18:59:38.851 D/Database(19643): dbopen(): path = /data/data/com.facebook.katana/databases/fb.db, mode: wal, disk free size: 710 M, handle: 0x3f7010
04-26 18:59:39.572 D/dalvikvm(19674): GC_CONCURRENT freed 136K, 44% free 3213K/5639K, external 0K/0K, paused 2ms+12ms
04-26 18:59:39.732 I/dalvikvm(19643): Could not find method android.app.AlertDialog$Builder.<init>, referenced from method com.facebook.katana.activity.composer.ComposerActivity.ae
04-26 18:59:39.732 W/dalvikvm(19643): VFY: unable to resolve direct method 38: Landroid/app/AlertDialog$Builder;.<init> (Landroid/content/Context;I)V
04-26 18:59:39.732 D/dalvikvm(19643): VFY: replacing opcode 0x70 at 0x0009
04-26 18:59:39.872 D/dalvikvm(19674): GC_CONCURRENT freed 111K, 41% free 3601K/6023K, external 0K/0K, paused 2ms+4ms
04-26 18:59:39.962 D/Database(19582): dbopen(): path = /data/data/com.tencent.mobileqq/databases/eup_db, flag = 6, file size = 9216
04-26 18:59:39.992 D/Database(19582): dbopen(): path = /data/data/com.tencent.mobileqq/databases/eup_db, mode: wal, disk free size: 710 M, handle: 0x3baee8
04-26 18:59:40.122 D/ACRA    (19674): Retrieve SharedPreferences ACRA
04-26 18:59:40.132 D/dalvikvm(19674): GC_CONCURRENT freed 117K, 39% free 3977K/6471K, external 0K/0K, paused 2ms+3ms
04-26 18:59:40.142 D/ACRA    (19674): Set OnSharedPreferenceChangeListener.
04-26 18:59:40.142 D/ACRA    (19674): ACRA is enabled for com.facebook.katana, intializing...
04-26 18:59:40.182 D/ACRA    (19674): Looking for error files in /data/data/com.facebook.katana/app_acra-reports
04-26 18:59:40.192 W/dalvikvm(19674): VFY: unable to find class referenced in signature (Ldalvik/system/BaseDexClassLoader;)
04-26 18:59:40.222 E/dalvikvm(19674): Could not find class 'dalvik.system.BaseDexClassLoader', referenced from method com.facebook.dex_tricks.SystemClassLoaderAdder.a
04-26 18:59:40.222 W/dalvikvm(19674): VFY: unable to resolve const-class 8797 (Ldalvik/system/BaseDexClassLoader;) in Lcom/facebook/dex_tricks/SystemClassLoaderAdder;
04-26 18:59:40.222 D/dalvikvm(19674): VFY: replacing opcode 0x1c at 0x0000
04-26 18:59:40.222 D/dalvikvm(19674): VFY: dead code 0x0002-0008 in Lcom/facebook/dex_tricks/SystemClassLoaderAdder;.a (Ldalvik/system/BaseDexClassLoader;)Ljava/lang/Object;
04-26 18:59:40.232 W/dalvikvm(19674): VFY: unable to find class referenced in signature (Ldalvik/system/BaseDexClassLoader;)
04-26 18:59:40.232 W/dalvikvm(19674): VFY: unable to find class referenced in signature (Ldalvik/system/BaseDexClassLoader;)
04-26 18:59:40.232 W/dalvikvm(19674): VFY: unable to find class referenced in signature (Ldalvik/system/BaseDexClassLoader;)
04-26 18:59:40.282 D/Database(19582): dbclose(): path = /data/data/com.tencent.mobileqq/databases/eup_db, handle = 0x3baee8
04-26 18:59:40.322 D/Database(19582): dbopen(): path = /data/data/com.tencent.mobileqq/databases/eup_db, flag = 6, file size = 9216
04-26 18:59:40.322 D/Database(19582): dbopen(): path = /data/data/com.tencent.mobileqq/databases/eup_db, mode: wal, disk free size: 710 M, handle: 0x355e78
04-26 18:59:40.342 I/dalvikvm(19643): Could not find method android.os.RemoteException.<init>, referenced from method com.facebook.orca.server.OrcaService.a
04-26 18:59:40.342 W/dalvikvm(19643): VFY: unable to resolve direct method 1007: Landroid/os/RemoteException;.<init> (Ljava/lang/String;)V
04-26 18:59:40.342 D/dalvikvm(19643): VFY: replacing opcode 0x70 at 0x009b
04-26 18:59:40.352 D/dalvikvm(19643): VFY: dead code 0x009e-009e in Lcom/facebook/orca/server/OrcaService;.a (Lcom/facebook/orca/server/OperationType;Landroid/os/Bundle;)Ljava/lang/String;
04-26 18:59:40.362 D/DexLibLoader(19674): Deleting old version: /data/data/com.facebook.katana/app_dex/guava-10.0.1-fork.dex.0.jar
04-26 18:59:40.362 D/DexLibLoader(19674): Deleting old version: /data/data/com.facebook.katana/app_dex/guava-10.0.1-fork.dex.1.jar
04-26 18:59:40.372 D/Database(19643): dbopen(): path = /data/data/com.facebook.katana/databases/uploadmanager.db, flag = 6, file size = 5120
04-26 18:59:40.372 D/Database(19643): dbopen(): path = /data/data/com.facebook.katana/databases/uploadmanager.db, mode: wal, disk free size: 710 M, handle: 0x4adbe8
04-26 18:59:40.402 D/Database(19582): dbclose(): path = /data/data/com.tencent.mobileqq/databases/eup_db, handle = 0x355e78
04-26 18:59:40.463 D/DexLibLoader(19674): Deleting old version: /data/data/com.facebook.katana/app_dex/jackson-core-2.0.5.dex.0.jar
04-26 18:59:40.463 D/DexLibLoader(19674): Deleting old version: /data/data/com.facebook.katana/app_dex/jackson-core-2.0.5.dex.1.jar
04-26 18:59:40.473 D/DexLibLoader(19674): Deleting old version: /data/data/com.facebook.katana/app_dex/jackson-core-2.0.5.dex.2.jar
04-26 18:59:40.563 D/Database(19643): dbopen(): path = /data/data/com.facebook.katana/databases/threads_db2, flag = 6, file size = 333824
04-26 18:59:40.573 D/DexLibLoader(19674): Deleting old version: /data/data/com.facebook.katana/app_dex/jackson-databind-2.0.5.dex.0.jar
04-26 18:59:40.573 D/DexLibLoader(19674): Deleting old version: /data/data/com.facebook.katana/app_dex/jackson-databind-2.0.5.dex.1.jar
04-26 18:59:40.573 D/DexLibLoader(19674): Deleting old version: /data/data/com.facebook.katana/app_dex/jackson-databind-2.0.5.dex.2.jar
04-26 18:59:40.583 D/DexLibLoader(19674): Deleting old version: /data/data/com.facebook.katana/app_dex/jackson-databind-2.0.5.dex.3.jar
04-26 18:59:40.583 I/Database(19643): sqlite returned: error code = 0, msg = Recovered 326 frames from WAL file /data/data/com.facebook.katana/databases/threads_db2-wal
04-26 18:59:40.603 D/Database(19643): dbopen(): path = /data/data/com.facebook.katana/databases/threads_db2, mode: wal, disk free size: 710 M, handle: 0x4cf5a8
04-26 18:59:40.683 D/DexLibLoader(19674): Deleting old version: /data/data/com.facebook.katana/app_dex/jackson-datatype-guava-2.0.4.dex.0.jar
04-26 18:59:40.693 D/DexLibLoader(19674): Deleting old version: /data/data/com.facebook.katana/app_dex/jackson-datatype-guava-2.0.4.dex.1.jar
04-26 18:59:40.693 D/DexLibLoader(19674): Deleting old version: /data/data/com.facebook.katana/app_dex/jackson-datatype-guava-2.0.4.dex.2.jar
04-26 18:59:40.793 D/DexLibLoader(19674): Deleting old version: /data/data/com.facebook.katana/app_dex/json_simple-1.1.dex.0.jar
04-26 18:59:40.793 D/DexLibLoader(19674): Deleting old version: /data/data/com.facebook.katana/app_dex/json_simple-1.1.dex.1.jar
04-26 18:59:40.833 D/dalvikvm(19643): GC_CONCURRENT freed 871K, 32% free 7183K/10439K, external 0K/0K, paused 9ms+6ms
04-26 18:59:40.903 D/DexLibLoader(19674): Deleting old version: /data/data/com.facebook.katana/app_dex/json-path-0.5.4-FB-Custom.dex.0.jar
04-26 18:59:40.903 D/DexLibLoader(19674): Deleting old version: /data/data/com.facebook.katana/app_dex/json-path-0.5.4-FB-Custom.dex.1.jar
04-26 18:59:41.003 D/DexLibLoader(19674): Deleting old version: /data/data/com.facebook.katana/app_dex/diffutils-1.2.1.dex.0.jar
04-26 18:59:41.003 D/DexLibLoader(19674): Deleting old version: /data/data/com.facebook.katana/app_dex/diffutils-1.2.1.dex.1.jar
04-26 18:59:41.053 I/dalvikvm(19643): Jit: resizing JitTable from 4096 to 8192
04-26 18:59:41.113 D/DexLibLoader(19674): Deleting old version: /data/data/com.facebook.katana/app_dex/nine_old_androids.dex.0.jar
04-26 18:59:41.113 D/DexLibLoader(19674): Deleting old version: /data/data/com.facebook.katana/app_dex/nine_old_androids.dex.1.jar
04-26 18:59:41.113 D/DexLibLoader(19674): Deleting old version: /data/data/com.facebook.katana/app_dex/nine_old_androids.dex.2.jar
04-26 18:59:41.123 D/DexLibLoader(19674): Deleting old version: /data/data/com.facebook.katana/app_dex/nine_old_androids.dex.3.jar
04-26 18:59:41.123 V/DexLibLoader(19674): Preparing secondary program dexes.
04-26 18:59:41.123 V/DexLibLoader(19674): Loaded 1 raw lines of metadata.
04-26 18:59:41.133 V/DexLibLoader(19674): Secondary program dex metadata: secondary-1.dex.jar 60bb0c05a90f77eac50eef50096660d7a9fdec91 com.facebook.device.CpuCapabilities
04-26 18:59:41.283 V/DexLibLoader(19674): Preparing to extract secondary-1.dex.jar to /data/data/com.facebook.katana/app_secondary_program_dex/program-60bb0c05a90f77eac50eef50096660d7a9fdec91.dex.jar
04-26 18:59:41.293 V/DexLibLoader(19674): Dex already copied
04-26 18:59:41.293 V/DexLibLoader(19674): Creating class loader
04-26 18:59:41.303 V/DexLibLoader(19674): Finished creating class loader
04-26 18:59:41.303 V/DexLibLoader(19674): Veryfing classes from secondary dexes.
04-26 18:59:41.313 D/dalvikvm(19674): Trying to load lib /data/data/com.facebook.katana/lib/libfb_cpucapabilities.so 0x4051b668
04-26 18:59:41.313 D/dalvikvm(19674): Added shared lib /data/data/com.facebook.katana/lib/libfb_cpucapabilities.so 0x4051b668
04-26 18:59:41.313 D/dalvikvm(19674): No JNI_OnLoad found in /data/data/com.facebook.katana/lib/libfb_cpucapabilities.so 0x4051b668, skipping init
04-26 18:59:41.423 V/DexLibLoader(19674): Dex already copied
04-26 18:59:41.423 V/DexLibLoader(19674): Creating class loader
04-26 18:59:41.454 V/DexLibLoader(19674): Finished creating class loader
04-26 18:59:41.464 D/DexLibLoader(19674): DexLibLoader.ensureDex took 147 ms
04-26 18:59:41.464 D/dalvikvm(19674): Trying to load lib /data/data/com.facebook.katana/lib/libfb_dalvik-internals.so 0x4051b668
04-26 18:59:41.474 D/dalvikvm(19674): Added shared lib /data/data/com.facebook.katana/lib/libfb_dalvik-internals.so 0x4051b668
04-26 18:59:41.554 D/dalvikvm(19674): GC_CONCURRENT freed 324K, 39% free 4160K/6791K, external 0K/0K, paused 3ms+3ms
04-26 18:59:41.604 I/dalvik-internals(19674): Successfully looked up JNI_GetCreatedJavaVMs
04-26 18:59:41.604 I/dalvik-internals(19674): Successfully looked up gDvm
04-26 18:59:41.604 E/dalvik-internals(19674): Failed to look up ladDumpProfiles
04-26 18:59:41.614 E/dalvik-internals(19674): Failed to look up ladResetProfiles
04-26 18:59:41.614 E/dalvik-internals(19674): Failed to look up ladPrintHeaderInfo
04-26 18:59:41.614 I/dalvik-internals(19674): gDvm has value 0x800acdc8.  Searching for vmList (initial offset in [704,1480]).
04-26 18:59:41.624 I/dalvik-internals(19674): Beginning search.  Actual offset in [704,1444].
04-26 18:59:41.624 I/dalvik-internals(19674): Found vmList at offset 748.
04-26 18:59:41.624 D/dalvik-internals(19674): Evaluating LinearAllocHdr candidate at 0x125e8.
04-26 18:59:41.624 I/dalvik-internals(19674): Found LinearAllocHdr at expected offset from vmList.
04-26 18:59:41.654 I/ActivityThread(19674): Pub com.facebook.katana.provider.GraphQLNotificationsProvider: com.facebook.katana.provider.GraphQLNotificationsContentProvider
04-26 18:59:41.664 W/dalvikvm(19674): VFY: unable to find class referenced in signature (Landroid/os/CancellationSignal;)
04-26 18:59:41.664 I/dalvikvm(19674): Could not find method android.content.ContentProvider.onTrimMemory, referenced from method com.facebook.content.AbstractContentProvider.onTrimMemory
04-26 18:59:41.664 W/dalvikvm(19674): VFY: unable to resolve virtual method 234: Landroid/content/ContentProvider;.onTrimMemory (I)V
04-26 18:59:41.674 D/dalvikvm(19674): VFY: replacing opcode 0x6f at 0x000c
04-26 18:59:41.674 D/dalvikvm(19674): VFY: dead code 0x000f-0012 in Lcom/facebook/content/AbstractContentProvider;.onTrimMemory (I)V
04-26 18:59:41.674 W/dalvikvm(19674): VFY: unable to find class referenced in signature (Landroid/os/CancellationSignal;)
04-26 18:59:41.684 W/dalvikvm(19674): VFY: unable to find class referenced in signature (Landroid/os/CancellationSignal;)
04-26 18:59:41.894 D/SurfaceFlinger( 1485): [DISP] removeAbnormalLayer
04-26 18:59:42.064 D/dalvikvm(19674): GC_CONCURRENT freed 450K, 40% free 4224K/6983K, external 0K/0K, paused 5ms+40ms
04-26 18:59:42.244 D/dalvikvm(19643): GC_CONCURRENT freed 1229K, 33% free 7422K/10951K, external 0K/0K, paused 15ms+32ms
04-26 18:59:42.775 D/dalvikvm(19674): GC_CONCURRENT freed 387K, 39% free 4321K/7047K, external 0K/0K, paused 3ms+22ms
04-26 18:59:43.195 D/fb4a(:providers):fb:BackgroundTaskController(19674): setTagDisabled(interface com.facebook.contacts.database.ContactsTaskTag, true)
04-26 18:59:43.255 D/dalvikvm(19643): GC_CONCURRENT freed 1445K, 34% free 7526K/11271K, external 0K/0K, paused 5ms+8ms
04-26 18:59:43.526 D/NativeCrypto(19643): Doing SSL_Read()
04-26 18:59:43.526 D/NativeCrypto(19643): Returned from SSL_Read() with result -1, error code 2
04-26 18:59:43.576 D/dalvikvm(19674): GC_CONCURRENT freed 318K, 37% free 4542K/7175K, external 0K/0K, paused 7ms+6ms
04-26 18:59:43.626 I/fb4a(:providers):OrcaInjector(19674): Created just-in-time provider for class com.facebook.auth.ViewerContextFactory
04-26 18:59:43.716 D/NativeCrypto(19643): Doing SSL_Read()
04-26 18:59:43.716 D/NativeCrypto(19643): Returned from SSL_Read() with result -1, error code 2
04-26 18:59:43.796 D/NativeCrypto(19643): returned from sslSelect() with result 1, error code 2
04-26 18:59:43.796 D/NativeCrypto(19643): Doing SSL_Read()
04-26 18:59:43.796 D/NativeCrypto(19643): Returned from SSL_Read() with result 399, error code 0
04-26 18:59:43.816 D/NativeCrypto(19643): Doing SSL_Read()
04-26 18:59:43.816 D/NativeCrypto(19643): Returned from SSL_Read() with result 2046, error code 0
04-26 18:59:43.866 D/NativeCrypto(19643): returned from sslSelect() with result 1, error code 2
04-26 18:59:43.866 D/NativeCrypto(19643): Doing SSL_Read()
04-26 18:59:43.866 D/NativeCrypto(19643): Returned from SSL_Read() with result 423, error code 0
04-26 18:59:43.876 D/NativeCrypto(19643): Doing SSL_Read()
04-26 18:59:43.886 D/NativeCrypto(19643): Returned from SSL_Read() with result 11, error code 0
04-26 18:59:44.016 W/fb4a(:<default>):fb:ImmutableBundle(19643): Unsupported value type in bundle for key fb4a_new with value {"new_version":"154780","min_version":"148914","new_version_url":"https://m.facebook.com/mobile_builds?build_number=154780&no_fw=1","new_version_notes":"","everstore_handle":"FuuCCQA5cQwCBxEkAFAANnxuPwYAAAA:"}
04-26 18:59:44.116 W/fb4a(:<default>):fb:ImmutableBundle(19643): Unsupported value type in bundle for key fb4a_master_new with value {"new_version":"130613","new_version_url":"https://m.facebook.com/mobile_builds?build_number=130613&no_fw=1"}
04-26 18:59:44.366 D/dalvikvm(19674): GC_CONCURRENT freed 448K, 38% free 4662K/7431K, external 0K/0K, paused 41ms+11ms
04-26 18:59:44.537 D/dalvikvm(19643): GC_CONCURRENT freed 1253K, 32% free 7813K/11335K, external 0K/0K, paused 4ms+7ms
04-26 18:59:44.807 D/Database(19674): dbopen(): path = /data/data/com.facebook.katana/databases/notifications.db, flag = 6, file size = 300032
04-26 18:59:44.847 I/Database(19674): sqlite returned: error code = 0, msg = Recovered 293 frames from WAL file /data/data/com.facebook.katana/databases/notifications.db-wal
04-26 18:59:44.847 D/Database(19674): dbopen(): path = /data/data/com.facebook.katana/databases/notifications.db, mode: wal, disk free size: 710 M, handle: 0x373de8
04-26 18:59:44.927 I/dalvikvm(19674): Could not find method android.view.Display.getSize, referenced from method com.facebook.analytics.AnalyticsDeviceUtils.a
04-26 18:59:44.947 W/dalvikvm(19674): VFY: unable to resolve virtual method 1064: Landroid/view/Display;.getSize (Landroid/graphics/Point;)V
04-26 18:59:44.947 D/dalvikvm(19674): VFY: replacing opcode 0x6e at 0x0030
04-26 18:59:45.187 D/NativeCrypto(19643): Doing SSL_Read()
04-26 18:59:45.187 D/NativeCrypto(19643): Returned from SSL_Read() with result -1, error code 2
04-26 18:59:45.377 D/NativeCrypto(19643): returned from sslSelect() with result 1, error code 2
04-26 18:59:45.377 D/NativeCrypto(19643): Doing SSL_Read()
04-26 18:59:45.377 D/NativeCrypto(19643): Returned from SSL_Read() with result 424, error code 0
04-26 18:59:45.387 D/NativeCrypto(19643): Doing SSL_Read()
04-26 18:59:45.397 D/NativeCrypto(19643): Returned from SSL_Read() with result 505, error code 0
04-26 18:59:45.407 D/dalvikvm(19674): GC_CONCURRENT freed 362K, 36% free 4895K/7559K, external 0K/0K, paused 4ms+9ms
04-26 18:59:45.427 I/dalvikvm(19674): Could not find method android.view.Display.getSize, referenced from method com.facebook.katana.UserAgent.c
04-26 18:59:45.427 W/dalvikvm(19674): VFY: unable to resolve virtual method 1064: Landroid/view/Display;.getSize (Landroid/graphics/Point;)V
04-26 18:59:45.437 D/dalvikvm(19674): VFY: replacing opcode 0x6e at 0x001f
04-26 18:59:45.578 D/dalvikvm(19643): GC_CONCURRENT freed 1661K, 34% free 7821K/11783K, external 0K/0K, paused 5ms+5ms
04-26 18:59:45.698 D/dalvikvm(19643): GC_FOR_MALLOC freed 157K, 35% free 7691K/11783K, external 0K/0K, paused 78ms
04-26 18:59:45.708 I/dalvikvm-heap(19643): Grow heap (frag case) to 9.839MB for 87220-byte allocation
04-26 18:59:45.788 D/dalvikvm(19643): GC_FOR_MALLOC freed 58K, 36% free 7718K/11911K, external 0K/0K, paused 83ms
04-26 18:59:45.798 D/Database(19643): dbopen(): path = /data/data/com.facebook.katana/databases/graphql, flag = 6, file size = 6144
04-26 18:59:45.818 D/Database(19643): dbopen(): path = /data/data/com.facebook.katana/databases/graphql, mode: wal, disk free size: 710 M, handle: 0x493980
04-26 18:59:45.828 D/Database(19643): dbclose(): path = /data/data/com.facebook.katana/databases/graphql, handle = 0x493980
04-26 18:59:45.958 D/dalvikvm(19643): GC_FOR_MALLOC freed 390K, 36% free 7734K/11911K, external 0K/0K, paused 65ms
04-26 18:59:45.968 D/Database(19643): dbopen(): path = /data/data/com.facebook.katana/databases/graphql, flag = 6, file size = 6144
04-26 18:59:45.998 D/Database(19643): dbopen(): path = /data/data/com.facebook.katana/databases/graphql, mode: wal, disk free size: 710 M, handle: 0x493980
04-26 18:59:46.008 D/Database(19643): dbclose(): path = /data/data/com.facebook.katana/databases/graphql, handle = 0x493980
04-26 18:59:46.078 D/NativeCrypto(19643): Doing SSL_Read()
04-26 18:59:46.088 D/NativeCrypto(19643): Returned from SSL_Read() with result -1, error code 2
04-26 18:59:46.508 D/Database(19643): dbopen(): path = /data/data/com.facebook.katana/databases/contacts_db2, flag = 6, file size = 790528
04-26 18:59:46.528 D/NetworkProviderService( 1640): Get data from Mapbar - onLocationChanged location:Location[mProvider=network,mTime=1366995555713,mLatitude=55.76163,mLongitude=12.52755,mHasAltitude=false,mAltitude=0.0,mHasSpeed=false,mSpeed=0.0,mHasBearing=false,mBearing=0.0,mHasAccuracy=true,mAccuracy=84.0,mExtras=Bundle[{address=, city=}]]
04-26 18:59:46.528 D/NetworkProviderService( 1640): 2-reportLocation() to location manager-1
04-26 18:59:46.538 D/GpsLocationProvider( 1485): [handleMessage] message :7
04-26 18:59:46.548 D/GpsLocationProvider( 1485): [handleMessage] UPDATE_LOCATION
04-26 18:59:46.548 D/GpsLocationProvider( 1485): handleUpdateLocation
04-26 18:59:46.548 D/lib_locapi( 1485): loc_eng_inject_location, accuracy = 84.0
04-26 18:59:46.568 D/NetworkProviderService( 1640): in getStatusUpdateTime()
04-26 18:59:46.579 D/NetworkProviderService( 1640): in getStatus():2
