04-26 18:59:10.113 D/HTC_RIL ( 1367): (t=1366995550)>> AT+COPS=3,2;+COPS?\r
04-26 18:59:10.113 D/HTC_RIL ( 1367): TX::> AT+COPS=3,2;+COPS?\r
04-26 18:59:10.113 D/RILC    ( 1367): [0857]< GPRS_REGISTRATION_STATE {1,(null),(null),3}
04-26 18:59:10.113 D/RILJ    ( 1601): [0857]< GPRS_REGISTRATION_STATE {1, null, null, 3}
04-26 18:59:10.113 D/HTC_RIL ( 1367): RX::> +COPS: 0,2,"23802",2\r\n0\r
04-26 18:59:10.113 D/HTC_RIL ( 1367): (t=1366995550)<< +COPS: 0,2,"23802",2\r\n0\r
04-26 18:59:10.113 D/HTC_RIL ( 1367): (t=1366995550)>> AT+COPS=3,2;+COPS?\r
04-26 18:59:10.113 D/HTC_RIL ( 1367): TX::> AT+COPS=3,2;+COPS?\r
04-26 18:59:10.113 D/RILC    ( 1367): [0860]< REGISTRATION_STATE {1,005E,00430778,3,(null),(null),(null),(null),(null),(null),(null),(null),(null),(null)}
04-26 18:59:10.113 D/HTC_RIL ( 1367): RX::> +COPS: 0,2,"23802",2\r\n0\r
04-26 18:59:10.113 D/HTC_RIL ( 1367): (t=1366995550)<< +COPS: 0,2,"23802",2\r\n0\r
04-26 18:59:10.113 D/RILJ    ( 1601): [0860]< REGISTRATION_STATE {1, 005E, 00430778, 3, null, null, null, null, null, null, null, null, null, null}
04-26 18:59:10.123 D/RILC    ( 1367): [0861]< GPRS_REGISTRATION_STATE {1,(null),(null),3}
04-26 18:59:10.123 D/RILJ    ( 1601): [0861]< GPRS_REGISTRATION_STATE {1, null, null, 3}
04-26 18:59:10.123 D/GSM     ( 1601): Poll ServiceState done:  oldSS=[0 home Telenor DK (N/A) 23802  0 UMTS CSS not supported -1 -1RoamInd: -1DefRoamInd: -1EriInd: -1EriMode: -1RadioPowerSv: falseEmergOnly: false] newSS=[0 home Telenor DK (N/A) 23802  0 UMTS CSS not supported -1 -1RoamInd: -1DefRoamInd: -1EriInd: -1EriMode: -1RadioPowerSv: falseEmergOnly: false] oldGprs=0 newGprs=0 oldType=UMTS newType=UMTS
04-26 18:59:10.123 D/GSM     ( 1601): reset the mCregChange =false
04-26 18:59:10.123 D/GSM     ( 1601): reset the mCgregChange =false
04-26 18:59:10.133 D/RILJ    ( 1601): [0863]> GET_NEIGHBORING_CELL_IDS
04-26 18:59:10.133 D/RILC    ( 1367): [0863]> GET_NEIGHBORING_CELL_IDS 
04-26 18:59:10.133 D/HTC_RIL ( 1367): ril_func_get_neighbor_cell():called
04-26 18:59:10.133 D/HTC_RIL ( 1367): (t=1366995550)>> AT+Q3GNCELL\r
04-26 18:59:10.133 D/HTC_RIL ( 1367): TX::> AT+Q3GNCELL\r
04-26 18:59:10.143 D/HTC_RIL ( 1367): RX::> +Q3GNCELL: "00430778",27,0\r\n0\r
04-26 18:59:10.143 D/HTC_RIL ( 1367): (t=1366995550)<< +Q3GNCELL: "00430778",27,0\r\n0\r
04-26 18:59:10.143 D/RILC    ( 1367): [0863]< GET_NEIGHBORING_CELL_IDS }
04-26 18:59:10.143 D/RILJ    ( 1601): [0863]< GET_NEIGHBORING_CELL_IDS  
04-26 18:59:13.066 D/HTC_RIL ( 1367): RX::> +HTCUCSQ: 14\r\n
04-26 18:59:13.066 D/HTC_RIL ( 1367): (t=1366995553)%% +HTCUCSQ: 14\r\n
04-26 18:59:13.066 D/RILC    ( 1367): [UNSL]< UNSOL_SIGNAL_STRENGTH {[signalStrength=14,bitErrorRate=99,                CDMA_SignalStrength.dbm=-1,CDMA_SignalStrength.ecio=-1,                EVDO_SignalStrength.dbm =-1,EVDO_SignalStrength.ecio=-1,                EVDO_SignalStrength.signalNoiseRatio=0,                ATT_SignalStrength.dbm =-1,ATT_SignalStrength.ecno=-1]}
04-26 18:59:13.066 D/RILJ    ( 1601): [UNSL]< UNSOL_SIGNAL_STRENGTH {14, 99, -1, -1, -1, -1, 0, -1, -1, 0, 0, 0, 0, 0}
04-26 18:59:13.837 D/HTC_RIL ( 1367): RX::> +CREG: 1,"005E","00434DA3"\r\n
04-26 18:59:13.837 D/HTC_RIL ( 1367): check_phone_mode_change():last_scan_network_type:0
04-26 18:59:13.837 D/HTC_RIL ( 1367): check_phone_mode_change():last_register_network:0
04-26 18:59:13.837 D/HTC_RIL ( 1367): check_phone_mode_change():init network_mode:0
04-26 18:59:13.847 D/HTC_RIL ( 1367): check_phone_mode_change():set the modem type to UMTS
04-26 18:59:13.857 D/HTC_RIL ( 1367): (t=1366995553)%% +CREG: 1,"005E","00434DA3"\r\n
04-26 18:59:13.857 D/RILC    ( 1367): [UNSL]< UNSOL_DATA_NETWORK_STATE_CHANGED 
04-26 18:59:13.857 D/RILJ    ( 1601): [UNSL]< UNSOL_DATA_NETWORK_STATE_CHANGED
04-26 18:59:13.857 D/RILJ    ( 1601): [0864]> OPERATOR
04-26 18:59:13.857 D/RILC    ( 1367): [UNSL]< UNSOL_RESPONSE_NETWORK_STATE_CHANGED 
04-26 18:59:13.857 D/RILJ    ( 1601): [UNSL]< UNSOL_RESPONSE_NETWORK_STATE_CHANGED
04-26 18:59:13.857 D/RILC    ( 1367): [0864]> OPERATOR 
04-26 18:59:13.857 D/HTC_RIL ( 1367): ril_func_get_curr_operator_name():called
04-26 18:59:13.857 D/HTC_RIL ( 1367): (t=1366995553)>> AT+COPS=3,2;+COPS?\r
04-26 18:59:13.857 D/HTC_RIL ( 1367): TX::> AT+COPS=3,2;+COPS?\r
04-26 18:59:13.857 D/RILJ    ( 1601): [0865]> REGISTRATION_STATE
04-26 18:59:13.867 D/HTC_RIL ( 1367): RX::> +COPS: 0,2,"23802",2\r\n0\r
04-26 18:59:13.867 D/HTC_RIL ( 1367): (t=1366995553)<< +COPS: 0,2,"23802",2\r\n0\r
04-26 18:59:13.867 D/RILC    ( 1367): [0865]> REGISTRATION_STATE 
04-26 18:59:13.867 D/HTC_RIL ( 1367): ril_func_get_gsm_cdma_reg_state():called
04-26 18:59:13.867 D/HTC_RIL ( 1367): operator_name_get_by_plmn_num():[ccl]rule: 5
04-26 18:59:13.867 D/HTC_RIL ( 1367): operator_name_get_by_plmn_num():[ccl]long_alpha: Telenor DK
04-26 18:59:13.867 D/HTC_RIL ( 1367): operator_name_get_by_plmn_num():[ccl]short_alpha: (N/A)
04-26 18:59:13.867 D/HTC_RIL ( 1367): operator_name_get_by_plmn_num():[ccl]numeric: 23802
04-26 18:59:13.867 D/HTC_RIL ( 1367): operator_name_get_by_plmn_num():[ccl]priority: 5
04-26 18:59:13.867 D/RILJ    ( 1601): [0866]> GPRS_REGISTRATION_STATE
04-26 18:59:13.867 D/RILC    ( 1367): [0864]< OPERATOR {Telenor DK,(N/A),23802,5}
04-26 18:59:13.867 D/HTC_RIL ( 1367): (t=1366995553)>> AT+CREG?\r
04-26 18:59:13.867 D/HTC_RIL ( 1367): TX::> AT+CREG?\r
04-26 18:59:13.867 D/RILJ    ( 1601): [0864]< OPERATOR {Telenor DK, (N/A), 23802, 5}
04-26 18:59:13.867 D/HTC_RIL ( 1367): RX::> +CREG: 2,1,"005E","00434DA3"\r\n0\r
04-26 18:59:13.867 D/HTC_RIL ( 1367): (t=1366995553)<< +CREG: 2,1,"005E","00434DA3"\r\n0\r
04-26 18:59:13.867 D/RILC    ( 1367): [0866]> GPRS_REGISTRATION_STATE 
04-26 18:59:13.867 D/HTC_RIL ( 1367): ril_func_get_gprs_reg_state():called
04-26 18:59:13.867 D/RILJ    ( 1601): [0867]> QUERY_NETWORK_SELECTION_MODE
04-26 18:59:13.867 D/RILC    ( 1367): [0867]> QUERY_NETWORK_SELECTION_MODE 
04-26 18:59:13.867 D/HTC_RIL ( 1367): ril_func_get_network_select_mode():called
04-26 18:59:13.867 D/HTC_RIL ( 1367): (t=1366995553)>> AT+CGREG?\r
04-26 18:59:13.867 D/HTC_RIL ( 1367): TX::> AT+CGREG?\r
04-26 18:59:13.867 D/GSM     ( 1601): rilCregState: 1
04-26 18:59:13.867 D/GSM     ( 1601): rilCgregState: 1
04-26 18:59:13.867 D/GSM     ( 1601): oldRilCREGState: 0  newRilCREGState: 0
04-26 18:59:13.867 D/HTC_RIL ( 1367): RX::> +CGREG: 1,1\r\n0\r
04-26 18:59:13.867 D/HTC_RIL ( 1367): (t=1366995553)<< +CGREG: 1,1\r\n0\r
04-26 18:59:13.867 D/GSM     ( 1601): oldRilCGREGState: 0  newRilCGREGState: 0
04-26 18:59:13.867 D/GSM     ( 1601): mCregChange: false  mCgregChange: false
04-26 18:59:13.867 D/RILJ    ( 1601): [0868]> OPERATOR
04-26 18:59:13.867 D/RILC    ( 1367): [0868]> OPERATOR 
04-26 18:59:13.867 D/HTC_RIL ( 1367): ril_func_get_curr_operator_name():called
04-26 18:59:13.867 D/HTC_RIL ( 1367): (t=1366995553)>> AT+COPS=3,2;+COPS?\r
04-26 18:59:13.867 D/HTC_RIL ( 1367): TX::> AT+COPS=3,2;+COPS?\r
04-26 18:59:13.867 D/RILJ    ( 1601): [0869]> REGISTRATION_STATE
04-26 18:59:13.867 D/HTC_RIL ( 1367): RX::> +COPS: 0,2,"23802",2\r\n0\r
04-26 18:59:13.867 D/HTC_RIL ( 1367): (t=1366995553)<< +COPS: 0,2,"23802",2\r\n0\r
04-26 18:59:13.867 D/RILC    ( 1367): [0869]> REGISTRATION_STATE 
04-26 18:59:13.867 D/HTC_RIL ( 1367): ril_func_get_gsm_cdma_reg_state():called
04-26 18:59:13.867 D/RILJ    ( 1601): [0870]> GPRS_REGISTRATION_STATE
04-26 18:59:13.877 D/RILC    ( 1367): [0867]< QUERY_NETWORK_SELECTION_MODE {0}
04-26 18:59:13.877 D/RILJ    ( 1601): [0867]< QUERY_NETWORK_SELECTION_MODE {0}
04-26 18:59:13.877 D/HTC_RIL ( 1367): (t=1366995553)>> AT+COPS=3,2;+COPS?\r
04-26 18:59:13.877 D/HTC_RIL ( 1367): TX::> AT+COPS=3,2;+COPS?\r
04-26 18:59:13.877 D/HTC_RIL ( 1367): RX::> +COPS: 0,2,"23802",2\r\n0\r
04-26 18:59:13.877 D/HTC_RIL ( 1367): (t=1366995553)<< +COPS: 0,2,"23802",2\r\n0\r
04-26 18:59:13.877 D/RILC    ( 1367): [0870]> GPRS_REGISTRATION_STATE 
04-26 18:59:13.877 D/HTC_RIL ( 1367): ril_func_get_gprs_reg_state():called
04-26 18:59:13.877 D/RILJ    ( 1601): [0871]> QUERY_NETWORK_SELECTION_MODE
04-26 18:59:13.877 D/HTC_RIL ( 1367): operator_name_get_by_plmn_num():[ccl]rule: 5
04-26 18:59:13.877 D/HTC_RIL ( 1367): operator_name_get_by_plmn_num():[ccl]long_alpha: Telenor DK
04-26 18:59:13.877 D/HTC_RIL ( 1367): operator_name_get_by_plmn_num():[ccl]short_alpha: (N/A)
04-26 18:59:13.877 D/HTC_RIL ( 1367): operator_name_get_by_plmn_num():[ccl]numeric: 23802
04-26 18:59:13.877 D/HTC_RIL ( 1367): operator_name_get_by_plmn_num():[ccl]priority: 5
04-26 18:59:13.877 D/RILC    ( 1367): [0868]< OPERATOR {Telenor DK,(N/A),23802,5}
04-26 18:59:13.877 D/RILJ    ( 1601): [0868]< OPERATOR {Telenor DK, (N/A), 23802, 5}
04-26 18:59:13.877 D/HTC_RIL ( 1367): (t=1366995553)>> AT+CREG?\r
04-26 18:59:13.877 D/HTC_RIL ( 1367): TX::> AT+CREG?\r
04-26 18:59:13.877 D/RILC    ( 1367): [0871]> QUERY_NETWORK_SELECTION_MODE 
04-26 18:59:13.877 D/HTC_RIL ( 1367): ril_func_get_network_select_mode():called
04-26 18:59:13.877 D/HTC_RIL ( 1367): RX::> +CREG: 2,1,"005E","00434DA3"\r\n0\r
04-26 18:59:13.877 D/HTC_RIL ( 1367): (t=1366995553)<< +CREG: 2,1,"005E","00434DA3"\r\n0\r
04-26 18:59:13.877 D/HTC_RIL ( 1367): (t=1366995553)>> AT+CGREG?\r
04-26 18:59:13.877 D/HTC_RIL ( 1367): TX::> AT+CGREG?\r
04-26 18:59:13.877 D/HTC_RIL ( 1367): RX::> +CGREG: 1,1\r\n0\r
04-26 18:59:13.877 D/HTC_RIL ( 1367): (t=1366995553)<< +CGREG: 1,1\r\n0\r
04-26 18:59:13.877 D/HTC_RIL ( 1367): (t=1366995553)>> AT+COPS=3,2;+COPS?\r
04-26 18:59:13.877 D/HTC_RIL ( 1367): TX::> AT+COPS=3,2;+COPS?\r
04-26 18:59:13.877 D/HTC_RIL ( 1367): RX::> +COPS: 0,2,"23802",2\r\n0\r
04-26 18:59:13.877 D/HTC_RIL ( 1367): (t=1366995553)<< +COPS: 0,2,"23802",2\r\n0\r
04-26 18:59:13.877 D/HTC_RIL ( 1367): (t=1366995553)>> AT+COPS=3,2;+COPS?\r
04-26 18:59:13.877 D/HTC_RIL ( 1367): TX::> AT+COPS=3,2;+COPS?\r
04-26 18:59:13.877 D/RILC    ( 1367): [0871]< QUERY_NETWORK_SELECTION_MODE {0}
04-26 18:59:13.887 D/RILJ    ( 1601): [0871]< QUERY_NETWORK_SELECTION_MODE {0}
04-26 18:59:13.887 D/HTC_RIL ( 1367): RX::> +COPS: 0,2,"23802",2\r\n0\r
04-26 18:59:13.887 D/HTC_RIL ( 1367): (t=1366995553)<< +COPS: 0,2,"23802",2\r\n0\r
04-26 18:59:13.887 D/HTC_RIL ( 1367): (t=1366995553)>> AT+COPS=3,2;+COPS?\r
04-26 18:59:13.887 D/HTC_RIL ( 1367): TX::> AT+COPS=3,2;+COPS?\r
04-26 18:59:13.887 D/RILC    ( 1367): [0865]< REGISTRATION_STATE {1,005E,00434DA3,3,(null),(null),(null),(null),(null),(null),(null),(null),(null),(null)}
04-26 18:59:13.887 D/HTC_RIL ( 1367): RX::> +COPS: 0,2,"23802",2\r\n0\r
04-26 18:59:13.887 D/HTC_RIL ( 1367): (t=1366995553)<< +COPS: 0,2,"23802",2\r\n0\r
04-26 18:59:13.887 D/RILJ    ( 1601): [0865]< REGISTRATION_STATE {1, 005E, 00434DA3, 3, null, null, null, null, null, null, null, null, null, null}
04-26 18:59:13.887 D/HTC_RIL ( 1367): (t=1366995553)>> AT+COPS=3,2;+COPS?\r
04-26 18:59:13.887 D/HTC_RIL ( 1367): TX::> AT+COPS=3,2;+COPS?\r
04-26 18:59:13.887 D/RILC    ( 1367): [0866]< GPRS_REGISTRATION_STATE {1,(null),(null),3}
04-26 18:59:13.887 D/RILJ    ( 1601): [0866]< GPRS_REGISTRATION_STATE {1, null, null, 3}
04-26 18:59:13.887 D/HTC_RIL ( 1367): RX::> +COPS: 0,2,"23802",2\r\n0\r
04-26 18:59:13.887 D/HTC_RIL ( 1367): (t=1366995553)<< +COPS: 0,2,"23802",2\r\n0\r
04-26 18:59:13.887 D/HTC_RIL ( 1367): (t=1366995553)>> AT+COPS=3,2;+COPS?\r
04-26 18:59:13.887 D/HTC_RIL ( 1367): TX::> AT+COPS=3,2;+COPS?\r
04-26 18:59:13.887 D/RILC    ( 1367): [0869]< REGISTRATION_STATE {1,005E,00434DA3,3,(null),(null),(null),(null),(null),(null),(null),(null),(null),(null)}
04-26 18:59:13.887 D/HTC_RIL ( 1367): RX::> +COPS: 0,2,"23802",2\r\n0\r
04-26 18:59:13.887 D/HTC_RIL ( 1367): (t=1366995553)<< +COPS: 0,2,"23802",2\r\n0\r
04-26 18:59:13.887 D/RILJ    ( 1601): [0869]< REGISTRATION_STATE {1, 005E, 00434DA3, 3, null, null, null, null, null, null, null, null, null, null}
04-26 18:59:13.887 D/RILC    ( 1367): [0870]< GPRS_REGISTRATION_STATE {1,(null),(null),3}
04-26 18:59:13.887 D/RILJ    ( 1601): [0870]< GPRS_REGISTRATION_STATE {1, null, null, 3}
04-26 18:59:13.897 D/GSM     ( 1601): Poll ServiceState done:  oldSS=[0 home Telenor DK (N/A) 23802  0 UMTS CSS not supported -1 -1RoamInd: -1DefRoamInd: -1EriInd: -1EriMode: -1RadioPowerSv: falseEmergOnly: false] newSS=[0 home Telenor DK (N/A) 23802  0 UMTS CSS not supported -1 -1RoamInd: -1DefRoamInd: -1EriInd: -1EriMode: -1RadioPowerSv: falseEmergOnly: false] oldGprs=0 newGprs=0 oldType=UMTS newType=UMTS
04-26 18:59:13.897 D/GSM     ( 1601): reset the mCregChange =false
04-26 18:59:13.897 D/GSM     ( 1601): reset the mCgregChange =false
04-26 18:59:13.897 D/RILJ    ( 1601): [0872]> GET_NEIGHBORING_CELL_IDS
04-26 18:59:13.897 D/RILC    ( 1367): [0872]> GET_NEIGHBORING_CELL_IDS 
04-26 18:59:13.897 D/HTC_RIL ( 1367): ril_func_get_neighbor_cell():called
04-26 18:59:13.897 D/HTC_RIL ( 1367): (t=1366995553)>> AT+Q3GNCELL\r
04-26 18:59:13.897 D/HTC_RIL ( 1367): TX::> AT+Q3GNCELL\r
04-26 18:59:13.897 D/HTC_RIL ( 1367): RX::> +Q3GNCELL: "00434DA3",30,0\r\n0\r
04-26 18:59:13.897 D/HTC_RIL ( 1367): (t=1366995553)<< +Q3GNCELL: "00434DA3",30,0\r\n0\r
04-26 18:59:13.897 D/RILC    ( 1367): [0872]< GET_NEIGHBORING_CELL_IDS }
04-26 18:59:13.897 D/RILJ    ( 1601): [0872]< GET_NEIGHBORING_CELL_IDS  
04-26 18:59:14.387 D/RILJ    ( 1601): [0873]> OEM_HOOK_STRINGS
04-26 18:59:14.397 D/RILC    ( 1367): [0873]> OEM_HOOK_STRINGS (UNIAT,at@settimezone=1,7200
)
04-26 18:59:14.407 D/HTC_RIL ( 1367): ril_func_oem_hook_strings():called
04-26 18:59:14.407 D/HTC_RIL ( 1367): oem_hook_strings_handler_send_uniat():called
04-26 18:59:14.417 D/HTC_RIL ( 1367): (t=1366995554)>> at@settimezone=1,7200\r
04-26 18:59:14.417 D/HTC_RIL ( 1367): TX::> at@settimezone=1,7200\r
04-26 18:59:14.417 D/HTC_RIL ( 1367): RX::> 0\r
04-26 18:59:14.417 D/HTC_RIL ( 1367): (t=1366995554)<< 0\r
04-26 18:59:14.437 D/RILC    ( 1367): [0873]< OEM_HOOK_STRINGS {UNIAT,0
}
04-26 18:59:14.437 D/RILJ    ( 1601): [0873]< OEM_HOOK_STRINGS {UNIAT, 0
}
04-26 18:59:16.069 D/HTC_RIL ( 1367): RX::> +HTCUCSQ: 15\r\n
04-26 18:59:16.069 D/HTC_RIL ( 1367): (t=1366995556)%% +HTCUCSQ: 15\r\n
04-26 18:59:16.069 D/RILC    ( 1367): [UNSL]< UNSOL_SIGNAL_STRENGTH {[signalStrength=15,bitErrorRate=99,                CDMA_SignalStrength.dbm=-1,CDMA_SignalStrength.ecio=-1,                EVDO_SignalStrength.dbm =-1,EVDO_SignalStrength.ecio=-1,                EVDO_SignalStrength.signalNoiseRatio=0,                ATT_SignalStrength.dbm =-1,ATT_SignalStrength.ecno=-1]}
04-26 18:59:16.069 D/RILJ    ( 1601): [UNSL]< UNSOL_SIGNAL_STRENGTH {15, 99, -1, -1, -1, -1, 0, -1, -1, 0, 0, 0, 0, 0}
04-26 18:59:19.072 D/HTC_RIL ( 1367): RX::> +HTCUCSQ: 16\r\n
04-26 18:59:19.072 D/HTC_RIL ( 1367): (t=1366995559)%% +HTCUCSQ: 16\r\n
04-26 18:59:19.072 D/RILC    ( 1367): [UNSL]< UNSOL_SIGNAL_STRENGTH {[signalStrength=16,bitErrorRate=99,                CDMA_SignalStrength.dbm=-1,CDMA_SignalStrength.ecio=-1,                EVDO_SignalStrength.dbm =-1,EVDO_SignalStrength.ecio=-1,                EVDO_SignalStrength.signalNoiseRatio=0,                ATT_SignalStrength.dbm =-1,ATT_SignalStrength.ecno=-1]}
04-26 18:59:19.072 D/RILJ    ( 1601): [UNSL]< UNSOL_SIGNAL_STRENGTH {16, 99, -1, -1, -1, -1, 0, -1, -1, 0, 0, 0, 0, 0}
04-26 18:59:22.065 D/HTC_RIL ( 1367): RX::> +HTCUCSQ: 15\r\n
04-26 18:59:22.065 D/HTC_RIL ( 1367): (t=1366995562)%% +HTCUCSQ: 15\r\n
04-26 18:59:22.065 D/RILC    ( 1367): [UNSL]< UNSOL_SIGNAL_STRENGTH {[signalStrength=15,bitErrorRate=99,                CDMA_SignalStrength.dbm=-1,CDMA_SignalStrength.ecio=-1,                EVDO_SignalStrength.dbm =-1,EVDO_SignalStrength.ecio=-1,                EVDO_SignalStrength.signalNoiseRatio=0,                ATT_SignalStrength.dbm =-1,ATT_SignalStrength.ecno=-1]}
04-26 18:59:22.065 D/RILJ    ( 1601): [UNSL]< UNSOL_SIGNAL_STRENGTH {15, 99, -1, -1, -1, -1, 0, -1, -1, 0, 0, 0, 0, 0}
04-26 18:59:28.070 D/HTC_RIL ( 1367): RX::> +HTCUCSQ: 14\r\n
04-26 18:59:28.070 D/HTC_RIL ( 1367): (t=1366995568)%% +HTCUCSQ: 14\r\n
04-26 18:59:28.070 D/RILC    ( 1367): [UNSL]< UNSOL_SIGNAL_STRENGTH {[signalStrength=14,bitErrorRate=99,                CDMA_SignalStrength.dbm=-1,CDMA_SignalStrength.ecio=-1,                EVDO_SignalStrength.dbm =-1,EVDO_SignalStrength.ecio=-1,                EVDO_SignalStrength.signalNoiseRatio=0,                ATT_SignalStrength.dbm =-1,ATT_SignalStrength.ecno=-1]}
04-26 18:59:28.070 D/RILJ    ( 1601): [UNSL]< UNSOL_SIGNAL_STRENGTH {14, 99, -1, -1, -1, -1, 0, -1, -1, 0, 0, 0, 0, 0}
04-26 18:59:31.073 D/HTC_RIL ( 1367): RX::> +HTCUCSQ: 13\r\n
04-26 18:59:31.073 D/HTC_RIL ( 1367): (t=1366995571)%% +HTCUCSQ: 13\r\n
04-26 18:59:31.073 D/RILC    ( 1367): [UNSL]< UNSOL_SIGNAL_STRENGTH {[signalStrength=13,bitErrorRate=99,                CDMA_SignalStrength.dbm=-1,CDMA_SignalStrength.ecio=-1,                EVDO_SignalStrength.dbm =-1,EVDO_SignalStrength.ecio=-1,                EVDO_SignalStrength.signalNoiseRatio=0,                ATT_SignalStrength.dbm =-1,ATT_SignalStrength.ecno=-1]}
04-26 18:59:31.073 D/RILJ    ( 1601): [UNSL]< UNSOL_SIGNAL_STRENGTH {13, 99, -1, -1, -1, -1, 0, -1, -1, 0, 0, 0, 0, 0}
04-26 18:59:37.069 D/HTC_RIL ( 1367): RX::> +HTCUCSQ: 14\r\n
04-26 18:59:37.069 D/HTC_RIL ( 1367): (t=1366995577)%% +HTCUCSQ: 14\r\n
04-26 18:59:37.069 D/RILC    ( 1367): [UNSL]< UNSOL_SIGNAL_STRENGTH {[signalStrength=14,bitErrorRate=99,                CDMA_SignalStrength.dbm=-1,CDMA_SignalStrength.ecio=-1,                EVDO_SignalStrength.dbm =-1,EVDO_SignalStrength.ecio=-1,                EVDO_SignalStrength.signalNoiseRatio=0,                ATT_SignalStrength.dbm =-1,ATT_SignalStrength.ecno=-1]}
04-26 18:59:37.069 D/RILJ    ( 1601): [UNSL]< UNSOL_SIGNAL_STRENGTH {14, 99, -1, -1, -1, -1, 0, -1, -1, 0, 0, 0, 0, 0}
04-26 18:59:43.065 D/HTC_RIL ( 1367): RX::> +HTCUCSQ: 13\r\n
04-26 18:59:43.065 D/HTC_RIL ( 1367): (t=1366995583)%% +HTCUCSQ: 13\r\n
04-26 18:59:43.065 D/RILC    ( 1367): [UNSL]< UNSOL_SIGNAL_STRENGTH {[signalStrength=13,bitErrorRate=99,                CDMA_SignalStrength.dbm=-1,CDMA_SignalStrength.ecio=-1,                EVDO_SignalStrength.dbm =-1,EVDO_SignalStrength.ecio=-1,                EVDO_SignalStrength.signalNoiseRatio=0,                ATT_SignalStrength.dbm =-1,ATT_SignalStrength.ecno=-1]}
04-26 18:59:43.065 D/RILJ    ( 1601): [UNSL]< UNSOL_SIGNAL_STRENGTH {13, 99, -1, -1, -1, -1, 0, -1, -1, 0, 0, 0, 0, 0}
04-26 19:00:00.012 D/HTC_RIL ( 1367): RX::> +HTCCTZV: "13/04/26,17:00:00+08,1"\r\n
04-26 19:00:00.062 D/HTC_RIL ( 1367): (t=1366995600)%% +HTCCTZV: "13/04/26,17:00:00+08,1"\r\n
04-26 19:00:00.062 D/RILC    ( 1367): [UNSL]< UNSOL_NITZ_TIME_RECEIVED {13/04/26,17:00:00+08,1}
04-26 19:00:00.072 D/RILJ    ( 1601): [UNSL]< UNSOL_NITZ_TIME_RECEIVED 13/04/26,17:00:00+08,1
04-26 19:00:00.072 I/GSM     ( 1601): NITZ: 13/04/26,17:00:00+08,1,6576340 start=6576356 delay=16
04-26 19:00:00.072 D/GSM     ( 1601): get ISO: dk mGotCountryCode: true mOPERATOR_ISO_COUNTRY: dk
04-26 19:00:00.142 D/GSM     ( 1601): [checkTestIcc] mTestIcc = false
04-26 19:00:00.142 D/GSM     ( 1601): setTimeFromNITZString AUTO_TIME update time zone: Europe/Copenhagen
04-26 19:00:00.232 D/RILJ    ( 1601): [0874]> OEM_HOOK_STRINGS
04-26 19:00:00.242 D/RILC    ( 1367): [0874]> OEM_HOOK_STRINGS (UNIAT,at@settimezone=1,7200
)
04-26 19:00:00.252 D/HTC_RIL ( 1367): ril_func_oem_hook_strings():called
04-26 19:00:00.252 D/HTC_RIL ( 1367): oem_hook_strings_handler_send_uniat():called
04-26 19:00:00.262 D/HTC_RIL ( 1367): (t=1366995600)>> at@settimezone=1,7200\r
04-26 19:00:00.262 D/HTC_RIL ( 1367): TX::> at@settimezone=1,7200\r
04-26 19:00:00.262 D/HTC_RIL ( 1367): RX::> 0\r
04-26 19:00:00.262 D/HTC_RIL ( 1367): (t=1366995600)<< 0\r
04-26 19:00:00.262 D/RILC    ( 1367): [0874]< OEM_HOOK_STRINGS {UNIAT,0
}
04-26 19:00:00.262 D/RILJ    ( 1601): [0874]< OEM_HOOK_STRINGS {UNIAT, 0
}
04-26 19:00:00.207 I/GSM     ( 1601): NITZ: after Setting time of day
04-26 19:00:00.272 I/GSM     ( 1601): NITZ: Setting time of day to Fri Apr 26 19:00:00 GMT+02:00 2013 NITZ receive delay(ms): 207 gained(ms): -67 from 13/04/26,17:00:00+08,1
04-26 19:00:00.997 D/HTC_RIL ( 1367): RX::> +HTCUCSQ: 12\r\n
04-26 19:00:00.997 D/HTC_RIL ( 1367): (t=1366995601)%% +HTCUCSQ: 12\r\n
04-26 19:00:00.997 D/RILC    ( 1367): [UNSL]< UNSOL_SIGNAL_STRENGTH {[signalStrength=12,bitErrorRate=99,                CDMA_SignalStrength.dbm=-1,CDMA_SignalStrength.ecio=-1,                EVDO_SignalStrength.dbm =-1,EVDO_SignalStrength.ecio=-1,                EVDO_SignalStrength.signalNoiseRatio=0,                ATT_SignalStrength.dbm =-1,ATT_SignalStrength.ecno=-1]}
04-26 19:00:00.997 D/RILJ    ( 1601): [UNSL]< UNSOL_SIGNAL_STRENGTH {12, 99, -1, -1, -1, -1, 0, -1, -1, 0, 0, 0, 0, 0}
04-26 19:00:06.993 D/HTC_RIL ( 1367): RX::> +HTCUCSQ: 13\r\n
04-26 19:00:06.993 D/HTC_RIL ( 1367): (t=1366995607)%% +HTCUCSQ: 13\r\n
04-26 19:00:06.993 D/RILC    ( 1367): [UNSL]< UNSOL_SIGNAL_STRENGTH {[signalStrength=13,bitErrorRate=99,                CDMA_SignalStrength.dbm=-1,CDMA_SignalStrength.ecio=-1,                EVDO_SignalStrength.dbm =-1,EVDO_SignalStrength.ecio=-1,                EVDO_SignalStrength.signalNoiseRatio=0,                ATT_SignalStrength.dbm =-1,ATT_SignalStrength.ecno=-1]}
04-26 19:00:06.993 D/RILJ    ( 1601): [UNSL]< UNSOL_SIGNAL_STRENGTH {13, 99, -1, -1, -1, -1, 0, -1, -1, 0, 0, 0, 0, 0}
04-26 19:00:09.995 D/HTC_RIL ( 1367): RX::> +HTCUCSQ: 14\r\n
04-26 19:00:09.995 D/HTC_RIL ( 1367): (t=1366995610)%% +HTCUCSQ: 14\r\n
04-26 19:00:09.995 D/RILC    ( 1367): [UNSL]< UNSOL_SIGNAL_STRENGTH {[signalStrength=14,bitErrorRate=99,                CDMA_SignalStrength.dbm=-1,CDMA_SignalStrength.ecio=-1,                EVDO_SignalStrength.dbm =-1,EVDO_SignalStrength.ecio=-1,                EVDO_SignalStrength.signalNoiseRatio=0,                ATT_SignalStrength.dbm =-1,ATT_SignalStrength.ecno=-1]}
04-26 19:00:10.005 D/RILJ    ( 1601): [UNSL]< UNSOL_SIGNAL_STRENGTH {14, 99, -1, -1, -1, -1, 0, -1, -1, 0, 0, 0, 0, 0}
