04-26 18:25:18.020 D/HTC_RIL ( 1367): RX::> +CREG: 1,"005E","00434DA3"\r\n
04-26 18:25:18.020 D/HTC_RIL ( 1367): check_phone_mode_change():last_scan_network_type:0
04-26 18:25:18.020 D/HTC_RIL ( 1367): check_phone_mode_change():last_register_network:0
04-26 18:25:18.020 D/HTC_RIL ( 1367): check_phone_mode_change():init network_mode:0
04-26 18:25:18.040 D/HTC_RIL ( 1367): check_phone_mode_change():set the modem type to UMTS
04-26 18:25:18.050 D/HTC_RIL ( 1367): (t=1366993518)%% +CREG: 1,"005E","00434DA3"\r\n
04-26 18:25:18.050 D/RILC    ( 1367): [UNSL]< UNSOL_DATA_NETWORK_STATE_CHANGED 
04-26 18:25:18.050 D/RILJ    ( 1601): [UNSL]< UNSOL_DATA_NETWORK_STATE_CHANGED
04-26 18:25:18.050 D/RILJ    ( 1601): [0711]> OPERATOR
04-26 18:25:18.050 D/RILC    ( 1367): [UNSL]< UNSOL_RESPONSE_NETWORK_STATE_CHANGED 
04-26 18:25:18.050 D/RILJ    ( 1601): [UNSL]< UNSOL_RESPONSE_NETWORK_STATE_CHANGED
04-26 18:25:18.050 D/RILC    ( 1367): [0711]> OPERATOR 
04-26 18:25:18.050 D/HTC_RIL ( 1367): ril_func_get_curr_operator_name():called
04-26 18:25:18.050 D/HTC_RIL ( 1367): (t=1366993518)>> AT+COPS=3,2;+COPS?\r
04-26 18:25:18.050 D/HTC_RIL ( 1367): TX::> AT+COPS=3,2;+COPS?\r
04-26 18:25:18.050 D/RILJ    ( 1601): [0712]> REGISTRATION_STATE
04-26 18:25:18.050 D/HTC_RIL ( 1367): RX::> +COPS: 0,2,"23802",2\r\n0\r
04-26 18:25:18.050 D/HTC_RIL ( 1367): (t=1366993518)<< +COPS: 0,2,"23802",2\r\n0\r
04-26 18:25:18.050 D/RILC    ( 1367): [0712]> REGISTRATION_STATE 
04-26 18:25:18.050 D/HTC_RIL ( 1367): ril_func_get_gsm_cdma_reg_state():called
04-26 18:25:18.050 D/RILJ    ( 1601): [0713]> GPRS_REGISTRATION_STATE
04-26 18:25:18.060 D/HTC_RIL ( 1367): operator_name_get_by_plmn_num():[ccl]rule: 5
04-26 18:25:18.060 D/HTC_RIL ( 1367): operator_name_get_by_plmn_num():[ccl]long_alpha: Telenor DK
04-26 18:25:18.060 D/HTC_RIL ( 1367): operator_name_get_by_plmn_num():[ccl]short_alpha: (N/A)
04-26 18:25:18.060 D/HTC_RIL ( 1367): operator_name_get_by_plmn_num():[ccl]numeric: 23802
04-26 18:25:18.060 D/HTC_RIL ( 1367): operator_name_get_by_plmn_num():[ccl]priority: 5
04-26 18:25:18.060 D/RILC    ( 1367): [0711]< OPERATOR {Telenor DK,(N/A),23802,5}
04-26 18:25:18.060 D/RILJ    ( 1601): [0711]< OPERATOR {Telenor DK, (N/A), 23802, 5}
04-26 18:25:18.060 D/HTC_RIL ( 1367): (t=1366993518)>> AT+CREG?\r
04-26 18:25:18.060 D/HTC_RIL ( 1367): TX::> AT+CREG?\r
04-26 18:25:18.060 D/RILC    ( 1367): [0713]> GPRS_REGISTRATION_STATE 
04-26 18:25:18.060 D/HTC_RIL ( 1367): ril_func_get_gprs_reg_state():called
04-26 18:25:18.060 D/RILJ    ( 1601): [0714]> QUERY_NETWORK_SELECTION_MODE
04-26 18:25:18.060 D/HTC_RIL ( 1367): RX::> +CREG: 2,1,"005E","00434DA3"\r\n0\r
04-26 18:25:18.060 D/HTC_RIL ( 1367): (t=1366993518)<< +CREG: 2,1,"005E","00434DA3"\r\n0\r
04-26 18:25:18.060 D/RILC    ( 1367): [0714]> QUERY_NETWORK_SELECTION_MODE 
04-26 18:25:18.060 D/HTC_RIL ( 1367): ril_func_get_network_select_mode():called
04-26 18:25:18.060 D/GSM     ( 1601): rilCregState: 1
04-26 18:25:18.060 D/GSM     ( 1601): rilCgregState: 1
04-26 18:25:18.060 D/GSM     ( 1601): oldRilCREGState: 0  newRilCREGState: 0
04-26 18:25:18.060 D/GSM     ( 1601): oldRilCGREGState: 0  newRilCGREGState: 0
04-26 18:25:18.060 D/GSM     ( 1601): mCregChange: false  mCgregChange: false
04-26 18:25:18.060 D/RILJ    ( 1601): [0715]> OPERATOR
04-26 18:25:18.060 D/HTC_RIL ( 1367): (t=1366993518)>> AT+CGREG?\r
04-26 18:25:18.060 D/HTC_RIL ( 1367): TX::> AT+CGREG?\r
04-26 18:25:18.060 D/HTC_RIL ( 1367): RX::> +CGREG: 1,1\r\n0\r
04-26 18:25:18.060 D/HTC_RIL ( 1367): (t=1366993518)<< +CGREG: 1,1\r\n0\r
04-26 18:25:18.060 D/RILC    ( 1367): [0715]> OPERATOR 
04-26 18:25:18.060 D/HTC_RIL ( 1367): ril_func_get_curr_operator_name():called
04-26 18:25:18.060 D/RILJ    ( 1601): [0716]> REGISTRATION_STATE
04-26 18:25:18.060 D/HTC_RIL ( 1367): (t=1366993518)>> AT+COPS=3,2;+COPS?\r
04-26 18:25:18.060 D/HTC_RIL ( 1367): TX::> AT+COPS=3,2;+COPS?\r
04-26 18:25:18.060 D/HTC_RIL ( 1367): RX::> +COPS: 0,2,"23802",2\r\n0\r
04-26 18:25:18.060 D/HTC_RIL ( 1367): (t=1366993518)<< +COPS: 0,2,"23802",2\r\n0\r
04-26 18:25:18.060 D/RILC    ( 1367): [0716]> REGISTRATION_STATE 
04-26 18:25:18.060 D/HTC_RIL ( 1367): ril_func_get_gsm_cdma_reg_state():called
04-26 18:25:18.060 D/RILJ    ( 1601): [0717]> GPRS_REGISTRATION_STATE
04-26 18:25:18.060 D/RILC    ( 1367): [0714]< QUERY_NETWORK_SELECTION_MODE {0}
04-26 18:25:18.060 D/RILJ    ( 1601): [0714]< QUERY_NETWORK_SELECTION_MODE {0}
04-26 18:25:18.060 D/HTC_RIL ( 1367): (t=1366993518)>> AT+COPS=3,2;+COPS?\r
04-26 18:25:18.060 D/HTC_RIL ( 1367): TX::> AT+COPS=3,2;+COPS?\r
04-26 18:25:18.060 D/RILC    ( 1367): [0717]> GPRS_REGISTRATION_STATE 
04-26 18:25:18.060 D/HTC_RIL ( 1367): ril_func_get_gprs_reg_state():called
04-26 18:25:18.060 D/RILJ    ( 1601): [0718]> QUERY_NETWORK_SELECTION_MODE
04-26 18:25:18.070 D/HTC_RIL ( 1367): RX::> +COPS: 0,2,"23802",2\r\n0\r
04-26 18:25:18.070 D/HTC_RIL ( 1367): (t=1366993518)<< +COPS: 0,2,"23802",2\r\n0\r
04-26 18:25:18.070 D/RILC    ( 1367): [0718]> QUERY_NETWORK_SELECTION_MODE 
04-26 18:25:18.070 D/HTC_RIL ( 1367): ril_func_get_network_select_mode():called
04-26 18:25:18.070 D/HTC_RIL ( 1367): operator_name_get_by_plmn_num():[ccl]rule: 5
04-26 18:25:18.070 D/HTC_RIL ( 1367): operator_name_get_by_plmn_num():[ccl]long_alpha: Telenor DK
04-26 18:25:18.070 D/HTC_RIL ( 1367): operator_name_get_by_plmn_num():[ccl]short_alpha: (N/A)
04-26 18:25:18.070 D/HTC_RIL ( 1367): operator_name_get_by_plmn_num():[ccl]numeric: 23802
04-26 18:25:18.070 D/HTC_RIL ( 1367): operator_name_get_by_plmn_num():[ccl]priority: 5
04-26 18:25:18.070 D/HTC_RIL ( 1367): (t=1366993518)>> AT+CREG?\r
04-26 18:25:18.070 D/HTC_RIL ( 1367): TX::> AT+CREG?\r
04-26 18:25:18.070 D/RILC    ( 1367): [0715]< OPERATOR {Telenor DK,(N/A),23802,5}
04-26 18:25:18.070 D/HTC_RIL ( 1367): RX::> +CREG: 2,1,"005E","00434DA3"\r\n0\r
04-26 18:25:18.070 D/HTC_RIL ( 1367): (t=1366993518)<< +CREG: 2,1,"005E","00434DA3"\r\n0\r
04-26 18:25:18.070 D/RILJ    ( 1601): [0715]< OPERATOR {Telenor DK, (N/A), 23802, 5}
04-26 18:25:18.070 D/HTC_RIL ( 1367): (t=1366993518)>> AT+CGREG?\r
04-26 18:25:18.070 D/HTC_RIL ( 1367): TX::> AT+CGREG?\r
04-26 18:25:18.070 D/HTC_RIL ( 1367): RX::> +CGREG: 1,1\r\n0\r
04-26 18:25:18.070 D/HTC_RIL ( 1367): (t=1366993518)<< +CGREG: 1,1\r\n0\r
04-26 18:25:18.070 D/HTC_RIL ( 1367): (t=1366993518)>> AT+COPS=3,2;+COPS?\r
04-26 18:25:18.070 D/HTC_RIL ( 1367): TX::> AT+COPS=3,2;+COPS?\r
04-26 18:25:18.070 D/HTC_RIL ( 1367): RX::> +COPS: 0,2,"23802",2\r\n0\r
04-26 18:25:18.070 D/HTC_RIL ( 1367): (t=1366993518)<< +COPS: 0,2,"23802",2\r\n0\r
04-26 18:25:18.070 D/HTC_RIL ( 1367): (t=1366993518)>> AT+COPS=3,2;+COPS?\r
04-26 18:25:18.070 D/HTC_RIL ( 1367): TX::> AT+COPS=3,2;+COPS?\r
04-26 18:25:18.070 D/RILC    ( 1367): [0718]< QUERY_NETWORK_SELECTION_MODE {0}
04-26 18:25:18.070 D/RILJ    ( 1601): [0718]< QUERY_NETWORK_SELECTION_MODE {0}
04-26 18:25:18.070 D/HTC_RIL ( 1367): RX::> +COPS: 0,2,"23802",2\r\n0\r
04-26 18:25:18.070 D/HTC_RIL ( 1367): (t=1366993518)<< +COPS: 0,2,"23802",2\r\n0\r
04-26 18:25:18.080 D/HTC_RIL ( 1367): (t=1366993518)>> AT+COPS=3,2;+COPS?\r
04-26 18:25:18.080 D/HTC_RIL ( 1367): TX::> AT+COPS=3,2;+COPS?\r
04-26 18:25:18.080 D/RILC    ( 1367): [0712]< REGISTRATION_STATE {1,005E,00434DA3,3,(null),(null),(null),(null),(null),(null),(null),(null),(null),(null)}
04-26 18:25:18.080 D/RILJ    ( 1601): [0712]< REGISTRATION_STATE {1, 005E, 00434DA3, 3, null, null, null, null, null, null, null, null, null, null}
04-26 18:25:18.080 D/HTC_RIL ( 1367): RX::> +COPS: 0,2,"23802",2\r\n0\r
04-26 18:25:18.080 D/HTC_RIL ( 1367): (t=1366993518)<< +COPS: 0,2,"23802",2\r\n0\r
04-26 18:25:18.080 D/HTC_RIL ( 1367): (t=1366993518)>> AT+COPS=3,2;+COPS?\r
04-26 18:25:18.080 D/HTC_RIL ( 1367): TX::> AT+COPS=3,2;+COPS?\r
04-26 18:25:18.080 D/RILC    ( 1367): [0713]< GPRS_REGISTRATION_STATE {1,(null),(null),3}
04-26 18:25:18.080 D/RILJ    ( 1601): [0713]< GPRS_REGISTRATION_STATE {1, null, null, 3}
04-26 18:25:18.080 D/HTC_RIL ( 1367): RX::> +COPS: 0,2,"23802",2\r\n0\r
04-26 18:25:18.080 D/HTC_RIL ( 1367): (t=1366993518)<< +COPS: 0,2,"23802",2\r\n0\r
04-26 18:25:18.090 D/HTC_RIL ( 1367): (t=1366993518)>> AT+COPS=3,2;+COPS?\r
04-26 18:25:18.090 D/HTC_RIL ( 1367): TX::> AT+COPS=3,2;+COPS?\r
04-26 18:25:18.090 D/RILC    ( 1367): [0716]< REGISTRATION_STATE {1,005E,00434DA3,3,(null),(null),(null),(null),(null),(null),(null),(null),(null),(null)}
04-26 18:25:18.090 D/HTC_RIL ( 1367): RX::> +COPS: 0,2,"23802",2\r\n0\r
04-26 18:25:18.090 D/HTC_RIL ( 1367): (t=1366993518)<< +COPS: 0,2,"23802",2\r\n0\r
04-26 18:25:18.090 D/RILJ    ( 1601): [0716]< REGISTRATION_STATE {1, 005E, 00434DA3, 3, null, null, null, null, null, null, null, null, null, null}
04-26 18:25:18.090 D/RILC    ( 1367): [0717]< GPRS_REGISTRATION_STATE {1,(null),(null),3}
04-26 18:25:18.090 D/RILJ    ( 1601): [0717]< GPRS_REGISTRATION_STATE {1, null, null, 3}
04-26 18:25:18.090 D/GSM     ( 1601): Poll ServiceState done:  oldSS=[0 home Telenor DK (N/A) 23802  0 UMTS CSS not supported -1 -1RoamInd: -1DefRoamInd: -1EriInd: -1EriMode: -1RadioPowerSv: falseEmergOnly: false] newSS=[0 home Telenor DK (N/A) 23802  0 UMTS CSS not supported -1 -1RoamInd: -1DefRoamInd: -1EriInd: -1EriMode: -1RadioPowerSv: falseEmergOnly: false] oldGprs=0 newGprs=0 oldType=UMTS newType=UMTS
04-26 18:25:18.090 D/GSM     ( 1601): reset the mCregChange =false
04-26 18:25:18.090 D/GSM     ( 1601): reset the mCgregChange =false
04-26 18:25:18.100 D/RILJ    ( 1601): [0719]> GET_NEIGHBORING_CELL_IDS
04-26 18:25:18.100 D/RILC    ( 1367): [0719]> GET_NEIGHBORING_CELL_IDS 
04-26 18:25:18.100 D/HTC_RIL ( 1367): ril_func_get_neighbor_cell():called
04-26 18:25:18.100 D/HTC_RIL ( 1367): (t=1366993518)>> AT+Q3GNCELL\r
04-26 18:25:18.100 D/HTC_RIL ( 1367): TX::> AT+Q3GNCELL\r
04-26 18:25:18.100 D/HTC_RIL ( 1367): RX::> +Q3GNCELL: "00434DA3",31,0\r\n0\r
04-26 18:25:18.100 D/HTC_RIL ( 1367): (t=1366993518)<< +Q3GNCELL: "00434DA3",31,0\r\n0\r
04-26 18:25:18.110 D/RILC    ( 1367): [0719]< GET_NEIGHBORING_CELL_IDS }
04-26 18:25:18.110 D/RILJ    ( 1601): [0719]< GET_NEIGHBORING_CELL_IDS  
04-26 18:25:18.861 D/HTC_RIL ( 1367): RX::> +HTCUCSQ: 15\r\n
04-26 18:25:18.861 D/HTC_RIL ( 1367): (t=1366993518)%% +HTCUCSQ: 15\r\n
04-26 18:25:18.861 D/RILC    ( 1367): [UNSL]< UNSOL_SIGNAL_STRENGTH {[signalStrength=15,bitErrorRate=99,                CDMA_SignalStrength.dbm=-1,CDMA_SignalStrength.ecio=-1,                EVDO_SignalStrength.dbm =-1,EVDO_SignalStrength.ecio=-1,                EVDO_SignalStrength.signalNoiseRatio=0,                ATT_SignalStrength.dbm =-1,ATT_SignalStrength.ecno=-1]}
04-26 18:25:18.861 D/RILJ    ( 1601): [UNSL]< UNSOL_SIGNAL_STRENGTH {15, 99, -1, -1, -1, -1, 0, -1, -1, 0, 0, 0, 0, 0}
04-26 18:25:27.860 D/HTC_RIL ( 1367): RX::> +HTCUCSQ: 14\r\n
04-26 18:25:27.860 D/HTC_RIL ( 1367): (t=1366993527)%% +HTCUCSQ: 14\r\n
04-26 18:25:27.860 D/RILC    ( 1367): [UNSL]< UNSOL_SIGNAL_STRENGTH {[signalStrength=14,bitErrorRate=99,                CDMA_SignalStrength.dbm=-1,CDMA_SignalStrength.ecio=-1,                EVDO_SignalStrength.dbm =-1,EVDO_SignalStrength.ecio=-1,                EVDO_SignalStrength.signalNoiseRatio=0,                ATT_SignalStrength.dbm =-1,ATT_SignalStrength.ecno=-1]}
04-26 18:25:27.860 D/RILJ    ( 1601): [UNSL]< UNSOL_SIGNAL_STRENGTH {14, 99, -1, -1, -1, -1, 0, -1, -1, 0, 0, 0, 0, 0}
04-26 18:25:42.865 D/HTC_RIL ( 1367): RX::> +HTCUCSQ: 15\r\n
04-26 18:25:42.865 D/HTC_RIL ( 1367): (t=1366993542)%% +HTCUCSQ: 15\r\n
04-26 18:25:42.865 D/RILC    ( 1367): [UNSL]< UNSOL_SIGNAL_STRENGTH {[signalStrength=15,bitErrorRate=99,                CDMA_SignalStrength.dbm=-1,CDMA_SignalStrength.ecio=-1,                EVDO_SignalStrength.dbm =-1,EVDO_SignalStrength.ecio=-1,                EVDO_SignalStrength.signalNoiseRatio=0,                ATT_SignalStrength.dbm =-1,ATT_SignalStrength.ecno=-1]}
04-26 18:25:42.865 D/RILJ    ( 1601): [UNSL]< UNSOL_SIGNAL_STRENGTH {15, 99, -1, -1, -1, -1, 0, -1, -1, 0, 0, 0, 0, 0}
04-26 18:25:51.863 D/HTC_RIL ( 1367): RX::> +HTCUCSQ: 14\r\n
04-26 18:25:51.863 D/HTC_RIL ( 1367): (t=1366993551)%% +HTCUCSQ: 14\r\n
04-26 18:25:51.863 D/RILC    ( 1367): [UNSL]< UNSOL_SIGNAL_STRENGTH {[signalStrength=14,bitErrorRate=99,                CDMA_SignalStrength.dbm=-1,CDMA_SignalStrength.ecio=-1,                EVDO_SignalStrength.dbm =-1,EVDO_SignalStrength.ecio=-1,                EVDO_SignalStrength.signalNoiseRatio=0,                ATT_SignalStrength.dbm =-1,ATT_SignalStrength.ecno=-1]}
04-26 18:25:51.873 D/RILJ    ( 1601): [UNSL]< UNSOL_SIGNAL_STRENGTH {14, 99, -1, -1, -1, -1, 0, -1, -1, 0, 0, 0, 0, 0}
04-26 18:26:09.871 D/HTC_RIL ( 1367): RX::> +HTCUCSQ: 13\r\n
04-26 18:26:09.871 D/HTC_RIL ( 1367): (t=1366993569)%% +HTCUCSQ: 13\r\n
04-26 18:26:09.871 D/RILC    ( 1367): [UNSL]< UNSOL_SIGNAL_STRENGTH {[signalStrength=13,bitErrorRate=99,                CDMA_SignalStrength.dbm=-1,CDMA_SignalStrength.ecio=-1,                EVDO_SignalStrength.dbm =-1,EVDO_SignalStrength.ecio=-1,                EVDO_SignalStrength.signalNoiseRatio=0,                ATT_SignalStrength.dbm =-1,ATT_SignalStrength.ecno=-1]}
04-26 18:26:09.871 D/RILJ    ( 1601): [UNSL]< UNSOL_SIGNAL_STRENGTH {13, 99, -1, -1, -1, -1, 0, -1, -1, 0, 0, 0, 0, 0}
04-26 18:26:14.986 D/HTC_RIL ( 1367): RX::> +CREG: 1,"005E","00433691"\r\n
04-26 18:26:14.986 D/HTC_RIL ( 1367): check_phone_mode_change():last_scan_network_type:0
04-26 18:26:14.986 D/HTC_RIL ( 1367): check_phone_mode_change():last_register_network:0
04-26 18:26:14.986 D/HTC_RIL ( 1367): check_phone_mode_change():init network_mode:0
04-26 18:26:14.996 D/HTC_RIL ( 1367): check_phone_mode_change():set the modem type to UMTS
04-26 18:26:15.006 D/RILC    ( 1367): [UNSL]< UNSOL_DATA_NETWORK_STATE_CHANGED 
04-26 18:26:15.006 D/RILJ    ( 1601): [UNSL]< UNSOL_DATA_NETWORK_STATE_CHANGED
04-26 18:26:15.006 D/RILJ    ( 1601): [0720]> OPERATOR
04-26 18:26:15.006 D/HTC_RIL ( 1367): (t=1366993575)%% +CREG: 1,"005E","00433691"\r\n
04-26 18:26:15.006 D/RILC    ( 1367): [0720]> OPERATOR 
04-26 18:26:15.006 D/HTC_RIL ( 1367): ril_func_get_curr_operator_name():called
04-26 18:26:15.006 D/HTC_RIL ( 1367): (t=1366993575)>> AT+COPS=3,2;+COPS?\r
04-26 18:26:15.006 D/HTC_RIL ( 1367): TX::> AT+COPS=3,2;+COPS?\r
04-26 18:26:15.006 D/RILJ    ( 1601): [0721]> REGISTRATION_STATE
04-26 18:26:15.006 D/RILC    ( 1367): [UNSL]< UNSOL_RESPONSE_NETWORK_STATE_CHANGED 
04-26 18:26:15.016 D/RILJ    ( 1601): [UNSL]< UNSOL_RESPONSE_NETWORK_STATE_CHANGED
04-26 18:26:15.016 D/HTC_RIL ( 1367): RX::> +COPS: 0,2,"23802",2\r\n0\r
04-26 18:26:15.016 D/HTC_RIL ( 1367): (t=1366993575)<< +COPS: 0,2,"23802",2\r\n0\r
04-26 18:26:15.016 D/HTC_RIL ( 1367): operator_name_get_by_plmn_num():[ccl]rule: 5
04-26 18:26:15.016 D/HTC_RIL ( 1367): operator_name_get_by_plmn_num():[ccl]long_alpha: Telenor DK
04-26 18:26:15.016 D/HTC_RIL ( 1367): operator_name_get_by_plmn_num():[ccl]short_alpha: (N/A)
04-26 18:26:15.016 D/HTC_RIL ( 1367): operator_name_get_by_plmn_num():[ccl]numeric: 23802
04-26 18:26:15.016 D/HTC_RIL ( 1367): operator_name_get_by_plmn_num():[ccl]priority: 5
04-26 18:26:15.016 D/RILC    ( 1367): [0721]> REGISTRATION_STATE 
04-26 18:26:15.016 D/HTC_RIL ( 1367): ril_func_get_gsm_cdma_reg_state():called
04-26 18:26:15.016 D/RILC    ( 1367): [0720]< OPERATOR {Telenor DK,(N/A),23802,5}
04-26 18:26:15.016 D/HTC_RIL ( 1367): (t=1366993575)>> AT+CREG?\r
04-26 18:26:15.016 D/HTC_RIL ( 1367): TX::> AT+CREG?\r
04-26 18:26:15.016 D/RILJ    ( 1601): [0720]< OPERATOR {Telenor DK, (N/A), 23802, 5}
04-26 18:26:15.016 D/HTC_RIL ( 1367): RX::> +CREG: 2,1,"005E","00433691"\r\n0\r
04-26 18:26:15.016 D/RILJ    ( 1601): [0722]> GPRS_REGISTRATION_STATE
04-26 18:26:15.016 D/HTC_RIL ( 1367): (t=1366993575)<< +CREG: 2,1,"005E","00433691"\r\n0\r
04-26 18:26:15.026 D/RILC    ( 1367): [0722]> GPRS_REGISTRATION_STATE 
04-26 18:26:15.026 D/HTC_RIL ( 1367): ril_func_get_gprs_reg_state():called
04-26 18:26:15.026 D/HTC_RIL ( 1367): (t=1366993575)>> AT+CGREG?\r
04-26 18:26:15.026 D/HTC_RIL ( 1367): TX::> AT+CGREG?\r
04-26 18:26:15.026 D/HTC_RIL ( 1367): RX::> +CGREG: 1,1\r\n0\r
04-26 18:26:15.026 D/HTC_RIL ( 1367): (t=1366993575)<< +CGREG: 1,1\r\n0\r
04-26 18:26:15.026 D/RILJ    ( 1601): [0723]> QUERY_NETWORK_SELECTION_MODE
04-26 18:26:15.026 D/HTC_RIL ( 1367): (t=1366993575)>> AT+COPS=3,2;+COPS?\r
04-26 18:26:15.026 D/HTC_RIL ( 1367): TX::> AT+COPS=3,2;+COPS?\r
04-26 18:26:15.026 D/RILC    ( 1367): [0723]> QUERY_NETWORK_SELECTION_MODE 
04-26 18:26:15.026 D/HTC_RIL ( 1367): ril_func_get_network_select_mode():called
04-26 18:26:15.026 D/HTC_RIL ( 1367): RX::> +COPS: 0,2,"23802",2\r\n0\r
04-26 18:26:15.026 D/HTC_RIL ( 1367): (t=1366993575)<< +COPS: 0,2,"23802",2\r\n0\r
04-26 18:26:15.026 D/GSM     ( 1601): rilCregState: 1
04-26 18:26:15.026 D/GSM     ( 1601): rilCgregState: 1
04-26 18:26:15.026 D/GSM     ( 1601): oldRilCREGState: 0  newRilCREGState: 0
04-26 18:26:15.026 D/GSM     ( 1601): oldRilCGREGState: 0  newRilCGREGState: 0
04-26 18:26:15.026 D/GSM     ( 1601): mCregChange: false  mCgregChange: false
04-26 18:26:15.026 D/RILC    ( 1367): [0721]< REGISTRATION_STATE {1,005E,00433691,3,(null),(null),(null),(null),(null),(null),(null),(null),(null),(null)}
04-26 18:26:15.026 D/RILJ    ( 1601): [0721]< REGISTRATION_STATE {1, 005E, 00433691, 3, null, null, null, null, null, null, null, null, null, null}
04-26 18:26:15.026 D/HTC_RIL ( 1367): (t=1366993575)>> AT+COPS=3,2;+COPS?\r
04-26 18:26:15.026 D/HTC_RIL ( 1367): TX::> AT+COPS=3,2;+COPS?\r
04-26 18:26:15.026 D/RILJ    ( 1601): [0724]> OPERATOR
04-26 18:26:15.036 D/HTC_RIL ( 1367): RX::> +COPS: 0,2,"23802",2\r\n0\r
04-26 18:26:15.036 D/HTC_RIL ( 1367): (t=1366993575)<< +COPS: 0,2,"23802",2\r\n0\r
04-26 18:26:15.036 D/RILC    ( 1367): [0723]< QUERY_NETWORK_SELECTION_MODE {0}
04-26 18:26:15.036 D/RILJ    ( 1601): [0723]< QUERY_NETWORK_SELECTION_MODE {0}
04-26 18:26:15.036 D/HTC_RIL ( 1367): (t=1366993575)>> AT+COPS=3,2;+COPS?\r
04-26 18:26:15.036 D/HTC_RIL ( 1367): TX::> AT+COPS=3,2;+COPS?\r
04-26 18:26:15.036 D/RILC    ( 1367): [0724]> OPERATOR 
04-26 18:26:15.036 D/HTC_RIL ( 1367): ril_func_get_curr_operator_name():called
04-26 18:26:15.036 D/HTC_RIL ( 1367): RX::> +COPS: 0,2,"23802",2\r\n0\r
04-26 18:26:15.036 D/HTC_RIL ( 1367): (t=1366993575)<< +COPS: 0,2,"23802",2\r\n0\r
04-26 18:26:15.036 D/RILJ    ( 1601): [0725]> REGISTRATION_STATE
04-26 18:26:15.036 D/RILC    ( 1367): [0722]< GPRS_REGISTRATION_STATE {1,(null),(null),3}
04-26 18:26:15.036 D/RILJ    ( 1601): [0722]< GPRS_REGISTRATION_STATE {1, null, null, 3}
04-26 18:26:15.036 D/HTC_RIL ( 1367): (t=1366993575)>> AT+COPS=3,2;+COPS?\r
04-26 18:26:15.036 D/HTC_RIL ( 1367): TX::> AT+COPS=3,2;+COPS?\r
04-26 18:26:15.036 D/HTC_RIL ( 1367): RX::> +COPS: 0,2,"23802",2\r\n0\r
04-26 18:26:15.036 D/HTC_RIL ( 1367): (t=1366993575)<< +COPS: 0,2,"23802",2\r\n0\r
04-26 18:26:15.046 D/RILC    ( 1367): [0725]> REGISTRATION_STATE 
04-26 18:26:15.046 D/HTC_RIL ( 1367): ril_func_get_gsm_cdma_reg_state():called
04-26 18:26:15.046 D/HTC_RIL ( 1367): operator_name_get_by_plmn_num():[ccl]rule: 5
04-26 18:26:15.046 D/HTC_RIL ( 1367): operator_name_get_by_plmn_num():[ccl]long_alpha: Telenor DK
04-26 18:26:15.046 D/HTC_RIL ( 1367): operator_name_get_by_plmn_num():[ccl]short_alpha: (N/A)
04-26 18:26:15.046 D/HTC_RIL ( 1367): operator_name_get_by_plmn_num():[ccl]numeric: 23802
04-26 18:26:15.046 D/HTC_RIL ( 1367): operator_name_get_by_plmn_num():[ccl]priority: 5
04-26 18:26:15.046 D/RILC    ( 1367): [0724]< OPERATOR {Telenor DK,(N/A),23802,5}
04-26 18:26:15.046 D/RILJ    ( 1601): [0724]< OPERATOR {Telenor DK, (N/A), 23802, 5}
04-26 18:26:15.046 D/HTC_RIL ( 1367): (t=1366993575)>> AT+CREG?\r
04-26 18:26:15.046 D/HTC_RIL ( 1367): TX::> AT+CREG?\r
04-26 18:26:15.046 D/RILJ    ( 1601): [0726]> GPRS_REGISTRATION_STATE
04-26 18:26:15.046 D/HTC_RIL ( 1367): RX::> +CREG: 2,1,"005E","00433691"\r\n0\r
04-26 18:26:15.046 D/HTC_RIL ( 1367): (t=1366993575)<< +CREG: 2,1,"005E","00433691"\r\n0\r
04-26 18:26:15.046 D/RILC    ( 1367): [0726]> GPRS_REGISTRATION_STATE 
04-26 18:26:15.046 D/HTC_RIL ( 1367): ril_func_get_gprs_reg_state():called
04-26 18:26:15.046 D/HTC_RIL ( 1367): (t=1366993575)>> AT+CGREG?\r
04-26 18:26:15.046 D/HTC_RIL ( 1367): TX::> AT+CGREG?\r
04-26 18:26:15.046 D/HTC_RIL ( 1367): RX::> +CGREG: 1,1\r\n0\r
04-26 18:26:15.046 D/HTC_RIL ( 1367): (t=1366993575)<< +CGREG: 1,1\r\n0\r
04-26 18:26:15.046 D/RILJ    ( 1601): [0727]> QUERY_NETWORK_SELECTION_MODE
04-26 18:26:15.056 D/HTC_RIL ( 1367): (t=1366993575)>> AT+COPS=3,2;+COPS?\r
04-26 18:26:15.056 D/HTC_RIL ( 1367): TX::> AT+COPS=3,2;+COPS?\r
04-26 18:26:15.056 D/RILC    ( 1367): [0727]> QUERY_NETWORK_SELECTION_MODE 
04-26 18:26:15.056 D/HTC_RIL ( 1367): ril_func_get_network_select_mode():called
04-26 18:26:15.056 D/HTC_RIL ( 1367): RX::> +COPS: 0,2,"23802",2\r\n0\r
04-26 18:26:15.056 D/HTC_RIL ( 1367): (t=1366993575)<< +COPS: 0,2,"23802",2\r\n0\r
04-26 18:26:15.056 D/RILC    ( 1367): [0725]< REGISTRATION_STATE {1,005E,00433691,3,(null),(null),(null),(null),(null),(null),(null),(null),(null),(null)}
04-26 18:26:15.056 D/HTC_RIL ( 1367): (t=1366993575)>> AT+COPS=3,2;+COPS?\r
04-26 18:26:15.056 D/HTC_RIL ( 1367): TX::> AT+COPS=3,2;+COPS?\r
04-26 18:26:15.056 D/HTC_RIL ( 1367): RX::> +COPS: 0,2,"23802",2\r\n0\r
04-26 18:26:15.056 D/RILJ    ( 1601): [0725]< REGISTRATION_STATE {1, 005E, 00433691, 3, null, null, null, null, null, null, null, null, null, null}
04-26 18:26:15.056 D/HTC_RIL ( 1367): (t=1366993575)<< +COPS: 0,2,"23802",2\r\n0\r
04-26 18:26:15.056 D/RILC    ( 1367): [0727]< QUERY_NETWORK_SELECTION_MODE {0}
04-26 18:26:15.056 D/HTC_RIL ( 1367): (t=1366993575)>> AT+COPS=3,2;+COPS?\r
04-26 18:26:15.056 D/HTC_RIL ( 1367): TX::> AT+COPS=3,2;+COPS?\r
04-26 18:26:15.056 D/HTC_RIL ( 1367): RX::> +COPS: 0,2,"23802",2\r\n0\r
04-26 18:26:15.066 D/HTC_RIL ( 1367): (t=1366993575)<< +COPS: 0,2,"23802",2\r\n0\r
04-26 18:26:15.066 D/RILJ    ( 1601): [0727]< QUERY_NETWORK_SELECTION_MODE {0}
04-26 18:26:15.066 D/RILC    ( 1367): [0726]< GPRS_REGISTRATION_STATE {1,(null),(null),3}
04-26 18:26:15.066 D/RILJ    ( 1601): [0726]< GPRS_REGISTRATION_STATE {1, null, null, 3}
04-26 18:26:15.066 D/GSM     ( 1601): Poll ServiceState done:  oldSS=[0 home Telenor DK (N/A) 23802  0 UMTS CSS not supported -1 -1RoamInd: -1DefRoamInd: -1EriInd: -1EriMode: -1RadioPowerSv: falseEmergOnly: false] newSS=[0 home Telenor DK (N/A) 23802  0 UMTS CSS not supported -1 -1RoamInd: -1DefRoamInd: -1EriInd: -1EriMode: -1RadioPowerSv: falseEmergOnly: false] oldGprs=0 newGprs=0 oldType=UMTS newType=UMTS
04-26 18:26:15.066 D/GSM     ( 1601): reset the mCregChange =false
04-26 18:26:15.066 D/GSM     ( 1601): reset the mCgregChange =false
04-26 18:26:15.076 D/RILJ    ( 1601): [0728]> GET_NEIGHBORING_CELL_IDS
04-26 18:26:15.076 D/RILC    ( 1367): [0728]> GET_NEIGHBORING_CELL_IDS 
04-26 18:26:15.076 D/HTC_RIL ( 1367): ril_func_get_neighbor_cell():called
04-26 18:26:15.076 D/HTC_RIL ( 1367): (t=1366993575)>> AT+Q3GNCELL\r
04-26 18:26:15.076 D/HTC_RIL ( 1367): TX::> AT+Q3GNCELL\r
04-26 18:26:15.076 D/HTC_RIL ( 1367): RX::> +Q3GNCELL: "00433691",20,0\r\n0\r
04-26 18:26:15.076 D/HTC_RIL ( 1367): (t=1366993575)<< +Q3GNCELL: "00433691",20,0\r\n0\r
04-26 18:26:15.086 D/RILC    ( 1367): [0728]< GET_NEIGHBORING_CELL_IDS }
04-26 18:26:15.086 D/RILJ    ( 1601): [0728]< GET_NEIGHBORING_CELL_IDS  
04-26 18:26:15.867 D/HTC_RIL ( 1367): RX::> +HTCUCSQ: 12\r\n
04-26 18:26:15.867 D/HTC_RIL ( 1367): (t=1366993575)%% +HTCUCSQ: 12\r\n
04-26 18:26:15.867 D/RILC    ( 1367): [UNSL]< UNSOL_SIGNAL_STRENGTH {[signalStrength=12,bitErrorRate=99,                CDMA_SignalStrength.dbm=-1,CDMA_SignalStrength.ecio=-1,                EVDO_SignalStrength.dbm =-1,EVDO_SignalStrength.ecio=-1,                EVDO_SignalStrength.signalNoiseRatio=0,                ATT_SignalStrength.dbm =-1,ATT_SignalStrength.ecno=-1]}
04-26 18:26:15.867 D/RILJ    ( 1601): [UNSL]< UNSOL_SIGNAL_STRENGTH {12, 99, -1, -1, -1, -1, 0, -1, -1, 0, 0, 0, 0, 0}
04-26 18:26:18.870 D/HTC_RIL ( 1367): RX::> +HTCUCSQ: 14\r\n
04-26 18:26:18.870 D/HTC_RIL ( 1367): (t=1366993578)%% +HTCUCSQ: 14\r\n
04-26 18:26:18.870 D/RILC    ( 1367): [UNSL]< UNSOL_SIGNAL_STRENGTH {[signalStrength=14,bitErrorRate=99,                CDMA_SignalStrength.dbm=-1,CDMA_SignalStrength.ecio=-1,                EVDO_SignalStrength.dbm =-1,EVDO_SignalStrength.ecio=-1,                EVDO_SignalStrength.signalNoiseRatio=0,                ATT_SignalStrength.dbm =-1,ATT_SignalStrength.ecno=-1]}
04-26 18:26:18.870 D/RILJ    ( 1601): [UNSL]< UNSOL_SIGNAL_STRENGTH {14, 99, -1, -1, -1, -1, 0, -1, -1, 0, 0, 0, 0, 0}
04-26 18:26:21.873 D/HTC_RIL ( 1367): RX::> +HTCUCSQ: 16\r\n
04-26 18:26:21.873 D/HTC_RIL ( 1367): (t=1366993581)%% +HTCUCSQ: 16\r\n
04-26 18:26:21.873 D/RILC    ( 1367): [UNSL]< UNSOL_SIGNAL_STRENGTH {[signalStrength=16,bitErrorRate=99,                CDMA_SignalStrength.dbm=-1,CDMA_SignalStrength.ecio=-1,                EVDO_SignalStrength.dbm =-1,EVDO_SignalStrength.ecio=-1,                EVDO_SignalStrength.signalNoiseRatio=0,                ATT_SignalStrength.dbm =-1,ATT_SignalStrength.ecno=-1]}
04-26 18:26:21.873 D/RILJ    ( 1601): [UNSL]< UNSOL_SIGNAL_STRENGTH {16, 99, -1, -1, -1, -1, 0, -1, -1, 0, 0, 0, 0, 0}
04-26 18:26:24.866 D/HTC_RIL ( 1367): RX::> +HTCUCSQ: 15\r\n
04-26 18:26:24.866 D/HTC_RIL ( 1367): (t=1366993584)%% +HTCUCSQ: 15\r\n
04-26 18:26:24.866 D/RILC    ( 1367): [UNSL]< UNSOL_SIGNAL_STRENGTH {[signalStrength=15,bitErrorRate=99,                CDMA_SignalStrength.dbm=-1,CDMA_SignalStrength.ecio=-1,                EVDO_SignalStrength.dbm =-1,EVDO_SignalStrength.ecio=-1,                EVDO_SignalStrength.signalNoiseRatio=0,                ATT_SignalStrength.dbm =-1,ATT_SignalStrength.ecno=-1]}
04-26 18:26:24.866 D/RILJ    ( 1601): [UNSL]< UNSOL_SIGNAL_STRENGTH {15, 99, -1, -1, -1, -1, 0, -1, -1, 0, 0, 0, 0, 0}
04-26 18:26:27.869 D/HTC_RIL ( 1367): RX::> +HTCUCSQ: 16\r\n
04-26 18:26:27.869 D/HTC_RIL ( 1367): (t=1366993587)%% +HTCUCSQ: 16\r\n
04-26 18:26:27.869 D/RILC    ( 1367): [UNSL]< UNSOL_SIGNAL_STRENGTH {[signalStrength=16,bitErrorRate=99,                CDMA_SignalStrength.dbm=-1,CDMA_SignalStrength.ecio=-1,                EVDO_SignalStrength.dbm =-1,EVDO_SignalStrength.ecio=-1,                EVDO_SignalStrength.signalNoiseRatio=0,                ATT_SignalStrength.dbm =-1,ATT_SignalStrength.ecno=-1]}
04-26 18:26:27.869 D/RILJ    ( 1601): [UNSL]< UNSOL_SIGNAL_STRENGTH {16, 99, -1, -1, -1, -1, 0, -1, -1, 0, 0, 0, 0, 0}
04-26 18:26:30.871 D/HTC_RIL ( 1367): RX::> +HTCUCSQ: 14\r\n
04-26 18:26:30.871 D/HTC_RIL ( 1367): (t=1366993590)%% +HTCUCSQ: 14\r\n
04-26 18:26:30.871 D/RILC    ( 1367): [UNSL]< UNSOL_SIGNAL_STRENGTH {[signalStrength=14,bitErrorRate=99,                CDMA_SignalStrength.dbm=-1,CDMA_SignalStrength.ecio=-1,                EVDO_SignalStrength.dbm =-1,EVDO_SignalStrength.ecio=-1,                EVDO_SignalStrength.signalNoiseRatio=0,                ATT_SignalStrength.dbm =-1,ATT_SignalStrength.ecno=-1]}
04-26 18:26:30.871 D/RILJ    ( 1601): [UNSL]< UNSOL_SIGNAL_STRENGTH {14, 99, -1, -1, -1, -1, 0, -1, -1, 0, 0, 0, 0, 0}
04-26 18:26:48.869 D/HTC_RIL ( 1367): RX::> +HTCUCSQ: 15\r\n
04-26 18:26:48.869 D/HTC_RIL ( 1367): (t=1366993608)%% +HTCUCSQ: 15\r\n
04-26 18:26:48.869 D/RILC    ( 1367): [UNSL]< UNSOL_SIGNAL_STRENGTH {[signalStrength=15,bitErrorRate=99,                CDMA_SignalStrength.dbm=-1,CDMA_SignalStrength.ecio=-1,                EVDO_SignalStrength.dbm =-1,EVDO_SignalStrength.ecio=-1,                EVDO_SignalStrength.signalNoiseRatio=0,                ATT_SignalStrength.dbm =-1,ATT_SignalStrength.ecno=-1]}
04-26 18:26:48.869 D/RILJ    ( 1601): [UNSL]< UNSOL_SIGNAL_STRENGTH {15, 99, -1, -1, -1, -1, 0, -1, -1, 0, 0, 0, 0, 0}
04-26 18:26:57.868 D/HTC_RIL ( 1367): RX::> +HTCUCSQ: 14\r\n
04-26 18:26:57.868 D/HTC_RIL ( 1367): (t=1366993617)%% +HTCUCSQ: 14\r\n
04-26 18:26:57.868 D/RILC    ( 1367): [UNSL]< UNSOL_SIGNAL_STRENGTH {[signalStrength=14,bitErrorRate=99,                CDMA_SignalStrength.dbm=-1,CDMA_SignalStrength.ecio=-1,                EVDO_SignalStrength.dbm =-1,EVDO_SignalStrength.ecio=-1,                EVDO_SignalStrength.signalNoiseRatio=0,                ATT_SignalStrength.dbm =-1,ATT_SignalStrength.ecno=-1]}
04-26 18:26:57.868 D/RILJ    ( 1601): [UNSL]< UNSOL_SIGNAL_STRENGTH {14, 99, -1, -1, -1, -1, 0, -1, -1, 0, 0, 0, 0, 0}
04-26 18:27:00.871 D/HTC_RIL ( 1367): RX::> +HTCUCSQ: 13\r\n
04-26 18:27:00.871 D/HTC_RIL ( 1367): (t=1366993620)%% +HTCUCSQ: 13\r\n
04-26 18:27:00.871 D/RILC    ( 1367): [UNSL]< UNSOL_SIGNAL_STRENGTH {[signalStrength=13,bitErrorRate=99,                CDMA_SignalStrength.dbm=-1,CDMA_SignalStrength.ecio=-1,                EVDO_SignalStrength.dbm =-1,EVDO_SignalStrength.ecio=-1,                EVDO_SignalStrength.signalNoiseRatio=0,                ATT_SignalStrength.dbm =-1,ATT_SignalStrength.ecno=-1]}
04-26 18:27:00.871 D/RILJ    ( 1601): [UNSL]< UNSOL_SIGNAL_STRENGTH {13, 99, -1, -1, -1, -1, 0, -1, -1, 0, 0, 0, 0, 0}
04-26 18:27:03.603 D/HTC_RIL ( 1367): RX::> +CREG: 1,"005E","00434DA3"\r\n
04-26 18:27:03.603 D/HTC_RIL ( 1367): check_phone_mode_change():last_scan_network_type:0
04-26 18:27:03.603 D/HTC_RIL ( 1367): check_phone_mode_change():last_register_network:0
04-26 18:27:03.603 D/HTC_RIL ( 1367): check_phone_mode_change():init network_mode:0
04-26 18:27:03.613 D/HTC_RIL ( 1367): check_phone_mode_change():set the modem type to UMTS
04-26 18:27:03.623 D/RILC    ( 1367): [UNSL]< UNSOL_DATA_NETWORK_STATE_CHANGED 
04-26 18:27:03.623 D/RILJ    ( 1601): [UNSL]< UNSOL_DATA_NETWORK_STATE_CHANGED
04-26 18:27:03.633 D/RILJ    ( 1601): [0729]> OPERATOR
04-26 18:27:03.633 D/HTC_RIL ( 1367): (t=1366993623)%% +CREG: 1,"005E","00434DA3"\r\n
04-26 18:27:03.633 D/RILC    ( 1367): [0729]> OPERATOR 
04-26 18:27:03.633 D/HTC_RIL ( 1367): ril_func_get_curr_operator_name():called
04-26 18:27:03.633 D/HTC_RIL ( 1367): (t=1366993623)>> AT+COPS=3,2;+COPS?\r
04-26 18:27:03.633 D/HTC_RIL ( 1367): TX::> AT+COPS=3,2;+COPS?\r
04-26 18:27:03.633 D/RILC    ( 1367): [UNSL]< UNSOL_RESPONSE_NETWORK_STATE_CHANGED 
04-26 18:27:03.633 D/RILJ    ( 1601): [0730]> REGISTRATION_STATE
04-26 18:27:03.633 D/RILJ    ( 1601): [UNSL]< UNSOL_RESPONSE_NETWORK_STATE_CHANGED
04-26 18:27:03.633 D/HTC_RIL ( 1367): RX::> +COPS: 0,2,"23802",2\r\n0\r
04-26 18:27:03.633 D/HTC_RIL ( 1367): (t=1366993623)<< +COPS: 0,2,"23802",2\r\n0\r
04-26 18:27:03.633 D/HTC_RIL ( 1367): operator_name_get_by_plmn_num():[ccl]rule: 5
04-26 18:27:03.633 D/HTC_RIL ( 1367): operator_name_get_by_plmn_num():[ccl]long_alpha: Telenor DK
04-26 18:27:03.633 D/HTC_RIL ( 1367): operator_name_get_by_plmn_num():[ccl]short_alpha: (N/A)
04-26 18:27:03.633 D/HTC_RIL ( 1367): operator_name_get_by_plmn_num():[ccl]numeric: 23802
04-26 18:27:03.633 D/HTC_RIL ( 1367): operator_name_get_by_plmn_num():[ccl]priority: 5
04-26 18:27:03.643 D/RILC    ( 1367): [0730]> REGISTRATION_STATE 
04-26 18:27:03.643 D/HTC_RIL ( 1367): ril_func_get_gsm_cdma_reg_state():called
04-26 18:27:03.643 D/RILC    ( 1367): [0729]< OPERATOR {Telenor DK,(N/A),23802,5}
04-26 18:27:03.643 D/HTC_RIL ( 1367): (t=1366993623)>> AT+CREG?\r
04-26 18:27:03.643 D/HTC_RIL ( 1367): TX::> AT+CREG?\r
04-26 18:27:03.643 D/HTC_RIL ( 1367): RX::> +CREG: 2,1,"005E","00434DA3"\r\n0\r
04-26 18:27:03.643 D/RILJ    ( 1601): [0729]< OPERATOR {Telenor DK, (N/A), 23802, 5}
04-26 18:27:03.643 D/HTC_RIL ( 1367): (t=1366993623)<< +CREG: 2,1,"005E","00434DA3"\r\n0\r
04-26 18:27:03.643 D/RILJ    ( 1601): [0731]> GPRS_REGISTRATION_STATE
04-26 18:27:03.643 D/HTC_RIL ( 1367): (t=1366993623)>> AT+COPS=3,2;+COPS?\r
04-26 18:27:03.643 D/HTC_RIL ( 1367): TX::> AT+COPS=3,2;+COPS?\r
04-26 18:27:03.643 D/RILC    ( 1367): [0731]> GPRS_REGISTRATION_STATE 
04-26 18:27:03.643 D/HTC_RIL ( 1367): ril_func_get_gprs_reg_state():called
04-26 18:27:03.643 D/HTC_RIL ( 1367): RX::> +COPS: 0,2,"23802",2\r\n0\r
04-26 18:27:03.643 D/HTC_RIL ( 1367): (t=1366993623)<< +COPS: 0,2,"23802",2\r\n0\r
04-26 18:27:03.643 D/RILJ    ( 1601): [0732]> QUERY_NETWORK_SELECTION_MODE
04-26 18:27:03.643 D/RILC    ( 1367): [0730]< REGISTRATION_STATE {1,005E,00434DA3,3,(null),(null),(null),(null),(null),(null),(null),(null),(null),(null)}
04-26 18:27:03.653 D/HTC_RIL ( 1367): (t=1366993623)>> AT+CGREG?\r
04-26 18:27:03.653 D/HTC_RIL ( 1367): TX::> AT+CGREG?\r
04-26 18:27:03.653 D/HTC_RIL ( 1367): RX::> +CGREG: 1,1\r\n0\r
04-26 18:27:03.653 D/HTC_RIL ( 1367): (t=1366993623)<< +CGREG: 1,1\r\n0\r
04-26 18:27:03.653 D/RILJ    ( 1601): [0730]< REGISTRATION_STATE {1, 005E, 00434DA3, 3, null, null, null, null, null, null, null, null, null, null}
04-26 18:27:03.653 D/RILC    ( 1367): [0732]> QUERY_NETWORK_SELECTION_MODE 
04-26 18:27:03.653 D/HTC_RIL ( 1367): ril_func_get_network_select_mode():called
04-26 18:27:03.653 D/GSM     ( 1601): rilCregState: 1
04-26 18:27:03.653 D/HTC_RIL ( 1367): (t=1366993623)>> AT+COPS=3,2;+COPS?\r
04-26 18:27:03.653 D/HTC_RIL ( 1367): TX::> AT+COPS=3,2;+COPS?\r
04-26 18:27:03.653 D/GSM     ( 1601): rilCgregState: 1
04-26 18:27:03.653 D/GSM     ( 1601): oldRilCREGState: 0  newRilCREGState: 0
04-26 18:27:03.653 D/GSM     ( 1601): oldRilCGREGState: 0  newRilCGREGState: 0
04-26 18:27:03.653 D/HTC_RIL ( 1367): RX::> +COPS: 0,2,"23802",2\r\n0\r
04-26 18:27:03.653 D/HTC_RIL ( 1367): (t=1366993623)<< +COPS: 0,2,"23802",2\r\n0\r
04-26 18:27:03.653 D/GSM     ( 1601): mCregChange: false  mCgregChange: false
04-26 18:27:03.653 D/RILJ    ( 1601): [0733]> OPERATOR
04-26 18:27:03.653 D/RILC    ( 1367): [0732]< QUERY_NETWORK_SELECTION_MODE {0}
04-26 18:27:03.653 D/RILJ    ( 1601): [0732]< QUERY_NETWORK_SELECTION_MODE {0}
04-26 18:27:03.653 D/HTC_RIL ( 1367): (t=1366993623)>> AT+COPS=3,2;+COPS?\r
04-26 18:27:03.653 D/HTC_RIL ( 1367): TX::> AT+COPS=3,2;+COPS?\r
04-26 18:27:03.653 D/HTC_RIL ( 1367): RX::> +COPS: 0,2,"23802",2\r\n0\r
04-26 18:27:03.653 D/RILC    ( 1367): [0733]> OPERATOR 
04-26 18:27:03.663 D/HTC_RIL ( 1367): ril_func_get_curr_operator_name():called
04-26 18:27:03.663 D/HTC_RIL ( 1367): (t=1366993623)<< +COPS: 0,2,"23802",2\r\n0\r
04-26 18:27:03.663 D/RILJ    ( 1601): [0734]> REGISTRATION_STATE
04-26 18:27:03.663 D/RILC    ( 1367): [0731]< GPRS_REGISTRATION_STATE {1,(null),(null),3}
04-26 18:27:03.663 D/RILJ    ( 1601): [0731]< GPRS_REGISTRATION_STATE {1, null, null, 3}
04-26 18:27:03.663 D/HTC_RIL ( 1367): (t=1366993623)>> AT+COPS=3,2;+COPS?\r
04-26 18:27:03.663 D/HTC_RIL ( 1367): TX::> AT+COPS=3,2;+COPS?\r
04-26 18:27:03.663 D/HTC_RIL ( 1367): RX::> +COPS: 0,2,"23802",2\r\n0\r
04-26 18:27:03.663 D/HTC_RIL ( 1367): (t=1366993623)<< +COPS: 0,2,"23802",2\r\n0\r
04-26 18:27:03.663 D/RILC    ( 1367): [0734]> REGISTRATION_STATE 
04-26 18:27:03.663 D/HTC_RIL ( 1367): ril_func_get_gsm_cdma_reg_state():called
04-26 18:27:03.663 D/RILJ    ( 1601): [0735]> GPRS_REGISTRATION_STATE
04-26 18:27:03.663 D/HTC_RIL ( 1367): operator_name_get_by_plmn_num():[ccl]rule: 5
04-26 18:27:03.663 D/HTC_RIL ( 1367): operator_name_get_by_plmn_num():[ccl]long_alpha: Telenor DK
04-26 18:27:03.663 D/HTC_RIL ( 1367): operator_name_get_by_plmn_num():[ccl]short_alpha: (N/A)
04-26 18:27:03.663 D/HTC_RIL ( 1367): operator_name_get_by_plmn_num():[ccl]numeric: 23802
04-26 18:27:03.663 D/HTC_RIL ( 1367): operator_name_get_by_plmn_num():[ccl]priority: 5
04-26 18:27:03.663 D/RILC    ( 1367): [0733]< OPERATOR {Telenor DK,(N/A),23802,5}
04-26 18:27:03.663 D/RILJ    ( 1601): [0733]< OPERATOR {Telenor DK, (N/A), 23802, 5}
04-26 18:27:03.663 D/HTC_RIL ( 1367): (t=1366993623)>> AT+CREG?\r
04-26 18:27:03.663 D/HTC_RIL ( 1367): TX::> AT+CREG?\r
04-26 18:27:03.673 D/HTC_RIL ( 1367): RX::> +CREG: 2,1,"005E","00434DA3"\r\n0\r
04-26 18:27:03.673 D/HTC_RIL ( 1367): (t=1366993623)<< +CREG: 2,1,"005E","00434DA3"\r\n0\r
04-26 18:27:03.673 D/RILC    ( 1367): [0735]> GPRS_REGISTRATION_STATE 
04-26 18:27:03.673 D/HTC_RIL ( 1367): ril_func_get_gprs_reg_state():called
04-26 18:27:03.673 D/RILJ    ( 1601): [0736]> QUERY_NETWORK_SELECTION_MODE
04-26 18:27:03.673 D/HTC_RIL ( 1367): (t=1366993623)>> AT+CGREG?\r
04-26 18:27:03.673 D/HTC_RIL ( 1367): TX::> AT+CGREG?\r
04-26 18:27:03.673 D/HTC_RIL ( 1367): RX::> +CGREG: 1,1\r\n0\r
04-26 18:27:03.673 D/HTC_RIL ( 1367): (t=1366993623)<< +CGREG: 1,1\r\n0\r
04-26 18:27:03.673 D/RILC    ( 1367): [0736]> QUERY_NETWORK_SELECTION_MODE 
04-26 18:27:03.673 D/HTC_RIL ( 1367): ril_func_get_network_select_mode():called
04-26 18:27:03.673 D/HTC_RIL ( 1367): (t=1366993623)>> AT+COPS=3,2;+COPS?\r
04-26 18:27:03.673 D/HTC_RIL ( 1367): TX::> AT+COPS=3,2;+COPS?\r
04-26 18:27:03.673 D/HTC_RIL ( 1367): RX::> +COPS: 0,2,"23802",2\r\n0\r
04-26 18:27:03.673 D/HTC_RIL ( 1367): (t=1366993623)<< +COPS: 0,2,"23802",2\r\n0\r
04-26 18:27:03.683 D/RILC    ( 1367): [0736]< QUERY_NETWORK_SELECTION_MODE {0}
04-26 18:27:03.683 D/RILJ    ( 1601): [0736]< QUERY_NETWORK_SELECTION_MODE {0}
04-26 18:27:03.683 D/HTC_RIL ( 1367): (t=1366993623)>> AT+COPS=3,2;+COPS?\r
04-26 18:27:03.683 D/HTC_RIL ( 1367): TX::> AT+COPS=3,2;+COPS?\r
04-26 18:27:03.683 D/HTC_RIL ( 1367): RX::> +COPS: 0,2,"23802",2\r\n0\r
04-26 18:27:03.683 D/HTC_RIL ( 1367): (t=1366993623)<< +COPS: 0,2,"23802",2\r\n0\r
04-26 18:27:03.683 D/RILC    ( 1367): [0734]< REGISTRATION_STATE {1,005E,00434DA3,3,(null),(null),(null),(null),(null),(null),(null),(null),(null),(null)}
04-26 18:27:03.683 D/RILJ    ( 1601): [0734]< REGISTRATION_STATE {1, 005E, 00434DA3, 3, null, null, null, null, null, null, null, null, null, null}
04-26 18:27:03.683 D/HTC_RIL ( 1367): (t=1366993623)>> AT+COPS=3,2;+COPS?\r
04-26 18:27:03.683 D/HTC_RIL ( 1367): TX::> AT+COPS=3,2;+COPS?\r
04-26 18:27:03.683 D/HTC_RIL ( 1367): RX::> +COPS: 0,2,"23802",2\r\n0\r
04-26 18:27:03.683 D/HTC_RIL ( 1367): (t=1366993623)<< +COPS: 0,2,"23802",2\r\n0\r
04-26 18:27:03.683 D/RILC    ( 1367): [0735]< GPRS_REGISTRATION_STATE {1,(null),(null),3}
04-26 18:27:03.683 D/RILJ    ( 1601): [0735]< GPRS_REGISTRATION_STATE {1, null, null, 3}
04-26 18:27:03.714 D/GSM     ( 1601): Poll ServiceState done:  oldSS=[0 home Telenor DK (N/A) 23802  0 UMTS CSS not supported -1 -1RoamInd: -1DefRoamInd: -1EriInd: -1EriMode: -1RadioPowerSv: falseEmergOnly: false] newSS=[0 home Telenor DK (N/A) 23802  0 UMTS CSS not supported -1 -1RoamInd: -1DefRoamInd: -1EriInd: -1EriMode: -1RadioPowerSv: falseEmergOnly: false] oldGprs=0 newGprs=0 oldType=UMTS newType=UMTS
04-26 18:27:03.714 D/GSM     ( 1601): reset the mCregChange =false
04-26 18:27:03.714 D/GSM     ( 1601): reset the mCgregChange =false
04-26 18:27:03.714 D/RILJ    ( 1601): [0737]> GET_NEIGHBORING_CELL_IDS
04-26 18:27:03.714 D/RILC    ( 1367): [0737]> GET_NEIGHBORING_CELL_IDS 
04-26 18:27:03.714 D/HTC_RIL ( 1367): ril_func_get_neighbor_cell():called
04-26 18:27:03.724 D/HTC_RIL ( 1367): (t=1366993623)>> AT+Q3GNCELL\r
04-26 18:27:03.724 D/HTC_RIL ( 1367): TX::> AT+Q3GNCELL\r
04-26 18:27:03.724 D/HTC_RIL ( 1367): RX::> +Q3GNCELL: "00434DA3",28,0\r\n0\r
04-26 18:27:03.724 D/HTC_RIL ( 1367): (t=1366993623)<< +Q3GNCELL: "00434DA3",28,0\r\n0\r
04-26 18:27:03.724 D/RILC    ( 1367): [0737]< GET_NEIGHBORING_CELL_IDS }
04-26 18:27:03.724 D/RILJ    ( 1601): [0737]< GET_NEIGHBORING_CELL_IDS  
04-26 18:27:06.867 D/HTC_RIL ( 1367): RX::> +HTCUCSQ: 15\r\n
04-26 18:27:06.867 D/HTC_RIL ( 1367): (t=1366993626)%% +HTCUCSQ: 15\r\n
04-26 18:27:06.867 D/RILC    ( 1367): [UNSL]< UNSOL_SIGNAL_STRENGTH {[signalStrength=15,bitErrorRate=99,                CDMA_SignalStrength.dbm=-1,CDMA_SignalStrength.ecio=-1,                EVDO_SignalStrength.dbm =-1,EVDO_SignalStrength.ecio=-1,                EVDO_SignalStrength.signalNoiseRatio=0,                ATT_SignalStrength.dbm =-1,ATT_SignalStrength.ecno=-1]}
04-26 18:27:06.867 D/RILJ    ( 1601): [UNSL]< UNSOL_SIGNAL_STRENGTH {15, 99, -1, -1, -1, -1, 0, -1, -1, 0, 0, 0, 0, 0}
04-26 18:27:15.865 D/HTC_RIL ( 1367): RX::> +HTCUCSQ: 14\r\n
04-26 18:27:15.875 D/HTC_RIL ( 1367): (t=1366993635)%% +HTCUCSQ: 14\r\n
04-26 18:27:15.885 D/RILC    ( 1367): [UNSL]< UNSOL_SIGNAL_STRENGTH {[signalStrength=14,bitErrorRate=99,                CDMA_SignalStrength.dbm=-1,CDMA_SignalStrength.ecio=-1,                EVDO_SignalStrength.dbm =-1,EVDO_SignalStrength.ecio=-1,                EVDO_SignalStrength.signalNoiseRatio=0,                ATT_SignalStrength.dbm =-1,ATT_SignalStrength.ecno=-1]}
04-26 18:27:15.885 D/RILJ    ( 1601): [UNSL]< UNSOL_SIGNAL_STRENGTH {14, 99, -1, -1, -1, -1, 0, -1, -1, 0, 0, 0, 0, 0}
04-26 18:27:18.868 D/HTC_RIL ( 1367): RX::> +HTCUCSQ: 15\r\n
04-26 18:27:18.868 D/HTC_RIL ( 1367): (t=1366993638)%% +HTCUCSQ: 15\r\n
04-26 18:27:18.868 D/RILC    ( 1367): [UNSL]< UNSOL_SIGNAL_STRENGTH {[signalStrength=15,bitErrorRate=99,                CDMA_SignalStrength.dbm=-1,CDMA_SignalStrength.ecio=-1,                EVDO_SignalStrength.dbm =-1,EVDO_SignalStrength.ecio=-1,                EVDO_SignalStrength.signalNoiseRatio=0,                ATT_SignalStrength.dbm =-1,ATT_SignalStrength.ecno=-1]}
04-26 18:27:18.868 D/RILJ    ( 1601): [UNSL]< UNSOL_SIGNAL_STRENGTH {15, 99, -1, -1, -1, -1, 0, -1, -1, 0, 0, 0, 0, 0}
04-26 18:27:21.871 D/HTC_RIL ( 1367): RX::> +HTCUCSQ: 14\r\n
04-26 18:27:21.871 D/HTC_RIL ( 1367): (t=1366993641)%% +HTCUCSQ: 14\r\n
04-26 18:27:21.871 D/RILC    ( 1367): [UNSL]< UNSOL_SIGNAL_STRENGTH {[signalStrength=14,bitErrorRate=99,                CDMA_SignalStrength.dbm=-1,CDMA_SignalStrength.ecio=-1,                EVDO_SignalStrength.dbm =-1,EVDO_SignalStrength.ecio=-1,                EVDO_SignalStrength.signalNoiseRatio=0,                ATT_SignalStrength.dbm =-1,ATT_SignalStrength.ecno=-1]}
04-26 18:27:21.871 D/RILJ    ( 1601): [UNSL]< UNSOL_SIGNAL_STRENGTH {14, 99, -1, -1, -1, -1, 0, -1, -1, 0, 0, 0, 0, 0}
04-26 18:27:39.869 D/HTC_RIL ( 1367): RX::> +HTCUCSQ: 12\r\n
04-26 18:27:39.869 D/HTC_RIL ( 1367): (t=1366993659)%% +HTCUCSQ: 12\r\n
04-26 18:27:39.869 D/RILC    ( 1367): [UNSL]< UNSOL_SIGNAL_STRENGTH {[signalStrength=12,bitErrorRate=99,                CDMA_SignalStrength.dbm=-1,CDMA_SignalStrength.ecio=-1,                EVDO_SignalStrength.dbm =-1,EVDO_SignalStrength.ecio=-1,                EVDO_SignalStrength.signalNoiseRatio=0,                ATT_SignalStrength.dbm =-1,ATT_SignalStrength.ecno=-1]}
04-26 18:27:39.879 D/RILJ    ( 1601): [UNSL]< UNSOL_SIGNAL_STRENGTH {12, 99, -1, -1, -1, -1, 0, -1, -1, 0, 0, 0, 0, 0}
04-26 18:27:42.872 D/HTC_RIL ( 1367): RX::> +HTCUCSQ: 13\r\n
04-26 18:27:42.882 D/HTC_RIL ( 1367): (t=1366993662)%% +HTCUCSQ: 13\r\n
04-26 18:27:42.882 D/RILC    ( 1367): [UNSL]< UNSOL_SIGNAL_STRENGTH {[signalStrength=13,bitErrorRate=99,                CDMA_SignalStrength.dbm=-1,CDMA_SignalStrength.ecio=-1,                EVDO_SignalStrength.dbm =-1,EVDO_SignalStrength.ecio=-1,                EVDO_SignalStrength.signalNoiseRatio=0,                ATT_SignalStrength.dbm =-1,ATT_SignalStrength.ecno=-1]}
04-26 18:27:42.882 D/RILJ    ( 1601): [UNSL]< UNSOL_SIGNAL_STRENGTH {13, 99, -1, -1, -1, -1, 0, -1, -1, 0, 0, 0, 0, 0}
04-26 18:27:45.875 D/HTC_RIL ( 1367): RX::> +HTCUCSQ: 14\r\n
04-26 18:27:45.875 D/HTC_RIL ( 1367): (t=1366993665)%% +HTCUCSQ: 14\r\n
04-26 18:27:45.875 D/RILC    ( 1367): [UNSL]< UNSOL_SIGNAL_STRENGTH {[signalStrength=14,bitErrorRate=99,                CDMA_SignalStrength.dbm=-1,CDMA_SignalStrength.ecio=-1,                EVDO_SignalStrength.dbm =-1,EVDO_SignalStrength.ecio=-1,                EVDO_SignalStrength.signalNoiseRatio=0,                ATT_SignalStrength.dbm =-1,ATT_SignalStrength.ecno=-1]}
04-26 18:27:45.875 D/RILJ    ( 1601): [UNSL]< UNSOL_SIGNAL_STRENGTH {14, 99, -1, -1, -1, -1, 0, -1, -1, 0, 0, 0, 0, 0}
04-26 18:28:03.882 D/HTC_RIL ( 1367): RX::> +HTCUCSQ: 13\r\n
04-26 18:28:03.882 D/HTC_RIL ( 1367): (t=1366993683)%% +HTCUCSQ: 13\r\n
04-26 18:28:03.892 D/RILC    ( 1367): [UNSL]< UNSOL_SIGNAL_STRENGTH {[signalStrength=13,bitErrorRate=99,                CDMA_SignalStrength.dbm=-1,CDMA_SignalStrength.ecio=-1,                EVDO_SignalStrength.dbm =-1,EVDO_SignalStrength.ecio=-1,                EVDO_SignalStrength.signalNoiseRatio=0,                ATT_SignalStrength.dbm =-1,ATT_SignalStrength.ecno=-1]}
04-26 18:28:03.892 D/RILJ    ( 1601): [UNSL]< UNSOL_SIGNAL_STRENGTH {13, 99, -1, -1, -1, -1, 0, -1, -1, 0, 0, 0, 0, 0}
04-26 18:28:12.881 D/HTC_RIL ( 1367): RX::> +HTCUCSQ: 14\r\n
04-26 18:28:12.881 D/HTC_RIL ( 1367): (t=1366993692)%% +HTCUCSQ: 14\r\n
04-26 18:28:12.881 D/RILC    ( 1367): [UNSL]< UNSOL_SIGNAL_STRENGTH {[signalStrength=14,bitErrorRate=99,                CDMA_SignalStrength.dbm=-1,CDMA_SignalStrength.ecio=-1,                EVDO_SignalStrength.dbm =-1,EVDO_SignalStrength.ecio=-1,                EVDO_SignalStrength.signalNoiseRatio=0,                ATT_SignalStrength.dbm =-1,ATT_SignalStrength.ecno=-1]}
04-26 18:28:12.881 D/RILJ    ( 1601): [UNSL]< UNSOL_SIGNAL_STRENGTH {14, 99, -1, -1, -1, -1, 0, -1, -1, 0, 0, 0, 0, 0}
04-26 18:28:24.883 D/HTC_RIL ( 1367): RX::> +HTCUCSQ: 13\r\n
04-26 18:28:24.883 D/HTC_RIL ( 1367): (t=1366993704)%% +HTCUCSQ: 13\r\n
04-26 18:28:24.883 D/RILC    ( 1367): [UNSL]< UNSOL_SIGNAL_STRENGTH {[signalStrength=13,bitErrorRate=99,                CDMA_SignalStrength.dbm=-1,CDMA_SignalStrength.ecio=-1,                EVDO_SignalStrength.dbm =-1,EVDO_SignalStrength.ecio=-1,                EVDO_SignalStrength.signalNoiseRatio=0,                ATT_SignalStrength.dbm =-1,ATT_SignalStrength.ecno=-1]}
04-26 18:28:24.883 D/RILJ    ( 1601): [UNSL]< UNSOL_SIGNAL_STRENGTH {13, 99, -1, -1, -1, -1, 0, -1, -1, 0, 0, 0, 0, 0}
04-26 18:28:27.876 D/HTC_RIL ( 1367): RX::> +HTCUCSQ: 14\r\n
04-26 18:28:27.876 D/HTC_RIL ( 1367): (t=1366993707)%% +HTCUCSQ: 14\r\n
04-26 18:28:27.876 D/RILC    ( 1367): [UNSL]< UNSOL_SIGNAL_STRENGTH {[signalStrength=14,bitErrorRate=99,                CDMA_SignalStrength.dbm=-1,CDMA_SignalStrength.ecio=-1,                EVDO_SignalStrength.dbm =-1,EVDO_SignalStrength.ecio=-1,                EVDO_SignalStrength.signalNoiseRatio=0,                ATT_SignalStrength.dbm =-1,ATT_SignalStrength.ecno=-1]}
04-26 18:28:27.876 D/RILJ    ( 1601): [UNSL]< UNSOL_SIGNAL_STRENGTH {14, 99, -1, -1, -1, -1, 0, -1, -1, 0, 0, 0, 0, 0}
04-26 18:28:33.881 D/HTC_RIL ( 1367): RX::> +HTCUCSQ: 13\r\n
04-26 18:28:33.881 D/HTC_RIL ( 1367): (t=1366993713)%% +HTCUCSQ: 13\r\n
04-26 18:28:33.881 D/RILC    ( 1367): [UNSL]< UNSOL_SIGNAL_STRENGTH {[signalStrength=13,bitErrorRate=99,                CDMA_SignalStrength.dbm=-1,CDMA_SignalStrength.ecio=-1,                EVDO_SignalStrength.dbm =-1,EVDO_SignalStrength.ecio=-1,                EVDO_SignalStrength.signalNoiseRatio=0,                ATT_SignalStrength.dbm =-1,ATT_SignalStrength.ecno=-1]}
04-26 18:28:33.881 D/RILJ    ( 1601): [UNSL]< UNSOL_SIGNAL_STRENGTH {13, 99, -1, -1, -1, -1, 0, -1, -1, 0, 0, 0, 0, 0}
04-26 18:28:39.877 D/HTC_RIL ( 1367): RX::> +HTCUCSQ: 14\r\n
04-26 18:28:39.877 D/HTC_RIL ( 1367): (t=1366993719)%% +HTCUCSQ: 14\r\n
04-26 18:28:39.877 D/RILC    ( 1367): [UNSL]< UNSOL_SIGNAL_STRENGTH {[signalStrength=14,bitErrorRate=99,                CDMA_SignalStrength.dbm=-1,CDMA_SignalStrength.ecio=-1,                EVDO_SignalStrength.dbm =-1,EVDO_SignalStrength.ecio=-1,                EVDO_SignalStrength.signalNoiseRatio=0,                ATT_SignalStrength.dbm =-1,ATT_SignalStrength.ecno=-1]}
04-26 18:28:39.877 D/RILJ    ( 1601): [UNSL]< UNSOL_SIGNAL_STRENGTH {14, 99, -1, -1, -1, -1, 0, -1, -1, 0, 0, 0, 0, 0}
04-26 18:28:51.879 D/HTC_RIL ( 1367): RX::> +HTCUCSQ: 15\r\n
04-26 18:28:51.879 D/HTC_RIL ( 1367): (t=1366993731)%% +HTCUCSQ: 15\r\n
04-26 18:28:51.879 D/RILC    ( 1367): [UNSL]< UNSOL_SIGNAL_STRENGTH {[signalStrength=15,bitErrorRate=99,                CDMA_SignalStrength.dbm=-1,CDMA_SignalStrength.ecio=-1,                EVDO_SignalStrength.dbm =-1,EVDO_SignalStrength.ecio=-1,                EVDO_SignalStrength.signalNoiseRatio=0,                ATT_SignalStrength.dbm =-1,ATT_SignalStrength.ecno=-1]}
04-26 18:28:51.879 D/RILJ    ( 1601): [UNSL]< UNSOL_SIGNAL_STRENGTH {15, 99, -1, -1, -1, -1, 0, -1, -1, 0, 0, 0, 0, 0}
04-26 18:29:12.890 D/HTC_RIL ( 1367): RX::> +HTCUCSQ: 14\r\n
04-26 18:29:12.890 D/HTC_RIL ( 1367): (t=1366993752)%% +HTCUCSQ: 14\r\n
04-26 18:29:12.890 D/RILC    ( 1367): [UNSL]< UNSOL_SIGNAL_STRENGTH {[signalStrength=14,bitErrorRate=99,                CDMA_SignalStrength.dbm=-1,CDMA_SignalStrength.ecio=-1,                EVDO_SignalStrength.dbm =-1,EVDO_SignalStrength.ecio=-1,                EVDO_SignalStrength.signalNoiseRatio=0,                ATT_SignalStrength.dbm =-1,ATT_SignalStrength.ecno=-1]}
04-26 18:29:12.890 D/RILJ    ( 1601): [UNSL]< UNSOL_SIGNAL_STRENGTH {14, 99, -1, -1, -1, -1, 0, -1, -1, 0, 0, 0, 0, 0}
04-26 18:29:21.888 D/HTC_RIL ( 1367): RX::> +HTCUCSQ: 12\r\n
04-26 18:29:21.888 D/HTC_RIL ( 1367): (t=1366993761)%% +HTCUCSQ: 12\r\n
04-26 18:29:21.888 D/RILC    ( 1367): [UNSL]< UNSOL_SIGNAL_STRENGTH {[signalStrength=12,bitErrorRate=99,                CDMA_SignalStrength.dbm=-1,CDMA_SignalStrength.ecio=-1,                EVDO_SignalStrength.dbm =-1,EVDO_SignalStrength.ecio=-1,                EVDO_SignalStrength.signalNoiseRatio=0,                ATT_SignalStrength.dbm =-1,ATT_SignalStrength.ecno=-1]}
04-26 18:29:21.888 D/RILJ    ( 1601): [UNSL]< UNSOL_SIGNAL_STRENGTH {12, 99, -1, -1, -1, -1, 0, -1, -1, 0, 0, 0, 0, 0}
04-26 18:29:27.884 D/HTC_RIL ( 1367): RX::> +HTCUCSQ: 14\r\n
04-26 18:29:27.884 D/HTC_RIL ( 1367): (t=1366993767)%% +HTCUCSQ: 14\r\n
04-26 18:29:27.884 D/RILC    ( 1367): [UNSL]< UNSOL_SIGNAL_STRENGTH {[signalStrength=14,bitErrorRate=99,                CDMA_SignalStrength.dbm=-1,CDMA_SignalStrength.ecio=-1,                EVDO_SignalStrength.dbm =-1,EVDO_SignalStrength.ecio=-1,                EVDO_SignalStrength.signalNoiseRatio=0,                ATT_SignalStrength.dbm =-1,ATT_SignalStrength.ecno=-1]}
04-26 18:29:27.884 D/RILJ    ( 1601): [UNSL]< UNSOL_SIGNAL_STRENGTH {14, 99, -1, -1, -1, -1, 0, -1, -1, 0, 0, 0, 0, 0}
04-26 18:29:57.893 D/HTC_RIL ( 1367): RX::> +HTCUCSQ: 15\r\n
04-26 18:29:57.903 D/HTC_RIL ( 1367): (t=1366993797)%% +HTCUCSQ: 15\r\n
