04-26 18:57:39.254 W/PackageManager( 1485): Resource path for pkg : imcom.forensics changing from /data/app/imcom.forensics-2.apk to /data/app/imcom.forensics-1.apk
04-26 18:57:39.374 W/PackageManager( 1485): Not granting permission android.permission.ACCESS_ALL_DOWNLOADS to package imcom.forensics (protectionLevel=2 flags=0x8be46)
04-26 18:57:39.495 I/ActivityManager( 1485): Force stopping package imcom.forensics uid=10077
04-26 18:57:39.875 I/ActivityManager( 1485): Start proc com.htcmarket for broadcast com.htcmarket/.receiver.PackageReceiver: pid=19188 uid=10066 gids={3003, 1015}
04-26 18:57:41.016 W/RecognitionManagerService( 1485): no available voice recognition services found
04-26 18:57:41.326 I/ActivityManager( 1485): Start proc com.htc.cs for broadcast com.htc.cs/.plugin.PluginRegisterReceiver: pid=19209 uid=10002 gids={3003, 1015, 2001}
04-26 18:57:41.787 I/ActivityManager( 1485): Start proc com.htc.opensense for broadcast com.htc.opensense/.pluginmanager.RegisterReceiver: pid=19216 uid=10002 gids={3003, 1015, 2001}
04-26 18:57:42.367 I/ActivityManager( 1485): Start proc com.htc.RosieUtility for broadcast com.htc.AddProgramWidget/.HtcWidgetScanner: pid=19230 uid=10021 gids={3003, 2001, 1015}
04-26 18:57:42.537 I/ActivityManager( 1485): Process com.htc.bgp (pid 1670) has died.
04-26 18:57:42.547 W/ActivityManager( 1485): Scheduling restart of crashed service com.htc.htclocationservice/.AutoSettingService in 5000ms
04-26 18:57:42.547 W/ActivityManager( 1485): Scheduling restart of crashed service com.htc.android.psclient/.ConnectToPCService in 14999ms
04-26 18:57:42.547 W/ActivityManager( 1485): Scheduling restart of crashed service com.htc.cs/.service.DashboardService in 24999ms
04-26 18:57:42.578 I/ActivityManager( 1485): Kill com.htc.opensense (pid 19216): provider com.htc.opensense.pluginmanager.PluginProvider in dying process com.htc.bgp
04-26 18:57:42.608 W/WifiService( 1485): misformatted scan result for: 20:aa:4b:67:df:80	2462	-87	[WPA2-PSK-TKIP+CCMP]	
04-26 18:57:42.608 I/ActivityThread(19216): Removing dead content provider: com.htc.opensense.plugin
04-26 18:57:42.648 I/ActivityManager( 1485): Starting activity: Intent { act=android.intent.action.MAIN cat=[android.intent.category.LAUNCHER] flg=0x10000000 cmp=imcom.forensics/.MainActivity } from pid 19202
04-26 18:57:42.798 I/ActivityManager( 1485): Start proc imcom.forensics for activity imcom.forensics/.MainActivity: pid=19245 uid=10077 gids={1015, 1007, 3003}
04-26 18:57:42.918 I/ActivityManager( 1485): Start proc imcom.forensics:uploader for service imcom.forensics/.UploadManager: pid=19253 uid=10077 gids={1015, 1007, 3003}
04-26 18:57:42.918 D/Socket_Alarm(19245): registerHTCSocketMonitorCallBack
04-26 18:57:42.918 D/Socket_Alarm(19245): set mSocketMonitor
04-26 18:57:42.918 D/Socket_Alarm(19245): HTCSocketMonitorImpl::HTCSocketMonitorImpl
04-26 18:57:43.018 I/ActivityManager( 1485): Process com.htc.opensense (pid 19216) has died.
04-26 18:57:43.028 W/InputManagerService( 1485): [unbindCurrentClientLocked] Disable input method client.
04-26 18:57:43.028 W/ActivityManager( 1485): Scheduling restart of crashed service com.htc.opensense/.pluginmanager.RegisterService in 34522ms
04-26 18:57:43.028 W/InputManagerService( 1485): [startInputLocked] Enable input method client.
04-26 18:57:43.128 D/InputManagerService( 1485): Starting input on non-focused client com.android.internal.view.IInputMethodClient$Stub$Proxy@40f936c8 (uid=9999 pid=17483)
04-26 18:57:43.929 I/ActivityManager( 1485): Start proc com.baidu.BaiduMap:pushservice_v1 for broadcast com.baidu.BaiduMap/com.baidu.android.pushservice.RegistratonReceiver: pid=19266 uid=10013 gids={3003, 1006, 1015}
04-26 18:57:44.369 I/ActivityManager( 1485): Process com.sina.VDisk:push (pid 16499) has died.
04-26 18:57:44.369 W/ActivityManager( 1485): Scheduling restart of crashed service com.sina.VDisk/com.sina.weipan.push.PushService in 43175ms
04-26 18:57:44.369 W/ActivityManager( 1485): Scheduling restart of crashed service com.sina.VDisk/com.igexin.sdk.GexinMainService in 53175ms
04-26 18:57:44.369 W/ActivityManager( 1485): Scheduling restart of crashed service com.sina.VDisk/com.igexin.sdk.aidl.GexinMsgService in 63175ms
04-26 18:57:44.880 I/ActivityManager( 1485): Start proc com.baidu.appsearch for broadcast com.baidu.appsearch/.youhua.common.PackageChangeReceiver: pid=19280 uid=10067 gids={3003, 1015, 1007}
04-26 18:57:45.140 I/ActivityManager( 1485): Process com.baidu.BaiduMap:pushservice_v1 (pid 19266) has died.
04-26 18:57:45.490 I/ActivityManager( 1485): Process com.servo.search (pid 16907) has died.
04-26 18:57:45.520 W/ActivityManager( 1485): Scheduling restart of crashed service com.servo.search/com.servo.core.android.ServoIndexerService in 72030ms
04-26 18:57:46.201 I/ActivityManager( 1485): Process com.tencent.mobileqq:MSF (pid 5797) has died.
04-26 18:57:46.201 W/ActivityManager( 1485): Scheduling restart of crashed service com.tencent.mobileqq/.msf.service.MsfService in 81348ms
04-26 18:57:46.792 D/Socket_Alarm(19280): registerHTCSocketMonitorCallBack
04-26 18:57:46.792 D/Socket_Alarm(19280): set mSocketMonitor
04-26 18:57:46.792 D/Socket_Alarm(19280): HTCSocketMonitorImpl::HTCSocketMonitorImpl
04-26 18:57:47.242 I/ActivityManager( 1485): Start proc com.htc.opensense for broadcast com.htc.opensense/.pluginmanager.RegisterReceiver: pid=19296 uid=10002 gids={3003, 1015, 2001}
04-26 18:57:47.342 I/ActivityManager( 1485): Start proc com.htc.bgp for broadcast com.htc.android.psclient/.PackageInstallationReceiver: pid=19304 uid=10002 gids={3003, 1015, 2001}
04-26 18:57:47.382 I/ActivityManager( 1485): Process com.htc.bg (pid 18398) has died.
04-26 18:57:47.642 I/ActivityManager( 1485): Process com.tencent.mm (pid 7839) has died.
04-26 18:57:47.642 W/ActivityManager( 1485): Scheduling restart of crashed service com.tencent.mm/.booter.NotifyReceiver$NotifyService in 29907ms
04-26 18:57:48.083 I/ActivityManager( 1485): Process com.android.settings:remote (pid 16893) has died.
04-26 18:57:48.083 W/ActivityManager( 1485): Scheduling restart of crashed service com.android.settings/.framework.activity.powersaver.SmartSynService in 89473ms
04-26 18:57:48.103 I/ActivityManager( 1485): Start proc com.immomo.momo for broadcast com.immomo.momo/.android.broadcast.PacketInstallReceiver: pid=19317 uid=10036 gids={3002, 3003, 1015, 1007}
04-26 18:57:48.203 V/LocationManagerService( 1485): requestLocationUpdates
04-26 18:57:48.213 V/LocationManagerService( 1485): requestLocationUpdatesLocked: updateProvidersLocked
04-26 18:57:48.213 D/LocationManagerService( 1485): [updateProvidersLocked]
04-26 18:57:48.503 I/WindowManager( 1485): WIN DEATH: Window{409abba8 com.htc.launcher/com.htc.launcher.Launcher paused=false}
04-26 18:57:48.503 I/ActivityManager( 1485): Process com.htc.launcher (pid 17483) has died.
04-26 18:57:52.607 W/WifiService( 1485): misformatted scan result for: 20:aa:4b:67:df:80	2462	-87	[WPA2-PSK-TKIP+CCMP]	
04-26 18:58:02.617 W/WifiService( 1485): misformatted scan result for: 20:aa:4b:67:df:80	2462	-87	[WPA2-PSK-TKIP+CCMP]	
04-26 18:58:02.997 W/ActivityManager( 1485): Timeout executing service: ServiceRecord{40aea928 imcom.forensics/.UploadManager}
04-26 18:58:04.159 E/ActivityManager( 1485): ANR in imcom.forensics:uploader time=5849407
04-26 18:58:04.159 E/ActivityManager( 1485): Reason: Executing service imcom.forensics/.UploadManager
04-26 18:58:04.159 E/ActivityManager( 1485): Load: 7.3 / 6.07 / 5.97
04-26 18:58:04.159 E/ActivityManager( 1485): CPU usage from 9647ms to 2481ms ago:
04-26 18:58:04.159 E/ActivityManager( 1485):   12% 1624/com.lbe.security:service: 11% user + 1.2% kernel / faults: 756 minor 317 major
04-26 18:58:04.159 E/ActivityManager( 1485):   23% 1198/sd-qd: 0% user + 4.3% kernel + 19% iowait
04-26 18:58:04.159 E/ActivityManager( 1485):   5.1% 1570/com.android.systemui: 3.6% user + 0.4% kernel + 1.1% iowait / faults: 510 minor 15 major
04-26 18:58:04.159 E/ActivityManager( 1485):   3.3% 1485/system_server: 1.6% user + 1.6% kernel / faults: 291 minor 1 major
04-26 18:58:04.159 E/ActivityManager( 1485):   2% 19253/imcom.forensics:uploader: 1.8% user + 0.2% kernel / faults: 496 minor
04-26 18:58:04.159 E/ActivityManager( 1485):   0.5% 1666/dhd_dpc: 0% user + 0.5% kernel
04-26 18:58:04.159 E/ActivityManager( 1485):   6.9% 856/emmc-qd: 0% user + 1.1% kernel + 5.8% iowait
04-26 18:58:04.159 E/ActivityManager( 1485):   0.9% 19304/com.htc.bgp: 0.9% user + 0% kernel / faults: 492 minor 1 major
04-26 18:58:04.159 E/ActivityManager( 1485):   0.8% 19245/imcom.forensics: 0.1% user + 0.6% kernel / faults: 18 minor
04-26 18:58:04.159 E/ActivityManager( 1485):   0.3% 2011/com.sina.weibo.servant: 0.3% user + 0% kernel + 0% iowait / faults: 293 minor 2 major
04-26 18:58:04.159 E/ActivityManager( 1485):   0.1% 278/kondemand/0: 0% user + 0.1% kernel
04-26 18:58:04.159 E/ActivityManager( 1485):   11% 539/kswapd0: 0% user + 0.1% kernel + 11% iowait
04-26 18:58:04.159 E/ActivityManager( 1485):   0.1% 1382/adbd: 0% user + 0.1% kernel / faults: 27 minor
04-26 18:58:04.159 E/ActivityManager( 1485):   0.1% 2100/flush-179:64: 0% user + 0.1% kernel
04-26 18:58:04.159 E/ActivityManager( 1485):   0.1% 3607/logcat: 0.1% user + 0% kernel
04-26 18:58:04.159 E/ActivityManager( 1485):   0.1% 3663/logcat: 0% user + 0.1% kernel
04-26 18:58:04.159 E/ActivityManager( 1485):   0.1% 4163/logcat: 0.1% user + 0% kernel
04-26 18:58:04.159 E/ActivityManager( 1485):   0.1% 4217/logcat: 0% user + 0.1% kernel
04-26 18:58:04.159 E/ActivityManager( 1485):   0.1% 4576/logcat: 0% user + 0.1% kernel
04-26 18:58:04.159 E/ActivityManager( 1485):   0.1% 4926/logcat: 0% user + 0.1% kernel
04-26 18:58:04.159 E/ActivityManager( 1485):   0.1% 5004/logcat: 0.1% user + 0% kernel
04-26 18:58:04.159 E/ActivityManager( 1485):   0.1% 5833/logcat: 0% user + 0.1% kernel
04-26 18:58:04.159 E/ActivityManager( 1485):   0.1% 7361/logcat: 0.1% user + 0% kernel
04-26 18:58:04.159 E/ActivityManager( 1485):   0.1% 7680/logcat: 0.1% user + 0% kernel
04-26 18:58:04.159 E/ActivityManager( 1485):   0.1% 19280/com.baidu.appsearch: 0.1% user + 0% kernel / faults: 3 minor
04-26 18:58:04.159 E/ActivityManager( 1485):   0.1% 19317/com.immomo.momo: 0.1% user + 0% kernel
04-26 18:58:04.159 E/ActivityManager( 1485):   0.1% 1358/kjournald: 0% user + 0% kernel + 0.1% iowait
04-26 18:58:04.159 E/ActivityManager( 1485):   0.1% 1362/kjournald: 0% user + 0% kernel + 0.1% iowait
04-26 18:58:04.159 E/ActivityManager( 1485): 45% TOTAL: 20% user + 11% kernel + 13% iowait + 0.5% softirq
04-26 18:58:04.159 E/ActivityManager( 1485): CPU usage from 527ms to 1070ms later:
04-26 18:58:04.159 E/ActivityManager( 1485):   10% 1485/system_server: 3.6% user + 7.2% kernel / faults: 10 minor
04-26 18:58:04.159 E/ActivityManager( 1485):     7.2% 1518/ActivityManager: 0% user + 7.2% kernel
04-26 18:58:04.159 E/ActivityManager( 1485):     3.6% 1486/HeapWorker: 3.6% user + 0% kernel
04-26 18:58:04.159 E/ActivityManager( 1485):     1.8% 1493/SurfaceFlinger: 1.8% user + 0% kernel
04-26 18:58:04.159 E/ActivityManager( 1485):   1.1% 227/bdi-default: 1.1% user + 0% kernel
04-26 18:58:04.159 E/ActivityManager( 1485):   1.3% 19245/imcom.forensics: 0% user + 1.3% kernel
04-26 18:58:04.159 E/ActivityManager( 1485): 12% TOTAL: 7.4% user + 5.5% kernel
04-26 18:58:04.439 I/ActivityManager( 1485): Skipping background ANR: imcom.forensics:uploader time=5849407
04-26 18:58:04.479 I/ActivityManager( 1485): Process imcom.forensics:uploader (pid 19253) has died.
04-26 18:58:04.479 W/ActivityManager( 1485): Scheduling restart of crashed service imcom.forensics/.UploadManager in 83069ms
04-26 18:58:04.659 V/DeviceStorageMonitorService( 1485): freeMemory=683077632
04-26 18:58:04.659 D/DeviceStorageMonitorService( 1485): OoO SMS Memory available. SMS_AVAILABLE_THRESHOLD == 524288
04-26 18:58:04.659 I/DeviceStorageMonitorService( 1485): Posting Message again
04-26 18:58:10.114 V/NotificationService( 1485): Battery Full, Charging
04-26 18:58:10.154 I/ActivityManager( 1485): Start proc com.android.htccontacts for broadcast com.android.htccontacts/.HtcContactBroadcastReceiver: pid=19353 uid=10006 gids={3003, 1015}
04-26 18:58:10.154 D/NotificationService( 1485): cancelNotification, ACTION_NOTIFICATION_REMOVE,pkg=com.lbe.security,id=6
04-26 18:58:12.617 W/WifiService( 1485): misformatted scan result for: 20:aa:4b:67:df:80	2462	-87	[WPA2-PSK-TKIP+CCMP]	
04-26 18:58:17.562 I/ActivityManager( 1485): Start proc com.tencent.mm for service com.tencent.mm/.booter.NotifyReceiver$NotifyService: pid=19372 uid=10069 gids={1006, 3003, 1015, 3002, 3001}
04-26 18:58:18.783 W/ActivityManager( 1485): Unable to resolve content provider from PackageManager
04-26 18:58:18.783 E/ActivityThread(19372): Failed to find provider info for com.tencent.mm.coolassist.debugprovider
04-26 18:58:22.617 W/WifiService( 1485): misformatted scan result for: 20:aa:4b:67:df:80	2462	-87	[WPA2-PSK-TKIP+CCMP]	
04-26 18:58:27.561 I/ActivityManager( 1485): Start proc com.sina.VDisk:push for service com.sina.VDisk/com.sina.weipan.push.PushService: pid=19390 uid=10057 gids={1006, 1007, 1015, 3003}
04-26 18:58:27.892 D/Socket_Alarm(19390): registerHTCSocketMonitorCallBack
04-26 18:58:27.892 D/Socket_Alarm(19390): set mSocketMonitor
04-26 18:58:27.892 D/Socket_Alarm(19390): HTCSocketMonitorImpl::HTCSocketMonitorImpl
04-26 18:58:32.616 W/WifiService( 1485): misformatted scan result for: 20:aa:4b:67:df:80	2462	-87	[WPA2-PSK-TKIP+CCMP]	
04-26 18:58:42.616 W/WifiService( 1485): misformatted scan result for: 20:aa:4b:67:df:80	2462	-87	[WPA2-PSK-TKIP+CCMP]	
04-26 18:58:43.967 I/ActivityManager( 1485): Starting activity: Intent { act=android.intent.action.MAIN cat=[android.intent.category.LAUNCHER] flg=0x10000000 cmp=imcom.forensics/.MainActivity } from pid 19424
04-26 18:58:50.814 I/ActivityManager( 1485): Start proc com.htc.launcher for activity com.htc.launcher/.Launcher: pid=19437 uid=9999 gids={3003, 1015, 3002, 3001, 2001}
04-26 18:58:52.616 W/WifiService( 1485): misformatted scan result for: 20:aa:4b:67:df:80	2462	-87	[WPA2-PSK-TKIP+CCMP]	
04-26 18:58:56.179 I/ActivityManager( 1485): Process com.sina.weibo (pid 2343) has died.
04-26 18:58:56.540 I/ActivityManager( 1485): Start proc android.process.media for content provider com.android.providers.media/.MediaProvider: pid=19460 uid=10008 gids={1015, 2001, 3003}
04-26 18:58:57.270 I/ActivityManager( 1485): Process com.immomo.momo (pid 19317) has died.
04-26 18:58:57.561 I/ActivityManager( 1485): Start proc com.servo.search for service com.servo.search/com.servo.core.android.ServoIndexerService: pid=19475 uid=10028 gids={3003, 1015}
04-26 18:58:57.671 I/ActivityManager( 1485): Process com.htcmarket (pid 19188) has died.
04-26 18:58:57.941 I/ActivityManager( 1485): Process com.android.defcontainer (pid 19179) has died.
04-26 18:58:58.111 W/ActivityManager( 1485): Unable to resolve content provider from PackageManager
04-26 18:58:58.121 E/ActivityThread(19475): Failed to find provider info for com.kaixin001.provider
04-26 18:58:58.341 I/ActivityManager( 1485): Process com.htc.RosieUtility (pid 19230) has died.
04-26 18:58:58.532 I/ActivityManager( 1485): Process com.htc.cs (pid 19209) has died.
04-26 18:58:59.503 I/ActivityManager( 1485): Starting activity: Intent { act=android.intent.action.MAIN cat=[android.intent.category.LAUNCHER] flg=0x10000000 cmp=imcom.forensics/.MainActivity } from pid 19494
04-26 18:58:59.713 D/Socket_Alarm(19437): registerHTCSocketMonitorCallBack
04-26 18:58:59.713 D/Socket_Alarm(19437): set mSocketMonitor
04-26 18:58:59.713 D/Socket_Alarm(19437): HTCSocketMonitorImpl::HTCSocketMonitorImpl
04-26 18:58:59.763 I/ActivityManager( 1485): Start proc com.android.mms for broadcast com.android.mms/.ui.MessagingShortcutReceiver: pid=19507 uid=10049 gids={3003, 1015}
04-26 18:59:00.093 W/ActivityManager( 1485): Activity pause timeout for HistoryRecord{409091f0 com.htc.launcher/.Launcher}
04-26 18:59:00.223 I/ActivityManager( 1485): Start proc imcom.forensics:uploader for service imcom.forensics/.UploadManager: pid=19514 uid=10077 gids={1015, 1007, 3003}
04-26 18:59:00.884 I/ActivityManager( 1485): Process com.htc.opensense (pid 19296) has died.
04-26 18:59:02.626 W/WifiService( 1485): misformatted scan result for: 20:aa:4b:67:df:80	2462	-87	[WPA2-PSK-TKIP+CCMP]	
04-26 18:59:04.668 V/DeviceStorageMonitorService( 1485): freeMemory=683024384
04-26 18:59:04.668 D/DeviceStorageMonitorService( 1485): OoO SMS Memory available. SMS_AVAILABLE_THRESHOLD == 524288
04-26 18:59:04.668 I/DeviceStorageMonitorService( 1485): Posting Message again
04-26 18:59:04.868 I/ActivityManager( 1485): Start proc com.htc.skinpicker for broadcast com.htc.skinpicker/.SkinPickerReceiver: pid=19558 uid=10047 gids={1015, 3003, 2001}
04-26 18:59:05.078 I/ActivityManager( 1485): Start proc com.android.settings for broadcast com.android.settings/.framework.activity.powersaver.SleepModeTimeOrTimeZoneChangedReceiver: pid=19567 uid=1000 gids={3002, 3001, 3003, 1015, 2001, 1007}
04-26 18:59:06.990 I/ActivityManager( 1485): Process com.baidu.appsearch (pid 19280) has died.
04-26 18:59:07.550 I/ActivityManager( 1485): Start proc com.tencent.mobileqq:MSF for service com.tencent.mobileqq/.msf.service.MsfService: pid=19582 uid=10073 gids={3003, 1006, 1015}
04-26 18:59:08.151 I/ActivityManager( 1485): Process com.facebook.katana (pid 17075) has died.
04-26 18:59:08.151 W/ActivityManager( 1485): Scheduling restart of crashed service com.facebook.katana/.service.MediaUploadService in 19402ms
04-26 18:59:10.854 D/Socket_Alarm(19582): registerHTCSocketMonitorCallBack
04-26 18:59:10.854 D/Socket_Alarm(19582): set mSocketMonitor
04-26 18:59:10.854 D/Socket_Alarm(19582): HTCSocketMonitorImpl::HTCSocketMonitorImpl
04-26 18:59:12.615 W/WifiService( 1485): misformatted scan result for: 20:aa:4b:67:df:80	2462	-87	[WPA2-PSK-TKIP+CCMP]	
04-26 18:59:14.317 D/Socket_Alarm(19304): registerHTCSocketMonitorCallBack
04-26 18:59:14.317 D/Socket_Alarm(19304): set mSocketMonitor
04-26 18:59:14.317 D/Socket_Alarm(19304): HTCSocketMonitorImpl::HTCSocketMonitorImpl
04-26 18:59:14.347 V/AlarmManager( 1485): hookRadio - sign: true offset:7200
04-26 18:59:14.457 V/LocationManagerService( 1485): removeUpdatesLocked: enableLocationTracking(false)
04-26 18:59:14.477 V/LocationManagerService( 1485): requestLocationUpdates
04-26 18:59:14.487 V/LocationManagerService( 1485): requestLocationUpdatesLocked: updateProvidersLocked
04-26 18:59:14.487 D/LocationManagerService( 1485): [updateProvidersLocked]
04-26 18:59:14.667 I/ActivityManager( 1485): Start proc com.htc.android.worldclock for broadcast com.htc.android.worldclock/.AlarmInitReceiver: pid=19608 uid=1000 gids={3002, 3001, 3003, 1015, 2001, 1007}
04-26 18:59:15.158 D/Socket_Alarm(19608): registerHTCSocketMonitorCallBack
04-26 18:59:15.158 D/Socket_Alarm(19608): set mSocketMonitor
04-26 18:59:15.158 D/Socket_Alarm(19608): HTCSocketMonitorImpl::HTCSocketMonitorImpl
04-26 18:59:17.570 I/ActivityManager( 1485): Start proc com.android.settings:remote for service com.android.settings/.framework.activity.powersaver.SmartSynService: pid=19624 uid=1000 gids={3002, 3001, 3003, 1015, 2001, 1007}
04-26 18:59:17.710 D/Socket_Alarm(19624): registerHTCSocketMonitorCallBack
04-26 18:59:17.710 D/Socket_Alarm(19624): set mSocketMonitor
04-26 18:59:17.710 D/Socket_Alarm(19624): HTCSocketMonitorImpl::HTCSocketMonitorImpl
04-26 18:59:20.443 W/ActivityManager( 1485): Timeout executing service: ServiceRecord{40aea928 imcom.forensics/.UploadManager}
04-26 18:59:21.554 E/ActivityManager( 1485): ANR in imcom.forensics:uploader time=5926841
04-26 18:59:21.554 E/ActivityManager( 1485): Reason: Executing service imcom.forensics/.UploadManager
04-26 18:59:21.554 E/ActivityManager( 1485): Load: 9.01 / 6.79 / 6.22
04-26 18:59:21.554 E/ActivityManager( 1485): CPU usage from 8495ms to 3177ms ago with 99% awake:
04-26 18:59:21.554 E/ActivityManager( 1485):   21% 19437/com.htc.launcher: 17% user + 2.9% kernel + 0.7% iowait / faults: 3926 minor 57 major
04-26 18:59:21.554 E/ActivityManager( 1485):   25% 1198/sd-qd: 0% user + 5.2% kernel + 20% iowait
04-26 18:59:21.554 E/ActivityManager( 1485):   4.1% 1485/system_server: 1.4% user + 2.6% kernel / faults: 398 minor 10 major
04-26 18:59:21.554 E/ActivityManager( 1485):   24% 856/emmc-qd: 0% user + 3.5% kernel + 21% iowait
04-26 18:59:21.554 E/ActivityManager( 1485):   2.5% 19304/com.htc.bgp: 0.7% user + 0.3% kernel + 1.4% iowait / faults: 1655 minor 16 major
04-26 18:59:21.554 E/ActivityManager( 1485):   1.8% 1640/android.htc.china.location.service:location_service: 1.6% user + 0.1% kernel / faults: 281 minor
04-26 18:59:21.554 E/ActivityManager( 1485):   1.2% 19460/android.process.media: 0.3% user + 0.2% kernel + 0.6% iowait / faults: 1132 minor 8 major
04-26 18:59:21.554 E/ActivityManager( 1485):   1.1% 1382/adbd: 0% user + 1.1% kernel / faults: 53 minor
04-26 18:59:21.554 E/ActivityManager( 1485):   0.9% 19582/com.tencent.mobileqq:MSF: 0.9% user + 0% kernel / faults: 277 minor 2 major
04-26 18:59:21.554 E/ActivityManager( 1485):   3.5% 1570/com.android.systemui: 0.5% user + 0% kernel + 2.9% iowait / faults: 441 minor 9 major
04-26 18:59:21.554 E/ActivityManager( 1485):   0.5% 1601/com.android.phone: 0.1% user + 0.3% kernel / faults: 64 minor 1 major
04-26 18:59:21.554 E/ActivityManager( 1485):   0.5% 3344/logcat: 0.1% user + 0.3% kernel / faults: 3 minor
04-26 18:59:21.554 E/ActivityManager( 1485):   0.5% 4419/logcat: 0.3% user + 0.1% kernel / faults: 4 minor
04-26 18:59:21.554 E/ActivityManager( 1485):   0.5% 5833/logcat: 0.1% user + 0.3% kernel / faults: 6 minor
04-26 18:59:21.554 E/ActivityManager( 1485):   0.5% 6991/logcat: 0% user + 0.5% kernel / faults: 6 minor
04-26 18:59:21.554 E/ActivityManager( 1485):   0.5% 7602/logcat: 0% user + 0.5% kernel / faults: 6 minor
04-26 18:59:21.554 E/ActivityManager( 1485):   0.5% 19245/imcom.forensics: 0.5% user + 0% kernel / faults: 94 minor
04-26 18:59:21.554 E/ActivityManager( 1485):   24% 539/kswapd0: 0% user + 0.3% kernel + 24% iowait
04-26 18:59:21.554 E/ActivityManager( 1485):   0.3% 1367/rild: 0% user + 0.3% kernel / faults: 19 minor 4 major
04-26 18:59:21.554 E/ActivityManager( 1485):   0.3% 1459/logcat2: 0.1% user + 0.1% kernel / faults: 4 minor
04-26 18:59:21.554 E/ActivityManager( 1485):   0.3% 1666/dhd_dpc: 0% user + 0.3% kernel
04-26 18:59:21.554 E/ActivityManager( 1485):   0.3% 3607/logcat: 0% user + 0.3% kernel / faults: 4 minor
04-26 18:59:21.554 E/ActivityManager( 1485):   0.5% 3663/logcat: 0.1% user + 0.1% kernel + 0.1% iowait / faults: 4 minor
04-26 18:59:21.554 E/ActivityManager( 1485):   0.3% 3838/logcat: 0% user + 0.3% kernel / faults: 4 minor
04-26 18:59:21.554 E/ActivityManager( 1485):   0.3% 3984/logcat: 0.1% user + 0.1% kernel / faults: 4 minor
04-26 18:59:21.554 E/ActivityManager( 1485):   0.3% 4008/logcat: 0% user + 0.3% kernel / faults: 4 minor
04-26 18:59:21.554 E/ActivityManager( 1485):   0.3% 4163/logcat: 0% user + 0.3% kernel / faults: 4 minor
04-26 18:59:21.554 E/ActivityManager( 1485):   0.3% 4217/logcat: 0% user + 0.3% kernel / faults: 4 minor
04-26 18:59:21.554 E/ActivityManager( 1485):   0.3% 4576/logcat: 0% user + 0.3% kernel / faults: 4 minor
04-26 18:59:21.554 E/ActivityManager( 1485):   0.3% 4602/logcat: 0.1% user + 0.1% kernel / faults: 4 minor
04-26 18:59:21.554 E/ActivityManager( 1485):   0.3% 4760/logcat: 0.1% user + 0.1% kernel / faults: 4 minor
04-26 18:59:21.554 E/ActivityManager( 1485):   0.3% 4926/logcat: 0% user + 0.3% kernel / faults: 4 minor
04-26 18:59:21.554 E/ActivityManager( 1485):   0.3% 5004/logcat: 0.1% user + 0.1% kernel / faults: 4 minor
04-26 18:59:21.554 E/ActivityManager( 1485):   0.3% 7361/logcat: 0.1% user + 0.1% kernel / faults: 6 minor
04-26 18:59:21.554 E/ActivityManager( 1485):   0.3% 7444/logcat: 0% user + 0.3% kernel / faults: 6 minor
04-26 18:59:21.554 E/ActivityManager( 1485):   0.3% 7680/logcat: 0.1% user + 0.1% kernel / faults: 4 minor
04-26 18:59:21.554 E/ActivityManager( 1485):   0.5% 7888/logcat: 0% user + 0.3% kernel + 0.1% iowait / faults: 6 minor
04-26 18:59:21.554 E/ActivityManager( 1485):   0.3% 8025/logcat: 0% user + 0.3% kernel / faults: 6 minor
04-26 18:59:21.554 E/ActivityManager( 1485):   0.5% 19390/com.sina.VDisk:push: 0.3% user + 0% kernel + 0.1% iowait / faults: 105 minor 4 major
04-26 18:59:21.554 E/ActivityManager( 1485):   0.1% 5/events/0: 0% user + 0.1% kernel
04-26 18:59:21.554 E/ActivityManager( 1485):   0% 278/kondemand/0: 0% user + 0% kernel
04-26 18:59:21.554 E/ActivityManager( 1485):   2% 1358/kjournald: 0% user + 0.1% kernel + 1.8% iowait
04-26 18:59:21.554 E/ActivityManager( 1485):   0% 1363/servicemanager: 0% user + 0% kernel / faults: 8 minor
04-26 18:59:21.554 E/ActivityManager( 1485):   0% 1381/clockd: 0% user + 0% kernel / faults: 40 minor 1 major
04-26 18:59:21.554 E/ActivityManager( 1485):   0.1% 1389/htc_ebdlogd: 0% user + 0.1% kernel / faults: 5 minor
04-26 18:59:21.554 E/ActivityManager( 1485):   0.1% 1603/android.process.acore: 0.1% user + 0% kernel / faults: 6 minor
04-26 18:59:21.554 E/ActivityManager( 1485):   0.3% 1624/com.lbe.security:service: 0.1% user + 0% kernel + 0.1% iowait / faults: 121 minor 3 major
04-26 18:59:21.554 E/ActivityManager( 1485):   0% 1665/dhd_watchdog: 0% user + 0% kernel
04-26 18:59:21.554 E/ActivityManager( 1485):   0.1% 2100/flush-179:64: 0% user + 0.1% kernel
04-26 18:59:21.554 E/ActivityManager( 1485):   0.2% 2268/com.htc.android.mail: 0% user + 0% kernel + 0.1% iowait / faults: 143 minor 4 major
04-26 18:59:21.554 E/ActivityManager( 1485):   0.1% 3872/logcat: 0.1% user + 0% kernel / faults: 4 minor
04-26 18:59:21.554 E/ActivityManager( 1485):   0% 17212/com.renren.mobile.android: 0% user + 0% kernel / faults: 272 minor 3 major
04-26 18:59:21.554 E/ActivityManager( 1485):   0.1% 19507/com.android.mms: 0.1% user + 0% kernel / faults: 4 minor
04-26 18:59:21.554 E/ActivityManager( 1485):   0.1% 19514/imcom.forensics:uploader: 0.1% user + 0% kernel / faults: 21 minor
04-26 18:59:21.554 E/ActivityManager( 1485):   0.1% 19567/com.android.settings: 0.1% user + 0% kernel / faults: 70 minor
04-26 18:59:21.554 E/ActivityManager( 1485):  +0% 19608/com.htc.android.worldclock: 0% user + 0% kernel
04-26 18:59:21.554 E/ActivityManager( 1485):   0.1% 1//init: 0% user + 0% kernel + 0.1% iowait / faults: 1 minor
04-26 18:59:21.734 I/ActivityManager( 1485): Skipping background ANR: imcom.forensics:uploader time=5926841
04-26 18:59:21.774 I/ActivityManager( 1485): Process imcom.forensics:uploader (pid 19514) has died.
04-26 18:59:21.774 W/ActivityManager( 1485): Scheduling restart of crashed service imcom.forensics/.UploadManager in 42700ms
04-26 18:59:22.615 W/WifiService( 1485): misformatted scan result for: 20:aa:4b:67:df:80	2462	-87	[WPA2-PSK-TKIP+CCMP]	
04-26 18:59:27.560 I/ActivityManager( 1485): Start proc com.facebook.katana for service com.facebook.katana/.service.MediaUploadService: pid=19643 uid=10035 gids={3003, 1006, 1015}
04-26 18:59:32.615 W/WifiService( 1485): misformatted scan result for: 20:aa:4b:67:df:80	2462	-87	[WPA2-PSK-TKIP+CCMP]	
04-26 18:59:33.165 D/Socket_Alarm(19643): registerHTCSocketMonitorCallBack
04-26 18:59:33.165 D/Socket_Alarm(19643): set mSocketMonitor
04-26 18:59:33.165 D/Socket_Alarm(19643): HTCSocketMonitorImpl::HTCSocketMonitorImpl
04-26 18:59:39.141 I/ActivityManager( 1485): Start proc com.facebook.katana:providers for content provider com.facebook.katana/.provider.GraphQLNotificationsContentProvider: pid=19674 uid=10035 gids={3003, 1006, 1015}
04-26 18:59:40.312 W/ActivityManager( 1485): Unable to start service Intent { act=com.google.android.c2dm.intent.REGISTER (has extras) }: not found
04-26 18:59:42.294 I/ActivityManager( 1485): Process com.renren.mobile.android (pid 17212) has died.
04-26 18:59:42.304 W/ActivityManager( 1485): Scheduling restart of crashed service com.renren.mobile.android/.news.NewsPushService in 5000ms
04-26 18:59:42.605 W/WifiService( 1485): misformatted scan result for: 20:aa:4b:67:df:80	2462	-87	[WPA2-PSK-TKIP+CCMP]	
04-26 18:59:43.586 D/Socket_Alarm(19674): registerHTCSocketMonitorCallBack
04-26 18:59:43.586 D/Socket_Alarm(19674): set mSocketMonitor
04-26 18:59:43.586 D/Socket_Alarm(19674): HTCSocketMonitorImpl::HTCSocketMonitorImpl
04-26 18:59:47.319 I/ActivityManager( 1485): Start proc com.renren.mobile.android for service com.renren.mobile.android/.news.NewsPushService: pid=19709 uid=10016 gids={1007, 3003, 1006, 1015}
04-26 18:59:47.730 I/ActivityManager( 1485): Process com.sina.weibo.servant (pid 2011) has died.
04-26 18:59:47.740 W/ActivityManager( 1485): Scheduling restart of crashed service com.sina.weibo/com.igexin.sdk.aidl.GexinMsgService in 5000ms
04-26 18:59:47.740 W/ActivityManager( 1485): Scheduling restart of crashed service com.sina.weibo/com.igexin.sdk.GexinMainService in 26747ms
04-26 18:59:52.614 W/WifiService( 1485): misformatted scan result for: 20:aa:4b:67:df:80	2462	-87	[WPA2-PSK-TKIP+CCMP]	
04-26 18:59:52.745 I/ActivityManager( 1485): Start proc com.sina.weibo.servant for service com.sina.weibo/com.igexin.sdk.aidl.GexinMsgService: pid=19724 uid=10068 gids={1006, 3003, 1015, 1007}
04-26 18:59:53.756 D/Socket_Alarm(19724): registerHTCSocketMonitorCallBack
04-26 18:59:53.756 D/Socket_Alarm(19724): set mSocketMonitor
04-26 18:59:53.766 D/Socket_Alarm(19724): HTCSocketMonitorImpl::HTCSocketMonitorImpl
04-26 19:00:00.172 V/AlarmManager( 1485): hookRadio - sign: true offset:7200
04-26 19:00:01.177 D/Socket_Alarm(19567): registerHTCSocketMonitorCallBack
04-26 19:00:01.187 D/Socket_Alarm(19567): set mSocketMonitor
04-26 19:00:01.197 D/Socket_Alarm(19567): HTCSocketMonitorImpl::HTCSocketMonitorImpl
04-26 19:00:01.217 V/LocationManagerService( 1485): requestLocationUpdates
04-26 19:00:01.227 V/LocationManagerService( 1485): requestLocationUpdatesLocked: updateProvidersLocked
04-26 19:00:01.227 D/LocationManagerService( 1485): [updateProvidersLocked]
04-26 19:00:02.548 W/WifiService( 1485): misformatted scan result for: 20:aa:4b:67:df:80	2462	-87	[WPA2-PSK-TKIP+CCMP]	
04-26 19:00:03.859 W/ActivityManager( 1485): Unable to start service Intent { flg=0x4 cmp=com.facebook.katana/com.facebook.orca.sms.MmsSmsLogExternalMessagesLogic$MmsSmsLogExternalMessagesService (has extras) }: not found
04-26 19:00:04.610 V/DeviceStorageMonitorService( 1485): freeMemory=683040768
04-26 19:00:04.610 D/DeviceStorageMonitorService( 1485): OoO SMS Memory available. SMS_AVAILABLE_THRESHOLD == 524288
04-26 19:00:05.111 I/ActivityManager( 1485): Start proc imcom.forensics:uploader for service imcom.forensics/.UploadManager: pid=19779 uid=10077 gids={1015, 1007, 3003}
04-26 19:00:05.111 I/ActivityManager( 1485): Process com.htc.skinpicker (pid 19558) has died.
04-26 19:00:05.181 I/DeviceStorageMonitorService( 1485): Posting Message again
04-26 19:00:05.181 I/ActivityManager( 1485): Process com.noshufou.android.su (pid 17630) has died.
04-26 19:00:06.732 W/InputManagerService( 1485): [unbindCurrentClientLocked] Disable input method client.
04-26 19:00:06.732 W/InputManagerService( 1485): [startInputLocked] Enable input method client.
04-26 19:00:08.674 I/ActivityManager( 1485): Process com.facebook.katana:providers (pid 19674) has died.
04-26 19:00:09.845 I/ActivityManager( 1485): Start proc com.noshufou.android.su for broadcast com.noshufou.android.su/.SuResultReceiver: pid=19804 uid=10075 gids={3003, 1015}
04-26 19:00:10.476 I/ActivityManager( 1485): Process com.android.settings (pid 19567) has died.
