04-26 18:30:22.698 E/ActivityManager( 1485):   0% 278/kondemand/0: 0% user + 0% kernel
04-26 18:30:22.698 E/ActivityManager( 1485):   0.8% 1624/com.lbe.security:service: 0% user + 0% kernel + 0.7% iowait / faults: 217 minor
04-26 18:30:22.698 E/ActivityManager( 1485):   0% 1666/dhd_dpc: 0% user + 0% kernel
04-26 18:30:22.698 E/ActivityManager( 1485):   0% 1695/wpa_supplicant: 0% user + 0% kernel / faults: 19 minor
04-26 18:30:22.698 E/ActivityManager( 1485):   0% 3663/logcat: 0% user + 0% kernel
04-26 18:30:22.698 E/ActivityManager( 1485):   0% 4008/logcat: 0% user + 0% kernel / faults: 19 minor
04-26 18:30:22.698 E/ActivityManager( 1485):   0% 5797/com.tencent.mobileqq:MSF: 0% user + 0% kernel / faults: 9 minor
04-26 18:30:22.698 E/ActivityManager( 1485):   0% 6991/logcat: 0% user + 0% kernel / faults: 19 minor
04-26 18:30:22.698 E/ActivityManager( 1485):   0% 7888/logcat: 0% user + 0% kernel / faults: 19 minor
04-26 18:30:22.698 E/ActivityManager( 1485):   0.2% 1358/kjournald: 0% user + 0% kernel + 0.2% iowait
04-26 18:30:22.698 E/ActivityManager( 1485): 15% TOTAL: 6.9% user + 4.2% kernel + 4.5% iowait
04-26 18:30:22.698 E/ActivityManager( 1485): CPU usage from 521ms to 1045ms later:
04-26 18:30:22.698 E/ActivityManager( 1485):   9.2% 1485/system_server: 3.7% user + 5.5% kernel
04-26 18:30:22.698 E/ActivityManager( 1485):     9.2% 1518/ActivityManager: 3.7% user + 5.5% kernel
04-26 18:30:22.698 E/ActivityManager( 1485):     1.8% 1493/SurfaceFlinger: 1.8% user + 0% kernel
04-26 18:30:22.698 E/ActivityManager( 1485):   2.6% 2268/com.htc.android.mail: 2.6% user + 0% kernel / faults: 1 minor
04-26 18:30:22.698 E/ActivityManager( 1485):     2.6% 2269/HeapWorker: 2.6% user + 0% kernel
04-26 18:30:22.698 E/ActivityManager( 1485):   2.8% 17407/imcom.forensics: 2.8% user + 0% kernel
04-26 18:30:22.698 E/ActivityManager( 1485):     2.8% 17407/imcom.forensics: 2.8% user + 0% kernel
04-26 18:30:22.698 E/ActivityManager( 1485):   1.2% 1459/logcat2: 1.2% user + 0% kernel
04-26 18:30:22.698 E/ActivityManager( 1485):   1.2% 1624/com.lbe.security:service: 1.2% user + 0% kernel
04-26 18:30:22.698 E/ActivityManager( 1485):     1.2% 1624/ecurity:service: 1.2% user + 0% kernel
04-26 18:30:22.698 E/ActivityManager( 1485):   1.2% 1640/android.htc.china.location.service:location_service: 1.2% user + 0% kernel / faults: 3 minor
04-26 18:30:22.698 E/ActivityManager( 1485):     1.2% 1903/LocationService: 1.2% user + 0% kernel
04-26 18:30:22.698 E/ActivityManager( 1485): 18% TOTAL: 15% user + 3.7% kernel
04-26 18:30:23.058 I/ActivityManager( 1485): Skipping background ANR: imcom.forensics:uploader time=4187886
04-26 18:30:23.098 I/ActivityManager( 1485): Process imcom.forensics:uploader (pid 17429) has died.
04-26 18:30:23.098 W/ActivityManager( 1485): Scheduling restart of crashed service imcom.forensics/.UploadManager in 43248ms
04-26 18:30:26.702 I/ActivityManager( 1485): Process imcom.forensics (pid 17407) has died.
04-26 18:30:26.702 I/WindowManager( 1485): WIN DEATH: Window{40a78cd8 imcom.forensics/imcom.forensics.MainActivity paused=false}
04-26 18:30:26.762 I/ActivityManager( 1485): Start proc com.htc.launcher for activity com.htc.launcher/.Launcher: pid=17483 uid=9999 gids={3003, 1015, 3002, 3001, 2001}
04-26 18:30:31.756 I/ActivityManager( 1485): Start proc android.process.media for content provider com.android.providers.media/.MediaProvider: pid=17503 uid=10008 gids={1015, 2001, 3003}
04-26 18:30:31.937 D/Socket_Alarm(17483): registerHTCSocketMonitorCallBack
04-26 18:30:31.937 D/Socket_Alarm(17483): set mSocketMonitor
04-26 18:30:31.937 D/Socket_Alarm(17483): HTCSocketMonitorImpl::HTCSocketMonitorImpl
04-26 18:30:31.987 I/ActivityManager( 1485): Start proc com.android.mms for broadcast com.android.mms/.ui.MessagingShortcutReceiver: pid=17512 uid=10049 gids={3003, 1015}
04-26 18:30:32.487 W/WifiService( 1485): misformatted scan result for: 20:aa:4b:67:df:80	2462	-87	[WPA2-PSK-TKIP+CCMP]	
04-26 18:30:35.410 I/ActivityManager( 1485): Start proc com.htc.skinpicker for broadcast com.htc.skinpicker/.SkinPickerReceiver: pid=17536 uid=10047 gids={1015, 3003, 2001}
04-26 18:30:35.590 D/InputManagerService( 1485): Got RemoteException sending setActive(false) notification to pid 17407 uid 10077
04-26 18:30:35.590 W/InputManagerService( 1485): [startInputLocked] Enable input method client.
04-26 18:30:35.770 I/ActivityManager( 1485): Start proc com.android.settings for broadcast com.android.settings/.framework.activity.powersaver.SleepModeTimeOrTimeZoneChangedReceiver: pid=17545 uid=1000 gids={3002, 3001, 3003, 1015, 2001, 1007}
04-26 18:30:35.991 I/ActivityManager( 1485): Process com.noshufou.android.su (pid 17448) has died.
04-26 18:30:36.301 I/ActivityManager( 1485): Process android.process.media (pid 17503) has died.
04-26 18:30:36.962 I/ActivityManager( 1485): Process com.htc.skinpicker (pid 17536) has died.
04-26 18:30:37.332 I/ActivityManager( 1485): Process com.android.settings (pid 17545) has died.
04-26 18:30:37.902 I/ActivityManager( 1485): Process com.android.mms (pid 17512) has died.
04-26 18:30:39.084 I/ActivityManager( 1485): Process com.android.htccontacts (pid 9516) has died.
04-26 18:30:39.094 I/ActivityManager( 1485): Low Memory: No more background processes.
04-26 18:30:42.487 W/WifiService( 1485): misformatted scan result for: 20:aa:4b:67:df:80	2462	-87	[WPA2-PSK-TKIP+CCMP]	
04-26 18:30:46.371 I/ActivityManager( 1485): Force stopping package imcom.forensics uid=10077
04-26 18:30:46.371 I/ActivityManager( 1485):   Force stopping service ServiceRecord{40972b00 imcom.forensics/.UploadManager}
04-26 18:30:46.371 I/ActivityManager( 1485): Starting activity: Intent { act=android.intent.action.MAIN cat=[android.intent.category.LAUNCHER] flg=0x10000000 cmp=imcom.forensics/.MainActivity } from pid 17575
04-26 18:30:46.621 I/ActivityManager( 1485): Start proc imcom.forensics for activity imcom.forensics/.MainActivity: pid=17588 uid=10077 gids={1015, 1007, 3003}
04-26 18:30:46.681 W/ActivityThread(17588): Application imcom.forensics is waiting for the debugger on port 8100...
04-26 18:30:48.132 I/ActivityManager( 1485): debugger status changed, pid: 17588, uid:10077, attach:true
04-26 18:30:50.775 I/ActivityManager( 1485): Start proc imcom.forensics:uploader for service imcom.forensics/.UploadManager: pid=17607 uid=10077 gids={1015, 1007, 3003}
04-26 18:30:50.775 D/Socket_Alarm(17588): registerHTCSocketMonitorCallBack
04-26 18:30:50.775 D/Socket_Alarm(17588): set mSocketMonitor
04-26 18:30:50.775 D/Socket_Alarm(17588): HTCSocketMonitorImpl::HTCSocketMonitorImpl
04-26 18:30:51.085 W/InputManagerService( 1485): [unbindCurrentClientLocked] Disable input method client.
04-26 18:30:51.085 W/InputManagerService( 1485): [startInputLocked] Enable input method client.
04-26 18:30:51.145 D/InputManagerService( 1485): Starting input on non-focused client com.android.internal.view.IInputMethodClient$Stub$Proxy@40f936c8 (uid=9999 pid=17483)
04-26 18:30:51.616 I/ActivityManager( 1485): Start proc com.noshufou.android.su for broadcast com.noshufou.android.su/.SuResultReceiver: pid=17630 uid=10075 gids={3003, 1015}
04-26 18:30:52.487 W/WifiService( 1485): misformatted scan result for: 20:aa:4b:67:df:80	2462	-87	[WPA2-PSK-TKIP+CCMP]	
04-26 18:31:02.496 W/WifiService( 1485): misformatted scan result for: 20:aa:4b:67:df:80	2462	-87	[WPA2-PSK-TKIP+CCMP]	
04-26 18:31:04.498 V/DeviceStorageMonitorService( 1485): freeMemory=683565056
04-26 18:31:04.498 D/DeviceStorageMonitorService( 1485): OoO SMS Memory available. SMS_AVAILABLE_THRESHOLD == 524288
04-26 18:31:04.498 I/DeviceStorageMonitorService( 1485): Posting Message again
04-26 18:31:10.845 W/ActivityManager( 1485): Timeout executing service: ServiceRecord{40fd5298 imcom.forensics/.UploadManager}
04-26 18:31:12.036 E/ActivityManager( 1485): ANR in imcom.forensics:uploader time=4237260
04-26 18:31:12.036 E/ActivityManager( 1485): Reason: Executing service imcom.forensics/.UploadManager
04-26 18:31:12.036 E/ActivityManager( 1485): Load: 7.63 / 7.28 / 7.1
04-26 18:31:12.036 E/ActivityManager( 1485): CPU usage from 5858ms to 0ms ago with 99% awake:
04-26 18:31:12.036 E/ActivityManager( 1485):   3.6% 17588/imcom.forensics: 3.4% user + 0.1% kernel
04-26 18:31:12.036 E/ActivityManager( 1485):   2.2% 1624/com.lbe.security:service: 1.5% user + 0.5% kernel + 0.1% iowait / faults: 325 minor 3 major
04-26 18:31:12.036 E/ActivityManager( 1485):   1.8% 1485/system_server: 1% user + 0.8% kernel / faults: 26 minor
04-26 18:31:12.036 E/ActivityManager( 1485):   1.1% 1198/sd-qd: 0% user + 1% kernel + 0.1% iowait
04-26 18:31:12.036 E/ActivityManager( 1485):   0.5% 1382/adbd: 0.1% user + 0.3% kernel / faults: 27 minor
04-26 18:31:12.036 E/ActivityManager( 1485):   0% 16499/com.sina.VDisk:push: 0% user + 0% kernel / faults: 333 minor 20 major
04-26 18:31:12.036 E/ActivityManager( 1485):   0% 5/events/0: 0% user + 0% kernel
04-26 18:31:12.036 E/ActivityManager( 1485):   0.1% 278/kondemand/0: 0% user + 0.1% kernel
04-26 18:31:12.036 E/ActivityManager( 1485):   1.1% 856/emmc-qd: 0% user + 0.1% kernel + 1% iowait
04-26 18:31:12.036 E/ActivityManager( 1485):   0.3% 1459/logcat2: 0.1% user + 0% kernel + 0.1% iowait
04-26 18:31:12.036 E/ActivityManager( 1485):   0.1% 1640/android.htc.china.location.service:location_service: 0% user + 0.1% kernel / faults: 9 minor
04-26 18:31:12.036 E/ActivityManager( 1485):   0% 3344/logcat: 0% user + 0% kernel
04-26 18:31:12.036 E/ActivityManager( 1485):   0% 3607/logcat: 0% user + 0% kernel
04-26 18:31:12.036 E/ActivityManager( 1485):   0% 3663/logcat: 0% user + 0% kernel
04-26 18:31:12.036 E/ActivityManager( 1485):   0% 3838/logcat: 0% user + 0% kernel
04-26 18:31:12.036 E/ActivityManager( 1485):   0% 3872/logcat: 0% user + 0% kernel
04-26 18:31:12.036 E/ActivityManager( 1485):   0% 3984/logcat: 0% user + 0% kernel
04-26 18:31:12.036 E/ActivityManager( 1485):   0% 4008/logcat: 0% user + 0% kernel
04-26 18:31:12.036 E/ActivityManager( 1485):   0% 4217/logcat: 0% user + 0% kernel
04-26 18:31:12.036 E/ActivityManager( 1485):   0% 4419/logcat: 0% user + 0% kernel
04-26 18:31:12.036 E/ActivityManager( 1485):   0% 4576/logcat: 0% user + 0% kernel
04-26 18:31:12.036 E/ActivityManager( 1485):   0% 4602/logcat: 0% user + 0% kernel
04-26 18:31:12.036 E/ActivityManager( 1485):   0% 4760/logcat: 0% user + 0% kernel
04-26 18:31:12.036 E/ActivityManager( 1485):   0% 5004/logcat: 0% user + 0% kernel
04-26 18:31:12.036 E/ActivityManager( 1485):   0.1% 5797/com.tencent.mobileqq:MSF: 0.1% user + 0% kernel
04-26 18:31:12.036 E/ActivityManager( 1485):   0% 5833/logcat: 0% user + 0% kernel
04-26 18:31:12.036 E/ActivityManager( 1485):   0% 6991/logcat: 0% user + 0% kernel
04-26 18:31:12.036 E/ActivityManager( 1485):   0% 7361/logcat: 0% user + 0% kernel
04-26 18:31:12.036 E/ActivityManager( 1485):   0% 7602/logcat: 0% user + 0% kernel
04-26 18:31:12.036 E/ActivityManager( 1485):   0% 7888/logcat: 0% user + 0% kernel
04-26 18:31:12.036 E/ActivityManager( 1485):   0% 1362/kjournald: 0% user + 0% kernel + 0% iowait
04-26 18:31:12.036 E/ActivityManager( 1485): 15% TOTAL: 8.3% user + 5.8% kernel + 1.1% iowait
04-26 18:31:12.036 E/ActivityManager( 1485): CPU usage from 554ms to 1094ms later:
04-26 18:31:12.036 E/ActivityManager( 1485):   9% 1485/system_server: 0% user + 9% kernel / faults: 12 minor
04-26 18:31:12.036 E/ActivityManager( 1485):     7.2% 1518/ActivityManager: 0% user + 7.2% kernel
04-26 18:31:12.036 E/ActivityManager( 1485):     1.8% 1486/HeapWorker: 1.8% user + 0% kernel
04-26 18:31:12.036 E/ActivityManager( 1485):     1.8% 1493/SurfaceFlinger: 1.8% user + 0% kernel
04-26 18:31:12.036 E/ActivityManager( 1485):     1.8% 1634/LocationManager: 0% user + 1.8% kernel
04-26 18:31:12.036 E/ActivityManager( 1485):   2.5% 4926/logcat: 2.5% user + 0% kernel
04-26 18:31:12.036 E/ActivityManager( 1485):   2.5% 17588/imcom.forensics: 2.5% user + 0% kernel
04-26 18:31:12.036 E/ActivityManager( 1485):     2.5% 17588/imcom.forensics: 2.5% user + 0% kernel
04-26 18:31:12.036 E/ActivityManager( 1485):   1.2% 4163/logcat: 1.2% user + 0% kernel
04-26 18:31:12.036 E/ActivityManager( 1485):   1.2% 7361/logcat: 1.2% user + 0% kernel
04-26 18:31:12.036 E/ActivityManager( 1485):   1.2% 7444/logcat: 0% user + 1.2% kernel
04-26 18:31:12.036 E/ActivityManager( 1485):   1.2% 7602/logcat: 0% user + 1.2% kernel
04-26 18:31:12.036 E/ActivityManager( 1485):   1.2% 7888/logcat: 0% user + 1.2% kernel
04-26 18:31:12.036 E/ActivityManager( 1485): 25% TOTAL: 11% user + 12% kernel + 1.8% iowait
04-26 18:31:12.126 I/ActivityManager( 1485): Skipping background ANR: imcom.forensics:uploader time=4237260
04-26 18:31:12.166 I/ActivityManager( 1485): Process imcom.forensics:uploader (pid 17607) has died.
04-26 18:31:12.166 W/ActivityManager( 1485): Scheduling restart of crashed service imcom.forensics/.UploadManager in 42640ms
04-26 18:31:12.496 W/WifiService( 1485): misformatted scan result for: 20:aa:4b:67:df:80	2462	-87	[WPA2-PSK-TKIP+CCMP]	
04-26 18:31:22.496 W/WifiService( 1485): misformatted scan result for: 20:aa:4b:67:df:80	2462	-87	[WPA2-PSK-TKIP+CCMP]	
04-26 18:31:32.496 W/WifiService( 1485): misformatted scan result for: 20:aa:4b:67:df:80	2462	-87	[WPA2-PSK-TKIP+CCMP]	
04-26 18:31:42.495 W/WifiService( 1485): misformatted scan result for: 20:aa:4b:67:df:80	2462	-87	[WPA2-PSK-TKIP+CCMP]	
04-26 18:31:47.130 I/ActivityManager( 1485): Process imcom.forensics (pid 17588) has died.
04-26 18:31:47.130 I/WindowManager( 1485): WIN DEATH: Window{40ab5158 imcom.forensics/imcom.forensics.MainActivity paused=false}
04-26 18:31:47.450 D/InputManagerService( 1485): Got RemoteException sending setActive(false) notification to pid 17588 uid 10077
04-26 18:31:47.450 W/InputManagerService( 1485): [startInputLocked] Enable input method client.
04-26 18:31:50.503 I/ActivityManager( 1485): Force stopping package imcom.forensics uid=10077
04-26 18:31:50.503 I/ActivityManager( 1485):   Force stopping service ServiceRecord{40fd5298 imcom.forensics/.UploadManager}
04-26 18:31:50.503 I/ActivityManager( 1485): Starting activity: Intent { act=android.intent.action.MAIN cat=[android.intent.category.LAUNCHER] flg=0x10000000 cmp=imcom.forensics/.MainActivity } from pid 17700
04-26 18:31:50.613 I/ActivityManager( 1485): Start proc imcom.forensics for activity imcom.forensics/.MainActivity: pid=17709 uid=10077 gids={1015, 1007, 3003}
04-26 18:31:50.714 W/ActivityThread(17709): Application imcom.forensics is waiting for the debugger on port 8100...
04-26 18:31:51.234 I/ActivityManager( 1485): debugger status changed, pid: 17709, uid:10077, attach:true
04-26 18:31:52.495 W/WifiService( 1485): misformatted scan result for: 20:aa:4b:67:df:80	2462	-87	[WPA2-PSK-TKIP+CCMP]	
04-26 18:31:54.647 I/ActivityManager( 1485): Start proc imcom.forensics:uploader for service imcom.forensics/.UploadManager: pid=17731 uid=10077 gids={1015, 1007, 3003}
04-26 18:31:54.647 D/Socket_Alarm(17709): registerHTCSocketMonitorCallBack
04-26 18:31:54.647 D/Socket_Alarm(17709): set mSocketMonitor
04-26 18:31:54.647 D/Socket_Alarm(17709): HTCSocketMonitorImpl::HTCSocketMonitorImpl
04-26 18:31:54.968 W/InputManagerService( 1485): [unbindCurrentClientLocked] Disable input method client.
04-26 18:31:54.968 W/InputManagerService( 1485): [startInputLocked] Enable input method client.
04-26 18:31:54.998 D/InputManagerService( 1485): Starting input on non-focused client com.android.internal.view.IInputMethodClient$Stub$Proxy@40f936c8 (uid=9999 pid=17483)
04-26 18:32:02.495 W/WifiService( 1485): misformatted scan result for: 20:aa:4b:67:df:80	2462	-87	[WPA2-PSK-TKIP+CCMP]	
04-26 18:32:04.507 V/DeviceStorageMonitorService( 1485): freeMemory=683503616
04-26 18:32:04.507 D/DeviceStorageMonitorService( 1485): OoO SMS Memory available. SMS_AVAILABLE_THRESHOLD == 524288
04-26 18:32:04.507 I/DeviceStorageMonitorService( 1485): Posting Message again
04-26 18:32:12.495 W/WifiService( 1485): misformatted scan result for: 20:aa:4b:67:df:80	2462	-87	[WPA2-PSK-TKIP+CCMP]	
04-26 18:32:14.707 W/ActivityManager( 1485): Timeout executing service: ServiceRecord{40780258 imcom.forensics/.UploadManager}
04-26 18:32:15.898 E/ActivityManager( 1485): ANR in imcom.forensics:uploader time=4301112
04-26 18:32:15.898 E/ActivityManager( 1485): Reason: Executing service imcom.forensics/.UploadManager
04-26 18:32:15.898 E/ActivityManager( 1485): Load: 6.39 / 6.99 / 7.01
04-26 18:32:15.898 E/ActivityManager( 1485): CPU usage from 14122ms to 0ms ago:
04-26 18:32:15.898 E/ActivityManager( 1485):   3.8% 17709/imcom.forensics: 3.6% user + 0.2% kernel
04-26 18:32:15.898 E/ActivityManager( 1485):   2.4% 1198/sd-qd: 0% user + 2.2% kernel + 0.2% iowait
04-26 18:32:15.898 E/ActivityManager( 1485):   1.1% 1485/system_server: 0.4% user + 0.6% kernel / faults: 32 minor
04-26 18:32:15.898 E/ActivityManager( 1485):   0.5% 1601/com.android.phone: 0.2% user + 0.1% kernel + 0.1% iowait / faults: 238 minor 6 major
04-26 18:32:15.898 E/ActivityManager( 1485):   0.3% 17483/com.htc.launcher: 0.3% user + 0% kernel / faults: 97 minor
04-26 18:32:15.898 E/ActivityManager( 1485):   0.2% 3/ksoftirqd/0: 0.2% user + 0% kernel
04-26 18:32:15.898 E/ActivityManager( 1485):   0.2% 1624/com.lbe.security:service: 0% user + 0.1% kernel / faults: 90 minor
04-26 18:32:15.898 E/ActivityManager( 1485):   0.2% 1640/android.htc.china.location.service:location_service: 0.2% user + 0% kernel / faults: 9 minor
04-26 18:32:15.898 E/ActivityManager( 1485):   0.2% 1666/dhd_dpc: 0% user + 0.2% kernel
04-26 18:32:15.898 E/ActivityManager( 1485):   0.2% 1382/adbd: 0% user + 0.2% kernel / faults: 78 minor
04-26 18:32:15.898 E/ActivityManager( 1485):   0.2% 17731/imcom.forensics:uploader: 0% user + 0.1% kernel / faults: 26 minor
04-26 18:32:15.898 E/ActivityManager( 1485):   0.1% 278/kondemand/0: 0% user + 0.1% kernel
04-26 18:32:15.898 E/ActivityManager( 1485):   0.4% 856/emmc-qd: 0% user + 0.1% kernel + 0.2% iowait
04-26 18:32:15.898 E/ActivityManager( 1485):   0.1% 3344/logcat: 0.1% user + 0% kernel
04-26 18:32:15.898 E/ActivityManager( 1485):   0% 17212/com.renren.mobile.android: 0% user + 0% kernel / faults: 77 minor
04-26 18:32:15.898 E/ActivityManager( 1485):   0% 5/events/0: 0% user + 0% kernel
04-26 18:32:15.898 E/ActivityManager( 1485):   0% 693/file-storage: 0% user + 0% kernel
04-26 18:32:15.898 E/ActivityManager( 1485):   0% 1363/servicemanager: 0% user + 0% kernel / faults: 8 minor
04-26 18:32:15.898 E/ActivityManager( 1485):   0% 1380/zchgd: 0% user + 0% kernel / faults: 20 minor
04-26 18:32:15.898 E/ActivityManager( 1485):   0% 1459/logcat2: 0% user + 0% kernel
04-26 18:32:15.898 E/ActivityManager( 1485):   0% 1695/wpa_supplicant: 0% user + 0% kernel
04-26 18:32:15.898 E/ActivityManager( 1485):   0% 2100/flush-179:64: 0% user + 0% kernel
04-26 18:32:15.898 E/ActivityManager( 1485):   0% 3838/logcat: 0% user + 0% kernel
04-26 18:32:15.898 E/ActivityManager( 1485):   0% 5004/logcat: 0% user + 0% kernel
04-26 18:32:15.898 E/ActivityManager( 1485):   0% 5797/com.tencent.mobileqq:MSF: 0% user + 0% kernel / faults: 1 minor
04-26 18:32:15.898 E/ActivityManager( 1485):   0% 7444/logcat: 0% user + 0% kernel
04-26 18:32:15.898 E/ActivityManager( 1485):   0% 7602/logcat: 0% user + 0% kernel
04-26 18:32:15.898 E/ActivityManager( 1485):   0% 1362/kjournald: 0% user + 0% kernel + 0% iowait
04-26 18:32:15.898 E/ActivityManager( 1485): 12% TOTAL: 6.3% user + 5.1% kernel + 0.6% iowait + 0% softirq
04-26 18:32:15.898 E/ActivityManager( 1485): CPU usage from 577ms to 1102ms later:
04-26 18:32:15.898 E/ActivityManager( 1485):   7.4% 1485/system_server: 0% user + 7.4% kernel
04-26 18:32:15.898 E/ActivityManager( 1485):     5.5% 1518/ActivityManager: 0% user + 5.5% kernel
04-26 18:32:15.898 E/ActivityManager( 1485):     1.8% 1493/SurfaceFlinger: 1.8% user + 0% kernel
04-26 18:32:15.898 E/ActivityManager( 1485):   2.9% 17709/imcom.forensics: 2.9% user + 0% kernel
04-26 18:32:15.898 E/ActivityManager( 1485):     2.9% 17709/imcom.forensics: 2.9% user + 0% kernel
04-26 18:32:15.898 E/ActivityManager( 1485):   3.7% 856/emmc-qd: 0% user + 1.2% kernel + 2.5% iowait
04-26 18:32:15.898 E/ActivityManager( 1485):   1.3% 1640/android.htc.china.location.service:location_service: 1.3% user + 0% kernel
04-26 18:32:15.898 E/ActivityManager( 1485):   2.5% 1362/kjournald: 0% user + 0% kernel + 2.5% iowait
04-26 18:32:15.898 E/ActivityManager( 1485): 11% TOTAL: 5.6% user + 3.7% kernel + 1.8% iowait
04-26 18:32:16.008 I/ActivityManager( 1485): Skipping background ANR: imcom.forensics:uploader time=4301112
04-26 18:32:16.038 I/ActivityManager( 1485): Process imcom.forensics:uploader (pid 17731) has died.
04-26 18:32:16.048 W/ActivityManager( 1485): Scheduling restart of crashed service imcom.forensics/.UploadManager in 42680ms
04-26 18:32:22.495 W/WifiService( 1485): misformatted scan result for: 20:aa:4b:67:df:80	2462	-87	[WPA2-PSK-TKIP+CCMP]	
04-26 18:32:32.504 W/WifiService( 1485): misformatted scan result for: 20:aa:4b:67:df:80	2462	-87	[WPA2-PSK-TKIP+CCMP]	
04-26 18:32:42.494 W/WifiService( 1485): misformatted scan result for: 20:aa:4b:67:df:80	2462	-87	[WPA2-PSK-TKIP+CCMP]	
04-26 18:32:52.514 W/WifiService( 1485): misformatted scan result for: 20:aa:4b:67:df:80	2462	-87	[WPA2-PSK-TKIP+CCMP]	
04-26 18:32:58.740 I/ActivityManager( 1485): Start proc imcom.forensics:uploader for service imcom.forensics/.UploadManager: pid=17809 uid=10077 gids={1015, 1007, 3003}
04-26 18:33:02.504 W/WifiService( 1485): misformatted scan result for: 20:aa:4b:67:df:80	2462	-87	[WPA2-PSK-TKIP+CCMP]	
04-26 18:33:04.506 V/DeviceStorageMonitorService( 1485): freeMemory=683421696
04-26 18:33:04.506 D/DeviceStorageMonitorService( 1485): OoO SMS Memory available. SMS_AVAILABLE_THRESHOLD == 524288
04-26 18:33:04.506 I/DeviceStorageMonitorService( 1485): Posting Message again
04-26 18:33:12.513 W/WifiService( 1485): misformatted scan result for: 20:aa:4b:67:df:80	2462	-87	[WPA2-PSK-TKIP+CCMP]	
04-26 18:33:18.819 W/ActivityManager( 1485): Timeout executing service: ServiceRecord{40780258 imcom.forensics/.UploadManager}
04-26 18:33:19.891 E/ActivityManager( 1485): ANR in imcom.forensics:uploader time=4365227
04-26 18:33:19.891 E/ActivityManager( 1485): Reason: Executing service imcom.forensics/.UploadManager
04-26 18:33:19.891 E/ActivityManager( 1485): Load: 6.28 / 6.89 / 6.98
04-26 18:33:19.891 E/ActivityManager( 1485): CPU usage from 13827ms to 3897ms ago with 99% awake:
04-26 18:33:19.891 E/ActivityManager( 1485):   3.7% 17709/imcom.forensics: 3.2% user + 0.5% kernel
04-26 18:33:19.891 E/ActivityManager( 1485):   2.3% 1198/sd-qd: 0% user + 2.2% kernel + 0.1% iowait
04-26 18:33:19.891 E/ActivityManager( 1485):   1.1% 1485/system_server: 0.6% user + 0.5% kernel
04-26 18:33:19.891 E/ActivityManager( 1485):   0% 1670/com.htc.bgp: 0% user + 0% kernel + 0% iowait / faults: 353 minor 12 major
04-26 18:33:19.891 E/ActivityManager( 1485):   0.1% 3151/com.tencent.mm:push: 0.1% user + 0% kernel / faults: 202 minor
04-26 18:33:19.891 E/ActivityManager( 1485):   1.2% 856/emmc-qd: 0% user + 0.3% kernel + 0.9% iowait
04-26 18:33:19.891 E/ActivityManager( 1485):   0.3% 1382/adbd: 0% user + 0.3% kernel / faults: 52 minor
04-26 18:33:19.891 E/ActivityManager( 1485):   0.1% 1624/com.lbe.security:service: 0.1% user + 0% kernel / faults: 3 minor
04-26 18:33:19.891 E/ActivityManager( 1485):   0.3% 17809/imcom.forensics:uploader: 0.3% user + 0% kernel
04-26 18:33:19.891 E/ActivityManager( 1485):   0.2% 1640/android.htc.china.location.service:location_service: 0.2% user + 0% kernel / faults: 3 minor
04-26 18:33:19.891 E/ActivityManager( 1485):   0.2% 17075/com.facebook.katana: 0.1% user + 0.1% kernel / faults: 159 minor 9 major
04-26 18:33:19.891 E/ActivityManager( 1485):   0% 5/events/0: 0% user + 0% kernel
04-26 18:33:19.891 E/ActivityManager( 1485):   0.1% 278/kondemand/0: 0% user + 0.1% kernel
04-26 18:33:19.891 E/ActivityManager( 1485):   0% 1666/dhd_dpc: 0% user + 0% kernel
04-26 18:33:19.891 E/ActivityManager( 1485):   0.1% 3344/logcat: 0% user + 0.1% kernel
04-26 18:33:19.891 E/ActivityManager( 1485):   0.1% 3607/logcat: 0% user + 0.1% kernel
04-26 18:33:19.891 E/ActivityManager( 1485):   0% 3663/logcat: 0% user + 0% kernel
04-26 18:33:19.891 E/ActivityManager( 1485):   0% 3838/logcat: 0% user + 0% kernel
04-26 18:33:19.891 E/ActivityManager( 1485):   0.1% 4163/logcat: 0% user + 0.1% kernel
04-26 18:33:19.891 E/ActivityManager( 1485):   0.1% 4217/logcat: 0% user + 0.1% kernel
04-26 18:33:19.891 E/ActivityManager( 1485):   0.1% 4760/logcat: 0% user + 0.1% kernel
04-26 18:33:19.891 E/ActivityManager( 1485):   0% 4926/logcat: 0% user + 0% kernel
04-26 18:33:19.891 E/ActivityManager( 1485):   0.1% 5004/logcat: 0% user + 0.1% kernel
04-26 18:33:19.891 E/ActivityManager( 1485):   0% 5797/com.tencent.mobileqq:MSF: 0% user + 0% kernel / faults: 1 minor
04-26 18:33:19.891 E/ActivityManager( 1485):   0.1% 6991/logcat: 0% user + 0.1% kernel
04-26 18:33:19.891 E/ActivityManager( 1485):   0.1% 7680/logcat: 0.1% user + 0% kernel
04-26 18:33:19.891 E/ActivityManager( 1485): 11% TOTAL: 5.6% user + 4.6% kernel + 1.4% iowait
04-26 18:33:19.891 E/ActivityManager( 1485): CPU usage from 437ms to 962ms later:
04-26 18:33:19.891 E/ActivityManager( 1485):   16% 1198/sd-qd: 0% user + 13% kernel + 2.5% iowait
04-26 18:33:19.891 E/ActivityManager( 1485):   7.4% 1485/system_server: 0% user + 7.4% kernel
04-26 18:33:19.891 E/ActivityManager( 1485):     7.4% 1518/ActivityManager: 0% user + 7.4% kernel
04-26 18:33:19.891 E/ActivityManager( 1485):     1.8% 1501/SurfaceFlinger: 0% user + 1.8% kernel
04-26 18:33:19.891 E/ActivityManager( 1485):   5.6% 17212/com.renren.mobile.android: 5.6% user + 0% kernel / faults: 22 minor
04-26 18:33:19.891 E/ActivityManager( 1485):     4.2% 17244/Thread-21: 4.2% user + 0% kernel
04-26 18:33:19.891 E/ActivityManager( 1485):   3.5% 17709/imcom.forensics: 3.5% user + 0% kernel
04-26 18:33:19.891 E/ActivityManager( 1485):     3.5% 17709/imcom.forensics: 3.5% user + 0% kernel
04-26 18:33:19.891 E/ActivityManager( 1485):   1.2% 1666/dhd_dpc: 0% user + 1.2% kernel
04-26 18:33:19.891 E/ActivityManager( 1485):   1.3% 2100/flush-179:64: 0% user + 1.3% kernel
04-26 18:33:19.891 E/ActivityManager( 1485): 38% TOTAL: 13% user + 21% kernel + 3.8% iowait
04-26 18:33:19.991 I/ActivityManager( 1485): Skipping background ANR: imcom.forensics:uploader time=4365227
04-26 18:33:20.031 I/ActivityManager( 1485): Process imcom.forensics:uploader (pid 17809) has died.
04-26 18:33:20.031 W/ActivityManager( 1485): Scheduling restart of crashed service imcom.forensics/.UploadManager in 170720ms
04-26 18:33:22.513 W/WifiService( 1485): misformatted scan result for: 20:aa:4b:67:df:80	2462	-87	[WPA2-PSK-TKIP+CCMP]	
04-26 18:33:32.513 W/WifiService( 1485): misformatted scan result for: 20:aa:4b:67:df:80	2462	-87	[WPA2-PSK-TKIP+CCMP]	
04-26 18:33:42.513 W/WifiService( 1485): misformatted scan result for: 20:aa:4b:67:df:80	2462	-87	[WPA2-PSK-TKIP+CCMP]	
04-26 18:33:52.512 W/WifiService( 1485): misformatted scan result for: 20:aa:4b:67:df:80	2462	-87	[WPA2-PSK-TKIP+CCMP]	
04-26 18:34:02.512 W/WifiService( 1485): misformatted scan result for: 20:aa:4b:67:df:80	2462	-87	[WPA2-PSK-TKIP+CCMP]	
04-26 18:34:04.514 V/DeviceStorageMonitorService( 1485): freeMemory=683331584
04-26 18:34:04.514 D/DeviceStorageMonitorService( 1485): OoO SMS Memory available. SMS_AVAILABLE_THRESHOLD == 524288
04-26 18:34:04.514 I/DeviceStorageMonitorService( 1485): Posting Message again
04-26 18:34:12.512 W/WifiService( 1485): misformatted scan result for: 20:aa:4b:67:df:80	2462	-87	[WPA2-PSK-TKIP+CCMP]	
04-26 18:34:22.512 W/WifiService( 1485): misformatted scan result for: 20:aa:4b:67:df:80	2462	-87	[WPA2-PSK-TKIP+CCMP]	
04-26 18:34:32.511 W/WifiService( 1485): misformatted scan result for: 20:aa:4b:67:df:80	2462	-87	[WPA2-PSK-TKIP+CCMP]	
04-26 18:34:42.511 W/WifiService( 1485): misformatted scan result for: 20:aa:4b:67:df:80	2462	-87	[WPA2-PSK-TKIP+CCMP]	
04-26 18:34:46.235 I/ActivityManager( 1485): Process imcom.forensics (pid 17709) has died.
04-26 18:34:46.235 I/WindowManager( 1485): WIN DEATH: Window{4072ea20 imcom.forensics/imcom.forensics.MainActivity paused=false}
04-26 18:34:46.375 D/InputManagerService( 1485): Got RemoteException sending setActive(false) notification to pid 17709 uid 10077
04-26 18:34:46.375 W/InputManagerService( 1485): [startInputLocked] Enable input method client.
04-26 18:34:52.511 W/WifiService( 1485): misformatted scan result for: 20:aa:4b:67:df:80	2462	-87	[WPA2-PSK-TKIP+CCMP]	
04-26 18:35:01.610 I/ActivityManager( 1485): Force stopping package imcom.forensics uid=10077
04-26 18:35:01.620 I/ActivityManager( 1485):   Force stopping service ServiceRecord{40780258 imcom.forensics/.UploadManager}
04-26 18:35:01.620 I/ActivityManager( 1485): Starting activity: Intent { act=android.intent.action.MAIN cat=[android.intent.category.LAUNCHER] flg=0x10000000 cmp=imcom.forensics/.MainActivity } from pid 17942
04-26 18:35:01.750 I/ActivityManager( 1485): Start proc imcom.forensics for activity imcom.forensics/.MainActivity: pid=17955 uid=10077 gids={1015, 1007, 3003}
04-26 18:35:01.800 W/ActivityThread(17955): Application imcom.forensics is waiting for the debugger on port 8100...
04-26 18:35:02.521 W/WifiService( 1485): misformatted scan result for: 20:aa:4b:67:df:80	2462	-87	[WPA2-PSK-TKIP+CCMP]	
04-26 18:35:03.281 I/ActivityManager( 1485): debugger status changed, pid: 17955, uid:10077, attach:true
04-26 18:35:04.523 V/DeviceStorageMonitorService( 1485): freeMemory=683331584
04-26 18:35:04.523 D/DeviceStorageMonitorService( 1485): OoO SMS Memory available. SMS_AVAILABLE_THRESHOLD == 524288
04-26 18:35:04.523 I/DeviceStorageMonitorService( 1485): Posting Message again
04-26 18:35:05.864 I/ActivityManager( 1485): Start proc imcom.forensics:uploader for service imcom.forensics/.UploadManager: pid=17973 uid=10077 gids={1015, 1007, 3003}
04-26 18:35:05.864 D/Socket_Alarm(17955): registerHTCSocketMonitorCallBack
04-26 18:35:05.874 D/Socket_Alarm(17955): set mSocketMonitor
04-26 18:35:05.874 D/Socket_Alarm(17955): HTCSocketMonitorImpl::HTCSocketMonitorImpl
04-26 18:35:06.154 W/InputManagerService( 1485): [unbindCurrentClientLocked] Disable input method client.
04-26 18:35:06.154 W/InputManagerService( 1485): [startInputLocked] Enable input method client.
04-26 18:35:06.194 D/InputManagerService( 1485): Starting input on non-focused client com.android.internal.view.IInputMethodClient$Stub$Proxy@40f936c8 (uid=9999 pid=17483)
04-26 18:35:12.520 W/WifiService( 1485): misformatted scan result for: 20:aa:4b:67:df:80	2462	-87	[WPA2-PSK-TKIP+CCMP]	
04-26 18:35:22.520 W/WifiService( 1485): misformatted scan result for: 20:aa:4b:67:df:80	2462	-87	[WPA2-PSK-TKIP+CCMP]	
04-26 18:35:25.943 W/ActivityManager( 1485): Timeout executing service: ServiceRecord{40f94820 imcom.forensics/.UploadManager}
04-26 18:35:26.414 W/ProcessStats( 1485): Skipping unknown process pid 18014
04-26 18:35:27.035 E/ActivityManager( 1485): ANR in imcom.forensics:uploader time=4492343
04-26 18:35:27.035 E/ActivityManager( 1485): Reason: Executing service imcom.forensics/.UploadManager
04-26 18:35:27.035 E/ActivityManager( 1485): Load: 5.75 / 6.42 / 6.78
04-26 18:35:27.035 E/ActivityManager( 1485): CPU usage from 9417ms to 0ms ago:
04-26 18:35:27.035 E/ActivityManager( 1485):   3.7% 17955/imcom.forensics: 3.6% user + 0.1% kernel
04-26 18:35:27.035 E/ActivityManager( 1485):   1.2% 1485/system_server: 0.8% user + 0.4% kernel / faults: 3 minor
04-26 18:35:27.035 E/ActivityManager( 1485):   1.4% 1198/sd-qd: 0% user + 1.1% kernel + 0.3% iowait
04-26 18:35:27.035 E/ActivityManager( 1485):   1% 17483/com.htc.launcher: 1% user + 0% kernel / faults: 67 minor
04-26 18:35:27.035 E/ActivityManager( 1485):   0.5% 16499/com.sina.VDisk:push: 0.4% user + 0.1% kernel / faults: 81 minor
04-26 18:35:27.035 E/ActivityManager( 1485):   0.3% 1624/com.lbe.security:service: 0.3% user + 0% kernel
04-26 18:35:27.035 E/ActivityManager( 1485):   0.3% 856/emmc-qd: 0% user + 0.2% kernel + 0.1% iowait
04-26 18:35:27.035 E/ActivityManager( 1485):   0.2% 1640/android.htc.china.location.service:location_service: 0.2% user + 0% kernel / faults: 6 minor
04-26 18:35:27.035 E/ActivityManager( 1485):   0% 278/kondemand/0: 0% user + 0% kernel
04-26 18:35:27.035 E/ActivityManager( 1485):   0.1% 1382/adbd: 0% user + 0.1% kernel / faults: 27 minor
04-26 18:35:27.035 E/ActivityManager( 1485):   0.1% 1459/logcat2: 0.1% user + 0% kernel
04-26 18:35:27.035 E/ActivityManager( 1485):   0% 1695/wpa_supplicant: 0% user + 0% kernel
04-26 18:35:27.035 E/ActivityManager( 1485):   0% 2100/flush-179:64: 0% user + 0% kernel
04-26 18:35:27.035 E/ActivityManager( 1485):   0.1% 3344/logcat: 0% user + 0.1% kernel
04-26 18:35:27.035 E/ActivityManager( 1485):   0.1% 3872/logcat: 0% user + 0.1% kernel
04-26 18:35:27.035 E/ActivityManager( 1485):   0.1% 7361/logcat: 0.1% user + 0% kernel
04-26 18:35:27.035 E/ActivityManager( 1485):   0% 7444/logcat: 0% user + 0% kernel
04-26 18:35:27.035 E/ActivityManager( 1485):   0.1% 7602/logcat: 0.1% user + 0% kernel
04-26 18:35:27.035 E/ActivityManager( 1485):   0% 17212/com.renren.mobile.android: 0% user + 0% kernel / faults: 49 minor
04-26 18:35:27.035 E/ActivityManager( 1485):   0.1% 1362/kjournald: 0% user + 0% kernel + 0.1% iowait
04-26 18:35:27.035 E/ActivityManager( 1485): 10% TOTAL: 6.5% user + 3% kernel + 0.8% iowait
04-26 18:35:27.035 E/ActivityManager( 1485): CPU usage from 444ms to 993ms later:
04-26 18:35:27.035 E/ActivityManager( 1485):   10% 1485/system_server: 1.7% user + 8.9% kernel / faults: 1 minor
04-26 18:35:27.035 E/ActivityManager( 1485):     7.1% 1518/ActivityManager: 1.7% user + 5.3% kernel
04-26 18:35:27.035 E/ActivityManager( 1485):     1.7% 1493/SurfaceFlinger: 0% user + 1.7% kernel
04-26 18:35:27.035 E/ActivityManager( 1485):   2.7% 17483/com.htc.launcher: 2.7% user + 0% kernel
04-26 18:35:27.035 E/ActivityManager( 1485):     2.7% 17484/HeapWorker: 2.7% user + 0% kernel
04-26 18:35:27.035 E/ActivityManager( 1485):   2.7% 17955/imcom.forensics: 2.7% user + 0% kernel
04-26 18:35:27.035 E/ActivityManager( 1485):     2.7% 17955/imcom.forensics: 2.7% user + 0% kernel
04-26 18:35:27.035 E/ActivityManager( 1485): 14% TOTAL: 7.4% user + 7.4% kernel
04-26 18:35:27.125 I/ActivityManager( 1485): Skipping background ANR: imcom.forensics:uploader time=4492343
04-26 18:35:27.175 I/ActivityManager( 1485): Process imcom.forensics:uploader (pid 17973) has died.
04-26 18:35:27.175 W/ActivityManager( 1485): Scheduling restart of crashed service imcom.forensics/.UploadManager in 42488ms
04-26 18:35:32.520 W/WifiService( 1485): misformatted scan result for: 20:aa:4b:67:df:80	2462	-87	[WPA2-PSK-TKIP+CCMP]	
04-26 18:35:42.520 W/WifiService( 1485): misformatted scan result for: 20:aa:4b:67:df:80	2462	-87	[WPA2-PSK-TKIP+CCMP]	
04-26 18:35:52.529 W/WifiService( 1485): misformatted scan result for: 20:aa:4b:67:df:80	2462	-87	[WPA2-PSK-TKIP+CCMP]	
04-26 18:36:02.519 W/WifiService( 1485): misformatted scan result for: 20:aa:4b:67:df:80	2462	-87	[WPA2-PSK-TKIP+CCMP]	
04-26 18:36:04.531 V/DeviceStorageMonitorService( 1485): freeMemory=683249664
04-26 18:36:04.531 D/DeviceStorageMonitorService( 1485): OoO SMS Memory available. SMS_AVAILABLE_THRESHOLD == 524288
04-26 18:36:04.531 I/DeviceStorageMonitorService( 1485): Posting Message again
04-26 18:36:09.696 I/ActivityManager( 1485): Start proc imcom.forensics:uploader for service imcom.forensics/.UploadManager: pid=18051 uid=10077 gids={1015, 1007, 3003}
